10-16 11:28:00.811 17369 17369 W ViewRootImpl: Cancelling event due to no window focus: MotionEvent { action=ACTION_CANCEL, actionButton=0, id[0]=0, x[0]=36.884735, y[0]=161.49533, toolType[0]=TOOL_TYPE_FINGER, buttonState=0, metaState=0, flags=0x2, edgeFlags=0x0, pointerCount=1, historySize=0, eventTime=232771020, downTime=232770800, deviceId=3, source=0x1002 }
10-16 11:28:02.941 17369 17379 I chatty  : uid=10055(uk.me.ponies.wearroutes) HeapTaskDaemon expire 2 lines
10-16 11:28:06.631 17369 17369 I chatty  : uid=10055(uk.me.ponies.wearroutes) expire 52 lines
10-16 11:28:19.186 17369 17369 I chatty  : uid=10055(uk.me.ponies.wearroutes) expire 30 lines
10-16 11:28:31.901 17369 17369 I chatty  : uid=10055(uk.me.ponies.wearroutes) expire 29 lines
10-16 11:28:42.061 17369 17369 I chatty  : uid=10055(uk.me.ponies.wearroutes) expire 29 lines
10-16 11:28:46.474 17369 17379 I chatty  : uid=10055(uk.me.ponies.wearroutes) HeapTaskDaemon expire 2 lines
10-16 11:28:55.011 17369 17369 I chatty  : uid=10055(uk.me.ponies.wearroutes) expire 53 lines
10-16 11:29:05.615 17369 17369 I chatty  : uid=10055(uk.me.ponies.wearroutes) expire 40 lines
10-16 11:29:16.537 17369 17369 I chatty  : uid=10055(uk.me.ponies.wearroutes) expire 62 lines
10-16 11:29:26.969 17369 17369 I chatty  : uid=10055(uk.me.ponies.wearroutes) expire 33 lines
10-16 11:29:36.142 17369 17379 I chatty  : uid=10055(uk.me.ponies.wearroutes) HeapTaskDaemon expire 2 lines
10-16 11:29:40.734 17369 17369 I chatty  : uid=10055(uk.me.ponies.wearroutes) expire 117 lines
10-16 11:29:55.027 17369 17369 I chatty  : uid=10055(uk.me.ponies.wearroutes) expire 62 lines
10-16 11:30:02.863 17369 17379 I chatty  : uid=10055(uk.me.ponies.wearroutes) HeapTaskDaemon expire 1 line
10-16 11:30:05.957 17369 17369 I chatty  : uid=10055(uk.me.ponies.wearroutes) expire 33 lines
10-16 11:30:10.542 17369 17379 I chatty  : uid=10055(uk.me.ponies.wearroutes) HeapTaskDaemon expire 1 line
10-16 11:30:10.549 17369 17369 I chatty  : uid=10055(uk.me.ponies.wearroutes) expire 304 lines
10-16 11:30:20.894 17369 17369 D ColumnHistorian: onPageScrolled: Pos:2,0 Off:0.105050504,0.0PxLeftTopOff:52,0
10-16 11:30:20.894 17369 17369 D MainGridPagerAdapter: getFragment called for row:2 column:0
10-16 11:30:20.895 17369 17369 D MainWearActivity: onPageScrolled: 2,0
10-16 11:30:20.895 17369 17369 D MyGridViewPager: onTouchEvent is returning true
10-16 11:30:20.896 17369 17369 D MainGridPagerAdapter: GridPagerAdapter: startUpdate Called id:2131951748 took 0ms
10-16 11:30:20.896 17369 17369 D MainGridPagerAdapter: GridPagerAdapter: finishUpdate Called id:2131951748 took 0ms
10-16 11:30:20.913 17369 17369 D MyGridViewPager: onTouch ambient is falseevent was:MotionEvent { action=ACTION_MOVE, actionButton=0, id[0]=0, x[0]=47.06378, y[0]=18.154125, toolType[0]=TOOL_TYPE_FINGER, buttonState=0, metaState=0, flags=0x2, edgeFlags=0x0, pointerCount=1, historySize=1, eventTime=232911178, downTime=232910808, deviceId=3, source=0x1002 }context is uk.me.ponies.wearroutes.MainWearActivity@6a86a2a
10-16 11:30:20.913 17369 17369 D MapSwipeToZoomFrag: onScrollChange seen
10-16 11:30:20.915 17369 17369 D ColumnHistorian: onPageScrolled: Pos:2,0 Off:0.10707071,0.0PxLeftTopOff:53,0
10-16 11:30:20.915 17369 17369 D MainGridPagerAdapter: getFragment called for row:2 column:0
10-16 11:30:20.915 17369 17369 D MainWearActivity: onPageScrolled: 2,0
10-16 11:30:20.916 17369 17369 D MyGridViewPager: onTouchEvent is returning true
10-16 11:30:20.931 17369 17369 D MyGridViewPager: onTouch ambient is falseevent was:MotionEvent { action=ACTION_MOVE, actionButton=0, id[0]=0, x[0]=25.919004, y[0]=16.94704, toolType[0]=TOOL_TYPE_FINGER, buttonState=0, metaState=0, flags=0x2, edgeFlags=0x0, pointerCount=1, historySize=1, eventTime=232911198, downTime=232910808, deviceId=3, source=0x1002 }context is uk.me.ponies.wearroutes.MainWearActivity@6a86a2a
10-16 11:30:20.931 17369 17369 D MapSwipeToZoomFrag: onScrollChange seen
10-16 11:30:20.931 17369 17369 D ColumnHistorian: onPageScrolled: Pos:2,0 Off:0.10909091,0.0PxLeftTopOff:54,0
10-16 11:30:20.931 17369 17369 D MainGridPagerAdapter: getFragment called for row:2 column:0
10-16 11:30:20.937 17369 17369 D MainWearActivity: onPageScrolled: 2,0
10-16 11:30:20.937 17369 17369 D MyGridViewPager: onTouchEvent is returning true
10-16 11:30:20.938 17369 17369 D MapSwipeToZoomFrag: onTouch seen for event:MotionEvent { action=ACTION_POINTER_DOWN(1), actionButton=0, id[0]=0, x[0]=25.919004, y[0]=16.94704, toolType[0]=TOOL_TYPE_FINGER, id[1]=1, x[1]=80.747665, y[1]=218.31776, toolType[1]=TOOL_TYPE_FINGER, buttonState=0, metaState=0, flags=0x2, edgeFlags=0x0, pointerCount=2, historySize=0, eventTime=232911198, downTime=232910808, deviceId=3, source=0x1002 }
10-16 11:30:20.938 17369 17369 D MyGridViewPager: onTouch ambient is falseevent was:MotionEvent { action=ACTION_POINTER_DOWN(1), actionButton=0, id[0]=0, x[0]=25.919004, y[0]=16.94704, toolType[0]=TOOL_TYPE_FINGER, id[1]=1, x[1]=80.747665, y[1]=218.31776, toolType[1]=TOOL_TYPE_FINGER, buttonState=0, metaState=0, flags=0x2, edgeFlags=0x0, pointerCount=2, historySize=0, eventTime=232911198, downTime=232910808, deviceId=3, source=0x1002 }context is uk.me.ponies.wearroutes.MainWearActivity@6a86a2a
10-16 11:30:20.938 17369 17369 E GridViewPager: Unknown action type: 261
10-16 11:30:20.938 17369 17369 D MyGridViewPager: onTouchEvent is returning true
10-16 11:30:20.962 17369 17369 D MyGridViewPager: onTouch ambient is falseevent was:MotionEvent { action=ACTION_MOVE, actionButton=0, id[0]=0, x[0]=16.520195, y[0]=15.950156, toolType[0]=TOOL_TYPE_FINGER, id[1]=1, x[1]=80.747665, y[1]=218.31776, toolType[1]=TOOL_TYPE_FINGER, buttonState=0, metaState=0, flags=0x2, edgeFlags=0x0, pointerCount=2, historySize=1, eventTime=232911224, downTime=232910808, deviceId=3, source=0x1002 }context is uk.me.ponies.wearroutes.MainWearActivity@6a86a2a
10-16 11:30:20.962 17369 17369 D MapSwipeToZoomFrag: onScrollChange seen
10-16 11:30:20.963 17369 17369 D ColumnHistorian: onPageScrolled: Pos:2,0 Off:0.11111111,0.0PxLeftTopOff:55,0
10-16 11:30:20.963 17369 17369 D MainGridPagerAdapter: getFragment called for row:2 column:0
10-16 11:30:20.963 17369 17369 D MainWearActivity: onPageScrolled: 2,0
10-16 11:30:20.963 17369 17369 D MyGridViewPager: onTouchEvent is returning true
10-16 11:30:20.978 17369 17369 D MyGridViewPager: onTouch ambient is falseevent was:MotionEvent { action=ACTION_MOVE, actionButton=0, id[0]=0, x[0]=13.169579, y[0]=15.950156, toolType[0]=TOOL_TYPE_FINGER, id[1]=1, x[1]=80.747665, y[1]=218.31776, toolType[1]=TOOL_TYPE_FINGER, buttonState=0, metaState=0, flags=0x2, edgeFlags=0x0, pointerCount=2, historySize=1, eventTime=232911241, downTime=232910808, deviceId=3, source=0x1002 }context is uk.me.ponies.wearroutes.MainWearActivity@6a86a2a
10-16 11:30:20.978 17369 17369 D ColumnHistorian: onPageScrolled: Pos:2,0 Off:0.11111111,0.0PxLeftTopOff:55,0
10-16 11:30:20.978 17369 17369 D MainGridPagerAdapter: getFragment called for row:2 column:0
10-16 11:30:20.978 17369 17369 D MainWearActivity: onPageScrolled: 2,0
10-16 11:30:20.981 17369 17369 D MyGridViewPager: onTouchEvent is returning true
10-16 11:30:20.994 17369 17369 D MyGridViewPager: onTouch ambient is falseevent was:MotionEvent { action=ACTION_MOVE, actionButton=0, id[0]=0, x[0]=10.770945, y[0]=15.950156, toolType[0]=TOOL_TYPE_FINGER, id[1]=1, x[1]=80.747665, y[1]=218.31776, toolType[1]=TOOL_TYPE_FINGER, buttonState=0, metaState=0, flags=0x2, edgeFlags=0x0, pointerCount=2, historySize=1, eventTime=232911257, downTime=232910808, deviceId=3, source=0x1002 }context is uk.me.ponies.wearroutes.MainWearActivity@6a86a2a
10-16 11:30:20.995 17369 17369 D ColumnHistorian: onPageScrolled: Pos:2,0 Off:0.11111111,0.0PxLeftTopOff:55,0
10-16 11:30:20.995 17369 17369 D MainGridPagerAdapter: getFragment called for row:2 column:0
10-16 11:30:20.995 17369 17369 D MainWearActivity: onPageScrolled: 2,0
10-16 11:30:20.996 17369 17369 D MyGridViewPager: onTouchEvent is returning true
10-16 11:30:21.009 17369 17369 D MyGridViewPager: onTouch ambient is falseevent was:MotionEvent { action=ACTION_MOVE, actionButton=0, id[0]=0, x[0]=9.002756, y[0]=15.950156, toolType[0]=TOOL_TYPE_FINGER, id[1]=1, x[1]=80.747665, y[1]=218.31776, toolType[1]=TOOL_TYPE_FINGER, buttonState=0, metaState=0, flags=0x2, edgeFlags=0x0, pointerCount=2, historySize=1, eventTime=232911272, downTime=232910808, deviceId=3, source=0x1002 }context is uk.me.ponies.wearroutes.MainWearActivity@6a86a2a
10-16 11:30:21.009 17369 17369 D ColumnHistorian: onPageScrolled: Pos:2,0 Off:0.11111111,0.0PxLeftTopOff:55,0
10-16 11:30:21.009 17369 17369 D MainGridPagerAdapter: getFragment called for row:2 column:0
10-16 11:30:21.009 17369 17369 D MainWearActivity: onPageScrolled: 2,0
10-16 11:30:21.010 17369 17369 D MyGridViewPager: onTouchEvent is returning true
10-16 11:30:21.025 17369 17369 D MyGridViewPager: onTouch ambient is falseevent was:MotionEvent { action=ACTION_MOVE, actionButton=0, id[0]=0, x[0]=8.971963, y[0]=15.950156, toolType[0]=TOOL_TYPE_FINGER, id[1]=1, x[1]=80.747665, y[1]=215.95644, toolType[1]=TOOL_TYPE_FINGER, buttonState=0, metaState=0, flags=0x2, edgeFlags=0x0, pointerCount=2, historySize=1, eventTime=232911291, downTime=232910808, deviceId=3, source=0x1002 }context is uk.me.ponies.wearroutes.MainWearActivity@6a86a2a
10-16 11:30:21.026 17369 17369 D ColumnHistorian: onPageScrolled: Pos:2,0 Off:0.11111111,0.0PxLeftTopOff:55,0
10-16 11:30:21.026 17369 17369 D MainGridPagerAdapter: getFragment called for row:2 column:0
10-16 11:30:21.026 17369 17369 D MainWearActivity: onPageScrolled: 2,0
10-16 11:30:21.026 17369 17369 D MyGridViewPager: onTouchEvent is returning true
10-16 11:30:21.046 17369 17369 D MyGridViewPager: onTouch ambient is falseevent was:MotionEvent { action=ACTION_MOVE, actionButton=0, id[0]=0, x[0]=8.971963, y[0]=15.950156, toolType[0]=TOOL_TYPE_FINGER, id[1]=1, x[1]=80.747665, y[1]=214.33954, toolType[1]=TOOL_TYPE_FINGER, buttonState=0, metaState=0, flags=0x2, edgeFlags=0x0, pointerCount=2, historySize=1, eventTime=232911312, downTime=232910808, deviceId=3, source=0x1002 }context is uk.me.ponies.wearroutes.MainWearActivity@6a86a2a
10-16 11:30:21.046 17369 17369 D ColumnHistorian: onPageScrolled: Pos:2,0 Off:0.11111111,0.0PxLeftTopOff:55,0
10-16 11:30:21.046 17369 17369 D MainGridPagerAdapter: getFragment called for row:2 column:0
10-16 11:30:21.046 17369 17369 D MainWearActivity: onPageScrolled: 2,0
10-16 11:30:21.046 17369 17369 D MyGridViewPager: onTouchEvent is returning true
10-16 11:30:21.066 17369 17369 D MyGridViewPager: onTouch ambient is falseevent was:MotionEvent { action=ACTION_MOVE, actionButton=0, id[0]=0, x[0]=8.971963, y[0]=15.950156, toolType[0]=TOOL_TYPE_FINGER, id[1]=1, x[1]=80.747665, y[1]=213.13524, toolType[1]=TOOL_TYPE_FINGER, buttonState=0, metaState=0, flags=0x2, edgeFlags=0x0, pointerCount=2, historySize=2, eventTime=232911332, downTime=232910808, deviceId=3, source=0x1002 }context is uk.me.ponies.wearroutes.MainWearActivity@6a86a2a
10-16 11:30:21.066 17369 17369 D ColumnHistorian: onPageScrolled: Pos:2,0 Off:0.11111111,0.0PxLeftTopOff:55,0
10-16 11:30:21.066 17369 17369 D MainGridPagerAdapter: getFragment called for row:2 column:0
10-16 11:30:21.066 17369 17369 D MainWearActivity: onPageScrolled: 2,0
10-16 11:30:21.066 17369 17369 D MyGridViewPager: onTouchEvent is returning true
10-16 11:30:21.085 17369 17369 D MyGridViewPager: onTouch ambient is falseevent was:MotionEvent { action=ACTION_MOVE, actionButton=0, id[0]=0, x[0]=8.971963, y[0]=15.950156, toolType[0]=TOOL_TYPE_FINGER, id[1]=1, x[1]=80.747665, y[1]=211.96997, toolType[1]=TOOL_TYPE_FINGER, buttonState=0, metaState=0, flags=0x2, edgeFlags=0x0, pointerCount=2, historySize=1, eventTime=232911351, downTime=232910808, deviceId=3, source=0x1002 }context is uk.me.ponies.wearroutes.MainWearActivity@6a86a2a
10-16 11:30:21.085 17369 17369 D ColumnHistorian: onPageScrolled: Pos:2,0 Off:0.11111111,0.0PxLeftTopOff:55,0
10-16 11:30:21.085 17369 17369 D MainGridPagerAdapter: getFragment called for row:2 column:0
10-16 11:30:21.085 17369 17369 D MainWearActivity: onPageScrolled: 2,0
10-16 11:30:21.085 17369 17369 D MyGridViewPager: onTouchEvent is returning true
10-16 11:30:21.109 17369 17369 D MyGridViewPager: onTouch ambient is falseevent was:MotionEvent { action=ACTION_MOVE, actionButton=0, id[0]=0, x[0]=7.553102, y[0]=15.950156, toolType[0]=TOOL_TYPE_FINGER, id[1]=1, x[1]=80.747665, y[1]=210.91759, toolType[1]=TOOL_TYPE_FINGER, buttonState=0, metaState=0, flags=0x2, edgeFlags=0x0, pointerCount=2, historySize=1, eventTime=232911369, downTime=232910808, deviceId=3, source=0x1002 }context is uk.me.ponies.wearroutes.MainWearActivity@6a86a2a
10-16 11:30:21.109 17369 17369 D ColumnHistorian: onPageScrolled: Pos:2,0 Off:0.11111111,0.0PxLeftTopOff:55,0
10-16 11:30:21.109 17369 17369 D MainGridPagerAdapter: getFragment called for row:2 column:0
10-16 11:30:21.109 17369 17369 D MainWearActivity: onPageScrolled: 2,0
10-16 11:30:21.109 17369 17369 D MyGridViewPager: onTouchEvent is returning true
10-16 11:30:21.123 17369 17369 D MyGridViewPager: onTouch ambient is falseevent was:MotionEvent { action=ACTION_MOVE, actionButton=0, id[0]=0, x[0]=6.5186567, y[0]=14.493735, toolType[0]=TOOL_TYPE_FINGER, id[1]=1, x[1]=80.747665, y[1]=211.33957, toolType[1]=TOOL_TYPE_FINGER, buttonState=0, metaState=0, flags=0x2, edgeFlags=0x0, pointerCount=2, historySize=1, eventTime=232911386, downTime=232910808, deviceId=3, source=0x1002 }context is uk.me.ponies.wearroutes.MainWearActivity@6a86a2a
10-16 11:30:21.123 17369 17369 D MapSwipeToZoomFrag: onScrollChange seen
10-16 11:30:21.124 17369 17369 D ColumnHistorian: onPageScrolled: Pos:2,0 Off:0.11515152,0.0PxLeftTopOff:57,0
10-16 11:30:21.124 17369 17369 D MainGridPagerAdapter: getFragment called for row:2 column:0
10-16 11:30:21.124 17369 17369 D MainWearActivity: onPageScrolled: 2,0
10-16 11:30:21.124 17369 17369 D MyGridViewPager: onTouchEvent is returning true
10-16 11:30:21.174 17369 17369 D MyGridViewPager: onTouch ambient is falseevent was:MotionEvent { action=ACTION_MOVE, actionButton=0, id[0]=0, x[0]=5.9813085, y[0]=13.956387, toolType[0]=TOOL_TYPE_FINGER, id[1]=1, x[1]=80.747665, y[1]=211.33957, toolType[1]=TOOL_TYPE_FINGER, buttonState=0, metaState=0, flags=0x2, edgeFlags=0x0, pointerCount=2, historySize=1, eventTime=232911437, downTime=232910808, deviceId=3, source=0x1002 }context is uk.me.ponies.wearroutes.MainWearActivity@6a86a2a
10-16 11:30:21.174 17369 17369 D ColumnHistorian: onPageScrolled: Pos:2,0 Off:0.11515152,0.0PxLeftTopOff:57,0
10-16 11:30:21.174 17369 17369 D MainGridPagerAdapter: getFragment called for row:2 column:0
10-16 11:30:21.174 17369 17369 D MainWearActivity: onPageScrolled: 2,0
10-16 11:30:21.175 17369 17369 D MyGridViewPager: onTouchEvent is returning true
10-16 11:30:21.200 17369 17369 D MyGridViewPager: onTouch ambient is falseevent was:MotionEvent { action=ACTION_MOVE, actionButton=0, id[0]=0, x[0]=5.35244, y[0]=13.327518, toolType[0]=TOOL_TYPE_FINGER, id[1]=1, x[1]=80.747665, y[1]=211.33957, toolType[1]=TOOL_TYPE_FINGER, buttonState=0, metaState=0, flags=0x2, edgeFlags=0x0, pointerCount=2, historySize=1, eventTime=232911454, downTime=232910808, deviceId=3, source=0x1002 }context is uk.me.ponies.wearroutes.MainWearActivity@6a86a2a
10-16 11:30:21.200 17369 17369 D MapSwipeToZoomFrag: onScrollChange seen
10-16 11:30:21.215 17369 17369 D ColumnHistorian: onPageScrolled: Pos:2,0 Off:0.11717172,0.0PxLeftTopOff:58,0
10-16 11:30:21.216 17369 17369 D MainGridPagerAdapter: getFragment called for row:2 column:0
10-16 11:30:21.216 17369 17369 D MainWearActivity: onPageScrolled: 2,0
10-16 11:30:21.225 17369 17369 D MyGridViewPager: onTouchEvent is returning true
10-16 11:30:21.227 17369 17369 D MyGridViewPager: onTouch ambient is falseevent was:MotionEvent { action=ACTION_MOVE, actionButton=0, id[0]=0, x[0]=3.987539, y[0]=11.962617, toolType[0]=TOOL_TYPE_FINGER, id[1]=1, x[1]=80.747665, y[1]=211.33957, toolType[1]=TOOL_TYPE_FINGER, buttonState=0, metaState=0, flags=0x2, edgeFlags=0x0, pointerCount=2, historySize=1, eventTime=232911477, downTime=232910808, deviceId=3, source=0x1002 }context is uk.me.ponies.wearroutes.MainWearActivity@6a86a2a
10-16 11:30:21.231 17369 17369 D MapSwipeToZoomFrag: onScrollChange seen
10-16 11:30:21.231 17369 17369 D ColumnHistorian: onPageScrolled: Pos:2,0 Off:0.11919192,0.0PxLeftTopOff:59,0
10-16 11:30:21.231 17369 17369 D MainGridPagerAdapter: getFragment called for row:2 column:0
10-16 11:30:21.231 17369 17369 D MainWearActivity: onPageScrolled: 2,0
10-16 11:30:21.231 17369 17369 D MyGridViewPager: onTouchEvent is returning true
10-16 11:30:21.241 17369 17369 D MapSwipeToZoomFrag: onTouch seen for event:MotionEvent { action=ACTION_POINTER_UP(0), actionButton=0, id[0]=0, x[0]=3.987539, y[0]=11.962617, toolType[0]=TOOL_TYPE_FINGER, id[1]=1, x[1]=80.747665, y[1]=211.33957, toolType[1]=TOOL_TYPE_FINGER, buttonState=0, metaState=0, flags=0x2, edgeFlags=0x0, pointerCount=2, historySize=0, eventTime=232911492, downTime=232910808, deviceId=3, source=0x1002 }
10-16 11:30:21.241 17369 17369 D MyGridViewPager: onTouch ambient is falseevent was:MotionEvent { action=ACTION_POINTER_UP(0), actionButton=0, id[0]=0, x[0]=3.987539, y[0]=11.962617, toolType[0]=TOOL_TYPE_FINGER, id[1]=1, x[1]=80.747665, y[1]=211.33957, toolType[1]=TOOL_TYPE_FINGER, buttonState=0, metaState=0, flags=0x2, edgeFlags=0x0, pointerCount=2, historySize=0, eventTime=232911492, downTime=232910808, deviceId=3, source=0x1002 }context is uk.me.ponies.wearroutes.MainWearActivity@6a86a2a
10-16 11:30:21.241 17369 17369 D MyGridViewPager: onTouchEvent is returning true
10-16 11:30:21.263 17369 17369 D MyGridViewPager: onTouch ambient is falseevent was:MotionEvent { action=ACTION_MOVE, actionButton=0, id[0]=1, x[0]=80.747665, y[0]=209.3458, toolType[0]=TOOL_TYPE_FINGER, buttonState=0, metaState=0, flags=0x2, edgeFlags=0x0, pointerCount=1, historySize=1, eventTime=232911526, downTime=232910808, deviceId=3, source=0x1002 }context is uk.me.ponies.wearroutes.MainWearActivity@6a86a2a
10-16 11:30:21.263 17369 17369 D MapSwipeToZoomFrag: onScrollChange seen
10-16 11:30:21.264 17369 17369 D ColumnHistorian: onPageScrolled: Pos:2,0 Off:0.121212125,0.0PxLeftTopOff:60,0
10-16 11:30:21.264 17369 17369 D MainGridPagerAdapter: getFragment called for row:2 column:0
10-16 11:30:21.265 17369 17369 D MainWearActivity: onPageScrolled: 2,0
10-16 11:30:21.265 17369 17369 D MyGridViewPager: onTouchEvent is returning true
10-16 11:30:21.266 17369 17369 D MapSwipeToZoomFrag: onTouch seen for event:MotionEvent { action=ACTION_POINTER_DOWN(0), actionButton=0, id[0]=0, x[0]=286.10593, y[0]=38.878506, toolType[0]=TOOL_TYPE_FINGER, id[1]=1, x[1]=80.747665, y[1]=209.3458, toolType[1]=TOOL_TYPE_FINGER, buttonState=0, metaState=0, flags=0x2, edgeFlags=0x0, pointerCount=2, historySize=0, eventTime=232911526, downTime=232910808, deviceId=3, source=0x1002 }
10-16 11:30:21.266 17369 17369 D MyGridViewPager: onTouch ambient is falseevent was:MotionEvent { action=ACTION_POINTER_DOWN(0), actionButton=0, id[0]=0, x[0]=286.10593, y[0]=38.878506, toolType[0]=TOOL_TYPE_FINGER, id[1]=1, x[1]=80.747665, y[1]=209.3458, toolType[1]=TOOL_TYPE_FINGER, buttonState=0, metaState=0, flags=0x2, edgeFlags=0x0, pointerCount=2, historySize=0, eventTime=232911526, downTime=232910808, deviceId=3, source=0x1002 }context is uk.me.ponies.wearroutes.MainWearActivity@6a86a2a
10-16 11:30:21.266 17369 17369 E GridViewPager: Unknown action type: 5
10-16 11:30:21.266 17369 17369 D MyGridViewPager: onTouchEvent is returning true
10-16 11:30:21.266 17369 17369 D MainWearActivity: before onEnterAmbient current isAmbient state is true
10-16 11:30:21.266 17369 17369 D SlowLocationPollerAlarmWakeup: Registering the alarm receiver:uk.me.ponies.wearroutes.locationHandling.SlowLocationPollerAlarmWakeup$AlarmRecieverInner@ac29a7e
10-16 11:30:21.271 17369 17369 D SlowLocationPollerAlarmWakeup: Scheduling an alarm for 8734 ms in the future aka Sun Oct 16 11:30:30 GMT+01:00 2016
10-16 11:30:21.272 17369 17369 D LocationHandler: removingLocationUpdates for listener uk.me.ponies.wearroutes.locationHandling.LocationHandler@8fddd2c
10-16 11:30:21.276 17369 17369 D MapSwipeToZoomFrag: Fragment:Map #00 onEnterAmbient
10-16 11:30:21.276 17369 17369 D MainWearActivity: after onEnterAmbient current isAmbient state is true
10-16 11:30:21.352 17369 17369 W ViewRootImpl: Dropping event due to no window focus: MotionEvent { action=ACTION_POINTER_UP(0), actionButton=0, id[0]=0, x[0]=286.10593, y[0]=38.878506, toolType[0]=TOOL_TYPE_FINGER, id[1]=1, x[1]=80.747665, y[1]=209.3458, toolType[1]=TOOL_TYPE_FINGER, buttonState=0, metaState=0, flags=0x2, edgeFlags=0x0, pointerCount=2, historySize=0, eventTime=232911542, downTime=232910808, deviceId=3, source=0x1002 }
10-16 11:30:21.365 17369 17369 W ViewRootImpl: Dropping event due to no window focus: MotionEvent { action=ACTION_MOVE, actionButton=0, id[0]=1, x[0]=80.747665, y[0]=208.34892, toolType[0]=TOOL_TYPE_FINGER, buttonState=0, metaState=0, flags=0x2, edgeFlags=0x0, pointerCount=1, historySize=0, eventTime=232911559, downTime=232910808, deviceId=3, source=0x1002 }
10-16 11:30:21.365 17369 17369 W ViewRootImpl: Dropping event due to no window focus: MotionEvent { action=ACTION_POINTER_DOWN(0), actionButton=0, id[0]=0, x[0]=147.53894, y[0]=37.881622, toolType[0]=TOOL_TYPE_FINGER, id[1]=1, x[1]=80.747665, y[1]=208.34892, toolType[1]=TOOL_TYPE_FINGER, buttonState=0, metaState=0, flags=0x2, edgeFlags=0x0, pointerCount=2, historySize=0, eventTime=232911559, downTime=232910808, deviceId=3, source=0x1002 }
10-16 11:30:21.374 17369 17369 W ViewRootImpl: Dropping event due to no window focus: MotionEvent { action=ACTION_POINTER_UP(0), actionButton=0, id[0]=0, x[0]=147.53894, y[0]=37.881622, toolType[0]=TOOL_TYPE_FINGER, id[1]=1, x[1]=80.747665, y[1]=208.34892, toolType[1]=TOOL_TYPE_FINGER, buttonState=0, metaState=0, flags=0x2, edgeFlags=0x0, pointerCount=2, historySize=0, eventTime=232911563, downTime=232910808, deviceId=3, source=0x1002 }
10-16 11:30:21.375 17369 17369 W ViewRootImpl: Cancelling event due to no window focus: MotionEvent { action=ACTION_CANCEL, actionButton=0, id[0]=1, x[0]=80.747665, y[0]=208.34892, toolType[0]=TOOL_TYPE_FINGER, buttonState=0, metaState=0, flags=0x2, edgeFlags=0x0, pointerCount=1, historySize=0, eventTime=232911563, downTime=232910808, deviceId=3, source=0x1002 }
10-16 11:30:21.375 17369 17369 W ViewRootImpl: Cancelling event due to no window focus: MotionEvent { action=ACTION_CANCEL, actionButton=0, id[0]=1, x[0]=80.747665, y[0]=208.34892, toolType[0]=TOOL_TYPE_FINGER, buttonState=0, metaState=0, flags=0x2, edgeFlags=0x0, pointerCount=1, historySize=0, eventTime=232911563, downTime=232910808, deviceId=3, source=0x1002 }
10-16 11:30:21.375 17369 17369 W ViewRootImpl: Cancelling event due to no window focus: MotionEvent { action=ACTION_CANCEL, actionButton=0, id[0]=1, x[0]=80.747665, y[0]=208.34892, toolType[0]=TOOL_TYPE_FINGER, buttonState=0, metaState=0, flags=0x2, edgeFlags=0x0, pointerCount=1, historySize=0, eventTime=232911563, downTime=232910808, deviceId=3, source=0x1002 }
10-16 11:30:21.375 17369 17369 D MapSwipeToZoomFrag: onTouch seen for event:MotionEvent { action=ACTION_CANCEL, actionButton=0, id[0]=1, x[0]=80.747665, y[0]=208.34892, toolType[0]=TOOL_TYPE_FINGER, buttonState=0, metaState=0, flags=0x2, edgeFlags=0x0, pointerCount=1, historySize=0, eventTime=232911563, downTime=232910808, deviceId=3, source=0x1002 }
10-16 11:30:21.375 17369 17369 D MyGridViewPager: onTouch ambient is trueevent was:MotionEvent { action=ACTION_CANCEL, actionButton=0, id[0]=1, x[0]=80.747665, y[0]=208.34892, toolType[0]=TOOL_TYPE_FINGER, buttonState=0, metaState=0, flags=0x2, edgeFlags=0x0, pointerCount=1, historySize=0, eventTime=232911563, downTime=232910808, deviceId=3, source=0x1002 }context is uk.me.ponies.wearroutes.MainWearActivity@6a86a2a
10-16 11:30:21.375 17369 17369 D MyGridViewPager: onTouchEvent is returning false
10-16 11:30:21.376 17369 17369 W ViewRootImpl: Cancelling event due to no window focus: MotionEvent { action=ACTION_CANCEL, actionButton=0, id[0]=1, x[0]=80.747665, y[0]=208.34892, toolType[0]=TOOL_TYPE_FINGER, buttonState=0, metaState=0, flags=0x2, edgeFlags=0x0, pointerCount=1, historySize=0, eventTime=232911563, downTime=232910808, deviceId=3, source=0x1002 }
10-16 11:30:21.564 17369 17369 D MainWearActivity: before onExitAmbient current isAmbient state is false
10-16 11:30:21.565 17369 17369 D LocationHandler: removingLocationUpdates for listener uk.me.ponies.wearroutes.locationHandling.LocationHandler@8fddd2c
10-16 11:30:21.565 17369 17369 D LocationHandler: requestingLocationUpdates for listener uk.me.ponies.wearroutes.locationHandling.LocationHandler@8fddd2c
10-16 11:30:21.583 17369 17369 D SlowLocationPollerAlarmWakeup: UNRegistering the receiver because we're cancelling the alarm (probably stop):uk.me.ponies.wearroutes.locationHandling.SlowLocationPollerAlarmWakeup$AlarmRecieverInner@ac29a7e
10-16 11:30:21.588 17369 17369 D SlowLocationPollerBase: SlowLocationPollerBase stopped
10-16 11:30:21.588 17369 17369 D LocationHandler: removingLocationUpdates for listener uk.me.ponies.wearroutes.locationHandling.SlowLocationPollerAlarmWakeup@6cc3321
10-16 11:30:21.589 17369 17369 D MapSwipeToZoomFrag: Fragment:Map #00 onExitAmbient
10-16 11:30:21.590 17369 17369 D MainWearActivity: after onExitAmbient current isAmbient state is false
10-16 11:30:21.590 17369 17369 D MainWearActivity: Posting a invalidate event to force full color mode to workaround gridViewPager half colour mode issue:
10-16 11:30:22.190 17369 17369 D LocationHandler: Good location received Location[fused 53.560134,-1.427533 acc=7 et=+10d5h44m14s293ms alt=101.0 vel=1.18 bear=249.0]
10-16 11:30:22.191 17369 17369 D BearingSectorizer: clamped to :255.0 from:249.0
10-16 11:30:22.191 17369 17369 D BearingSectorizer: returning changed: 255.0
10-16 11:30:22.196 17369 17369 D MapSwipeToZoomFrag: Location changed: Dot is INSIDE of middle pixels:pos:Point(139, 204)middle: Rect(53, 64 - 267, 267)
10-16 11:30:22.336 17369 17369 D MapSwipeToZoomFrag: EventBusLocationSourceForMap sending location to listener com.google.android.gms.maps.GoogleMap$12$1@2318170
10-16 11:30:22.343 17369 17369 D MainGridPagerAdapter: GridPagerAdapter: startUpdate Called id:2131951748 took 0ms
10-16 11:30:22.343 17369 17369 D MainGridPagerAdapter: GridPagerAdapter: finishUpdate Called id:2131951748 took 0ms
10-16 11:30:23.818 17369 17369 D MainWearActivity: before onEnterAmbient current isAmbient state is true
10-16 11:30:23.819 17369 17369 D SlowLocationPollerAlarmWakeup: Registering the alarm receiver:uk.me.ponies.wearroutes.locationHandling.SlowLocationPollerAlarmWakeup$AlarmRecieverInner@ac29a7e
10-16 11:30:23.820 17369 17369 D SlowLocationPollerAlarmWakeup: Scheduling an alarm for 6181 ms in the future aka Sun Oct 16 11:30:30 GMT+01:00 2016
10-16 11:30:23.821 17369 17369 D LocationHandler: removingLocationUpdates for listener uk.me.ponies.wearroutes.locationHandling.LocationHandler@8fddd2c
10-16 11:30:23.822 17369 17369 D MapSwipeToZoomFrag: Fragment:Map #00 onEnterAmbient
10-16 11:30:23.825 17369 17369 D MainWearActivity: after onEnterAmbient current isAmbient state is true
10-16 11:30:24.095 17369 17369 D MainWearActivity: before onExitAmbient current isAmbient state is false
10-16 11:30:24.096 17369 17369 D LocationHandler: removingLocationUpdates for listener uk.me.ponies.wearroutes.locationHandling.LocationHandler@8fddd2c
10-16 11:30:24.096 17369 17369 D LocationHandler: requestingLocationUpdates for listener uk.me.ponies.wearroutes.locationHandling.LocationHandler@8fddd2c
10-16 11:30:24.118 17369 17369 D SlowLocationPollerAlarmWakeup: UNRegistering the receiver because we're cancelling the alarm (probably stop):uk.me.ponies.wearroutes.locationHandling.SlowLocationPollerAlarmWakeup$AlarmRecieverInner@ac29a7e
10-16 11:30:24.127 17369 17369 D SlowLocationPollerBase: SlowLocationPollerBase stopped
10-16 11:30:24.127 17369 17369 D LocationHandler: removingLocationUpdates for listener uk.me.ponies.wearroutes.locationHandling.SlowLocationPollerAlarmWakeup@6cc3321
10-16 11:30:24.128 17369 17369 D MapSwipeToZoomFrag: Fragment:Map #00 onExitAmbient
10-16 11:30:24.129 17369 17369 D MainWearActivity: after onExitAmbient current isAmbient state is false
10-16 11:30:24.129 17369 17369 D MainWearActivity: Posting a invalidate event to force full color mode to workaround gridViewPager half colour mode issue:
10-16 11:30:24.608 17369 17369 D LocationHandler: Good location received Location[fused 53.560139,-1.427594 acc=6 et=+10d5h44m16s712ms alt=100.0 vel=1.36 bear=272.0]
10-16 11:30:24.610 17369 17369 D BearingSectorizer: clamped to :270.0 from:272.0
10-16 11:30:24.610 17369 17369 D BearingSectorizer: returning changed: 270.0
10-16 11:30:24.611 17369 17369 D MapSwipeToZoomFrag: Location changed: Dot is INSIDE of middle pixels:pos:Point(142, 203)middle: Rect(53, 64 - 267, 267)
10-16 11:30:24.720 17369 17369 D MapSwipeToZoomFrag: EventBusLocationSourceForMap sending location to listener com.google.android.gms.maps.GoogleMap$12$1@2318170
10-16 11:30:24.728 17369 17369 D MainGridPagerAdapter: GridPagerAdapter: startUpdate Called id:2131951748 took 0ms
10-16 11:30:24.728 17369 17369 D MainGridPagerAdapter: GridPagerAdapter: finishUpdate Called id:2131951748 took 0ms
10-16 11:30:25.219 17369 17369 D MainWearActivity: before onEnterAmbient current isAmbient state is true
10-16 11:30:25.219 17369 17369 D SlowLocationPollerAlarmWakeup: Registering the alarm receiver:uk.me.ponies.wearroutes.locationHandling.SlowLocationPollerAlarmWakeup$AlarmRecieverInner@ac29a7e
10-16 11:30:25.221 17369 17369 D SlowLocationPollerAlarmWakeup: Scheduling an alarm for 14781 ms in the future aka Sun Oct 16 11:30:40 GMT+01:00 2016
10-16 11:30:25.222 17369 17369 D LocationHandler: removingLocationUpdates for listener uk.me.ponies.wearroutes.locationHandling.LocationHandler@8fddd2c
10-16 11:30:25.222 17369 17369 D MapSwipeToZoomFrag: Fragment:Map #00 onEnterAmbient
10-16 11:30:25.223 17369 17369 D MainWearActivity: after onEnterAmbient current isAmbient state is true
10-16 11:30:25.535 17369 17369 D MainWearActivity: before onExitAmbient current isAmbient state is false
10-16 11:30:25.536 17369 17369 D LocationHandler: removingLocationUpdates for listener uk.me.ponies.wearroutes.locationHandling.LocationHandler@8fddd2c
10-16 11:30:25.536 17369 17369 D LocationHandler: requestingLocationUpdates for listener uk.me.ponies.wearroutes.locationHandling.LocationHandler@8fddd2c
10-16 11:30:25.569 17369 17369 D SlowLocationPollerAlarmWakeup: UNRegistering the receiver because we're cancelling the alarm (probably stop):uk.me.ponies.wearroutes.locationHandling.SlowLocationPollerAlarmWakeup$AlarmRecieverInner@ac29a7e
10-16 11:30:25.569 17369 17369 D SlowLocationPollerBase: SlowLocationPollerBase stopped
10-16 11:30:25.569 17369 17369 D LocationHandler: removingLocationUpdates for listener uk.me.ponies.wearroutes.locationHandling.SlowLocationPollerAlarmWakeup@6cc3321
10-16 11:30:25.570 17369 17369 D MapSwipeToZoomFrag: Fragment:Map #00 onExitAmbient
10-16 11:30:25.571 17369 17369 D MainWearActivity: after onExitAmbient current isAmbient state is false
10-16 11:30:25.571 17369 17369 D MainWearActivity: Posting a invalidate event to force full color mode to workaround gridViewPager half colour mode issue:
10-16 11:30:26.235 17369 17369 D LocationHandler: Good location received Location[fused 53.560141,-1.427656 acc=6 et=+10d5h44m18s339ms alt=100.0 vel=1.81 bear=265.0]
10-16 11:30:26.236 17369 17369 D BearingSectorizer: clamped to :270.0 from:265.0
10-16 11:30:26.237 17369 17369 D MapSwipeToZoomFrag: Location changed: Dot is INSIDE of middle pixels:pos:Point(144, 202)middle: Rect(53, 64 - 267, 267)
10-16 11:30:26.348 17369 17369 D MapSwipeToZoomFrag: EventBusLocationSourceForMap sending location to listener com.google.android.gms.maps.GoogleMap$12$1@2318170
10-16 11:30:26.358 17369 17369 D MainGridPagerAdapter: GridPagerAdapter: startUpdate Called id:2131951748 took 0ms
10-16 11:30:26.358 17369 17369 D MainGridPagerAdapter: GridPagerAdapter: finishUpdate Called id:2131951748 took 0ms
10-16 11:30:28.596 17369 17369 D LocationHandler: Good location received Location[fused 53.560135,-1.427721 acc=6 et=+10d5h44m20s701ms alt=100.0 vel=1.94 bear=260.0]
10-16 11:30:28.598 17369 17369 D BearingSectorizer: clamped to :255.0 from:260.0
10-16 11:30:28.598 17369 17369 D BearingSectorizer: returning changed: 255.0
10-16 11:30:28.599 17369 17369 D MapSwipeToZoomFrag: Location changed: Dot is INSIDE of middle pixels:pos:Point(147, 201)middle: Rect(53, 64 - 267, 267)
10-16 11:30:28.732 17369 17369 D MapSwipeToZoomFrag: EventBusLocationSourceForMap sending location to listener com.google.android.gms.maps.GoogleMap$12$1@2318170
10-16 11:30:28.739 17369 17369 D MainGridPagerAdapter: GridPagerAdapter: startUpdate Called id:2131951748 took 0ms
10-16 11:30:28.739 17369 17369 D MainGridPagerAdapter: GridPagerAdapter: finishUpdate Called id:2131951748 took 0ms
10-16 11:30:32.555 17369 17369 D LocationHandler: Good location received Location[fused 53.560112,-1.427836 acc=5 et=+10d5h44m24s660ms alt=100.0 vel=1.23 bear=256.0]
10-16 11:30:32.558 17369 17369 D BearingSectorizer: clamped to :255.0 from:256.0
10-16 11:30:32.559 17369 17369 D MapSwipeToZoomFrag: Location changed: Dot is INSIDE of middle pixels:pos:Point(150, 199)middle: Rect(53, 64 - 267, 267)
10-16 11:30:32.684 17369 17369 D MapSwipeToZoomFrag: EventBusLocationSourceForMap sending location to listener com.google.android.gms.maps.GoogleMap$12$1@2318170
10-16 11:30:32.698 17369 17369 D MainGridPagerAdapter: GridPagerAdapter: startUpdate Called id:2131951748 took 0ms
10-16 11:30:32.699 17369 17369 D MainGridPagerAdapter: GridPagerAdapter: finishUpdate Called id:2131951748 took 0ms
10-16 11:30:33.265 17369 17369 D MainWearActivity: before onEnterAmbient current isAmbient state is true
10-16 11:30:33.266 17369 17369 D SlowLocationPollerAlarmWakeup: Registering the alarm receiver:uk.me.ponies.wearroutes.locationHandling.SlowLocationPollerAlarmWakeup$AlarmRecieverInner@ac29a7e
10-16 11:30:33.268 17369 17369 D SlowLocationPollerAlarmWakeup: Scheduling an alarm for 6734 ms in the future aka Sun Oct 16 11:30:40 GMT+01:00 2016
10-16 11:30:33.270 17369 17369 D LocationHandler: removingLocationUpdates for listener uk.me.ponies.wearroutes.locationHandling.LocationHandler@8fddd2c
10-16 11:30:33.271 17369 17369 D MapSwipeToZoomFrag: Fragment:Map #00 onEnterAmbient
10-16 11:30:33.273 17369 17369 D MainWearActivity: after onEnterAmbient current isAmbient state is true
10-16 11:30:33.581 17369 17369 D MainWearActivity: before onExitAmbient current isAmbient state is false
10-16 11:30:33.582 17369 17369 D LocationHandler: removingLocationUpdates for listener uk.me.ponies.wearroutes.locationHandling.LocationHandler@8fddd2c
10-16 11:30:33.582 17369 17369 D LocationHandler: requestingLocationUpdates for listener uk.me.ponies.wearroutes.locationHandling.LocationHandler@8fddd2c
10-16 11:30:33.606 17369 17369 D SlowLocationPollerAlarmWakeup: UNRegistering the receiver because we're cancelling the alarm (probably stop):uk.me.ponies.wearroutes.locationHandling.SlowLocationPollerAlarmWakeup$AlarmRecieverInner@ac29a7e
10-16 11:30:33.607 17369 17369 D SlowLocationPollerBase: SlowLocationPollerBase stopped
10-16 11:30:33.607 17369 17369 D LocationHandler: removingLocationUpdates for listener uk.me.ponies.wearroutes.locationHandling.SlowLocationPollerAlarmWakeup@6cc3321
10-16 11:30:33.617 17369 17369 D MapSwipeToZoomFrag: Fragment:Map #00 onExitAmbient
10-16 11:30:33.620 17369 17369 D MainWearActivity: after onExitAmbient current isAmbient state is false
10-16 11:30:33.621 17369 17369 D MainWearActivity: Posting a invalidate event to force full color mode to workaround gridViewPager half colour mode issue:
10-16 11:30:34.244 17369 17369 D LocationHandler: Good location received Location[fused 53.560095,-1.427872 acc=6 et=+10d5h44m26s347ms alt=100.0 vel=0.91 bear=237.0]
10-16 11:30:34.246 17369 17369 D BearingSectorizer: clamped to :240.0 from:237.0
10-16 11:30:34.246 17369 17369 D BearingSectorizer: returning changed: 240.0
10-16 11:30:34.247 17369 17369 D MapSwipeToZoomFrag: Location changed: Dot is INSIDE of middle pixels:pos:Point(151, 198)middle: Rect(53, 64 - 267, 267)
10-16 11:30:34.355 17369 17369 D MapSwipeToZoomFrag: EventBusLocationSourceForMap sending location to listener com.google.android.gms.maps.GoogleMap$12$1@2318170
10-16 11:30:34.378 17369 17369 D MainGridPagerAdapter: GridPagerAdapter: startUpdate Called id:2131951748 took 0ms
10-16 11:30:34.378 17369 17369 D MainGridPagerAdapter: GridPagerAdapter: finishUpdate Called id:2131951748 took 0ms
10-16 11:30:34.795 17369 17369 D MainWearActivity: before onEnterAmbient current isAmbient state is true
10-16 11:30:34.796 17369 17369 D SlowLocationPollerAlarmWakeup: Registering the alarm receiver:uk.me.ponies.wearroutes.locationHandling.SlowLocationPollerAlarmWakeup$AlarmRecieverInner@ac29a7e
10-16 11:30:34.798 17369 17369 D SlowLocationPollerAlarmWakeup: Scheduling an alarm for 5204 ms in the future aka Sun Oct 16 11:30:40 GMT+01:00 2016
10-16 11:30:34.799 17369 17369 D LocationHandler: removingLocationUpdates for listener uk.me.ponies.wearroutes.locationHandling.LocationHandler@8fddd2c
10-16 11:30:34.800 17369 17369 D MapSwipeToZoomFrag: Fragment:Map #00 onEnterAmbient
10-16 11:30:34.801 17369 17369 D MainWearActivity: after onEnterAmbient current isAmbient state is true
10-16 11:30:35.079 17369 17369 D SlowLocationPollerAlarmWakeup: Received Alarm1
10-16 11:30:35.081 17369 17369 D SlowLocationPollerBase: Wokeup 4919early/late
10-16 11:30:35.088 17369 17369 D LocationHandler: requestingLocationUpdates for listener uk.me.ponies.wearroutes.locationHandling.SlowLocationPollerAlarmWakeup@6cc3321
10-16 11:30:35.111 17369 17369 D SlowLocationPollerAlarmWakeup: UNRegistering the receiver because the alarm has triggered:uk.me.ponies.wearroutes.locationHandling.SlowLocationPollerAlarmWakeup$AlarmRecieverInner@ac29a7e
10-16 11:30:35.133 17369 17369 D MainWearActivity: before onExitAmbient current isAmbient state is false
10-16 11:30:35.134 17369 17369 D LocationHandler: removingLocationUpdates for listener uk.me.ponies.wearroutes.locationHandling.LocationHandler@8fddd2c
10-16 11:30:35.159 17369 17369 D LocationHandler: requestingLocationUpdates for listener uk.me.ponies.wearroutes.locationHandling.LocationHandler@8fddd2c
10-16 11:30:35.164 17369 17369 D SlowLocationPollerBase: SlowLocationPollerBase stopped
10-16 11:30:35.164 17369 17369 D LocationHandler: removingLocationUpdates for listener uk.me.ponies.wearroutes.locationHandling.SlowLocationPollerAlarmWakeup@6cc3321
10-16 11:30:35.166 17369 17369 D MapSwipeToZoomFrag: Fragment:Map #00 onExitAmbient
10-16 11:30:35.168 17369 17369 D MainWearActivity: after onExitAmbient current isAmbient state is false
10-16 11:30:35.168 17369 17369 D MainWearActivity: Posting a invalidate event to force full color mode to workaround gridViewPager half colour mode issue:
10-16 11:30:36.468 17369 17369 D LocationHandler: Good location received Location[fused 53.560077,-1.427910 acc=7 et=+10d5h44m28s569ms alt=100.0 vel=1.25 bear=227.0]
10-16 11:30:36.470 17369 17369 D BearingSectorizer: clamped to :225.0 from:227.0
10-16 11:30:36.470 17369 17369 D BearingSectorizer: returning changed: 225.0
10-16 11:30:36.472 17369 17369 D MapSwipeToZoomFrag: Location changed: Dot is INSIDE of middle pixels:pos:Point(152, 197)middle: Rect(53, 64 - 267, 267)
10-16 11:30:36.667 17369 17369 D MapSwipeToZoomFrag: EventBusLocationSourceForMap sending location to listener com.google.android.gms.maps.GoogleMap$12$1@2318170
10-16 11:30:36.668 17369 17369 D MainGridPagerAdapter: GridPagerAdapter: startUpdate Called id:2131951748 took 0ms
10-16 11:30:36.668 17369 17369 D MainGridPagerAdapter: GridPagerAdapter: finishUpdate Called id:2131951748 took 0ms
10-16 11:30:36.690 17369 17379 I art     : Background partial concurrent mark sweep GC freed 13653(883KB) AllocSpace objects, 25(516KB) LOS objects, 9% free, 18MB/20MB, paused 1.922ms total 108.154ms
10-16 11:30:38.553 17369 17369 D LocationHandler: Good location received Location[fused 53.560094,-1.427960 acc=8 et=+10d5h44m30s657ms alt=97.0 vel=1.45 bear=246.0]
10-16 11:30:38.556 17369 17369 D BearingSectorizer: clamped to :240.0 from:246.0
10-16 11:30:38.556 17369 17369 D BearingSectorizer: returning changed: 240.0
10-16 11:30:38.557 17369 17369 D MapSwipeToZoomFrag: Location changed: Dot is INSIDE of middle pixels:pos:Point(155, 197)middle: Rect(53, 64 - 267, 267)
10-16 11:30:38.677 17369 17369 D MapSwipeToZoomFrag: EventBusLocationSourceForMap sending location to listener com.google.android.gms.maps.GoogleMap$12$1@2318170
10-16 11:30:38.688 17369 17369 D MainGridPagerAdapter: GridPagerAdapter: startUpdate Called id:2131951748 took 0ms
10-16 11:30:38.688 17369 17369 D MainGridPagerAdapter: GridPagerAdapter: finishUpdate Called id:2131951748 took 0ms
10-16 11:30:39.722 17369 17369 D MainWearActivity: before onEnterAmbient current isAmbient state is true
10-16 11:30:39.723 17369 17369 D SlowLocationPollerAlarmWakeup: Registering the alarm receiver:uk.me.ponies.wearroutes.locationHandling.SlowLocationPollerAlarmWakeup$AlarmRecieverInner@ac29a7e
10-16 11:30:39.724 17369 17369 D SlowLocationPollerAlarmWakeup: Scheduling an alarm for 10278 ms in the future aka Sun Oct 16 11:30:50 GMT+01:00 2016
10-16 11:30:39.725 17369 17369 D LocationHandler: removingLocationUpdates for listener uk.me.ponies.wearroutes.locationHandling.LocationHandler@8fddd2c
10-16 11:30:39.726 17369 17369 D MapSwipeToZoomFrag: Fragment:Map #00 onEnterAmbient
10-16 11:30:39.728 17369 17369 D MainWearActivity: after onEnterAmbient current isAmbient state is true
10-16 11:30:43.073 17369 17369 D LocationHandler: Good location received Location[fused 53.560134,-1.428063 acc=10 et=+10d5h44m35s174ms alt=97.0 vel=1.58 bear=276.0]
10-16 11:30:43.094 17369 17369 D BearingSectorizer: clamped to :270.0 from:276.0
10-16 11:30:43.094 17369 17369 D BearingSectorizer: returning changed: 270.0
10-16 11:30:43.096 17369 17369 D MapSwipeToZoomFrag: Location changed: Dot is INSIDE of middle pixels:pos:Point(160, 197)middle: Rect(53, 64 - 267, 267)
10-16 11:30:43.265 17369 17369 D MapSwipeToZoomFrag: EventBusLocationSourceForMap sending location to listener com.google.android.gms.maps.GoogleMap$12$1@2318170
10-16 11:30:43.278 17369 17369 D MainGridPagerAdapter: GridPagerAdapter: startUpdate Called id:2131951748 took 0ms
10-16 11:30:43.278 17369 17369 D MainGridPagerAdapter: GridPagerAdapter: finishUpdate Called id:2131951748 took 0ms
10-16 11:30:45.005 17369 17369 D SlowLocationPollerAlarmWakeup: Received Alarm1
10-16 11:30:45.013 17369 17369 D SlowLocationPollerBase: Wokeup 4987early/late
10-16 11:30:45.016 17369 17369 D LocationHandler: requestingLocationUpdates for listener uk.me.ponies.wearroutes.locationHandling.SlowLocationPollerAlarmWakeup@6cc3321
10-16 11:30:45.049 17369 17369 D SlowLocationPollerAlarmWakeup: UNRegistering the receiver because the alarm has triggered:uk.me.ponies.wearroutes.locationHandling.SlowLocationPollerAlarmWakeup$AlarmRecieverInner@ac29a7e
10-16 11:30:46.195 17369 17369 D LocationHandler: Good location received Location[fused 53.560112,-1.428151 acc=11 et=+10d5h44m38s296ms alt=95.0 vel=1.65 bear=249.0]
10-16 11:30:46.216 17369 17369 D BearingSectorizer: clamped to :255.0 from:249.0
10-16 11:30:46.216 17369 17369 D BearingSectorizer: returning changed: 255.0
10-16 11:30:46.218 17369 17369 D MapSwipeToZoomFrag: Location changed: Dot is INSIDE of middle pixels:pos:Point(163, 195)middle: Rect(53, 64 - 267, 267)
10-16 11:30:46.386 17369 17369 D MapSwipeToZoomFrag: EventBusLocationSourceForMap sending location to listener com.google.android.gms.maps.GoogleMap$12$1@2318170
10-16 11:30:46.397 17369 17369 D LocationHandler: removingLocationUpdates for listener uk.me.ponies.wearroutes.locationHandling.SlowLocationPollerAlarmWakeup@6cc3321
10-16 11:30:46.401 17369 17369 D SlowLocationPollerAlarmWakeup: Registering the alarm receiver:uk.me.ponies.wearroutes.locationHandling.SlowLocationPollerAlarmWakeup$AlarmRecieverInner@ac29a7e
10-16 11:30:46.414 17369 17369 D SlowLocationPollerAlarmWakeup: Scheduling an alarm for 13599 ms in the future aka Sun Oct 16 11:31:00 GMT+01:00 2016
10-16 11:30:46.417 17369 17369 D MainGridPagerAdapter: GridPagerAdapter: startUpdate Called id:2131951748 took 0ms
10-16 11:30:46.417 17369 17369 D MainGridPagerAdapter: GridPagerAdapter: finishUpdate Called id:2131951748 took 0ms
10-16 11:30:46.421 17369 17369 D LocationHandler: Good location received Location[fused 53.560112,-1.428151 acc=11 et=+10d5h44m38s296ms alt=95.0 vel=1.65 bear=249.0]
10-16 11:30:46.480 17369 17369 D BearingSectorizer: clamped to :255.0 from:249.0
10-16 11:30:46.480 17369 17369 D MapSwipeToZoomFrag: Location changed: Dot is INSIDE of middle pixels:pos:Point(163, 195)middle: Rect(53, 64 - 267, 267)
10-16 11:30:46.679 17369 17369 D MapSwipeToZoomFrag: EventBusLocationSourceForMap sending location to listener com.google.android.gms.maps.GoogleMap$12$1@2318170
10-16 11:30:46.690 17369 17369 D MainGridPagerAdapter: GridPagerAdapter: startUpdate Called id:2131951748 took 0ms
10-16 11:30:46.690 17369 17369 D MainGridPagerAdapter: GridPagerAdapter: finishUpdate Called id:2131951748 took 0ms
10-16 11:30:51.602 17369 17369 D LocationHandler: Good location received Location[fused 53.560060,-1.428334 acc=4 et=+10d5h44m43s704ms alt=98.0 vel=2.29 bear=258.0]
10-16 11:30:51.625 17369 17369 D BearingSectorizer: clamped to :255.0 from:258.0
10-16 11:30:51.627 17369 17369 D MapSwipeToZoomFrag: Location changed: Dot is INSIDE of middle pixels:pos:Point(168, 191)middle: Rect(53, 64 - 267, 267)
10-16 11:30:51.823 17369 17369 D MapSwipeToZoomFrag: EventBusLocationSourceForMap sending location to listener com.google.android.gms.maps.GoogleMap$12$1@2318170
10-16 11:30:51.838 17369 17369 D MainGridPagerAdapter: GridPagerAdapter: startUpdate Called id:2131951748 took 0ms
10-16 11:30:51.838 17369 17369 D MainGridPagerAdapter: GridPagerAdapter: finishUpdate Called id:2131951748 took 0ms
10-16 11:30:55.016 17369 17369 D SlowLocationPollerAlarmWakeup: Received Alarm1
10-16 11:30:55.023 17369 17369 D SlowLocationPollerBase: Wokeup 4977early/late
10-16 11:30:55.025 17369 17369 D LocationHandler: requestingLocationUpdates for listener uk.me.ponies.wearroutes.locationHandling.SlowLocationPollerAlarmWakeup@6cc3321
10-16 11:30:55.054 17369 17369 D SlowLocationPollerAlarmWakeup: UNRegistering the receiver because the alarm has triggered:uk.me.ponies.wearroutes.locationHandling.SlowLocationPollerAlarmWakeup$AlarmRecieverInner@ac29a7e
10-16 11:30:55.383 17369 17369 D LocationHandler: Good location received Location[fused 53.560039,-1.428488 acc=5 et=+10d5h44m47s484ms alt=98.0 vel=1.75 bear=267.0]
10-16 11:30:55.404 17369 17369 D BearingSectorizer: clamped to :270.0 from:267.0
10-16 11:30:55.404 17369 17369 D BearingSectorizer: returning changed: 270.0
10-16 11:30:55.405 17369 17369 D MapSwipeToZoomFrag: Location changed: Dot is INSIDE of middle pixels:pos:Point(173, 188)middle: Rect(53, 64 - 267, 267)
10-16 11:30:55.576 17369 17369 D MapSwipeToZoomFrag: EventBusLocationSourceForMap sending location to listener com.google.android.gms.maps.GoogleMap$12$1@2318170
10-16 11:30:55.587 17369 17369 D LocationHandler: removingLocationUpdates for listener uk.me.ponies.wearroutes.locationHandling.SlowLocationPollerAlarmWakeup@6cc3321
10-16 11:30:55.604 17369 17369 D SlowLocationPollerAlarmWakeup: Registering the alarm receiver:uk.me.ponies.wearroutes.locationHandling.SlowLocationPollerAlarmWakeup$AlarmRecieverInner@ac29a7e
10-16 11:30:55.606 17369 17369 D SlowLocationPollerAlarmWakeup: Scheduling an alarm for 14397 ms in the future aka Sun Oct 16 11:31:10 GMT+01:00 2016
10-16 11:30:55.608 17369 17369 D MainGridPagerAdapter: GridPagerAdapter: startUpdate Called id:2131951748 took 0ms
10-16 11:30:55.608 17369 17369 D MainGridPagerAdapter: GridPagerAdapter: finishUpdate Called id:2131951748 took 0ms
10-16 11:30:55.620 17369 17369 D LocationHandler: Good location received Location[fused 53.560039,-1.428488 acc=5 et=+10d5h44m47s484ms alt=98.0 vel=1.75 bear=267.0]
10-16 11:30:55.647 17369 17369 D BearingSectorizer: clamped to :270.0 from:267.0
10-16 11:30:55.655 17369 17369 D MapSwipeToZoomFrag: Location changed: Dot is INSIDE of middle pixels:pos:Point(173, 188)middle: Rect(53, 64 - 267, 267)
10-16 11:30:55.858 17369 17369 D MapSwipeToZoomFrag: EventBusLocationSourceForMap sending location to listener com.google.android.gms.maps.GoogleMap$12$1@2318170
10-16 11:30:55.868 17369 17369 D MainGridPagerAdapter: GridPagerAdapter: startUpdate Called id:2131951748 took 0ms
10-16 11:30:55.868 17369 17369 D MainGridPagerAdapter: GridPagerAdapter: finishUpdate Called id:2131951748 took 0ms
10-16 11:30:59.528 17369 17369 D LocationHandler: Good location received Location[fused 53.559992,-1.428615 acc=7 et=+10d5h44m51s631ms alt=100.0 vel=1.63 bear=240.0]
10-16 11:30:59.549 17369 17369 D BearingSectorizer: returning changed: 240.0
10-16 11:30:59.550 17369 17369 D MapSwipeToZoomFrag: Location changed: Dot is INSIDE of middle pixels:pos:Point(176, 185)middle: Rect(53, 64 - 267, 267)
10-16 11:30:59.724 17369 17369 D MapSwipeToZoomFrag: EventBusLocationSourceForMap sending location to listener com.google.android.gms.maps.GoogleMap$12$1@2318170
10-16 11:30:59.738 17369 17369 D MainGridPagerAdapter: GridPagerAdapter: startUpdate Called id:2131951748 took 0ms
10-16 11:30:59.738 17369 17369 D MainGridPagerAdapter: GridPagerAdapter: finishUpdate Called id:2131951748 took 0ms
10-16 11:31:00.147 17369 17369 D GPXLogger: Written <trkpt lat="53.560172" lon="-1.427074"><ele>109.000000</ele><time>2016-10-16T11:29:50.000+0100</time><hdop>1.75</hdop><course>269.0</course><speed>1.22</speed></trkpt>
