--------- beginning of crash
10-15 19:13:37.914 15045 15045 E AndroidRuntime: FATAL EXCEPTION: main
10-15 19:13:37.914 15045 15045 E AndroidRuntime: Process: uk.me.ponies.wearroutes, PID: 15045
10-15 19:13:37.914 15045 15045 E AndroidRuntime: java.lang.RuntimeException: Unable to stop activity {uk.me.ponies.wearroutes/uk.me.ponies.wearroutes.MainWearActivity}: java.lang.NullPointerException: Attempt to invoke virtual method 'int uk.me.ponies.wearroutes.controller.Controller.getRecordingState()' on a null object reference
10-15 19:13:37.914 15045 15045 E AndroidRuntime: 	at android.app.ActivityThread.performDestroyActivity(ActivityThread.java:3795)
10-15 19:13:37.914 15045 15045 E AndroidRuntime: 	at android.app.ActivityThread.handleDestroyActivity(ActivityThread.java:3849)
10-15 19:13:37.914 15045 15045 E AndroidRuntime: 	at android.app.ActivityThread.-wrap5(ActivityThread.java)
10-15 19:13:37.914 15045 15045 E AndroidRuntime: 	at android.app.ActivityThread$H.handleMessage(ActivityThread.java:1398)
10-15 19:13:37.914 15045 15045 E AndroidRuntime: 	at android.os.Handler.dispatchMessage(Handler.java:102)
10-15 19:13:37.914 15045 15045 E AndroidRuntime: 	at android.os.Looper.loop(Looper.java:148)
10-15 19:13:37.914 15045 15045 E AndroidRuntime: 	at android.app.ActivityThread.main(ActivityThread.java:5422)
10-15 19:13:37.914 15045 15045 E AndroidRuntime: 	at java.lang.reflect.Method.invoke(Native Method)
10-15 19:13:37.914 15045 15045 E AndroidRuntime: 	at com.android.internal.os.ZygoteInit$MethodAndArgsCaller.run(ZygoteInit.java:726)
10-15 19:13:37.914 15045 15045 E AndroidRuntime: 	at com.android.internal.os.ZygoteInit.main(ZygoteInit.java:616)
10-15 19:13:37.914 15045 15045 E AndroidRuntime: Caused by: java.lang.NullPointerException: Attempt to invoke virtual method 'int uk.me.ponies.wearroutes.controller.Controller.getRecordingState()' on a null object reference
10-15 19:13:37.914 15045 15045 E AndroidRuntime: 	at uk.me.ponies.wearroutes.MainWearActivity.onStop(MainWearActivity.java:527)
10-15 19:13:37.914 15045 15045 E AndroidRuntime: 	at android.app.Instrumentation.callActivityOnStop(Instrumentation.java:1278)
10-15 19:13:37.914 15045 15045 E AndroidRuntime: 	at android.app.Activity.performStop(Activity.java:6395)
10-15 19:13:37.914 15045 15045 E AndroidRuntime: 	at android.app.ActivityThread.performDestroyActivity(ActivityThread.java:3790)
10-15 19:13:37.914 15045 15045 E AndroidRuntime: 	... 9 more
10-16 11:32:30.141 17369 17369 E AndroidRuntime: FATAL EXCEPTION: main
10-16 11:32:30.141 17369 17369 E AndroidRuntime: Process: uk.me.ponies.wearroutes, PID: 17369
10-16 11:32:30.141 17369 17369 E AndroidRuntime: java.lang.IllegalArgumentException: pointerIndex out of range
10-16 11:32:30.141 17369 17369 E AndroidRuntime: 	at android.view.MotionEvent.nativeGetAxisValue(Native Method)
10-16 11:32:30.141 17369 17369 E AndroidRuntime: 	at android.view.MotionEvent.getX(MotionEvent.java:2089)
10-16 11:32:30.141 17369 17369 E AndroidRuntime: 	at android.support.wearable.view.GridViewPager.handlePointerUp(GridViewPager.java:2172)
10-16 11:32:30.141 17369 17369 E AndroidRuntime: 	at android.support.wearable.view.GridViewPager.onTouchEvent(GridViewPager.java:1699)
10-16 11:32:30.141 17369 17369 E AndroidRuntime: 	at uk.me.ponies.wearroutes.MyGridViewPager.onTouchEvent(MyGridViewPager.java:78)
10-16 11:32:30.141 17369 17369 E AndroidRuntime: 	at android.view.View.dispatchTouchEvent(View.java:9300)
10-16 11:32:30.141 17369 17369 E AndroidRuntime: 	at android.view.ViewGroup.dispatchTransformedTouchEvent(ViewGroup.java:2547)
10-16 11:32:30.141 17369 17369 E AndroidRuntime: 	at android.view.ViewGroup.dispatchTouchEvent(ViewGroup.java:2240)
10-16 11:32:30.141 17369 17369 E AndroidRuntime: 	at android.view.ViewGroup.dispatchTransformedTouchEvent(ViewGroup.java:2553)
10-16 11:32:30.141 17369 17369 E AndroidRuntime: 	at android.view.ViewGroup.dispatchTouchEvent(ViewGroup.java:2254)
10-16 11:32:30.141 17369 17369 E AndroidRuntime: 	at android.view.ViewGroup.dispatchTransformedTouchEvent(ViewGroup.java:2553)
10-16 11:32:30.141 17369 17369 E AndroidRuntime: 	at android.view.ViewGroup.dispatchTouchEvent(ViewGroup.java:2254)
10-16 11:32:30.141 17369 17369 E AndroidRuntime: 	at android.view.ViewGroup.dispatchTransformedTouchEvent(ViewGroup.java:2553)
10-16 11:32:30.141 17369 17369 E AndroidRuntime: 	at android.view.ViewGroup.dispatchTouchEvent(ViewGroup.java:2254)
10-16 11:32:30.141 17369 17369 E AndroidRuntime: 	at com.android.internal.policy.PhoneWindow$DecorView.superDispatchTouchEvent(PhoneWindow.java:2403)
10-16 11:32:30.141 17369 17369 E AndroidRuntime: 	at com.android.internal.policy.PhoneWindow.superDispatchTouchEvent(PhoneWindow.java:1737)
10-16 11:32:30.141 17369 17369 E AndroidRuntime: 	at android.app.Activity.dispatchTouchEvent(Activity.java:2771)
10-16 11:32:30.141 17369 17369 E AndroidRuntime: 	at com.android.internal.policy.PhoneWindow$DecorView.dispatchTouchEvent(PhoneWindow.java:2364)
10-16 11:32:30.141 17369 17369 E AndroidRuntime: 	at android.view.View.dispatchPointerEvent(View.java:9520)
10-16 11:32:30.141 17369 17369 E AndroidRuntime: 	at android.view.ViewRootImpl$ViewPostImeInputStage.processPointerEvent(ViewRootImpl.java:4239)
10-16 11:32:30.141 17369 17369 E AndroidRuntime: 	at android.view.ViewRootImpl$ViewPostImeInputStage.onProcess(ViewRootImpl.java:4105)
10-16 11:32:30.141 17369 17369 E AndroidRuntime: 	at android.view.ViewRootImpl$InputStage.deliver(ViewRootImpl.java:3650)
10-16 11:32:30.141 17369 17369 E AndroidRuntime: 	at android.view.ViewRootImpl$InputStage.onDeliverToNext(ViewRootImpl.java:3703)
10-16 11:32:30.141 17369 17369 E AndroidRuntime: 	at android.view.ViewRootImpl$InputStage.forward(ViewRootImpl.java:3669)
10-16 11:32:30.141 17369 17369 E AndroidRuntime: 	at android.view.ViewRootImpl$AsyncInputStage.forward(ViewRootImpl.java:3796)
10-16 11:32:30.141 17369 17369 E AndroidRuntime: 	at android.view.ViewRootImpl$InputStage.apply(ViewRootImpl.java:3677)
10-16 11:32:30.141 17369 17369 E AndroidRuntime: 	at android.view.ViewRootImpl$AsyncInputStage.apply(ViewRootImpl.java:3853)
10-16 11:32:30.141 17369 17369 E AndroidRuntime: 	at android.view.ViewRootImpl$InputStage.deliver(ViewRootImpl.java:3650)
10-16 11:32:30.141 17369 17369 E AndroidRuntime: 	at android.view.ViewRootImpl$InputStage.onDeliverToNext(ViewRootImpl.java:3703)
10-16 11:32:30.141 17369 17369 E AndroidRuntime: 	at android.view.ViewRootImpl$InputStage.forward(ViewRootImpl.java:3669)
10-16 11:32:30.141 17369 17369 E AndroidRuntime: 	at android.view.ViewRootImpl$InputStage.apply(ViewRootImpl.java:3677)
10-16 11:32:30.141 17369 17369 E AndroidRuntime: 	at android.view.ViewRootImpl$InputStage.deliver(ViewRootImpl.java:3650)
10-16 11:32:30.141 17369 17369 E AndroidRuntime: 	at android.view.ViewRootImpl.deliverInputEvent(ViewRootImpl.java:5933)
10-16 11:32:30.141 17369 17369 E AndroidRuntime: 	at android.view.ViewRootImpl.doProcessInputEvents(ViewRootImpl.java:5907)
10-16 11:32:30.141 17369 17369 E AndroidRuntime: 	at android.view.ViewRootImpl.enqueueInputEvent(ViewRootImpl.java:5868)
10-16 11:32:30.141 17369 17369 E AndroidRuntime: 	at android.view.ViewRootImpl$WindowInputEventReceiver.onInputEvent(ViewRootImpl.java:6036)
10-16 11:32:30.141 17369 17369 E AndroidRuntime: 	at android.view.InputEventReceiver.dispatchInputEvent(InputEventReceiver.java:185)
10-16 11:32:30.141 17369 17369 E AndroidRuntime: 	at android.os.MessageQueue.nativePollOnce(Native Method)
10-16 11:32:30.141 17369 17369 E AndroidRuntime: 	at android.os.MessageQueue.next(MessageQueue.java:323)
10-16 11:32:30.141 17369 17369 E AndroidRuntime: 	at android.os.Looper.loop(Looper.java:135)
10-16 11:32:30.141 17369 17369 E AndroidRuntime: 	at android.app.ActivityThread.main(ActivityThread.java:5422)
10-16 11:32:30.141 17369 17369 E AndroidRuntime: 	at java.lang.reflect.Method.invoke(Native Method)
10-16 11:32:30.141 17369 17369 E AndroidRuntime: 	at com.android.internal.os.ZygoteInit$MethodAndArgsCaller.run(ZygoteInit.java:726)
10-16 11:32:30.141 17369 17369 E AndroidRuntime: 	at com.android.internal.os.ZygoteInit.main(ZygoteInit.java:616)
--------- beginning of main
10-23 09:29:24.876 27765 27765 I chatty  : uid=10055(uk.me.ponies.wearroutes) expire 61 lines
10-23 09:29:27.328 27765 27783 I chatty  : uid=10055(uk.me.ponies.wearroutes) RenderThread expire 1 line
10-23 09:29:27.426 27765 27784 I chatty  : uid=10055(uk.me.ponies.wearroutes) mm_device_threa expire 1 line
10-23 09:29:28.115 27765 27765 I chatty  : uid=10055(uk.me.ponies.wearroutes) expire 132 lines
10-23 09:29:29.452 27765 27809 I chatty  : uid=10055(uk.me.ponies.wearroutes) expire 1 line
10-23 09:29:29.465 27765 27775 I chatty  : uid=10055(uk.me.ponies.wearroutes) HeapTaskDaemon expire 1 line
10-23 09:29:29.583 27765 27783 I chatty  : uid=10055(uk.me.ponies.wearroutes) RenderThread expire 4 lines
10-23 09:29:29.659 27765 27812 I chatty  : uid=10055(uk.me.ponies.wearroutes) AsyncTask #1 expire 1 line
10-23 09:29:29.955 27765 27814 I chatty  : uid=10055(uk.me.ponies.wearroutes) androidmapsapi- expire 1 line
10-23 09:29:31.337 27765 27765 I chatty  : uid=10055(uk.me.ponies.wearroutes) expire 84 lines
10-23 09:29:31.604 27765 27810 I chatty  : uid=10055(uk.me.ponies.wearroutes) androidmapsapi- expire 6 lines
10-23 09:29:31.630 27765 27775 I chatty  : uid=10055(uk.me.ponies.wearroutes) HeapTaskDaemon expire 2 lines
10-23 09:29:32.324 27765 27765 I chatty  : uid=10055(uk.me.ponies.wearroutes) expire 8 lines
10-23 09:29:32.528 27765 27810 I chatty  : uid=10055(uk.me.ponies.wearroutes) androidmapsapi- expire 2 lines
10-23 09:29:32.599 27765 27775 I chatty  : uid=10055(uk.me.ponies.wearroutes) HeapTaskDaemon expire 1 line
10-23 09:29:32.722 27765 27765 I chatty  : uid=10055(uk.me.ponies.wearroutes) expire 119 lines
10-23 09:29:34.087 27765 27832 I chatty  : uid=10055(uk.me.ponies.wearroutes) AsyncTask #2 expire 1 line
10-23 09:29:34.461 27765 27833 I chatty  : uid=10055(uk.me.ponies.wearroutes) AsyncTask #3 expire 1 line
10-23 09:29:35.456 27765 27814 I chatty  : uid=10055(uk.me.ponies.wearroutes) androidmapsapi- expire 4 lines
10-23 09:29:35.479 27765 27849 I chatty  : uid=10055(uk.me.ponies.wearroutes) expire 1 line
10-23 09:29:35.886 27765 27765 I chatty  : uid=10055(uk.me.ponies.wearroutes) expire 167 lines
10-23 09:29:37.421 27765 27775 I chatty  : uid=10055(uk.me.ponies.wearroutes) HeapTaskDaemon expire 2 lines
10-23 09:29:38.292 27765 27765 I chatty  : uid=10055(uk.me.ponies.wearroutes) expire 81 lines
10-23 09:29:40.423 27765 27775 I chatty  : uid=10055(uk.me.ponies.wearroutes) HeapTaskDaemon expire 3 lines
10-23 09:29:40.788 27765 27790 I chatty  : uid=10055(uk.me.ponies.wearroutes) VolleyNetworkDi expire 1 line
10-23 09:29:41.558 27765 27791 I chatty  : uid=10055(uk.me.ponies.wearroutes) VolleyNetworkDi expire 1 line
10-23 09:29:42.878 27765 27789 I chatty  : uid=10055(uk.me.ponies.wearroutes) VolleyNetworkDi expire 1 line
10-23 09:29:48.934 27765 27765 I chatty  : uid=10055(uk.me.ponies.wearroutes) expire 21 lines
10-23 09:30:00.036 27765 27765 I chatty  : uid=10055(uk.me.ponies.wearroutes) expire 14 lines
10-23 09:30:15.023 27765 27765 I chatty  : uid=10055(uk.me.ponies.wearroutes) expire 17 lines
10-23 09:30:27.110 27765 27765 I chatty  : uid=10055(uk.me.ponies.wearroutes) expire 1 line
10-23 09:30:27.110 27765 27765 D LocationAugmentor: Need to simulate a bearing
10-23 09:30:27.111 27765 27765 D BearingSectorizer: clamped to :150.0 from:150.41275
10-23 09:30:27.111 27765 27765 D BearingSectorizer: returning changed: 150.0
10-23 09:30:27.113 27765 27765 D MapSwipeToZoomFrag: Location changed: Dot is INSIDE of middle pixels:pos:Point(158, 161)middle: Rect(53, 64 - 267, 267)
10-23 09:30:27.115 27765 27765 D MapSwipeToZoomFrag: EventBusLocationSourceForMap sending location to listener com.google.android.gms.maps.GoogleMap$12$1@1c36cd3
10-23 09:30:27.128 27765 27765 D LocationHandler: removingLocationUpdates for listener uk.me.ponies.wearroutes.locationHandling.SlowLocationPollerAlarmWakeup@ed01d88
10-23 09:30:27.143 27765 27765 D SlowLocationPollerAlarmWakeup: Registering the alarm receiver:uk.me.ponies.wearroutes.locationHandling.SlowLocationPollerAlarmWakeup$AlarmRecieverInner@9c929b1
10-23 09:30:27.144 27765 27765 D SlowLocationPollerAlarmWakeup: Scheduling an alarm for 12857 ms in the future aka Sun Oct 23 09:30:40 GMT+01:00 2016
10-23 09:30:35.019 27765 27765 D SlowLocationPollerAlarmWakeup: Received Alarm1
10-23 09:30:35.022 27765 27765 D SlowLocationPollerBase: Wokeup 4978early/late
10-23 09:30:35.023 27765 27765 D LocationHandler: requestingLocationUpdates for listener uk.me.ponies.wearroutes.locationHandling.SlowLocationPollerAlarmWakeup@ed01d88
10-23 09:30:35.048 27765 27765 D SlowLocationPollerAlarmWakeup: UNRegistering the receiver because the alarm has triggered:uk.me.ponies.wearroutes.locationHandling.SlowLocationPollerAlarmWakeup$AlarmRecieverInner@9c929b1
10-23 09:30:37.023 27765 27765 D LocationHandler: Good location received Location[fused 53.553732,-2.332045 acc=9 et=+17d3h44m22s359ms alt=133.0 vel=0.0]
10-23 09:30:37.023 27765 27765 D LocationAugmentor: Need to simulate a bearing
10-23 09:30:37.024 27765 27765 D BearingSectorizer: clamped to :15.0 from:15.896719
10-23 09:30:37.024 27765 27765 D BearingSectorizer: returning changed: 15.0
10-23 09:30:37.026 27765 27765 D MapSwipeToZoomFrag: Location changed: Dot is INSIDE of middle pixels:pos:Point(158, 160)middle: Rect(53, 64 - 267, 267)
10-23 09:30:37.028 27765 27765 D MapSwipeToZoomFrag: EventBusLocationSourceForMap sending location to listener com.google.android.gms.maps.GoogleMap$12$1@1c36cd3
10-23 09:30:37.037 27765 27765 D LocationHandler: removingLocationUpdates for listener uk.me.ponies.wearroutes.locationHandling.SlowLocationPollerAlarmWakeup@ed01d88
10-23 09:30:37.039 27765 27765 D SlowLocationPollerAlarmWakeup: Registering the alarm receiver:uk.me.ponies.wearroutes.locationHandling.SlowLocationPollerAlarmWakeup$AlarmRecieverInner@9c929b1
10-23 09:30:37.040 27765 27765 D SlowLocationPollerAlarmWakeup: Scheduling an alarm for 12961 ms in the future aka Sun Oct 23 09:30:50 GMT+01:00 2016
10-23 09:30:45.023 27765 27765 D SlowLocationPollerAlarmWakeup: Received Alarm1
10-23 09:30:45.024 27765 27765 D SlowLocationPollerBase: Wokeup 4976early/late
10-23 09:30:45.025 27765 27765 D LocationHandler: requestingLocationUpdates for listener uk.me.ponies.wearroutes.locationHandling.SlowLocationPollerAlarmWakeup@ed01d88
10-23 09:30:45.039 27765 27765 D SlowLocationPollerAlarmWakeup: UNRegistering the receiver because the alarm has triggered:uk.me.ponies.wearroutes.locationHandling.SlowLocationPollerAlarmWakeup$AlarmRecieverInner@9c929b1
10-23 09:30:46.988 27765 27765 D LocationHandler: Good location received Location[fused 53.553735,-2.332048 acc=6 et=+17d3h44m32s324ms alt=133.0 vel=0.0]
10-23 09:30:46.988 27765 27765 D LocationAugmentor: Need to simulate a bearing
10-23 09:30:46.989 27765 27765 D BearingSectorizer: clamped to :330.0 from:322.56165
10-23 09:30:46.989 27765 27765 D BearingSectorizer: returning changed: 330.0
10-23 09:30:46.990 27765 27765 D MapSwipeToZoomFrag: Location changed: Dot is INSIDE of middle pixels:pos:Point(158, 160)middle: Rect(53, 64 - 267, 267)
10-23 09:30:46.996 27765 27765 D MapSwipeToZoomFrag: EventBusLocationSourceForMap sending location to listener com.google.android.gms.maps.GoogleMap$12$1@1c36cd3
10-23 09:30:47.001 27765 27765 D LocationHandler: removingLocationUpdates for listener uk.me.ponies.wearroutes.locationHandling.SlowLocationPollerAlarmWakeup@ed01d88
10-23 09:30:47.020 27765 27765 D SlowLocationPollerAlarmWakeup: Registering the alarm receiver:uk.me.ponies.wearroutes.locationHandling.SlowLocationPollerAlarmWakeup$AlarmRecieverInner@9c929b1
10-23 09:30:47.021 27765 27765 D SlowLocationPollerAlarmWakeup: Scheduling an alarm for 12980 ms in the future aka Sun Oct 23 09:31:00 GMT+01:00 2016
10-23 09:30:55.024 27765 27765 D SlowLocationPollerAlarmWakeup: Received Alarm1
10-23 09:30:55.026 27765 27765 D SlowLocationPollerBase: Wokeup 4974early/late
10-23 09:30:55.027 27765 27765 D LocationHandler: requestingLocationUpdates for listener uk.me.ponies.wearroutes.locationHandling.SlowLocationPollerAlarmWakeup@ed01d88
10-23 09:30:55.049 27765 27765 D SlowLocationPollerAlarmWakeup: UNRegistering the receiver because the alarm has triggered:uk.me.ponies.wearroutes.locationHandling.SlowLocationPollerAlarmWakeup$AlarmRecieverInner@9c929b1
10-23 09:30:56.987 27765 27765 D LocationHandler: Good location received Location[fused 53.553740,-2.332047 acc=4 et=+17d3h44m42s322ms alt=133.0 vel=0.0]
10-23 09:30:56.987 27765 27765 D LocationAugmentor: Need to simulate a bearing
10-23 09:30:56.988 27765 27765 D BearingSectorizer: clamped to :0.0 from:5.1902847
10-23 09:30:56.988 27765 27765 D BearingSectorizer: returning changed: 0.0
10-23 09:30:56.989 27765 27765 D MapSwipeToZoomFrag: Location changed: Dot is INSIDE of middle pixels:pos:Point(158, 160)middle: Rect(53, 64 - 267, 267)
10-23 09:30:56.992 27765 27765 D MapSwipeToZoomFrag: EventBusLocationSourceForMap sending location to listener com.google.android.gms.maps.GoogleMap$12$1@1c36cd3
10-23 09:30:57.003 27765 27765 D LocationHandler: removingLocationUpdates for listener uk.me.ponies.wearroutes.locationHandling.SlowLocationPollerAlarmWakeup@ed01d88
10-23 09:30:57.017 27765 27765 D SlowLocationPollerAlarmWakeup: Registering the alarm receiver:uk.me.ponies.wearroutes.locationHandling.SlowLocationPollerAlarmWakeup$AlarmRecieverInner@9c929b1
10-23 09:30:57.018 27765 27765 D SlowLocationPollerAlarmWakeup: Scheduling an alarm for 12983 ms in the future aka Sun Oct 23 09:31:10 GMT+01:00 2016
10-23 09:31:00.012 27765 27765 D MainWearActivity: onUpdateAmbient Called
10-23 09:31:05.020 27765 27765 D SlowLocationPollerAlarmWakeup: Received Alarm1
10-23 09:31:05.025 27765 27765 D SlowLocationPollerBase: Wokeup 4975early/late
10-23 09:31:05.029 27765 27765 D LocationHandler: requestingLocationUpdates for listener uk.me.ponies.wearroutes.locationHandling.SlowLocationPollerAlarmWakeup@ed01d88
10-23 09:31:05.067 27765 27765 D SlowLocationPollerAlarmWakeup: UNRegistering the receiver because the alarm has triggered:uk.me.ponies.wearroutes.locationHandling.SlowLocationPollerAlarmWakeup$AlarmRecieverInner@9c929b1
10-23 09:31:06.979 27765 27765 D LocationHandler: Good location received Location[fused 53.553742,-2.332047 acc=7 et=+17d3h44m52s314ms alt=133.0 vel=0.0]
10-23 09:31:06.979 27765 27765 D LocationAugmentor: Need to simulate a bearing
10-23 09:31:06.980 27765 27765 D BearingSectorizer: clamped to :0.0 from:357.56442
10-23 09:31:06.981 27765 27765 D MapSwipeToZoomFrag: Location changed: Dot is INSIDE of middle pixels:pos:Point(158, 160)middle: Rect(53, 64 - 267, 267)
10-23 09:31:06.983 27765 27765 D MapSwipeToZoomFrag: EventBusLocationSourceForMap sending location to listener com.google.android.gms.maps.GoogleMap$12$1@1c36cd3
10-23 09:31:06.996 27765 27765 D LocationHandler: removingLocationUpdates for listener uk.me.ponies.wearroutes.locationHandling.SlowLocationPollerAlarmWakeup@ed01d88
10-23 09:31:07.010 27765 27765 D SlowLocationPollerAlarmWakeup: Registering the alarm receiver:uk.me.ponies.wearroutes.locationHandling.SlowLocationPollerAlarmWakeup$AlarmRecieverInner@9c929b1
10-23 09:31:07.012 27765 27765 D SlowLocationPollerAlarmWakeup: Scheduling an alarm for 12990 ms in the future aka Sun Oct 23 09:31:20 GMT+01:00 2016
10-23 09:31:15.023 27765 27765 D SlowLocationPollerAlarmWakeup: Received Alarm1
10-23 09:31:15.024 27765 27765 D SlowLocationPollerBase: Wokeup 4976early/late
10-23 09:31:15.026 27765 27765 D LocationHandler: requestingLocationUpdates for listener uk.me.ponies.wearroutes.locationHandling.SlowLocationPollerAlarmWakeup@ed01d88
10-23 09:31:15.053 27765 27765 D SlowLocationPollerAlarmWakeup: UNRegistering the receiver because the alarm has triggered:uk.me.ponies.wearroutes.locationHandling.SlowLocationPollerAlarmWakeup$AlarmRecieverInner@9c929b1
10-23 09:31:16.929 27765 27765 D LocationHandler: Good location received Location[fused 53.553949,-2.331853 acc=7 et=+17d3h45m2s265ms alt=132.0 vel=1.28 bear=61.0]
10-23 09:31:16.951 27765 27765 D BearingSectorizer: clamped to :60.0 from:61.0
10-23 09:31:16.951 27765 27765 D BearingSectorizer: returning changed: 60.0
10-23 09:31:16.952 27765 27765 D MapSwipeToZoomFrag: Location changed: Dot is INSIDE of middle pixels:pos:Point(166, 153)middle: Rect(53, 64 - 267, 267)
10-23 09:31:16.954 27765 27765 D MapSwipeToZoomFrag: EventBusLocationSourceForMap sending location to listener com.google.android.gms.maps.GoogleMap$12$1@1c36cd3
10-23 09:31:16.965 27765 27765 D LocationHandler: removingLocationUpdates for listener uk.me.ponies.wearroutes.locationHandling.SlowLocationPollerAlarmWakeup@ed01d88
10-23 09:31:16.979 27765 27765 D SlowLocationPollerAlarmWakeup: Registering the alarm receiver:uk.me.ponies.wearroutes.locationHandling.SlowLocationPollerAlarmWakeup$AlarmRecieverInner@9c929b1
10-23 09:31:16.981 27765 27765 D SlowLocationPollerAlarmWakeup: Scheduling an alarm for 13022 ms in the future aka Sun Oct 23 09:31:30 GMT+01:00 2016
10-23 09:31:16.983 27765 27765 D MainGridPagerAdapter: GridPagerAdapter: startUpdate Called id:2131951748 took 0ms
10-23 09:31:16.983 27765 27765 D MainGridPagerAdapter: GridPagerAdapter: finishUpdate Called id:2131951748 took 0ms
10-23 09:31:25.020 27765 27765 D SlowLocationPollerAlarmWakeup: Received Alarm1
10-23 09:31:25.021 27765 27765 D SlowLocationPollerBase: Wokeup 4979early/late
10-23 09:31:25.022 27765 27765 D LocationHandler: requestingLocationUpdates for listener uk.me.ponies.wearroutes.locationHandling.SlowLocationPollerAlarmWakeup@ed01d88
10-23 09:31:25.047 27765 27765 D SlowLocationPollerAlarmWakeup: UNRegistering the receiver because the alarm has triggered:uk.me.ponies.wearroutes.locationHandling.SlowLocationPollerAlarmWakeup$AlarmRecieverInner@9c929b1
10-23 09:31:26.930 27765 27765 D LocationHandler: Good location received Location[fused 53.553951,-2.331642 acc=8 et=+17d3h45m12s265ms alt=135.0 vel=1.21 bear=75.0]
10-23 09:31:26.957 27765 27765 D BearingSectorizer: returning changed: 75.0
10-23 09:31:26.958 27765 27765 D MapSwipeToZoomFrag: Location changed: Dot is INSIDE of middle pixels:pos:Point(174, 153)middle: Rect(53, 64 - 267, 267)
10-23 09:31:26.961 27765 27765 D MapSwipeToZoomFrag: EventBusLocationSourceForMap sending location to listener com.google.android.gms.maps.GoogleMap$12$1@1c36cd3
10-23 09:31:26.980 27765 27765 D LocationHandler: removingLocationUpdates for listener uk.me.ponies.wearroutes.locationHandling.SlowLocationPollerAlarmWakeup@ed01d88
10-23 09:31:26.991 27765 27765 D SlowLocationPollerAlarmWakeup: Registering the alarm receiver:uk.me.ponies.wearroutes.locationHandling.SlowLocationPollerAlarmWakeup$AlarmRecieverInner@9c929b1
10-23 09:31:26.993 27765 27765 D SlowLocationPollerAlarmWakeup: Scheduling an alarm for 13009 ms in the future aka Sun Oct 23 09:31:40 GMT+01:00 2016
10-23 09:31:27.020 27765 27765 D MainGridPagerAdapter: GridPagerAdapter: startUpdate Called id:2131951748 took 0ms
10-23 09:31:27.020 27765 27765 D MainGridPagerAdapter: GridPagerAdapter: finishUpdate Called id:2131951748 took 0ms
10-23 09:31:35.020 27765 27765 D SlowLocationPollerAlarmWakeup: Received Alarm1
10-23 09:31:35.021 27765 27765 D SlowLocationPollerBase: Wokeup 4979early/late
10-23 09:31:35.022 27765 27765 D LocationHandler: requestingLocationUpdates for listener uk.me.ponies.wearroutes.locationHandling.SlowLocationPollerAlarmWakeup@ed01d88
10-23 09:31:35.045 27765 27765 D SlowLocationPollerAlarmWakeup: UNRegistering the receiver because the alarm has triggered:uk.me.ponies.wearroutes.locationHandling.SlowLocationPollerAlarmWakeup$AlarmRecieverInner@9c929b1
10-23 09:31:37.624 27765 27765 D LocationHandler: Good location received Location[fused 53.554062,-2.331422 acc=12 et=+17d3h45m22s960ms alt=134.0 vel=1.34 bear=59.0]
10-23 09:31:37.659 27765 27765 D BearingSectorizer: clamped to :60.0 from:59.0
10-23 09:31:37.659 27765 27765 D BearingSectorizer: returning changed: 60.0
10-23 09:31:37.669 27765 27765 D MapSwipeToZoomFrag: Location changed: Dot is INSIDE of middle pixels:pos:Point(183, 149)middle: Rect(53, 64 - 267, 267)
10-23 09:31:37.672 27765 27765 D MapSwipeToZoomFrag: EventBusLocationSourceForMap sending location to listener com.google.android.gms.maps.GoogleMap$12$1@1c36cd3
10-23 09:31:37.697 27765 27765 D LocationHandler: removingLocationUpdates for listener uk.me.ponies.wearroutes.locationHandling.SlowLocationPollerAlarmWakeup@ed01d88
10-23 09:31:37.722 27765 27765 D SlowLocationPollerAlarmWakeup: Registering the alarm receiver:uk.me.ponies.wearroutes.locationHandling.SlowLocationPollerAlarmWakeup$AlarmRecieverInner@9c929b1
10-23 09:31:37.723 27765 27765 D SlowLocationPollerAlarmWakeup: Scheduling an alarm for 12278 ms in the future aka Sun Oct 23 09:31:50 GMT+01:00 2016
10-23 09:31:37.726 27765 27765 D MainGridPagerAdapter: GridPagerAdapter: startUpdate Called id:2131951748 took 0ms
10-23 09:31:37.726 27765 27765 D MainGridPagerAdapter: GridPagerAdapter: finishUpdate Called id:2131951748 took 0ms
10-23 09:31:37.863 27765 27775 I art     : Background partial concurrent mark sweep GC freed 19957(1081KB) AllocSpace objects, 10(468KB) LOS objects, 10% free, 16MB/18MB, paused 1.708ms total 179.656ms
10-23 09:31:45.020 27765 27765 D SlowLocationPollerAlarmWakeup: Received Alarm1
10-23 09:31:45.022 27765 27765 D SlowLocationPollerBase: Wokeup 4978early/late
10-23 09:31:45.023 27765 27765 D LocationHandler: requestingLocationUpdates for listener uk.me.ponies.wearroutes.locationHandling.SlowLocationPollerAlarmWakeup@ed01d88
10-23 09:31:45.045 27765 27765 D SlowLocationPollerAlarmWakeup: UNRegistering the receiver because the alarm has triggered:uk.me.ponies.wearroutes.locationHandling.SlowLocationPollerAlarmWakeup$AlarmRecieverInner@9c929b1
10-23 09:31:47.618 27765 27765 D LocationHandler: Good location received Location[fused 53.554193,-2.331025 acc=11 et=+17d3h45m32s954ms alt=152.0 vel=0.51 bear=105.0]
10-23 09:31:47.642 27765 27765 D BearingSectorizer: returning changed: 105.0
10-23 09:31:47.643 27765 27765 D MapSwipeToZoomFrag: Location changed: Dot is INSIDE of middle pixels:pos:Point(198, 145)middle: Rect(53, 64 - 267, 267)
10-23 09:31:47.646 27765 27765 D MapSwipeToZoomFrag: EventBusLocationSourceForMap sending location to listener com.google.android.gms.maps.GoogleMap$12$1@1c36cd3
10-23 09:31:47.665 27765 27765 D LocationHandler: removingLocationUpdates for listener uk.me.ponies.wearroutes.locationHandling.SlowLocationPollerAlarmWakeup@ed01d88
10-23 09:31:47.715 27765 27765 D SlowLocationPollerAlarmWakeup: Registering the alarm receiver:uk.me.ponies.wearroutes.locationHandling.SlowLocationPollerAlarmWakeup$AlarmRecieverInner@9c929b1
10-23 09:31:47.717 27765 27765 D SlowLocationPollerAlarmWakeup: Scheduling an alarm for 12285 ms in the future aka Sun Oct 23 09:32:00 GMT+01:00 2016
10-23 09:31:47.763 27765 27765 D MainGridPagerAdapter: GridPagerAdapter: startUpdate Called id:2131951748 took 0ms
10-23 09:31:47.763 27765 27765 D MainGridPagerAdapter: GridPagerAdapter: finishUpdate Called id:2131951748 took 0ms
10-23 09:31:55.019 27765 27765 D SlowLocationPollerAlarmWakeup: Received Alarm1
10-23 09:31:55.022 27765 27765 D SlowLocationPollerBase: Wokeup 4978early/late
10-23 09:31:55.023 27765 27765 D LocationHandler: requestingLocationUpdates for listener uk.me.ponies.wearroutes.locationHandling.SlowLocationPollerAlarmWakeup@ed01d88
10-23 09:31:55.046 27765 27765 D SlowLocationPollerAlarmWakeup: UNRegistering the receiver because the alarm has triggered:uk.me.ponies.wearroutes.locationHandling.SlowLocationPollerAlarmWakeup$AlarmRecieverInner@9c929b1
10-23 09:31:56.349 27765 27765 D MainWearActivity: before onExitAmbient current isAmbient state is false
10-23 09:31:56.350 27765 27765 D LocationHandler: removingLocationUpdates for listener uk.me.ponies.wearroutes.locationHandling.LocationHandler@8fddd2c
10-23 09:31:56.350 27765 27765 D LocationHandler: requestingLocationUpdates for listener uk.me.ponies.wearroutes.locationHandling.LocationHandler@8fddd2c
10-23 09:31:56.365 27765 27765 D SlowLocationPollerBase: SlowLocationPollerBase stopped
10-23 09:31:56.365 27765 27765 D LocationHandler: removingLocationUpdates for listener uk.me.ponies.wearroutes.locationHandling.SlowLocationPollerAlarmWakeup@ed01d88
10-23 09:31:56.368 27765 27765 D MapSwipeToZoomFrag: Fragment:Map #00 onExitAmbient
10-23 09:31:56.368 27765 27765 D MainWearActivity: after onExitAmbient current isAmbient state is false
10-23 09:31:56.369 27765 27765 D MainWearActivity: Posting a invalidate event to force full color mode to workaround gridViewPager half colour mode issue:
10-23 09:31:57.610 27765 27765 D LocationHandler: Good location received Location[fused 53.554146,-2.331191 acc=11 et=+17d3h45m42s948ms alt=142.0 vel=0.0]
10-23 09:31:57.610 27765 27765 D LocationAugmentor: Need to simulate a bearing
10-23 09:31:57.611 27765 27765 D BearingSectorizer: clamped to :240.0 from:244.86224
10-23 09:31:57.611 27765 27765 D BearingSectorizer: returning changed: 240.0
10-23 09:31:57.613 27765 27765 D MapSwipeToZoomFrag: Location changed: Dot is INSIDE of middle pixels:pos:Point(192, 147)middle: Rect(53, 64 - 267, 267)
10-23 09:31:57.614 27765 27765 D MapSwipeToZoomFrag: EventBusLocationSourceForMap sending location to listener com.google.android.gms.maps.GoogleMap$12$1@1c36cd3
10-23 09:31:57.624 27765 27765 D MainGridPagerAdapter: GridPagerAdapter: startUpdate Called id:2131951748 took 0ms
10-23 09:31:57.624 27765 27765 D MainGridPagerAdapter: GridPagerAdapter: finishUpdate Called id:2131951748 took 0ms
10-23 09:31:58.843 27765 27765 D MainWearActivity: before onEnterAmbient current isAmbient state is true
10-23 09:31:58.844 27765 27765 D SlowLocationPollerAlarmWakeup: Registering the alarm receiver:uk.me.ponies.wearroutes.locationHandling.SlowLocationPollerAlarmWakeup$AlarmRecieverInner@9c929b1
10-23 09:31:58.848 27765 27765 D SlowLocationPollerAlarmWakeup: Scheduling an alarm for 11156 ms in the future aka Sun Oct 23 09:32:10 GMT+01:00 2016
10-23 09:31:58.849 27765 27765 D LocationHandler: removingLocationUpdates for listener uk.me.ponies.wearroutes.locationHandling.LocationHandler@8fddd2c
10-23 09:31:58.849 27765 27765 D MapSwipeToZoomFrag: Fragment:Map #00 onEnterAmbient
10-23 09:31:58.850 27765 27765 D MainWearActivity: after onEnterAmbient current isAmbient state is true
10-23 09:32:00.012 27765 27765 D MainWearActivity: onUpdateAmbient Called
10-23 09:32:02.122 27765 27765 D MainWearActivity: before onExitAmbient current isAmbient state is false
10-23 09:32:02.123 27765 27765 D LocationHandler: removingLocationUpdates for listener uk.me.ponies.wearroutes.locationHandling.LocationHandler@8fddd2c
10-23 09:32:02.123 27765 27765 D LocationHandler: requestingLocationUpdates for listener uk.me.ponies.wearroutes.locationHandling.LocationHandler@8fddd2c
10-23 09:32:02.153 27765 27765 D SlowLocationPollerAlarmWakeup: UNRegistering the receiver because we're cancelling the alarm (probably stop):uk.me.ponies.wearroutes.locationHandling.SlowLocationPollerAlarmWakeup$AlarmRecieverInner@9c929b1
10-23 09:32:02.154 27765 27765 D SlowLocationPollerBase: SlowLocationPollerBase stopped
10-23 09:32:02.154 27765 27765 D LocationHandler: removingLocationUpdates for listener uk.me.ponies.wearroutes.locationHandling.SlowLocationPollerAlarmWakeup@ed01d88
10-23 09:32:02.154 27765 27765 D MapSwipeToZoomFrag: Fragment:Map #00 onExitAmbient
10-23 09:32:02.155 27765 27765 D MainWearActivity: after onExitAmbient current isAmbient state is false
10-23 09:32:02.155 27765 27765 D MainWearActivity: Posting a invalidate event to force full color mode to workaround gridViewPager half colour mode issue:
10-23 09:32:03.600 27765 27765 D LocationHandler: Good location received Location[fused 53.554071,-2.331240 acc=4 et=+17d3h45m48s939ms alt=129.0 vel=0.0]
10-23 09:32:03.600 27765 27765 D LocationAugmentor: Need to simulate a bearing
10-23 09:32:03.601 27765 27765 D BearingSectorizer: clamped to :195.0 from:201.05365
10-23 09:32:03.601 27765 27765 D BearingSectorizer: returning changed: 195.0
10-23 09:32:03.602 27765 27765 D MapSwipeToZoomFrag: Location changed: Dot is INSIDE of middle pixels:pos:Point(190, 149)middle: Rect(53, 64 - 267, 267)
10-23 09:32:03.604 27765 27765 D MapSwipeToZoomFrag: EventBusLocationSourceForMap sending location to listener com.google.android.gms.maps.GoogleMap$12$1@1c36cd3
10-23 09:32:05.594 27765 27765 D MainWearActivity: before onEnterAmbient current isAmbient state is true
10-23 09:32:05.595 27765 27765 D SlowLocationPollerAlarmWakeup: Registering the alarm receiver:uk.me.ponies.wearroutes.locationHandling.SlowLocationPollerAlarmWakeup$AlarmRecieverInner@9c929b1
10-23 09:32:05.596 27765 27765 D SlowLocationPollerAlarmWakeup: Scheduling an alarm for 14405 ms in the future aka Sun Oct 23 09:32:20 GMT+01:00 2016
10-23 09:32:05.598 27765 27765 D LocationHandler: removingLocationUpdates for listener uk.me.ponies.wearroutes.locationHandling.LocationHandler@8fddd2c
10-23 09:32:05.598 27765 27765 D MapSwipeToZoomFrag: Fragment:Map #00 onEnterAmbient
10-23 09:32:05.598 27765 27765 D MainWearActivity: after onEnterAmbient current isAmbient state is true
10-23 09:32:13.087 27765 27765 D LocationHandler: Good location received Location[fused 53.554060,-2.331265 acc=5 et=+17d3h45m58s425ms alt=128.0 vel=0.16 bear=257.0]
10-23 09:32:13.111 27765 27765 D BearingSectorizer: clamped to :255.0 from:257.0
10-23 09:32:13.111 27765 27765 D BearingSectorizer: returning changed: 255.0
10-23 09:32:13.112 27765 27765 D MapSwipeToZoomFrag: Location changed: Dot is INSIDE of middle pixels:pos:Point(189, 150)middle: Rect(53, 64 - 267, 267)
10-23 09:32:13.117 27765 27765 D MapSwipeToZoomFrag: EventBusLocationSourceForMap sending location to listener com.google.android.gms.maps.GoogleMap$12$1@1c36cd3
10-23 09:32:13.126 27765 27765 D MainGridPagerAdapter: GridPagerAdapter: startUpdate Called id:2131951748 took 0ms
10-23 09:32:13.127 27765 27765 D MainGridPagerAdapter: GridPagerAdapter: finishUpdate Called id:2131951748 took 0ms
10-23 09:32:16.983 27765 27765 D LocationHandler: Good location received Location[fused 53.554050,-2.331330 acc=4 et=+17d3h46m2s320ms alt=128.0 vel=0.9 bear=246.0]
10-23 09:32:17.006 27765 27765 D BearingSectorizer: clamped to :240.0 from:246.0
10-23 09:32:17.006 27765 27765 D BearingSectorizer: returning changed: 240.0
10-23 09:32:17.007 27765 27765 D MapSwipeToZoomFrag: Location changed: Dot is INSIDE of middle pixels:pos:Point(187, 150)middle: Rect(53, 64 - 267, 267)
10-23 09:32:17.010 27765 27765 D MapSwipeToZoomFrag: EventBusLocationSourceForMap sending location to listener com.google.android.gms.maps.GoogleMap$12$1@1c36cd3
10-23 09:32:17.019 27765 27765 D MainGridPagerAdapter: GridPagerAdapter: startUpdate Called id:2131951748 took 0ms
10-23 09:32:17.020 27765 27765 D MainGridPagerAdapter: GridPagerAdapter: finishUpdate Called id:2131951748 took 0ms
10-23 09:32:20.976 27765 27765 D LocationHandler: Good location received Location[fused 53.554069,-2.331359 acc=5 et=+17d3h46m6s313ms alt=135.0 vel=1.37 bear=16.0]
10-23 09:32:20.998 27765 27765 D BearingSectorizer: clamped to :15.0 from:16.0
10-23 09:32:20.998 27765 27765 D BearingSectorizer: returning changed: 15.0
10-23 09:32:20.999 27765 27765 D MapSwipeToZoomFrag: Location changed: Dot is INSIDE of middle pixels:pos:Point(185, 149)middle: Rect(53, 64 - 267, 267)
10-23 09:32:21.001 27765 27765 D MapSwipeToZoomFrag: EventBusLocationSourceForMap sending location to listener com.google.android.gms.maps.GoogleMap$12$1@1c36cd3
10-23 09:32:21.017 27765 27765 D MainGridPagerAdapter: GridPagerAdapter: startUpdate Called id:2131951748 took 0ms
10-23 09:32:21.017 27765 27765 D MainGridPagerAdapter: GridPagerAdapter: finishUpdate Called id:2131951748 took 0ms
10-23 09:32:22.686 27765 27765 D SlowLocationPollerAlarmWakeup: Received Alarm1
10-23 09:32:22.689 27765 27765 D SlowLocationPollerBase: Wokeup -2689early/late
10-23 09:32:22.692 27765 27765 D LocationHandler: requestingLocationUpdates for listener uk.me.ponies.wearroutes.locationHandling.SlowLocationPollerAlarmWakeup@ed01d88
10-23 09:32:22.715 27765 27765 D SlowLocationPollerAlarmWakeup: UNRegistering the receiver because the alarm has triggered:uk.me.ponies.wearroutes.locationHandling.SlowLocationPollerAlarmWakeup$AlarmRecieverInner@9c929b1
10-23 09:32:22.954 27765 27765 D LocationHandler: Good location received Location[fused 53.554088,-2.331303 acc=5 et=+17d3h46m8s290ms alt=133.0 vel=2.56 bear=74.0]
10-23 09:32:22.978 27765 27765 D BearingSectorizer: clamped to :75.0 from:74.0
10-23 09:32:22.978 27765 27765 D BearingSectorizer: returning changed: 75.0
10-23 09:32:22.978 27765 27765 D MapSwipeToZoomFrag: Location changed: Dot is INSIDE of middle pixels:pos:Point(188, 149)middle: Rect(53, 64 - 267, 267)
10-23 09:32:22.981 27765 27765 D MapSwipeToZoomFrag: EventBusLocationSourceForMap sending location to listener com.google.android.gms.maps.GoogleMap$12$1@1c36cd3
10-23 09:32:22.997 27765 27765 D LocationHandler: removingLocationUpdates for listener uk.me.ponies.wearroutes.locationHandling.SlowLocationPollerAlarmWakeup@ed01d88
10-23 09:32:23.003 27765 27765 D SlowLocationPollerAlarmWakeup: Registering the alarm receiver:uk.me.ponies.wearroutes.locationHandling.SlowLocationPollerAlarmWakeup$AlarmRecieverInner@9c929b1
10-23 09:32:23.005 27765 27765 D SlowLocationPollerAlarmWakeup: Scheduling an alarm for 6997 ms in the future aka Sun Oct 23 09:32:30 GMT+01:00 2016
10-23 09:32:23.021 27765 27765 D MainGridPagerAdapter: GridPagerAdapter: startUpdate Called id:2131951748 took 0ms
10-23 09:32:23.022 27765 27765 D MainGridPagerAdapter: GridPagerAdapter: finishUpdate Called id:2131951748 took 0ms
10-23 09:32:23.527 27765 27765 D LocationHandler: Good location received Location[fused 53.554090,-2.331276 acc=4 et=+17d3h46m8s864ms alt=132.0 vel=0.93 bear=80.0]
10-23 09:32:23.549 27765 27765 D BearingSectorizer: clamped to :75.0 from:80.0
10-23 09:32:23.550 27765 27765 D MapSwipeToZoomFrag: Location changed: Dot is INSIDE of middle pixels:pos:Point(189, 149)middle: Rect(53, 64 - 267, 267)
10-23 09:32:23.552 27765 27765 D MapSwipeToZoomFrag: EventBusLocationSourceForMap sending location to listener com.google.android.gms.maps.GoogleMap$12$1@1c36cd3
10-23 09:32:23.568 27765 27765 D MainGridPagerAdapter: GridPagerAdapter: startUpdate Called id:2131951748 took 0ms
10-23 09:32:23.568 27765 27765 D MainGridPagerAdapter: GridPagerAdapter: finishUpdate Called id:2131951748 took 0ms
10-23 09:32:25.005 27765 27765 D SlowLocationPollerAlarmWakeup: Received Alarm1
10-23 09:32:25.008 27765 27765 D SlowLocationPollerBase: Wokeup 4992early/late
10-23 09:32:25.010 27765 27765 D LocationHandler: requestingLocationUpdates for listener uk.me.ponies.wearroutes.locationHandling.SlowLocationPollerAlarmWakeup@ed01d88
10-23 09:32:25.038 27765 27765 D SlowLocationPollerAlarmWakeup: UNRegistering the receiver because the alarm has triggered:uk.me.ponies.wearroutes.locationHandling.SlowLocationPollerAlarmWakeup$AlarmRecieverInner@9c929b1
10-23 09:32:25.593 27765 27765 D LocationHandler: Good location received Location[fused 53.554098,-2.331240 acc=5 et=+17d3h46m10s928ms alt=133.0 vel=1.14 bear=79.0]
10-23 09:32:25.621 27765 27765 D BearingSectorizer: clamped to :75.0 from:79.0
10-23 09:32:25.622 27765 27765 D MapSwipeToZoomFrag: Location changed: Dot is INSIDE of middle pixels:pos:Point(190, 148)middle: Rect(53, 64 - 267, 267)
10-23 09:32:25.625 27765 27765 D MapSwipeToZoomFrag: EventBusLocationSourceForMap sending location to listener com.google.android.gms.maps.GoogleMap$12$1@1c36cd3
10-23 09:32:25.636 27765 27765 D LocationHandler: removingLocationUpdates for listener uk.me.ponies.wearroutes.locationHandling.SlowLocationPollerAlarmWakeup@ed01d88
10-23 09:32:25.650 27765 27765 D SlowLocationPollerAlarmWakeup: Registering the alarm receiver:uk.me.ponies.wearroutes.locationHandling.SlowLocationPollerAlarmWakeup$AlarmRecieverInner@9c929b1
10-23 09:32:25.652 27765 27765 D SlowLocationPollerAlarmWakeup: Scheduling an alarm for 14350 ms in the future aka Sun Oct 23 09:32:40 GMT+01:00 2016
10-23 09:32:25.654 27765 27765 D MainGridPagerAdapter: GridPagerAdapter: startUpdate Called id:2131951748 took 0ms
10-23 09:32:25.654 27765 27765 D MainGridPagerAdapter: GridPagerAdapter: finishUpdate Called id:2131951748 took 0ms
10-23 09:32:25.660 27765 27765 D LocationHandler: Good location received Location[fused 53.554098,-2.331240 acc=5 et=+17d3h46m10s928ms alt=133.0 vel=1.14 bear=79.0]
10-23 09:32:25.661 27765 27765 D BearingSectorizer: clamped to :75.0 from:79.0
10-23 09:32:25.662 27765 27765 D MapSwipeToZoomFrag: Location changed: Dot is INSIDE of middle pixels:pos:Point(190, 148)middle: Rect(53, 64 - 267, 267)
10-23 09:32:25.664 27765 27765 D MapSwipeToZoomFrag: EventBusLocationSourceForMap sending location to listener com.google.android.gms.maps.GoogleMap$12$1@1c36cd3
10-23 09:32:30.959 27765 27765 D LocationHandler: Good location received Location[fused 53.554094,-2.331164 acc=5 et=+17d3h46m16s295ms alt=133.0 vel=0.91 bear=81.0]
10-23 09:32:30.980 27765 27765 D BearingSectorizer: clamped to :75.0 from:81.0
10-23 09:32:30.981 27765 27765 D MapSwipeToZoomFrag: Location changed: Dot is INSIDE of middle pixels:pos:Point(193, 148)middle: Rect(53, 64 - 267, 267)
10-23 09:32:30.984 27765 27765 D MapSwipeToZoomFrag: EventBusLocationSourceForMap sending location to listener com.google.android.gms.maps.GoogleMap$12$1@1c36cd3
10-23 09:32:30.998 27765 27765 D MainGridPagerAdapter: GridPagerAdapter: startUpdate Called id:2131951748 took 0ms
10-23 09:32:30.998 27765 27765 D MainGridPagerAdapter: GridPagerAdapter: finishUpdate Called id:2131951748 took 0ms
10-23 09:32:34.944 27765 27765 D LocationHandler: Good location received Location[fused 53.554113,-2.331155 acc=5 et=+17d3h46m20s281ms alt=133.0 vel=1.51 bear=314.0]
10-23 09:32:34.966 27765 27765 D BearingSectorizer: clamped to :315.0 from:314.0
10-23 09:32:34.966 27765 27765 D BearingSectorizer: returning changed: 315.0
10-23 09:32:34.969 27765 27765 D MapSwipeToZoomFrag: Location changed: Dot is INSIDE of middle pixels:pos:Point(193, 148)middle: Rect(53, 64 - 267, 267)
10-23 09:32:34.972 27765 27765 D MapSwipeToZoomFrag: EventBusLocationSourceForMap sending location to listener com.google.android.gms.maps.GoogleMap$12$1@1c36cd3
10-23 09:32:34.990 27765 27765 D MainGridPagerAdapter: GridPagerAdapter: startUpdate Called id:2131951748 took 0ms
10-23 09:32:34.991 27765 27765 D MainGridPagerAdapter: GridPagerAdapter: finishUpdate Called id:2131951748 took 0ms
10-23 09:32:35.004 27765 27765 D SlowLocationPollerAlarmWakeup: Received Alarm1
10-23 09:32:35.007 27765 27765 D SlowLocationPollerBase: Wokeup 4993early/late
10-23 09:32:35.016 27765 27765 D LocationHandler: requestingLocationUpdates for listener uk.me.ponies.wearroutes.locationHandling.SlowLocationPollerAlarmWakeup@ed01d88
10-23 09:32:35.033 27765 27765 D SlowLocationPollerAlarmWakeup: UNRegistering the receiver because the alarm has triggered:uk.me.ponies.wearroutes.locationHandling.SlowLocationPollerAlarmWakeup$AlarmRecieverInner@9c929b1
10-23 09:32:35.047 27765 27765 D LocationHandler: Good location received Location[fused 53.554113,-2.331155 acc=5 et=+17d3h46m20s281ms alt=133.0 vel=1.51 bear=314.0]
10-23 09:32:35.048 27765 27765 D BearingSectorizer: clamped to :315.0 from:314.0
10-23 09:32:35.049 27765 27765 D MapSwipeToZoomFrag: Location changed: Dot is INSIDE of middle pixels:pos:Point(193, 148)middle: Rect(53, 64 - 267, 267)
10-23 09:32:35.051 27765 27765 D MapSwipeToZoomFrag: EventBusLocationSourceForMap sending location to listener com.google.android.gms.maps.GoogleMap$12$1@1c36cd3
10-23 09:32:35.052 27765 27765 D LocationHandler: removingLocationUpdates for listener uk.me.ponies.wearroutes.locationHandling.SlowLocationPollerAlarmWakeup@ed01d88
10-23 09:32:35.054 27765 27765 D SlowLocationPollerAlarmWakeup: Registering the alarm receiver:uk.me.ponies.wearroutes.locationHandling.SlowLocationPollerAlarmWakeup$AlarmRecieverInner@9c929b1
10-23 09:32:35.056 27765 27765 D SlowLocationPollerAlarmWakeup: Scheduling an alarm for 14946 ms in the future aka Sun Oct 23 09:32:50 GMT+01:00 2016
10-23 09:32:37.935 27765 27765 D LocationHandler: Good location received Location[fused 53.554153,-2.331181 acc=6 et=+17d3h46m23s272ms alt=146.0 vel=0.58 bear=76.0]
10-23 09:32:37.956 27765 27765 D BearingSectorizer: clamped to :75.0 from:76.0
10-23 09:32:37.956 27765 27765 D BearingSectorizer: returning changed: 75.0
10-23 09:32:37.958 27765 27765 D MapSwipeToZoomFrag: Location changed: Dot is INSIDE of middle pixels:pos:Point(192, 147)middle: Rect(53, 64 - 267, 267)
10-23 09:32:37.960 27765 27765 D MapSwipeToZoomFrag: EventBusLocationSourceForMap sending location to listener com.google.android.gms.maps.GoogleMap$12$1@1c36cd3
10-23 09:32:37.977 27765 27765 D MainGridPagerAdapter: GridPagerAdapter: startUpdate Called id:2131951748 took 0ms
10-23 09:32:37.977 27765 27765 D MainGridPagerAdapter: GridPagerAdapter: finishUpdate Called id:2131951748 took 0ms
10-23 09:32:41.926 27765 27765 D LocationHandler: Good location received Location[fused 53.554190,-2.331159 acc=6 et=+17d3h46m27s262ms alt=145.0 vel=0.28 bear=76.0]
10-23 09:32:41.948 27765 27765 D BearingSectorizer: clamped to :75.0 from:76.0
10-23 09:32:41.949 27765 27765 D MapSwipeToZoomFrag: Location changed: Dot is INSIDE of middle pixels:pos:Point(193, 145)middle: Rect(53, 64 - 267, 267)
10-23 09:32:41.956 27765 27765 D MapSwipeToZoomFrag: EventBusLocationSourceForMap sending location to listener com.google.android.gms.maps.GoogleMap$12$1@1c36cd3
10-23 09:32:41.966 27765 27765 D MainGridPagerAdapter: GridPagerAdapter: startUpdate Called id:2131951748 took 0ms
10-23 09:32:41.966 27765 27765 D MainGridPagerAdapter: GridPagerAdapter: finishUpdate Called id:2131951748 took 0ms
10-23 09:32:45.005 27765 27765 D SlowLocationPollerAlarmWakeup: Received Alarm1
10-23 09:32:45.011 27765 27765 D SlowLocationPollerBase: Wokeup 4989early/late
10-23 09:32:45.013 27765 27765 D LocationHandler: requestingLocationUpdates for listener uk.me.ponies.wearroutes.locationHandling.SlowLocationPollerAlarmWakeup@ed01d88
10-23 09:32:45.047 27765 27765 D SlowLocationPollerAlarmWakeup: UNRegistering the receiver because the alarm has triggered:uk.me.ponies.wearroutes.locationHandling.SlowLocationPollerAlarmWakeup$AlarmRecieverInner@9c929b1
10-23 09:32:45.831 27765 27765 D LocationHandler: Good location received Location[fused 53.554180,-2.331122 acc=6 et=+17d3h46m31s167ms alt=142.0 vel=0.17 bear=77.0]
10-23 09:32:45.853 27765 27765 D BearingSectorizer: clamped to :75.0 from:77.0
10-23 09:32:45.854 27765 27765 D MapSwipeToZoomFrag: Location changed: Dot is INSIDE of middle pixels:pos:Point(194, 146)middle: Rect(53, 64 - 267, 267)
10-23 09:32:45.861 27765 27765 D MapSwipeToZoomFrag: EventBusLocationSourceForMap sending location to listener com.google.android.gms.maps.GoogleMap$12$1@1c36cd3
10-23 09:32:45.872 27765 27765 D LocationHandler: removingLocationUpdates for listener uk.me.ponies.wearroutes.locationHandling.SlowLocationPollerAlarmWakeup@ed01d88
10-23 09:32:45.884 27765 27765 D SlowLocationPollerAlarmWakeup: Registering the alarm receiver:uk.me.ponies.wearroutes.locationHandling.SlowLocationPollerAlarmWakeup$AlarmRecieverInner@9c929b1
10-23 09:32:45.886 27765 27765 D SlowLocationPollerAlarmWakeup: Scheduling an alarm for 14116 ms in the future aka Sun Oct 23 09:33:00 GMT+01:00 2016
10-23 09:32:45.889 27765 27765 D MainGridPagerAdapter: GridPagerAdapter: startUpdate Called id:2131951748 took 0ms
10-23 09:32:45.889 27765 27765 D MainGridPagerAdapter: GridPagerAdapter: finishUpdate Called id:2131951748 took 0ms
10-23 09:32:45.894 27765 27765 D LocationHandler: Good location received Location[fused 53.554180,-2.331122 acc=6 et=+17d3h46m31s167ms alt=142.0 vel=0.17 bear=77.0]
10-23 09:32:45.895 27765 27765 D BearingSectorizer: clamped to :75.0 from:77.0
10-23 09:32:45.907 27765 27765 D MapSwipeToZoomFrag: Location changed: Dot is INSIDE of middle pixels:pos:Point(194, 146)middle: Rect(53, 64 - 267, 267)
10-23 09:32:45.913 27765 27765 D MapSwipeToZoomFrag: EventBusLocationSourceForMap sending location to listener com.google.android.gms.maps.GoogleMap$12$1@1c36cd3
10-23 09:32:49.916 27765 27765 D LocationHandler: Good location received Location[fused 53.554152,-2.331105 acc=5 et=+17d3h46m35s253ms alt=140.0 vel=0.2 bear=77.0]
10-23 09:32:49.938 27765 27765 D BearingSectorizer: clamped to :75.0 from:77.0
10-23 09:32:49.940 27765 27765 D MapSwipeToZoomFrag: Location changed: Dot is INSIDE of middle pixels:pos:Point(195, 147)middle: Rect(53, 64 - 267, 267)
10-23 09:32:49.951 27765 27765 D MapSwipeToZoomFrag: EventBusLocationSourceForMap sending location to listener com.google.android.gms.maps.GoogleMap$12$1@1c36cd3
10-23 09:32:49.952 27765 27765 D MainGridPagerAdapter: GridPagerAdapter: startUpdate Called id:2131951748 took 0ms
10-23 09:32:49.953 27765 27765 D MainGridPagerAdapter: GridPagerAdapter: finishUpdate Called id:2131951748 took 0ms
10-23 09:32:53.895 27765 27765 D LocationHandler: Good location received Location[fused 53.554118,-2.331099 acc=4 et=+17d3h46m39s232ms alt=139.0 vel=0.57 bear=163.0]
10-23 09:32:53.916 27765 27765 D BearingSectorizer: clamped to :165.0 from:163.0
10-23 09:32:53.916 27765 27765 D BearingSectorizer: returning changed: 165.0
10-23 09:32:53.918 27765 27765 D MapSwipeToZoomFrag: Location changed: Dot is INSIDE of middle pixels:pos:Point(195, 148)middle: Rect(53, 64 - 267, 267)
10-23 09:32:53.920 27765 27765 D MapSwipeToZoomFrag: EventBusLocationSourceForMap sending location to listener com.google.android.gms.maps.GoogleMap$12$1@1c36cd3
10-23 09:32:53.937 27765 27765 D MainGridPagerAdapter: GridPagerAdapter: startUpdate Called id:2131951748 took 0ms
10-23 09:32:53.937 27765 27765 D MainGridPagerAdapter: GridPagerAdapter: finishUpdate Called id:2131951748 took 0ms
