--------- beginning of crash
09-30 08:11:10.265  5738  5738 E AndroidRuntime: FATAL EXCEPTION: main
09-30 08:11:10.265  5738  5738 E AndroidRuntime: Process: uk.me.ponies.wearroutes, PID: 5738
09-30 08:11:10.265  5738  5738 E AndroidRuntime: java.lang.RuntimeException: Unable to start activity ComponentInfo{uk.me.ponies.wearroutes/uk.me.ponies.wearroutes.MainWearActivity}: org.greenrobot.eventbus.EventBusException: Default instance already exists. It may be only set once before it's used the first time to ensure consistent behavior.
09-30 08:11:10.265  5738  5738 E AndroidRuntime: 	at android.app.ActivityThread.performLaunchActivity(ActivityThread.java:2416)
09-30 08:11:10.265  5738  5738 E AndroidRuntime: 	at android.app.ActivityThread.handleLaunchActivity(ActivityThread.java:2476)
09-30 08:11:10.265  5738  5738 E AndroidRuntime: 	at android.app.ActivityThread.-wrap11(ActivityThread.java)
09-30 08:11:10.265  5738  5738 E AndroidRuntime: 	at android.app.ActivityThread$H.handleMessage(ActivityThread.java:1344)
09-30 08:11:10.265  5738  5738 E AndroidRuntime: 	at android.os.Handler.dispatchMessage(Handler.java:102)
09-30 08:11:10.265  5738  5738 E AndroidRuntime: 	at android.os.Looper.loop(Looper.java:148)
09-30 08:11:10.265  5738  5738 E AndroidRuntime: 	at android.app.ActivityThread.main(ActivityThread.java:5422)
09-30 08:11:10.265  5738  5738 E AndroidRuntime: 	at java.lang.reflect.Method.invoke(Native Method)
09-30 08:11:10.265  5738  5738 E AndroidRuntime: 	at com.android.internal.os.ZygoteInit$MethodAndArgsCaller.run(ZygoteInit.java:726)
09-30 08:11:10.265  5738  5738 E AndroidRuntime: 	at com.android.internal.os.ZygoteInit.main(ZygoteInit.java:616)
09-30 08:11:10.265  5738  5738 E AndroidRuntime: Caused by: org.greenrobot.eventbus.EventBusException: Default instance already exists. It may be only set once before it's used the first time to ensure consistent behavior.
09-30 08:11:10.265  5738  5738 E AndroidRuntime: 	at org.greenrobot.eventbus.EventBusBuilder.installDefaultEventBus(EventBusBuilder.java:149)
09-30 08:11:10.265  5738  5738 E AndroidRuntime: 	at uk.me.ponies.wearroutes.MainWearActivity.onCreate(MainWearActivity.java:173)
09-30 08:11:10.265  5738  5738 E AndroidRuntime: 	at android.app.Activity.performCreate(Activity.java:6251)
09-30 08:11:10.265  5738  5738 E AndroidRuntime: 	at android.app.Instrumentation.callActivityOnCreate(Instrumentation.java:1107)
09-30 08:11:10.265  5738  5738 E AndroidRuntime: 	at android.app.ActivityThread.performLaunchActivity(ActivityThread.java:2369)
09-30 08:11:10.265  5738  5738 E AndroidRuntime: 	... 9 more
10-02 10:06:47.115 16750 16750 E AndroidRuntime: FATAL EXCEPTION: main
10-02 10:06:47.115 16750 16750 E AndroidRuntime: Process: uk.me.ponies.wearroutes, PID: 16750
10-02 10:06:47.115 16750 16750 E AndroidRuntime: java.lang.RuntimeException: Unable to start activity ComponentInfo{uk.me.ponies.wearroutes/uk.me.ponies.wearroutes.MainWearActivity}: org.greenrobot.eventbus.EventBusException: Default instance already exists. It may be only set once before it's used the first time to ensure consistent behavior.
10-02 10:06:47.115 16750 16750 E AndroidRuntime: 	at android.app.ActivityThread.performLaunchActivity(ActivityThread.java:2416)
10-02 10:06:47.115 16750 16750 E AndroidRuntime: 	at android.app.ActivityThread.handleLaunchActivity(ActivityThread.java:2476)
10-02 10:06:47.115 16750 16750 E AndroidRuntime: 	at android.app.ActivityThread.-wrap11(ActivityThread.java)
10-02 10:06:47.115 16750 16750 E AndroidRuntime: 	at android.app.ActivityThread$H.handleMessage(ActivityThread.java:1344)
10-02 10:06:47.115 16750 16750 E AndroidRuntime: 	at android.os.Handler.dispatchMessage(Handler.java:102)
10-02 10:06:47.115 16750 16750 E AndroidRuntime: 	at android.os.Looper.loop(Looper.java:148)
10-02 10:06:47.115 16750 16750 E AndroidRuntime: 	at android.app.ActivityThread.main(ActivityThread.java:5422)
10-02 10:06:47.115 16750 16750 E AndroidRuntime: 	at java.lang.reflect.Method.invoke(Native Method)
10-02 10:06:47.115 16750 16750 E AndroidRuntime: 	at com.android.internal.os.ZygoteInit$MethodAndArgsCaller.run(ZygoteInit.java:726)
10-02 10:06:47.115 16750 16750 E AndroidRuntime: 	at com.android.internal.os.ZygoteInit.main(ZygoteInit.java:616)
10-02 10:06:47.115 16750 16750 E AndroidRuntime: Caused by: org.greenrobot.eventbus.EventBusException: Default instance already exists. It may be only set once before it's used the first time to ensure consistent behavior.
10-02 10:06:47.115 16750 16750 E AndroidRuntime: 	at org.greenrobot.eventbus.EventBusBuilder.installDefaultEventBus(EventBusBuilder.java:149)
10-02 10:06:47.115 16750 16750 E AndroidRuntime: 	at uk.me.ponies.wearroutes.MainWearActivity.onCreate(MainWearActivity.java:173)
10-02 10:06:47.115 16750 16750 E AndroidRuntime: 	at android.app.Activity.performCreate(Activity.java:6251)
10-02 10:06:47.115 16750 16750 E AndroidRuntime: 	at android.app.Instrumentation.callActivityOnCreate(Instrumentation.java:1107)
10-02 10:06:47.115 16750 16750 E AndroidRuntime: 	at android.app.ActivityThread.performLaunchActivity(ActivityThread.java:2369)
10-02 10:06:47.115 16750 16750 E AndroidRuntime: 	... 9 more
--------- beginning of system
10-02 11:11:07.756 18575 18575 W ViewRootImpl: Dropping event due to no window focus: MotionEvent { action=ACTION_DOWN, actionButton=0, id[0]=0, x[0]=81.74455, y[0]=194.39253, toolType[0]=TOOL_TYPE_FINGER, buttonState=0, metaState=0, flags=0x2, edgeFlags=0x0, pointerCount=1, historySize=0, eventTime=141236361, downTime=141236361, deviceId=3, source=0x1002 }
10-02 11:11:07.780 18575 18575 W ViewRootImpl: Dropping event due to no window focus: MotionEvent { action=ACTION_MOVE, actionButton=0, id[0]=0, x[0]=82.96511, y[0]=195.0028, toolType[0]=TOOL_TYPE_FINGER, buttonState=0, metaState=0, flags=0x2, edgeFlags=0x0, pointerCount=1, historySize=1, eventTime=141236378, downTime=141236361, deviceId=3, source=0x1002 }
10-02 11:11:07.800 18575 18575 W ViewRootImpl: Dropping event due to no window focus: MotionEvent { action=ACTION_MOVE, actionButton=0, id[0]=0, x[0]=85.913574, y[0]=196.56778, toolType[0]=TOOL_TYPE_FINGER, buttonState=0, metaState=0, flags=0x2, edgeFlags=0x0, pointerCount=1, historySize=2, eventTime=141236394, downTime=141236361, deviceId=3, source=0x1002 }
10-02 11:11:07.811 18575 18575 W ViewRootImpl: Dropping event due to no window focus: MotionEvent { action=ACTION_MOVE, actionButton=0, id[0]=0, x[0]=87.47571, y[0]=197.38318, toolType[0]=TOOL_TYPE_FINGER, buttonState=0, metaState=0, flags=0x2, edgeFlags=0x0, pointerCount=1, historySize=1, eventTime=141236411, downTime=141236361, deviceId=3, source=0x1002 }
10-02 11:11:07.834 18575 18575 W ViewRootImpl: Dropping event due to no window focus: MotionEvent { action=ACTION_MOVE, actionButton=0, id[0]=0, x[0]=87.72586, y[0]=197.38318, toolType[0]=TOOL_TYPE_FINGER, buttonState=0, metaState=0, flags=0x2, edgeFlags=0x0, pointerCount=1, historySize=0, eventTime=141236413, downTime=141236361, deviceId=3, source=0x1002 }
10-02 11:11:07.834 18575 18575 W ViewRootImpl: Cancelling event due to no window focus: MotionEvent { action=ACTION_CANCEL, actionButton=0, id[0]=0, x[0]=87.72586, y[0]=197.38318, toolType[0]=TOOL_TYPE_FINGER, buttonState=0, metaState=0, flags=0x2, edgeFlags=0x0, pointerCount=1, historySize=0, eventTime=141236423, downTime=141236361, deviceId=3, source=0x1002 }
10-02 11:11:07.835 18575 18575 W ViewRootImpl: Cancelling event due to no window focus: MotionEvent { action=ACTION_CANCEL, actionButton=0, id[0]=0, x[0]=87.72586, y[0]=197.38318, toolType[0]=TOOL_TYPE_FINGER, buttonState=0, metaState=0, flags=0x2, edgeFlags=0x0, pointerCount=1, historySize=0, eventTime=141236423, downTime=141236361, deviceId=3, source=0x1002 }
10-02 11:11:07.835 18575 18575 W ViewRootImpl: Cancelling event due to no window focus: MotionEvent { action=ACTION_CANCEL, actionButton=0, id[0]=0, x[0]=87.72586, y[0]=197.38318, toolType[0]=TOOL_TYPE_FINGER, buttonState=0, metaState=0, flags=0x2, edgeFlags=0x0, pointerCount=1, historySize=0, eventTime=141236423, downTime=141236361, deviceId=3, source=0x1002 }
10-02 11:11:07.835 18575 18575 W ViewRootImpl: Cancelling event due to no window focus: MotionEvent { action=ACTION_CANCEL, actionButton=0, id[0]=0, x[0]=87.72586, y[0]=197.38318, toolType[0]=TOOL_TYPE_FINGER, buttonState=0, metaState=0, flags=0x2, edgeFlags=0x0, pointerCount=1, historySize=0, eventTime=141236423, downTime=141236361, deviceId=3, source=0x1002 }
10-02 11:34:16.045 18575 18575 W ViewRootImpl: Dropping event due to no window focus: MotionEvent { action=ACTION_MOVE, actionButton=0, id[0]=0, x[0]=59.813087, y[0]=41.86916, toolType[0]=TOOL_TYPE_FINGER, buttonState=0, metaState=0, flags=0x2, edgeFlags=0x0, pointerCount=1, historySize=2, eventTime=142606851, downTime=142606696, deviceId=3, source=0x1002 }
10-02 11:34:16.048 18575 18575 W ViewRootImpl: Cancelling event due to no window focus: MotionEvent { action=ACTION_CANCEL, actionButton=0, id[0]=0, x[0]=59.813087, y[0]=41.86916, toolType[0]=TOOL_TYPE_FINGER, buttonState=0, metaState=0, flags=0x2, edgeFlags=0x0, pointerCount=1, historySize=0, eventTime=142606854, downTime=142606696, deviceId=3, source=0x1002 }
10-02 11:34:16.048 18575 18575 W ViewRootImpl: Cancelling event due to no window focus: MotionEvent { action=ACTION_CANCEL, actionButton=0, id[0]=0, x[0]=59.813087, y[0]=41.86916, toolType[0]=TOOL_TYPE_FINGER, buttonState=0, metaState=0, flags=0x2, edgeFlags=0x0, pointerCount=1, historySize=0, eventTime=142606854, downTime=142606696, deviceId=3, source=0x1002 }
10-02 11:34:16.048 18575 18575 W ViewRootImpl: Cancelling event due to no window focus: MotionEvent { action=ACTION_CANCEL, actionButton=0, id[0]=0, x[0]=59.813087, y[0]=41.86916, toolType[0]=TOOL_TYPE_FINGER, buttonState=0, metaState=0, flags=0x2, edgeFlags=0x0, pointerCount=1, historySize=0, eventTime=142606854, downTime=142606696, deviceId=3, source=0x1002 }
--------- beginning of main
10-02 11:44:49.562 18575 18575 I chatty  : uid=10055(uk.me.ponies.wearroutes) expire 116 lines
10-02 11:45:23.973 18575 18575 I chatty  : uid=10055(uk.me.ponies.wearroutes) expire 32 lines
10-02 11:45:35.008 18575 18575 I chatty  : uid=10055(uk.me.ponies.wearroutes) expire 229 lines
10-02 11:46:43.970 18575 18575 I chatty  : uid=10055(uk.me.ponies.wearroutes) expire 185 lines
10-02 11:47:39.651 18575 18575 I chatty  : uid=10055(uk.me.ponies.wearroutes) expire 121 lines
10-02 11:48:10.739 18575 18575 I chatty  : uid=10055(uk.me.ponies.wearroutes) expire 95 lines
10-02 11:48:26.610 18575 18585 I chatty  : uid=10055(uk.me.ponies.wearroutes) HeapTaskDaemon expire 10 lines
10-02 11:48:35.005 18575 18575 I chatty  : uid=10055(uk.me.ponies.wearroutes) expire 169 lines
10-02 11:49:15.009 18575 18575 I chatty  : uid=10055(uk.me.ponies.wearroutes) expire 92 lines
10-02 11:49:45.772 18575 18575 I chatty  : uid=10055(uk.me.ponies.wearroutes) expire 91 lines
10-02 11:50:06.005 18575 18575 I chatty  : uid=10055(uk.me.ponies.wearroutes) expire 82 lines
10-02 11:50:28.795 18575 18575 I chatty  : uid=10055(uk.me.ponies.wearroutes) expire 173 lines
10-02 11:51:10.603 18575 18575 I chatty  : uid=10055(uk.me.ponies.wearroutes) expire 75 lines
10-02 11:51:30.751 18575 18575 I chatty  : uid=10055(uk.me.ponies.wearroutes) expire 155 lines
10-02 11:52:15.432 18575 18575 I chatty  : uid=10055(uk.me.ponies.wearroutes) expire 79 lines
10-02 11:52:40.106 18575 18575 I chatty  : uid=10055(uk.me.ponies.wearroutes) expire 182 lines
10-02 11:52:56.084 18575 18585 I chatty  : uid=10055(uk.me.ponies.wearroutes) HeapTaskDaemon expire 10 lines
10-02 11:53:36.625 18575 18575 I chatty  : uid=10055(uk.me.ponies.wearroutes) expire 214 lines
10-02 11:54:45.478 18575 18575 I chatty  : uid=10055(uk.me.ponies.wearroutes) expire 204 lines
10-02 11:55:38.924 18575 18575 I chatty  : uid=10055(uk.me.ponies.wearroutes) expire 196 lines
10-02 11:56:26.789 18575 18585 I chatty  : uid=10055(uk.me.ponies.wearroutes) HeapTaskDaemon expire 4 lines
10-02 11:56:36.829 18575 18575 I chatty  : uid=10055(uk.me.ponies.wearroutes) expire 120 lines
10-02 11:57:01.812 18575 18575 I chatty  : uid=10055(uk.me.ponies.wearroutes) expire 90 lines
10-02 11:57:23.207 18575 18575 I chatty  : uid=10055(uk.me.ponies.wearroutes) expire 39 lines
10-02 11:57:35.005 18575 18575 I chatty  : uid=10055(uk.me.ponies.wearroutes) expire 101 lines
10-02 11:57:49.684 18575 18597 I chatty  : uid=10055(uk.me.ponies.wearroutes) VolleyNetworkDi expire 1 line
10-02 11:58:00.925 18575 18575 I chatty  : uid=10055(uk.me.ponies.wearroutes) expire 81 lines
10-02 11:58:03.903 18575 18585 I chatty  : uid=10055(uk.me.ponies.wearroutes) HeapTaskDaemon expire 1 line
10-02 11:58:19.512 18575 18575 I chatty  : uid=10055(uk.me.ponies.wearroutes) expire 29 lines
10-02 11:58:25.830 18575 18585 I chatty  : uid=10055(uk.me.ponies.wearroutes) HeapTaskDaemon expire 1 line
10-02 11:58:29.988 18575 18575 I chatty  : uid=10055(uk.me.ponies.wearroutes) expire 33 lines
10-02 11:58:40.808 18575 18575 I chatty  : uid=10055(uk.me.ponies.wearroutes) expire 44 lines
10-02 11:58:50.273 18575 18585 I chatty  : uid=10055(uk.me.ponies.wearroutes) HeapTaskDaemon expire 1 line
10-02 11:58:50.285 18575 18575 I chatty  : uid=10055(uk.me.ponies.wearroutes) expire 57 lines
10-02 11:59:04.040 18575 18575 I chatty  : uid=10055(uk.me.ponies.wearroutes) expire 46 lines
10-02 11:59:15.134 18575 18575 I chatty  : uid=10055(uk.me.ponies.wearroutes) expire 57 lines
10-02 11:59:20.245 18575 18585 I chatty  : uid=10055(uk.me.ponies.wearroutes) HeapTaskDaemon expire 1 line
10-02 11:59:34.104 18575 18575 I chatty  : uid=10055(uk.me.ponies.wearroutes) expire 34 lines
10-02 11:59:45.710 18575 18575 I chatty  : uid=10055(uk.me.ponies.wearroutes) expire 37 lines
10-02 11:59:46.026 18575 18585 I chatty  : uid=10055(uk.me.ponies.wearroutes) HeapTaskDaemon expire 1 line
10-02 11:59:55.812 18575 18575 I chatty  : uid=10055(uk.me.ponies.wearroutes) expire 66 lines
10-02 12:00:05.902 18575 18575 I chatty  : uid=10055(uk.me.ponies.wearroutes) expire 60 lines
10-02 12:00:12.085 18575 18585 I chatty  : uid=10055(uk.me.ponies.wearroutes) HeapTaskDaemon expire 1 line
10-02 12:00:26.186 18575 18575 I chatty  : uid=10055(uk.me.ponies.wearroutes) expire 34 lines
10-02 12:00:39.937 18575 18575 I chatty  : uid=10055(uk.me.ponies.wearroutes) expire 20 lines
10-02 12:00:53.907 18575 18575 I chatty  : uid=10055(uk.me.ponies.wearroutes) expire 40 lines
10-02 12:01:05.377 18575 18575 I chatty  : uid=10055(uk.me.ponies.wearroutes) expire 29 lines
10-02 12:01:18.008 18575 18575 I chatty  : uid=10055(uk.me.ponies.wearroutes) expire 10 lines
10-02 12:02:08.025 18575 18575 I chatty  : uid=10055(uk.me.ponies.wearroutes) expire 17 lines
10-02 12:02:18.972 18575 18575 I chatty  : uid=10055(uk.me.ponies.wearroutes) expire 10 lines
10-02 12:03:00.192 18575 18575 I chatty  : uid=10055(uk.me.ponies.wearroutes) expire 13 lines
10-02 12:03:10.810 18575 18575 I chatty  : uid=10055(uk.me.ponies.wearroutes) expire 10 lines
10-02 12:03:49.212 18575 18575 I chatty  : uid=10055(uk.me.ponies.wearroutes) expire 19 lines
10-02 12:04:01.194 18575 18575 I chatty  : uid=10055(uk.me.ponies.wearroutes) expire 10 lines
10-02 12:04:50.904 18575 18575 I chatty  : uid=10055(uk.me.ponies.wearroutes) expire 16 lines
10-02 12:05:06.890 18575 18575 I chatty  : uid=10055(uk.me.ponies.wearroutes) expire 10 lines
10-02 12:05:45.138 18575 18575 I chatty  : uid=10055(uk.me.ponies.wearroutes) expire 15 lines
10-02 12:06:02.938 18575 18575 I chatty  : uid=10055(uk.me.ponies.wearroutes) expire 10 lines
10-02 12:06:44.844 18575 18575 I chatty  : uid=10055(uk.me.ponies.wearroutes) expire 10 lines
10-02 12:07:00.194 18575 18575 I chatty  : uid=10055(uk.me.ponies.wearroutes) expire 13 lines
10-02 12:07:15.311 18575 18575 I chatty  : uid=10055(uk.me.ponies.wearroutes) expire 10 lines
10-02 12:08:00.194 18575 18575 I chatty  : uid=10055(uk.me.ponies.wearroutes) expire 15 lines
10-02 12:08:11.132 18575 18575 I chatty  : uid=10055(uk.me.ponies.wearroutes) expire 10 lines
10-02 12:08:50.848 18575 18575 I chatty  : uid=10055(uk.me.ponies.wearroutes) expire 18 lines
10-02 12:09:00.989 18575 18575 I chatty  : uid=10055(uk.me.ponies.wearroutes) expire 10 lines
10-02 12:09:44.928 18575 18575 I chatty  : uid=10055(uk.me.ponies.wearroutes) expire 21 lines
10-02 12:10:03.377 18575 18575 I chatty  : uid=10055(uk.me.ponies.wearroutes) expire 10 lines
10-02 12:10:48.412 18575 18575 I chatty  : uid=10055(uk.me.ponies.wearroutes) expire 12 lines
10-02 12:11:08.624 18575 18575 I chatty  : uid=10055(uk.me.ponies.wearroutes) expire 14 lines
10-02 12:11:23.328 18575 18575 I chatty  : uid=10055(uk.me.ponies.wearroutes) expire 10 lines
10-02 12:11:56.745 18575 18575 I chatty  : uid=10055(uk.me.ponies.wearroutes) expire 20 lines
10-02 12:12:09.709 18575 18575 I chatty  : uid=10055(uk.me.ponies.wearroutes) expire 10 lines
10-02 12:12:47.608 18575 18575 I chatty  : uid=10055(uk.me.ponies.wearroutes) expire 20 lines
10-02 12:13:03.571 18575 18575 I chatty  : uid=10055(uk.me.ponies.wearroutes) expire 10 lines
10-02 12:13:41.488 18575 18575 I chatty  : uid=10055(uk.me.ponies.wearroutes) expire 21 lines
10-02 12:14:00.237 18575 18575 I chatty  : uid=10055(uk.me.ponies.wearroutes) expire 10 lines
10-02 12:14:23.283 18575 18575 I chatty  : uid=10055(uk.me.ponies.wearroutes) expire 19 lines
10-02 12:14:50.409 18575 18585 I chatty  : uid=10055(uk.me.ponies.wearroutes) HeapTaskDaemon expire 1 line
10-02 12:14:51.450 18575 18575 I chatty  : uid=10055(uk.me.ponies.wearroutes) expire 66 lines
10-02 12:15:05.010 18575 18575 I chatty  : uid=10055(uk.me.ponies.wearroutes) expire 66 lines
10-02 12:15:16.197 18575 18575 I chatty  : uid=10055(uk.me.ponies.wearroutes) expire 37 lines
10-02 12:15:27.439 18575 18575 I chatty  : uid=10055(uk.me.ponies.wearroutes) expire 23 lines
10-02 12:15:37.531 18575 18575 I chatty  : uid=10055(uk.me.ponies.wearroutes) expire 47 lines
10-02 12:15:48.126 18575 18575 I chatty  : uid=10055(uk.me.ponies.wearroutes) expire 36 lines
10-02 12:15:59.226 18575 18575 I chatty  : uid=10055(uk.me.ponies.wearroutes) expire 56 lines
10-02 12:16:10.611 18575 18575 I chatty  : uid=10055(uk.me.ponies.wearroutes) expire 15 lines
10-02 12:16:23.541 18575 18575 I chatty  : uid=10055(uk.me.ponies.wearroutes) expire 31 lines
10-02 12:16:35.653 18575 18575 I chatty  : uid=10055(uk.me.ponies.wearroutes) expire 25 lines
10-02 12:16:45.697 18575 18575 I chatty  : uid=10055(uk.me.ponies.wearroutes) expire 27 lines
10-02 12:16:55.752 18575 18575 I chatty  : uid=10055(uk.me.ponies.wearroutes) expire 52 lines
10-02 12:17:06.791 18575 18575 I chatty  : uid=10055(uk.me.ponies.wearroutes) expire 45 lines
10-02 12:17:19.929 18575 18575 I chatty  : uid=10055(uk.me.ponies.wearroutes) expire 32 lines
10-02 12:17:35.011 18575 18575 I chatty  : uid=10055(uk.me.ponies.wearroutes) expire 30 lines
10-02 12:17:45.644 18575 18575 I chatty  : uid=10055(uk.me.ponies.wearroutes) expire 20 lines
10-02 12:17:56.125 18575 18575 I chatty  : uid=10055(uk.me.ponies.wearroutes) expire 54 lines
10-02 12:18:06.069 18575 18575 D SlowLocationPollerAlarmWakeup: Scheduling an alarm for 13933 ms in the future aka Sun Oct 02 12:18:20 GMT+01:00 2016
10-02 12:18:10.166 18575 18575 D LocationHandler: Good location received Location[fused 53.352333,-1.728198 acc=8 et=+3d14h59m25s791ms alt=275.0 vel=1.81 bear=176.0]
10-02 12:18:10.189 18575 18575 W MapSwipeToZoomFrag: java.lang.Exception: Object map is unexpectedly null
10-02 12:18:10.189 18575 18575 W MapSwipeToZoomFrag: 	at uk.me.ponies.wearroutes.utils.IsNullAndLog.logNull(IsNullAndLog.java:18)
10-02 12:18:10.189 18575 18575 W MapSwipeToZoomFrag: 	at uk.me.ponies.wearroutes.MapSwipeToZoomFragment.onLocationEvent(MapSwipeToZoomFragment.java:740)
10-02 12:18:10.189 18575 18575 W MapSwipeToZoomFrag: 	at java.lang.reflect.Method.invoke(Native Method)
10-02 12:18:10.189 18575 18575 W MapSwipeToZoomFrag: 	at org.greenrobot.eventbus.EventBus.invokeSubscriber(EventBus.java:485)
10-02 12:18:10.189 18575 18575 W MapSwipeToZoomFrag: 	at org.greenrobot.eventbus.EventBus.postToSubscription(EventBus.java:416)
10-02 12:18:10.189 18575 18575 W MapSwipeToZoomFrag: 	at org.greenrobot.eventbus.EventBus.postSingleEventForEventType(EventBus.java:397)
10-02 12:18:10.189 18575 18575 W MapSwipeToZoomFrag: 	at org.greenrobot.eventbus.EventBus.postSingleEvent(EventBus.java:370)
10-02 12:18:10.189 18575 18575 W MapSwipeToZoomFrag: 	at org.greenrobot.eventbus.EventBus.post(EventBus.java:251)
10-02 12:18:10.189 18575 18575 W MapSwipeToZoomFrag: 	at uk.me.ponies.wearroutes.locationHandling.LocationHandler.goodLocationReceived(LocationHandler.java:237)
10-02 12:18:10.189 18575 18575 W MapSwipeToZoomFrag: 	at uk.me.ponies.wearroutes.locationHandling.LocationHandler.onLocationChanged(LocationHandler.java:227)
10-02 12:18:10.189 18575 18575 W MapSwipeToZoomFrag: 	at com.google.android.gms.location.internal.zzk$zzb.handleMessage(Unknown Source)
10-02 12:18:10.189 18575 18575 W MapSwipeToZoomFrag: 	at android.os.Handler.dispatchMessage(Handler.java:102)
10-02 12:18:10.189 18575 18575 W MapSwipeToZoomFrag: 	at android.os.Looper.loop(Looper.java:148)
10-02 12:18:10.189 18575 18575 W MapSwipeToZoomFrag: 	at android.app.ActivityThread.main(ActivityThread.java:5422)
10-02 12:18:10.189 18575 18575 W MapSwipeToZoomFrag: 	at java.lang.reflect.Method.invoke(Native Method)
10-02 12:18:10.189 18575 18575 W MapSwipeToZoomFrag: 	at com.android.internal.os.ZygoteInit$MethodAndArgsCaller.run(ZygoteInit.java:726)
10-02 12:18:10.189 18575 18575 W MapSwipeToZoomFrag: 	at com.android.internal.os.ZygoteInit.main(ZygoteInit.java:616)
10-02 12:18:10.189 18575 18575 W MapSwipeToZoomFrag: EventBusLocationSourceForMap has no listener
10-02 12:18:10.192 18575 18575 D MainGridPagerAdapter: GridPagerAdapter: startUpdate Called id:2131951748 took 0ms
10-02 12:18:10.192 18575 18575 D MainGridPagerAdapter: GridPagerAdapter: finishUpdate Called id:2131951748 took 0ms
10-02 12:18:12.662 18575 18575 D LocationHandler: Good location received Location[fused 53.352282,-1.728187 acc=9 et=+3d14h59m28s297ms alt=280.0 vel=0.46 bear=169.0]
10-02 12:18:12.683 18575 18575 W MapSwipeToZoomFrag: java.lang.Exception: Object map is unexpectedly null
10-02 12:18:12.683 18575 18575 W MapSwipeToZoomFrag: 	at uk.me.ponies.wearroutes.utils.IsNullAndLog.logNull(IsNullAndLog.java:18)
10-02 12:18:12.683 18575 18575 W MapSwipeToZoomFrag: 	at uk.me.ponies.wearroutes.MapSwipeToZoomFragment.onLocationEvent(MapSwipeToZoomFragment.java:740)
10-02 12:18:12.683 18575 18575 W MapSwipeToZoomFrag: 	at java.lang.reflect.Method.invoke(Native Method)
10-02 12:18:12.683 18575 18575 W MapSwipeToZoomFrag: 	at org.greenrobot.eventbus.EventBus.invokeSubscriber(EventBus.java:485)
10-02 12:18:12.683 18575 18575 W MapSwipeToZoomFrag: 	at org.greenrobot.eventbus.EventBus.postToSubscription(EventBus.java:416)
10-02 12:18:12.683 18575 18575 W MapSwipeToZoomFrag: 	at org.greenrobot.eventbus.EventBus.postSingleEventForEventType(EventBus.java:397)
10-02 12:18:12.683 18575 18575 W MapSwipeToZoomFrag: 	at org.greenrobot.eventbus.EventBus.postSingleEvent(EventBus.java:370)
10-02 12:18:12.683 18575 18575 W MapSwipeToZoomFrag: 	at org.greenrobot.eventbus.EventBus.post(EventBus.java:251)
10-02 12:18:12.683 18575 18575 W MapSwipeToZoomFrag: 	at uk.me.ponies.wearroutes.locationHandling.LocationHandler.goodLocationReceived(LocationHandler.java:237)
10-02 12:18:12.683 18575 18575 W MapSwipeToZoomFrag: 	at uk.me.ponies.wearroutes.locationHandling.LocationHandler.onLocationChanged(LocationHandler.java:227)
10-02 12:18:12.683 18575 18575 W MapSwipeToZoomFrag: 	at com.google.android.gms.location.internal.zzk$zzb.handleMessage(Unknown Source)
10-02 12:18:12.683 18575 18575 W MapSwipeToZoomFrag: 	at android.os.Handler.dispatchMessage(Handler.java:102)
10-02 12:18:12.683 18575 18575 W MapSwipeToZoomFrag: 	at android.os.Looper.loop(Looper.java:148)
10-02 12:18:12.683 18575 18575 W MapSwipeToZoomFrag: 	at android.app.ActivityThread.main(ActivityThread.java:5422)
10-02 12:18:12.683 18575 18575 W MapSwipeToZoomFrag: 	at java.lang.reflect.Method.invoke(Native Method)
10-02 12:18:12.683 18575 18575 W MapSwipeToZoomFrag: 	at com.android.internal.os.ZygoteInit$MethodAndArgsCaller.run(ZygoteInit.java:726)
10-02 12:18:12.683 18575 18575 W MapSwipeToZoomFrag: 	at com.android.internal.os.ZygoteInit.main(ZygoteInit.java:616)
10-02 12:18:12.683 18575 18575 W MapSwipeToZoomFrag: EventBusLocationSourceForMap has no listener
10-02 12:18:12.688 18575 18575 D MainGridPagerAdapter: GridPagerAdapter: startUpdate Called id:2131951748 took 0ms
10-02 12:18:12.688 18575 18575 D MainGridPagerAdapter: GridPagerAdapter: finishUpdate Called id:2131951748 took 0ms
10-02 12:18:15.005 18575 18575 D SlowLocationPollerAlarmWakeup: Received Alarm1
10-02 12:18:15.013 18575 18575 D SlowLocationPollerBase: Wokeup 4987early/late
10-02 12:18:15.015 18575 18575 D LocationHandler: requestingLocationUpdates for listener uk.me.ponies.wearroutes.locationHandling.SlowLocationPollerAlarmWakeup@8595e44
10-02 12:18:15.098 18575 18575 D SlowLocationPollerAlarmWakeup: UNRegistering the receiver because the alarm has triggered:uk.me.ponies.wearroutes.locationHandling.SlowLocationPollerAlarmWakeup$AlarmRecieverInner@1414e03
10-02 12:18:16.906 18575 18575 D LocationHandler: Good location received Location[fused 53.352233,-1.728216 acc=9 et=+3d14h59m32s540ms alt=275.0 vel=2.07 bear=207.0]
10-02 12:18:16.928 18575 18575 W MapSwipeToZoomFrag: java.lang.Exception: Object map is unexpectedly null
10-02 12:18:16.928 18575 18575 W MapSwipeToZoomFrag: 	at uk.me.ponies.wearroutes.utils.IsNullAndLog.logNull(IsNullAndLog.java:18)
10-02 12:18:16.928 18575 18575 W MapSwipeToZoomFrag: 	at uk.me.ponies.wearroutes.MapSwipeToZoomFragment.onLocationEvent(MapSwipeToZoomFragment.java:740)
10-02 12:18:16.928 18575 18575 W MapSwipeToZoomFrag: 	at java.lang.reflect.Method.invoke(Native Method)
10-02 12:18:16.928 18575 18575 W MapSwipeToZoomFrag: 	at org.greenrobot.eventbus.EventBus.invokeSubscriber(EventBus.java:485)
10-02 12:18:16.928 18575 18575 W MapSwipeToZoomFrag: 	at org.greenrobot.eventbus.EventBus.postToSubscription(EventBus.java:416)
10-02 12:18:16.928 18575 18575 W MapSwipeToZoomFrag: 	at org.greenrobot.eventbus.EventBus.postSingleEventForEventType(EventBus.java:397)
10-02 12:18:16.928 18575 18575 W MapSwipeToZoomFrag: 	at org.greenrobot.eventbus.EventBus.postSingleEvent(EventBus.java:370)
10-02 12:18:16.928 18575 18575 W MapSwipeToZoomFrag: 	at org.greenrobot.eventbus.EventBus.post(EventBus.java:251)
10-02 12:18:16.928 18575 18575 W MapSwipeToZoomFrag: 	at uk.me.ponies.wearroutes.locationHandling.LocationHandler.goodLocationReceived(LocationHandler.java:237)
10-02 12:18:16.928 18575 18575 W MapSwipeToZoomFrag: 	at uk.me.ponies.wearroutes.locationHandling.SlowLocationPollerBase.onLocationChanged(SlowLocationPollerBase.java:195)
10-02 12:18:16.928 18575 18575 W MapSwipeToZoomFrag: 	at com.google.android.gms.location.internal.zzk$zzb.handleMessage(Unknown Source)
10-02 12:18:16.928 18575 18575 W MapSwipeToZoomFrag: 	at android.os.Handler.dispatchMessage(Handler.java:102)
10-02 12:18:16.928 18575 18575 W MapSwipeToZoomFrag: 	at android.os.Looper.loop(Looper.java:148)
10-02 12:18:16.928 18575 18575 W MapSwipeToZoomFrag: 	at android.app.ActivityThread.main(ActivityThread.java:5422)
10-02 12:18:16.928 18575 18575 W MapSwipeToZoomFrag: 	at java.lang.reflect.Method.invoke(Native Method)
10-02 12:18:16.928 18575 18575 W MapSwipeToZoomFrag: 	at com.android.internal.os.ZygoteInit$MethodAndArgsCaller.run(ZygoteInit.java:726)
10-02 12:18:16.928 18575 18575 W MapSwipeToZoomFrag: 	at com.android.internal.os.ZygoteInit.main(ZygoteInit.java:616)
10-02 12:18:16.928 18575 18575 W MapSwipeToZoomFrag: EventBusLocationSourceForMap has no listener
10-02 12:18:16.928 18575 18575 D LocationHandler: removingLocationUpdates for listener uk.me.ponies.wearroutes.locationHandling.SlowLocationPollerAlarmWakeup@8595e44
10-02 12:18:16.943 18575 18575 D SlowLocationPollerAlarmWakeup: Registering the alarm receiver:uk.me.ponies.wearroutes.locationHandling.SlowLocationPollerAlarmWakeup$AlarmRecieverInner@1414e03
10-02 12:18:16.945 18575 18575 D SlowLocationPollerAlarmWakeup: Scheduling an alarm for 13057 ms in the future aka Sun Oct 02 12:18:30 GMT+01:00 2016
10-02 12:18:16.949 18575 18575 D MainGridPagerAdapter: GridPagerAdapter: startUpdate Called id:2131951748 took 0ms
10-02 12:18:16.949 18575 18575 D MainGridPagerAdapter: GridPagerAdapter: finishUpdate Called id:2131951748 took 0ms
10-02 12:18:16.953 18575 18575 D LocationHandler: Good location received Location[fused 53.352233,-1.728216 acc=9 et=+3d14h59m32s540ms alt=275.0 vel=2.07 bear=207.0]
10-02 12:18:16.955 18575 18575 W MapSwipeToZoomFrag: java.lang.Exception: Object map is unexpectedly null
10-02 12:18:16.955 18575 18575 W MapSwipeToZoomFrag: 	at uk.me.ponies.wearroutes.utils.IsNullAndLog.logNull(IsNullAndLog.java:18)
10-02 12:18:16.955 18575 18575 W MapSwipeToZoomFrag: 	at uk.me.ponies.wearroutes.MapSwipeToZoomFragment.onLocationEvent(MapSwipeToZoomFragment.java:740)
10-02 12:18:16.955 18575 18575 W MapSwipeToZoomFrag: 	at java.lang.reflect.Method.invoke(Native Method)
10-02 12:18:16.955 18575 18575 W MapSwipeToZoomFrag: 	at org.greenrobot.eventbus.EventBus.invokeSubscriber(EventBus.java:485)
10-02 12:18:16.955 18575 18575 W MapSwipeToZoomFrag: 	at org.greenrobot.eventbus.EventBus.postToSubscription(EventBus.java:416)
10-02 12:18:16.955 18575 18575 W MapSwipeToZoomFrag: 	at org.greenrobot.eventbus.EventBus.postSingleEventForEventType(EventBus.java:397)
10-02 12:18:16.955 18575 18575 W MapSwipeToZoomFrag: 	at org.greenrobot.eventbus.EventBus.postSingleEvent(EventBus.java:370)
10-02 12:18:16.955 18575 18575 W MapSwipeToZoomFrag: 	at org.greenrobot.eventbus.EventBus.post(EventBus.java:251)
10-02 12:18:16.955 18575 18575 W MapSwipeToZoomFrag: 	at uk.me.ponies.wearroutes.locationHandling.LocationHandler.goodLocationReceived(LocationHandler.java:237)
10-02 12:18:16.955 18575 18575 W MapSwipeToZoomFrag: 	at uk.me.ponies.wearroutes.locationHandling.LocationHandler.onLocationChanged(LocationHandler.java:227)
10-02 12:18:16.955 18575 18575 W MapSwipeToZoomFrag: 	at com.google.android.gms.location.internal.zzk$zzb.handleMessage(Unknown Source)
10-02 12:18:16.955 18575 18575 W MapSwipeToZoomFrag: 	at android.os.Handler.dispatchMessage(Handler.java:102)
10-02 12:18:16.955 18575 18575 W MapSwipeToZoomFrag: 	at android.os.Looper.loop(Looper.java:148)
10-02 12:18:16.955 18575 18575 W MapSwipeToZoomFrag: 	at android.app.ActivityThread.main(ActivityThread.java:5422)
10-02 12:18:16.955 18575 18575 W MapSwipeToZoomFrag: 	at java.lang.reflect.Method.invoke(Native Method)
10-02 12:18:16.955 18575 18575 W MapSwipeToZoomFrag: 	at com.android.internal.os.ZygoteInit$MethodAndArgsCaller.run(ZygoteInit.java:726)
10-02 12:18:16.955 18575 18575 W MapSwipeToZoomFrag: 	at com.android.internal.os.ZygoteInit.main(ZygoteInit.java:616)
10-02 12:18:16.955 18575 18575 W MapSwipeToZoomFrag: EventBusLocationSourceForMap has no listener
10-02 12:18:21.131 18575 18575 D LocationHandler: Good location received Location[fused 53.352142,-1.728215 acc=9 et=+3d14h59m36s767ms alt=272.0 vel=0.73 bear=155.0]
10-02 12:18:21.154 18575 18575 W MapSwipeToZoomFrag: java.lang.Exception: Object map is unexpectedly null
10-02 12:18:21.154 18575 18575 W MapSwipeToZoomFrag: 	at uk.me.ponies.wearroutes.utils.IsNullAndLog.logNull(IsNullAndLog.java:18)
10-02 12:18:21.154 18575 18575 W MapSwipeToZoomFrag: 	at uk.me.ponies.wearroutes.MapSwipeToZoomFragment.onLocationEvent(MapSwipeToZoomFragment.java:740)
10-02 12:18:21.154 18575 18575 W MapSwipeToZoomFrag: 	at java.lang.reflect.Method.invoke(Native Method)
10-02 12:18:21.154 18575 18575 W MapSwipeToZoomFrag: 	at org.greenrobot.eventbus.EventBus.invokeSubscriber(EventBus.java:485)
10-02 12:18:21.154 18575 18575 W MapSwipeToZoomFrag: 	at org.greenrobot.eventbus.EventBus.postToSubscription(EventBus.java:416)
10-02 12:18:21.154 18575 18575 W MapSwipeToZoomFrag: 	at org.greenrobot.eventbus.EventBus.postSingleEventForEventType(EventBus.java:397)
10-02 12:18:21.154 18575 18575 W MapSwipeToZoomFrag: 	at org.greenrobot.eventbus.EventBus.postSingleEvent(EventBus.java:370)
10-02 12:18:21.154 18575 18575 W MapSwipeToZoomFrag: 	at org.greenrobot.eventbus.EventBus.post(EventBus.java:251)
10-02 12:18:21.154 18575 18575 W MapSwipeToZoomFrag: 	at uk.me.ponies.wearroutes.locationHandling.LocationHandler.goodLocationReceived(LocationHandler.java:237)
10-02 12:18:21.154 18575 18575 W MapSwipeToZoomFrag: 	at uk.me.ponies.wearroutes.locationHandling.LocationHandler.onLocationChanged(LocationHandler.java:227)
10-02 12:18:21.154 18575 18575 W MapSwipeToZoomFrag: 	at com.google.android.gms.location.internal.zzk$zzb.handleMessage(Unknown Source)
10-02 12:18:21.154 18575 18575 W MapSwipeToZoomFrag: 	at android.os.Handler.dispatchMessage(Handler.java:102)
10-02 12:18:21.154 18575 18575 W MapSwipeToZoomFrag: 	at android.os.Looper.loop(Looper.java:148)
10-02 12:18:21.154 18575 18575 W MapSwipeToZoomFrag: 	at android.app.ActivityThread.main(ActivityThread.java:5422)
10-02 12:18:21.154 18575 18575 W MapSwipeToZoomFrag: 	at java.lang.reflect.Method.invoke(Native Method)
10-02 12:18:21.154 18575 18575 W MapSwipeToZoomFrag: 	at com.android.internal.os.ZygoteInit$MethodAndArgsCaller.run(ZygoteInit.java:726)
10-02 12:18:21.154 18575 18575 W MapSwipeToZoomFrag: 	at com.android.internal.os.ZygoteInit.main(ZygoteInit.java:616)
10-02 12:18:21.155 18575 18575 W MapSwipeToZoomFrag: EventBusLocationSourceForMap has no listener
10-02 12:18:21.159 18575 18575 D MainGridPagerAdapter: GridPagerAdapter: startUpdate Called id:2131951748 took 0ms
10-02 12:18:21.159 18575 18575 D MainGridPagerAdapter: GridPagerAdapter: finishUpdate Called id:2131951748 took 0ms
10-02 12:18:25.005 18575 18575 D SlowLocationPollerAlarmWakeup: Received Alarm1
10-02 12:18:25.011 18575 18575 D SlowLocationPollerBase: Wokeup 4989early/late
10-02 12:18:25.013 18575 18575 D LocationHandler: requestingLocationUpdates for listener uk.me.ponies.wearroutes.locationHandling.SlowLocationPollerAlarmWakeup@8595e44
10-02 12:18:25.100 18575 18575 D SlowLocationPollerAlarmWakeup: UNRegistering the receiver because the alarm has triggered:uk.me.ponies.wearroutes.locationHandling.SlowLocationPollerAlarmWakeup$AlarmRecieverInner@1414e03
10-02 12:18:25.982 18575 18575 D LocationHandler: Good location received Location[fused 53.352156,-1.728163 acc=6 et=+3d14h59m41s617ms alt=269.0 vel=0.78 bear=49.0]
10-02 12:18:26.004 18575 18575 W MapSwipeToZoomFrag: java.lang.Exception: Object map is unexpectedly null
10-02 12:18:26.004 18575 18575 W MapSwipeToZoomFrag: 	at uk.me.ponies.wearroutes.utils.IsNullAndLog.logNull(IsNullAndLog.java:18)
10-02 12:18:26.004 18575 18575 W MapSwipeToZoomFrag: 	at uk.me.ponies.wearroutes.MapSwipeToZoomFragment.onLocationEvent(MapSwipeToZoomFragment.java:740)
10-02 12:18:26.004 18575 18575 W MapSwipeToZoomFrag: 	at java.lang.reflect.Method.invoke(Native Method)
10-02 12:18:26.004 18575 18575 W MapSwipeToZoomFrag: 	at org.greenrobot.eventbus.EventBus.invokeSubscriber(EventBus.java:485)
10-02 12:18:26.004 18575 18575 W MapSwipeToZoomFrag: 	at org.greenrobot.eventbus.EventBus.postToSubscription(EventBus.java:416)
10-02 12:18:26.004 18575 18575 W MapSwipeToZoomFrag: 	at org.greenrobot.eventbus.EventBus.postSingleEventForEventType(EventBus.java:397)
10-02 12:18:26.004 18575 18575 W MapSwipeToZoomFrag: 	at org.greenrobot.eventbus.EventBus.postSingleEvent(EventBus.java:370)
10-02 12:18:26.004 18575 18575 W MapSwipeToZoomFrag: 	at org.greenrobot.eventbus.EventBus.post(EventBus.java:251)
10-02 12:18:26.004 18575 18575 W MapSwipeToZoomFrag: 	at uk.me.ponies.wearroutes.locationHandling.LocationHandler.goodLocationReceived(LocationHandler.java:237)
10-02 12:18:26.004 18575 18575 W MapSwipeToZoomFrag: 	at uk.me.ponies.wearroutes.locationHandling.LocationHandler.onLocationChanged(LocationHandler.java:227)
10-02 12:18:26.004 18575 18575 W MapSwipeToZoomFrag: 	at com.google.android.gms.location.internal.zzk$zzb.handleMessage(Unknown Source)
10-02 12:18:26.004 18575 18575 W MapSwipeToZoomFrag: 	at android.os.Handler.dispatchMessage(Handler.java:102)
10-02 12:18:26.004 18575 18575 W MapSwipeToZoomFrag: 	at android.os.Looper.loop(Looper.java:148)
10-02 12:18:26.004 18575 18575 W MapSwipeToZoomFrag: 	at android.app.ActivityThread.main(ActivityThread.java:5422)
10-02 12:18:26.004 18575 18575 W MapSwipeToZoomFrag: 	at java.lang.reflect.Method.invoke(Native Method)
10-02 12:18:26.004 18575 18575 W MapSwipeToZoomFrag: 	at com.android.internal.os.ZygoteInit$MethodAndArgsCaller.run(ZygoteInit.java:726)
10-02 12:18:26.004 18575 18575 W MapSwipeToZoomFrag: 	at com.android.internal.os.ZygoteInit.main(ZygoteInit.java:616)
10-02 12:18:26.004 18575 18575 W MapSwipeToZoomFrag: EventBusLocationSourceForMap has no listener
10-02 12:18:26.011 18575 18575 D MainGridPagerAdapter: GridPagerAdapter: startUpdate Called id:2131951748 took 0ms
10-02 12:18:26.011 18575 18575 D MainGridPagerAdapter: GridPagerAdapter: finishUpdate Called id:2131951748 took 0ms
10-02 12:18:26.015 18575 18575 D LocationHandler: Good location received Location[fused 53.352156,-1.728163 acc=6 et=+3d14h59m41s617ms alt=269.0 vel=0.78 bear=49.0]
10-02 12:18:26.027 18575 18575 W MapSwipeToZoomFrag: java.lang.Exception: Object map is unexpectedly null
10-02 12:18:26.027 18575 18575 W MapSwipeToZoomFrag: 	at uk.me.ponies.wearroutes.utils.IsNullAndLog.logNull(IsNullAndLog.java:18)
10-02 12:18:26.027 18575 18575 W MapSwipeToZoomFrag: 	at uk.me.ponies.wearroutes.MapSwipeToZoomFragment.onLocationEvent(MapSwipeToZoomFragment.java:740)
10-02 12:18:26.027 18575 18575 W MapSwipeToZoomFrag: 	at java.lang.reflect.Method.invoke(Native Method)
10-02 12:18:26.027 18575 18575 W MapSwipeToZoomFrag: 	at org.greenrobot.eventbus.EventBus.invokeSubscriber(EventBus.java:485)
10-02 12:18:26.027 18575 18575 W MapSwipeToZoomFrag: 	at org.greenrobot.eventbus.EventBus.postToSubscription(EventBus.java:416)
10-02 12:18:26.027 18575 18575 W MapSwipeToZoomFrag: 	at org.greenrobot.eventbus.EventBus.postSingleEventForEventType(EventBus.java:397)
10-02 12:18:26.027 18575 18575 W MapSwipeToZoomFrag: 	at org.greenrobot.eventbus.EventBus.postSingleEvent(EventBus.java:370)
10-02 12:18:26.027 18575 18575 W MapSwipeToZoomFrag: 	at org.greenrobot.eventbus.EventBus.post(EventBus.java:251)
10-02 12:18:26.027 18575 18575 W MapSwipeToZoomFrag: 	at uk.me.ponies.wearroutes.locationHandling.LocationHandler.goodLocationReceived(LocationHandler.java:237)
10-02 12:18:26.027 18575 18575 W MapSwipeToZoomFrag: 	at uk.me.ponies.wearroutes.locationHandling.SlowLocationPollerBase.onLocationChanged(SlowLocationPollerBase.java:195)
10-02 12:18:26.027 18575 18575 W MapSwipeToZoomFrag: 	at com.google.android.gms.location.internal.zzk$zzb.handleMessage(Unknown Source)
10-02 12:18:26.027 18575 18575 W MapSwipeToZoomFrag: 	at android.os.Handler.dispatchMessage(Handler.java:102)
10-02 12:18:26.027 18575 18575 W MapSwipeToZoomFrag: 	at android.os.Looper.loop(Looper.java:148)
10-02 12:18:26.027 18575 18575 W MapSwipeToZoomFrag: 	at android.app.ActivityThread.main(ActivityThread.java:5422)
10-02 12:18:26.027 18575 18575 W MapSwipeToZoomFrag: 	at java.lang.reflect.Method.invoke(Native Method)
10-02 12:18:26.027 18575 18575 W MapSwipeToZoomFrag: 	at com.android.internal.os.ZygoteInit$MethodAndArgsCaller.run(ZygoteInit.java:726)
10-02 12:18:26.027 18575 18575 W MapSwipeToZoomFrag: 	at com.android.internal.os.ZygoteInit.main(ZygoteInit.java:616)
10-02 12:18:26.027 18575 18575 W MapSwipeToZoomFrag: EventBusLocationSourceForMap has no listener
10-02 12:18:26.028 18575 18575 D LocationHandler: removingLocationUpdates for listener uk.me.ponies.wearroutes.locationHandling.SlowLocationPollerAlarmWakeup@8595e44
10-02 12:18:26.031 18575 18575 D SlowLocationPollerAlarmWakeup: Registering the alarm receiver:uk.me.ponies.wearroutes.locationHandling.SlowLocationPollerAlarmWakeup$AlarmRecieverInner@1414e03
10-02 12:18:26.038 18575 18575 D SlowLocationPollerAlarmWakeup: Scheduling an alarm for 13969 ms in the future aka Sun Oct 02 12:18:40 GMT+01:00 2016
10-02 12:18:29.112 18575 18575 D LocationHandler: Good location received Location[fused 53.352150,-1.728126 acc=5 et=+3d14h59m44s747ms alt=265.0 vel=0.66 bear=67.0]
10-02 12:18:29.136 18575 18575 W MapSwipeToZoomFrag: java.lang.Exception: Object map is unexpectedly null
10-02 12:18:29.136 18575 18575 W MapSwipeToZoomFrag: 	at uk.me.ponies.wearroutes.utils.IsNullAndLog.logNull(IsNullAndLog.java:18)
10-02 12:18:29.136 18575 18575 W MapSwipeToZoomFrag: 	at uk.me.ponies.wearroutes.MapSwipeToZoomFragment.onLocationEvent(MapSwipeToZoomFragment.java:740)
10-02 12:18:29.136 18575 18575 W MapSwipeToZoomFrag: 	at java.lang.reflect.Method.invoke(Native Method)
10-02 12:18:29.136 18575 18575 W MapSwipeToZoomFrag: 	at org.greenrobot.eventbus.EventBus.invokeSubscriber(EventBus.java:485)
10-02 12:18:29.136 18575 18575 W MapSwipeToZoomFrag: 	at org.greenrobot.eventbus.EventBus.postToSubscription(EventBus.java:416)
10-02 12:18:29.136 18575 18575 W MapSwipeToZoomFrag: 	at org.greenrobot.eventbus.EventBus.postSingleEventForEventType(EventBus.java:397)
10-02 12:18:29.136 18575 18575 W MapSwipeToZoomFrag: 	at org.greenrobot.eventbus.EventBus.postSingleEvent(EventBus.java:370)
10-02 12:18:29.136 18575 18575 W MapSwipeToZoomFrag: 	at org.greenrobot.eventbus.EventBus.post(EventBus.java:251)
10-02 12:18:29.136 18575 18575 W MapSwipeToZoomFrag: 	at uk.me.ponies.wearroutes.locationHandling.LocationHandler.goodLocationReceived(LocationHandler.java:237)
10-02 12:18:29.136 18575 18575 W MapSwipeToZoomFrag: 	at uk.me.ponies.wearroutes.locationHandling.LocationHandler.onLocationChanged(LocationHandler.java:227)
10-02 12:18:29.136 18575 18575 W MapSwipeToZoomFrag: 	at com.google.android.gms.location.internal.zzk$zzb.handleMessage(Unknown Source)
10-02 12:18:29.136 18575 18575 W MapSwipeToZoomFrag: 	at android.os.Handler.dispatchMessage(Handler.java:102)
10-02 12:18:29.136 18575 18575 W MapSwipeToZoomFrag: 	at android.os.Looper.loop(Looper.java:148)
10-02 12:18:29.136 18575 18575 W MapSwipeToZoomFrag: 	at android.app.ActivityThread.main(ActivityThread.java:5422)
10-02 12:18:29.136 18575 18575 W MapSwipeToZoomFrag: 	at java.lang.reflect.Method.invoke(Native Method)
10-02 12:18:29.136 18575 18575 W MapSwipeToZoomFrag: 	at com.android.internal.os.ZygoteInit$MethodAndArgsCaller.run(ZygoteInit.java:726)
10-02 12:18:29.136 18575 18575 W MapSwipeToZoomFrag: 	at com.android.internal.os.ZygoteInit.main(ZygoteInit.java:616)
10-02 12:18:29.136 18575 18575 W MapSwipeToZoomFrag: EventBusLocationSourceForMap has no listener
10-02 12:18:29.137 18575 18575 D MainGridPagerAdapter: GridPagerAdapter: startUpdate Called id:2131951748 took 0ms
10-02 12:18:29.137 18575 18575 D MainGridPagerAdapter: GridPagerAdapter: finishUpdate Called id:2131951748 took 0ms
10-02 12:18:33.102 18575 18575 D LocationHandler: Good location received Location[fused 53.352168,-1.728063 acc=4 et=+3d14h59m48s737ms alt=259.0 vel=0.0]
10-02 12:18:33.102 18575 18575 D LocationAugmentor: Need to simulate a bearing
10-02 12:18:33.126 18575 18575 W MapSwipeToZoomFrag: java.lang.Exception: Object map is unexpectedly null
10-02 12:18:33.126 18575 18575 W MapSwipeToZoomFrag: 	at uk.me.ponies.wearroutes.utils.IsNullAndLog.logNull(IsNullAndLog.java:18)
10-02 12:18:33.126 18575 18575 W MapSwipeToZoomFrag: 	at uk.me.ponies.wearroutes.MapSwipeToZoomFragment.onLocationEvent(MapSwipeToZoomFragment.java:740)
10-02 12:18:33.126 18575 18575 W MapSwipeToZoomFrag: 	at java.lang.reflect.Method.invoke(Native Method)
10-02 12:18:33.126 18575 18575 W MapSwipeToZoomFrag: 	at org.greenrobot.eventbus.EventBus.invokeSubscriber(EventBus.java:485)
10-02 12:18:33.126 18575 18575 W MapSwipeToZoomFrag: 	at org.greenrobot.eventbus.EventBus.postToSubscription(EventBus.java:416)
10-02 12:18:33.126 18575 18575 W MapSwipeToZoomFrag: 	at org.greenrobot.eventbus.EventBus.postSingleEventForEventType(EventBus.java:397)
10-02 12:18:33.126 18575 18575 W MapSwipeToZoomFrag: 	at org.greenrobot.eventbus.EventBus.postSingleEvent(EventBus.java:370)
10-02 12:18:33.126 18575 18575 W MapSwipeToZoomFrag: 	at org.greenrobot.eventbus.EventBus.post(EventBus.java:251)
10-02 12:18:33.126 18575 18575 W MapSwipeToZoomFrag: 	at uk.me.ponies.wearroutes.locationHandling.LocationHandler.goodLocationReceived(LocationHandler.java:237)
10-02 12:18:33.126 18575 18575 W MapSwipeToZoomFrag: 	at uk.me.ponies.wearroutes.locationHandling.LocationHandler.onLocationChanged(LocationHandler.java:227)
10-02 12:18:33.126 18575 18575 W MapSwipeToZoomFrag: 	at com.google.android.gms.location.internal.zzk$zzb.handleMessage(Unknown Source)
10-02 12:18:33.126 18575 18575 W MapSwipeToZoomFrag: 	at android.os.Handler.dispatchMessage(Handler.java:102)
10-02 12:18:33.126 18575 18575 W MapSwipeToZoomFrag: 	at android.os.Looper.loop(Looper.java:148)
10-02 12:18:33.126 18575 18575 W MapSwipeToZoomFrag: 	at android.app.ActivityThread.main(ActivityThread.java:5422)
10-02 12:18:33.126 18575 18575 W MapSwipeToZoomFrag: 	at java.lang.reflect.Method.invoke(Native Method)
10-02 12:18:33.126 18575 18575 W MapSwipeToZoomFrag: 	at com.android.internal.os.ZygoteInit$MethodAndArgsCaller.run(ZygoteInit.java:726)
10-02 12:18:33.126 18575 18575 W MapSwipeToZoomFrag: 	at com.android.internal.os.ZygoteInit.main(ZygoteInit.java:616)
10-02 12:18:33.126 18575 18575 W MapSwipeToZoomFrag: EventBusLocationSourceForMap has no listener
10-02 12:18:33.129 18575 18575 D MainGridPagerAdapter: GridPagerAdapter: startUpdate Called id:2131951748 took 0ms
10-02 12:18:33.130 18575 18575 D MainGridPagerAdapter: GridPagerAdapter: finishUpdate Called id:2131951748 took 0ms
10-02 12:18:35.012 18575 18575 D SlowLocationPollerAlarmWakeup: Received Alarm1
10-02 12:18:35.019 18575 18575 D SlowLocationPollerBase: Wokeup 4981early/late
10-02 12:18:35.021 18575 18575 D LocationHandler: requestingLocationUpdates for listener uk.me.ponies.wearroutes.locationHandling.SlowLocationPollerAlarmWakeup@8595e44
10-02 12:18:35.108 18575 18575 D SlowLocationPollerAlarmWakeup: UNRegistering the receiver because the alarm has triggered:uk.me.ponies.wearroutes.locationHandling.SlowLocationPollerAlarmWakeup$AlarmRecieverInner@1414e03
10-02 12:18:36.092 18575 18575 D LocationHandler: Good location received Location[fused 53.352176,-1.728054 acc=4 et=+3d14h59m51s726ms alt=259.0 vel=0.0]
10-02 12:18:36.092 18575 18575 D LocationAugmentor: Need to simulate a bearing
10-02 12:18:36.094 18575 18575 W MapSwipeToZoomFrag: java.lang.Exception: Object map is unexpectedly null
10-02 12:18:36.094 18575 18575 W MapSwipeToZoomFrag: 	at uk.me.ponies.wearroutes.utils.IsNullAndLog.logNull(IsNullAndLog.java:18)
10-02 12:18:36.094 18575 18575 W MapSwipeToZoomFrag: 	at uk.me.ponies.wearroutes.MapSwipeToZoomFragment.onLocationEvent(MapSwipeToZoomFragment.java:740)
10-02 12:18:36.094 18575 18575 W MapSwipeToZoomFrag: 	at java.lang.reflect.Method.invoke(Native Method)
10-02 12:18:36.094 18575 18575 W MapSwipeToZoomFrag: 	at org.greenrobot.eventbus.EventBus.invokeSubscriber(EventBus.java:485)
10-02 12:18:36.094 18575 18575 W MapSwipeToZoomFrag: 	at org.greenrobot.eventbus.EventBus.postToSubscription(EventBus.java:416)
10-02 12:18:36.094 18575 18575 W MapSwipeToZoomFrag: 	at org.greenrobot.eventbus.EventBus.postSingleEventForEventType(EventBus.java:397)
10-02 12:18:36.094 18575 18575 W MapSwipeToZoomFrag: 	at org.greenrobot.eventbus.EventBus.postSingleEvent(EventBus.java:370)
10-02 12:18:36.094 18575 18575 W MapSwipeToZoomFrag: 	at org.greenrobot.eventbus.EventBus.post(EventBus.java:251)
10-02 12:18:36.094 18575 18575 W MapSwipeToZoomFrag: 	at uk.me.ponies.wearroutes.locationHandling.LocationHandler.goodLocationReceived(LocationHandler.java:237)
10-02 12:18:36.094 18575 18575 W MapSwipeToZoomFrag: 	at uk.me.ponies.wearroutes.locationHandling.SlowLocationPollerBase.onLocationChanged(SlowLocationPollerBase.java:195)
10-02 12:18:36.094 18575 18575 W MapSwipeToZoomFrag: 	at com.google.android.gms.location.internal.zzk$zzb.handleMessage(Unknown Source)
10-02 12:18:36.094 18575 18575 W MapSwipeToZoomFrag: 	at android.os.Handler.dispatchMessage(Handler.java:102)
10-02 12:18:36.094 18575 18575 W MapSwipeToZoomFrag: 	at android.os.Looper.loop(Looper.java:148)
10-02 12:18:36.094 18575 18575 W MapSwipeToZoomFrag: 	at android.app.ActivityThread.main(ActivityThread.java:5422)
10-02 12:18:36.094 18575 18575 W MapSwipeToZoomFrag: 	at java.lang.reflect.Method.invoke(Native Method)
10-02 12:18:36.094 18575 18575 W MapSwipeToZoomFrag: 	at com.android.internal.os.ZygoteInit$MethodAndArgsCaller.run(ZygoteInit.java:726)
10-02 12:18:36.094 18575 18575 W MapSwipeToZoomFrag: 	at com.android.internal.os.ZygoteInit.main(ZygoteInit.java:616)
10-02 12:18:36.094 18575 18575 W MapSwipeToZoomFrag: EventBusLocationSourceForMap has no listener
10-02 12:18:36.094 18575 18575 D LocationHandler: removingLocationUpdates for listener uk.me.ponies.wearroutes.locationHandling.SlowLocationPollerAlarmWakeup@8595e44
10-02 12:18:36.107 18575 18575 D SlowLocationPollerAlarmWakeup: Registering the alarm receiver:uk.me.ponies.wearroutes.locationHandling.SlowLocationPollerAlarmWakeup$AlarmRecieverInner@1414e03
10-02 12:18:36.109 18575 18575 D SlowLocationPollerAlarmWakeup: Scheduling an alarm for 13893 ms in the future aka Sun Oct 02 12:18:50 GMT+01:00 2016
10-02 12:18:42.079 18575 18575 D LocationHandler: Good location received Location[fused 53.352194,-1.728030 acc=6 et=+3d14h59m57s715ms alt=257.0 vel=0.0]
10-02 12:18:42.079 18575 18575 D LocationAugmentor: Need to simulate a bearing
10-02 12:18:42.082 18575 18575 W MapSwipeToZoomFrag: java.lang.Exception: Object map is unexpectedly null
10-02 12:18:42.082 18575 18575 W MapSwipeToZoomFrag: 	at uk.me.ponies.wearroutes.utils.IsNullAndLog.logNull(IsNullAndLog.java:18)
10-02 12:18:42.082 18575 18575 W MapSwipeToZoomFrag: 	at uk.me.ponies.wearroutes.MapSwipeToZoomFragment.onLocationEvent(MapSwipeToZoomFragment.java:740)
