--------- beginning of crash
10-15 19:13:37.914 15045 15045 E AndroidRuntime: FATAL EXCEPTION: main
10-15 19:13:37.914 15045 15045 E AndroidRuntime: Process: uk.me.ponies.wearroutes, PID: 15045
10-15 19:13:37.914 15045 15045 E AndroidRuntime: java.lang.RuntimeException: Unable to stop activity {uk.me.ponies.wearroutes/uk.me.ponies.wearroutes.MainWearActivity}: java.lang.NullPointerException: Attempt to invoke virtual method 'int uk.me.ponies.wearroutes.controller.Controller.getRecordingState()' on a null object reference
10-15 19:13:37.914 15045 15045 E AndroidRuntime: 	at android.app.ActivityThread.performDestroyActivity(ActivityThread.java:3795)
10-15 19:13:37.914 15045 15045 E AndroidRuntime: 	at android.app.ActivityThread.handleDestroyActivity(ActivityThread.java:3849)
10-15 19:13:37.914 15045 15045 E AndroidRuntime: 	at android.app.ActivityThread.-wrap5(ActivityThread.java)
10-15 19:13:37.914 15045 15045 E AndroidRuntime: 	at android.app.ActivityThread$H.handleMessage(ActivityThread.java:1398)
10-15 19:13:37.914 15045 15045 E AndroidRuntime: 	at android.os.Handler.dispatchMessage(Handler.java:102)
10-15 19:13:37.914 15045 15045 E AndroidRuntime: 	at android.os.Looper.loop(Looper.java:148)
10-15 19:13:37.914 15045 15045 E AndroidRuntime: 	at android.app.ActivityThread.main(ActivityThread.java:5422)
10-15 19:13:37.914 15045 15045 E AndroidRuntime: 	at java.lang.reflect.Method.invoke(Native Method)
10-15 19:13:37.914 15045 15045 E AndroidRuntime: 	at com.android.internal.os.ZygoteInit$MethodAndArgsCaller.run(ZygoteInit.java:726)
10-15 19:13:37.914 15045 15045 E AndroidRuntime: 	at com.android.internal.os.ZygoteInit.main(ZygoteInit.java:616)
10-15 19:13:37.914 15045 15045 E AndroidRuntime: Caused by: java.lang.NullPointerException: Attempt to invoke virtual method 'int uk.me.ponies.wearroutes.controller.Controller.getRecordingState()' on a null object reference
10-15 19:13:37.914 15045 15045 E AndroidRuntime: 	at uk.me.ponies.wearroutes.MainWearActivity.onStop(MainWearActivity.java:527)
10-15 19:13:37.914 15045 15045 E AndroidRuntime: 	at android.app.Instrumentation.callActivityOnStop(Instrumentation.java:1278)
10-15 19:13:37.914 15045 15045 E AndroidRuntime: 	at android.app.Activity.performStop(Activity.java:6395)
10-15 19:13:37.914 15045 15045 E AndroidRuntime: 	at android.app.ActivityThread.performDestroyActivity(ActivityThread.java:3790)
10-15 19:13:37.914 15045 15045 E AndroidRuntime: 	... 9 more
--------- beginning of system
10-16 10:37:49.861 17369 17369 W ViewRootImpl: Cancelling event due to no window focus: MotionEvent { action=ACTION_CANCEL, actionButton=0, id[0]=0, x[0]=44.859814, y[0]=189.40811, toolType[0]=TOOL_TYPE_FINGER, buttonState=0, metaState=0, flags=0x2, edgeFlags=0x0, pointerCount=1, historySize=0, eventTime=229778429, downTime=229778247, deviceId=3, source=0x1002 }
10-16 10:37:49.861 17369 17369 W ViewRootImpl: Cancelling event due to no window focus: MotionEvent { action=ACTION_CANCEL, actionButton=0, id[0]=0, x[0]=44.859814, y[0]=189.40811, toolType[0]=TOOL_TYPE_FINGER, buttonState=0, metaState=0, flags=0x2, edgeFlags=0x0, pointerCount=1, historySize=0, eventTime=229778429, downTime=229778247, deviceId=3, source=0x1002 }
10-16 10:37:49.861 17369 17369 W ViewRootImpl: Cancelling event due to no window focus: MotionEvent { action=ACTION_CANCEL, actionButton=0, id[0]=0, x[0]=44.859814, y[0]=189.40811, toolType[0]=TOOL_TYPE_FINGER, buttonState=0, metaState=0, flags=0x2, edgeFlags=0x0, pointerCount=1, historySize=0, eventTime=229778429, downTime=229778247, deviceId=3, source=0x1002 }
10-16 10:48:04.924 17369 17369 W ViewRootImpl: Dropping event due to no window focus: MotionEvent { action=ACTION_DOWN, actionButton=0, id[0]=0, x[0]=36.884735, y[0]=40.872276, toolType[0]=TOOL_TYPE_FINGER, buttonState=0, metaState=0, flags=0x2, edgeFlags=0x0, pointerCount=1, historySize=0, eventTime=230390312, downTime=230390312, deviceId=3, source=0x1002 }
10-16 10:48:04.956 17369 17369 W ViewRootImpl: Dropping event due to no window focus: MotionEvent { action=ACTION_MOVE, actionButton=0, id[0]=0, x[0]=36.884735, y[0]=40.872276, toolType[0]=TOOL_TYPE_FINGER, buttonState=0, metaState=0, flags=0x2, edgeFlags=0x0, pointerCount=1, historySize=0, eventTime=230390344, downTime=230390312, deviceId=3, source=0x1002 }
10-16 10:48:04.967 17369 17369 W ViewRootImpl: Cancelling event due to no window focus: MotionEvent { action=ACTION_CANCEL, actionButton=0, id[0]=0, x[0]=36.884735, y[0]=40.872276, toolType[0]=TOOL_TYPE_FINGER, buttonState=0, metaState=0, flags=0x2, edgeFlags=0x0, pointerCount=1, historySize=0, eventTime=230390360, downTime=230390312, deviceId=3, source=0x1002 }
10-16 10:48:04.967 17369 17369 W ViewRootImpl: Cancelling event due to no window focus: MotionEvent { action=ACTION_CANCEL, actionButton=0, id[0]=0, x[0]=36.884735, y[0]=40.872276, toolType[0]=TOOL_TYPE_FINGER, buttonState=0, metaState=0, flags=0x2, edgeFlags=0x0, pointerCount=1, historySize=0, eventTime=230390360, downTime=230390312, deviceId=3, source=0x1002 }
10-16 10:48:04.967 17369 17369 W ViewRootImpl: Cancelling event due to no window focus: MotionEvent { action=ACTION_CANCEL, actionButton=0, id[0]=0, x[0]=36.884735, y[0]=40.872276, toolType[0]=TOOL_TYPE_FINGER, buttonState=0, metaState=0, flags=0x2, edgeFlags=0x0, pointerCount=1, historySize=0, eventTime=230390360, downTime=230390312, deviceId=3, source=0x1002 }
10-16 10:48:04.967 17369 17369 W ViewRootImpl: Cancelling event due to no window focus: MotionEvent { action=ACTION_CANCEL, actionButton=0, id[0]=0, x[0]=36.884735, y[0]=40.872276, toolType[0]=TOOL_TYPE_FINGER, buttonState=0, metaState=0, flags=0x2, edgeFlags=0x0, pointerCount=1, historySize=0, eventTime=230390360, downTime=230390312, deviceId=3, source=0x1002 }
10-16 10:48:08.700 17369 17369 W ViewRootImpl: Dropping event due to no window focus: MotionEvent { action=ACTION_DOWN, actionButton=0, id[0]=0, x[0]=31.900312, y[0]=34.89097, toolType[0]=TOOL_TYPE_FINGER, buttonState=0, metaState=0, flags=0x2, edgeFlags=0x0, pointerCount=1, historySize=0, eventTime=230394093, downTime=230394093, deviceId=3, source=0x1002 }
10-16 11:04:40.325 17369 17369 W ViewRootImpl: Dropping event due to no window focus: MotionEvent { action=ACTION_MOVE, actionButton=0, id[0]=1, x[0]=272.45212, y[0]=25.313828, toolType[0]=TOOL_TYPE_FINGER, buttonState=0, metaState=0, flags=0x2, edgeFlags=0x0, pointerCount=1, historySize=4, eventTime=231384059, downTime=231383650, deviceId=3, source=0x1002 }
10-16 11:04:40.371 17369 17369 W ViewRootImpl: Dropping event due to no window focus: MotionEvent { action=ACTION_MOVE, actionButton=0, id[0]=1, x[0]=273.14642, y[0]=23.925234, toolType[0]=TOOL_TYPE_FINGER, buttonState=0, metaState=0, flags=0x2, edgeFlags=0x0, pointerCount=1, historySize=0, eventTime=231384070, downTime=231383650, deviceId=3, source=0x1002 }
10-16 11:04:40.372 17369 17369 W ViewRootImpl: Cancelling event due to no window focus: MotionEvent { action=ACTION_CANCEL, actionButton=0, id[0]=1, x[0]=273.14642, y[0]=23.925234, toolType[0]=TOOL_TYPE_FINGER, buttonState=0, metaState=0, flags=0x2, edgeFlags=0x0, pointerCount=1, historySize=0, eventTime=231384085, downTime=231383650, deviceId=3, source=0x1002 }
10-16 11:04:40.372 17369 17369 W ViewRootImpl: Cancelling event due to no window focus: MotionEvent { action=ACTION_CANCEL, actionButton=0, id[0]=1, x[0]=273.14642, y[0]=23.925234, toolType[0]=TOOL_TYPE_FINGER, buttonState=0, metaState=0, flags=0x2, edgeFlags=0x0, pointerCount=1, historySize=0, eventTime=231384085, downTime=231383650, deviceId=3, source=0x1002 }
10-16 11:04:40.372 17369 17369 W ViewRootImpl: Cancelling event due to no window focus: MotionEvent { action=ACTION_CANCEL, actionButton=0, id[0]=1, x[0]=273.14642, y[0]=23.925234, toolType[0]=TOOL_TYPE_FINGER, buttonState=0, metaState=0, flags=0x2, edgeFlags=0x0, pointerCount=1, historySize=0, eventTime=231384085, downTime=231383650, deviceId=3, source=0x1002 }
10-16 11:04:40.373 17369 17369 W ViewRootImpl: Cancelling event due to no window focus: MotionEvent { action=ACTION_CANCEL, actionButton=0, id[0]=1, x[0]=273.14642, y[0]=23.925234, toolType[0]=TOOL_TYPE_FINGER, buttonState=0, metaState=0, flags=0x2, edgeFlags=0x0, pointerCount=1, historySize=0, eventTime=231384085, downTime=231383650, deviceId=3, source=0x1002 }
--------- beginning of main
10-16 11:11:25.644 17369 17369 I chatty  : uid=10055(uk.me.ponies.wearroutes) expire 67 lines
10-16 11:11:46.116 17369 17369 I chatty  : uid=10055(uk.me.ponies.wearroutes) expire 92 lines
10-16 11:12:07.691 17369 17369 I chatty  : uid=10055(uk.me.ponies.wearroutes) expire 31 lines
10-16 11:12:19.114 17369 17369 I chatty  : uid=10055(uk.me.ponies.wearroutes) expire 19 lines
10-16 11:12:25.535 17369 17379 I chatty  : uid=10055(uk.me.ponies.wearroutes) HeapTaskDaemon expire 3 lines
10-16 11:12:25.593 17369 17369 I chatty  : uid=10055(uk.me.ponies.wearroutes) expire 66 lines
10-16 11:12:50.961 17369 17369 I chatty  : uid=10055(uk.me.ponies.wearroutes) expire 45 lines
10-16 11:13:02.936 17369 17369 I chatty  : uid=10055(uk.me.ponies.wearroutes) expire 32 lines
10-16 11:13:09.300 17369 17379 I chatty  : uid=10055(uk.me.ponies.wearroutes) HeapTaskDaemon expire 1 line
10-16 11:13:14.287 17369 17369 W ViewRootImpl: Dropping event due to no window focus: MotionEvent { action=ACTION_DOWN, actionButton=0, id[0]=0, x[0]=15.950156, y[0]=220.31154, toolType[0]=TOOL_TYPE_FINGER, buttonState=0, metaState=0, flags=0x2, edgeFlags=0x0, pointerCount=1, historySize=0, eventTime=231898049, downTime=231898049, deviceId=3, source=0x1002 }
10-16 11:13:14.303 17369 17369 I chatty  : uid=10055(uk.me.ponies.wearroutes) expire 52 lines
10-16 11:13:24.888 17369 17369 I chatty  : uid=10055(uk.me.ponies.wearroutes) expire 43 lines
10-16 11:13:36.799 17369 17369 I chatty  : uid=10055(uk.me.ponies.wearroutes) expire 38 lines
10-16 11:13:37.421 17369 17379 I chatty  : uid=10055(uk.me.ponies.wearroutes) HeapTaskDaemon expire 1 line
10-16 11:13:49.809 17369 17369 I chatty  : uid=10055(uk.me.ponies.wearroutes) expire 35 lines
10-16 11:13:59.989 17369 17369 I chatty  : uid=10055(uk.me.ponies.wearroutes) expire 76 lines
10-16 11:14:05.281 17369 17379 I chatty  : uid=10055(uk.me.ponies.wearroutes) HeapTaskDaemon expire 1 line
10-16 11:14:16.357 17369 17369 I chatty  : uid=10055(uk.me.ponies.wearroutes) expire 16 lines
10-16 11:14:26.507 17369 17369 I chatty  : uid=10055(uk.me.ponies.wearroutes) expire 46 lines
10-16 11:14:28.904 17369 17379 I chatty  : uid=10055(uk.me.ponies.wearroutes) HeapTaskDaemon expire 1 line
10-16 11:14:41.931 17369 17369 I chatty  : uid=10055(uk.me.ponies.wearroutes) expire 29 lines
10-16 11:14:52.084 17369 17369 I chatty  : uid=10055(uk.me.ponies.wearroutes) expire 12 lines
10-16 11:14:55.834 17369 17379 I chatty  : uid=10055(uk.me.ponies.wearroutes) HeapTaskDaemon expire 1 line
10-16 11:14:55.934 17369 17369 I chatty  : uid=10055(uk.me.ponies.wearroutes) expire 66 lines
10-16 11:15:11.863 17369 17369 I chatty  : uid=10055(uk.me.ponies.wearroutes) expire 21 lines
10-16 11:15:15.770 17369 17379 I chatty  : uid=10055(uk.me.ponies.wearroutes) HeapTaskDaemon expire 1 line
10-16 11:15:15.884 17369 17369 I chatty  : uid=10055(uk.me.ponies.wearroutes) expire 38 lines
10-16 11:15:29.794 17369 17369 I chatty  : uid=10055(uk.me.ponies.wearroutes) expire 35 lines
10-16 11:15:39.961 17369 17369 I chatty  : uid=10055(uk.me.ponies.wearroutes) expire 35 lines
10-16 11:15:40.142 17369 17379 I chatty  : uid=10055(uk.me.ponies.wearroutes) HeapTaskDaemon expire 1 line
10-16 11:15:54.738 17369 17369 I chatty  : uid=10055(uk.me.ponies.wearroutes) expire 61 lines
10-16 11:16:04.903 17369 17369 I chatty  : uid=10055(uk.me.ponies.wearroutes) expire 43 lines
10-16 11:16:05.175 17369 17379 I chatty  : uid=10055(uk.me.ponies.wearroutes) HeapTaskDaemon expire 3 lines
10-16 11:16:16.472 17369 17369 I chatty  : uid=10055(uk.me.ponies.wearroutes) expire 55 lines
10-16 11:16:29.157 17369 17369 I chatty  : uid=10055(uk.me.ponies.wearroutes) expire 32 lines
10-16 11:16:41.622 17369 17369 I chatty  : uid=10055(uk.me.ponies.wearroutes) expire 33 lines
10-16 11:16:51.644 17369 17369 I chatty  : uid=10055(uk.me.ponies.wearroutes) expire 57 lines
10-16 11:17:01.700 17369 17379 I chatty  : uid=10055(uk.me.ponies.wearroutes) HeapTaskDaemon expire 2 lines
10-16 11:17:03.562 17369 17369 I chatty  : uid=10055(uk.me.ponies.wearroutes) expire 36 lines
10-16 11:17:13.722 17369 17369 I chatty  : uid=10055(uk.me.ponies.wearroutes) expire 29 lines
10-16 11:17:24.509 17369 17369 I chatty  : uid=10055(uk.me.ponies.wearroutes) expire 39 lines
10-16 11:17:35.005 17369 17369 I chatty  : uid=10055(uk.me.ponies.wearroutes) expire 65 lines
10-16 11:17:50.343 17369 17379 I chatty  : uid=10055(uk.me.ponies.wearroutes) HeapTaskDaemon expire 3 lines
10-16 11:17:55.932 17369 17369 I chatty  : uid=10055(uk.me.ponies.wearroutes) expire 59 lines
10-16 11:18:06.039 17369 17369 I chatty  : uid=10055(uk.me.ponies.wearroutes) expire 30 lines
10-16 11:18:19.540 17369 17369 I chatty  : uid=10055(uk.me.ponies.wearroutes) expire 37 lines
10-16 11:18:29.606 17369 17369 I chatty  : uid=10055(uk.me.ponies.wearroutes) expire 28 lines
10-16 11:18:40.905 17369 17369 I chatty  : uid=10055(uk.me.ponies.wearroutes) expire 33 lines
10-16 11:18:51.876 17369 17369 I chatty  : uid=10055(uk.me.ponies.wearroutes) expire 52 lines
10-16 11:19:07.002 17369 17369 I chatty  : uid=10055(uk.me.ponies.wearroutes) expire 31 lines
10-16 11:19:07.386 17369 17379 I chatty  : uid=10055(uk.me.ponies.wearroutes) HeapTaskDaemon expire 1 line
10-16 11:19:17.618 17369 17369 I chatty  : uid=10055(uk.me.ponies.wearroutes) expire 26 lines
10-16 11:19:34.971 17369 17369 W ViewRootImpl: Dropping event due to no window focus: MotionEvent { action=ACTION_DOWN, actionButton=0, id[0]=0, x[0]=76.760124, y[0]=205.35826, toolType[0]=TOOL_TYPE_FINGER, buttonState=0, metaState=0, flags=0x2, edgeFlags=0x0, pointerCount=1, historySize=0, eventTime=232270037, downTime=232270037, deviceId=3, source=0x1002 }
10-16 11:19:35.016 17369 17369 W ViewRootImpl: Dropping event due to no window focus: MotionEvent { action=ACTION_MOVE, actionButton=0, id[0]=0, x[0]=76.760124, y[0]=205.35826, toolType[0]=TOOL_TYPE_FINGER, buttonState=0, metaState=0, flags=0x2, edgeFlags=0x0, pointerCount=1, historySize=0, eventTime=232270070, downTime=232270037, deviceId=3, source=0x1002 }
10-16 11:19:35.033 17369 17369 W ViewRootImpl: Dropping event due to no window focus: MotionEvent { action=ACTION_MOVE, actionButton=0, id[0]=0, x[0]=76.760124, y[0]=205.35826, toolType[0]=TOOL_TYPE_FINGER, buttonState=0, metaState=0, flags=0x2, edgeFlags=0x0, pointerCount=1, historySize=1, eventTime=232270094, downTime=232270037, deviceId=3, source=0x1002 }
10-16 11:19:35.049 17369 17369 W ViewRootImpl: Dropping event due to no window focus: MotionEvent { action=ACTION_MOVE, actionButton=0, id[0]=0, x[0]=76.760124, y[0]=205.35826, toolType[0]=TOOL_TYPE_FINGER, buttonState=0, metaState=0, flags=0x2, edgeFlags=0x0, pointerCount=1, historySize=1, eventTime=232270110, downTime=232270037, deviceId=3, source=0x1002 }
10-16 11:19:35.065 17369 17369 W ViewRootImpl: Dropping event due to no window focus: MotionEvent { action=ACTION_MOVE, actionButton=0, id[0]=0, x[0]=76.760124, y[0]=205.35826, toolType[0]=TOOL_TYPE_FINGER, buttonState=0, metaState=0, flags=0x2, edgeFlags=0x0, pointerCount=1, historySize=1, eventTime=232270126, downTime=232270037, deviceId=3, source=0x1002 }
10-16 11:19:35.081 17369 17369 W ViewRootImpl: Dropping event due to no window focus: MotionEvent { action=ACTION_MOVE, actionButton=0, id[0]=0, x[0]=76.760124, y[0]=205.35826, toolType[0]=TOOL_TYPE_FINGER, buttonState=0, metaState=0, flags=0x2, edgeFlags=0x0, pointerCount=1, historySize=1, eventTime=232270142, downTime=232270037, deviceId=3, source=0x1002 }
10-16 11:19:35.098 17369 17369 W ViewRootImpl: Dropping event due to no window focus: MotionEvent { action=ACTION_MOVE, actionButton=0, id[0]=0, x[0]=76.760124, y[0]=205.35826, toolType[0]=TOOL_TYPE_FINGER, buttonState=0, metaState=0, flags=0x2, edgeFlags=0x0, pointerCount=1, historySize=1, eventTime=232270159, downTime=232270037, deviceId=3, source=0x1002 }
10-16 11:19:35.116 17369 17369 W ViewRootImpl: Dropping event due to no window focus: MotionEvent { action=ACTION_MOVE, actionButton=0, id[0]=0, x[0]=76.760124, y[0]=205.35826, toolType[0]=TOOL_TYPE_FINGER, buttonState=0, metaState=0, flags=0x2, edgeFlags=0x0, pointerCount=1, historySize=1, eventTime=232270175, downTime=232270037, deviceId=3, source=0x1002 }
10-16 11:19:35.119 17369 17369 I chatty  : uid=10055(uk.me.ponies.wearroutes) expire 224 lines
10-16 11:19:35.184 17369 17369 W ViewRootImpl: Dropping event due to no window focus: MotionEvent { action=ACTION_MOVE, actionButton=0, id[0]=0, x[0]=76.760124, y[0]=205.35826, toolType[0]=TOOL_TYPE_FINGER, buttonState=0, metaState=0, flags=0x2, edgeFlags=0x0, pointerCount=1, historySize=1, eventTime=232270217, downTime=232270037, deviceId=3, source=0x1002 }
10-16 11:19:35.200 17369 17369 W ViewRootImpl: Cancelling event due to no window focus: MotionEvent { action=ACTION_CANCEL, actionButton=0, id[0]=0, x[0]=76.760124, y[0]=205.35826, toolType[0]=TOOL_TYPE_FINGER, buttonState=0, metaState=0, flags=0x2, edgeFlags=0x0, pointerCount=1, historySize=0, eventTime=232270233, downTime=232270037, deviceId=3, source=0x1002 }
10-16 11:19:35.201 17369 17369 W ViewRootImpl: Cancelling event due to no window focus: MotionEvent { action=ACTION_CANCEL, actionButton=0, id[0]=0, x[0]=76.760124, y[0]=205.35826, toolType[0]=TOOL_TYPE_FINGER, buttonState=0, metaState=0, flags=0x2, edgeFlags=0x0, pointerCount=1, historySize=0, eventTime=232270233, downTime=232270037, deviceId=3, source=0x1002 }
10-16 11:19:35.201 17369 17369 W ViewRootImpl: Cancelling event due to no window focus: MotionEvent { action=ACTION_CANCEL, actionButton=0, id[0]=0, x[0]=76.760124, y[0]=205.35826, toolType[0]=TOOL_TYPE_FINGER, buttonState=0, metaState=0, flags=0x2, edgeFlags=0x0, pointerCount=1, historySize=0, eventTime=232270233, downTime=232270037, deviceId=3, source=0x1002 }
10-16 11:19:35.201 17369 17369 W ViewRootImpl: Cancelling event due to no window focus: MotionEvent { action=ACTION_CANCEL, actionButton=0, id[0]=0, x[0]=76.760124, y[0]=205.35826, toolType[0]=TOOL_TYPE_FINGER, buttonState=0, metaState=0, flags=0x2, edgeFlags=0x0, pointerCount=1, historySize=0, eventTime=232270233, downTime=232270037, deviceId=3, source=0x1002 }
10-16 11:19:36.393 17369 17369 W ViewRootImpl: Dropping event due to no window focus: MotionEvent { action=ACTION_MOVE, actionButton=0, id[0]=0, x[0]=159.50156, y[0]=120.623055, toolType[0]=TOOL_TYPE_FINGER, buttonState=0, metaState=0, flags=0x2, edgeFlags=0x0, pointerCount=1, historySize=2, eventTime=232271409, downTime=232270443, deviceId=3, source=0x1002 }
10-16 11:19:36.394 17369 17369 W ViewRootImpl: Cancelling event due to no window focus: MotionEvent { action=ACTION_CANCEL, actionButton=0, id[0]=0, x[0]=159.50156, y[0]=120.623055, toolType[0]=TOOL_TYPE_FINGER, buttonState=0, metaState=0, flags=0x2, edgeFlags=0x0, pointerCount=1, historySize=0, eventTime=232271417, downTime=232270443, deviceId=3, source=0x1002 }
10-16 11:19:36.394 17369 17369 W ViewRootImpl: Cancelling event due to no window focus: MotionEvent { action=ACTION_CANCEL, actionButton=0, id[0]=0, x[0]=159.50156, y[0]=120.623055, toolType[0]=TOOL_TYPE_FINGER, buttonState=0, metaState=0, flags=0x2, edgeFlags=0x0, pointerCount=1, historySize=0, eventTime=232271417, downTime=232270443, deviceId=3, source=0x1002 }
10-16 11:19:36.394 17369 17369 W ViewRootImpl: Cancelling event due to no window focus: MotionEvent { action=ACTION_CANCEL, actionButton=0, id[0]=0, x[0]=159.50156, y[0]=120.623055, toolType[0]=TOOL_TYPE_FINGER, buttonState=0, metaState=0, flags=0x2, edgeFlags=0x0, pointerCount=1, historySize=0, eventTime=232271417, downTime=232270443, deviceId=3, source=0x1002 }
10-16 11:19:36.395 17369 17369 W ViewRootImpl: Cancelling event due to no window focus: MotionEvent { action=ACTION_CANCEL, actionButton=0, id[0]=0, x[0]=159.50156, y[0]=120.623055, toolType[0]=TOOL_TYPE_FINGER, buttonState=0, metaState=0, flags=0x2, edgeFlags=0x0, pointerCount=1, historySize=0, eventTime=232271417, downTime=232270443, deviceId=3, source=0x1002 }
10-16 11:19:48.943 17369 17369 I chatty  : uid=10055(uk.me.ponies.wearroutes) expire 1903 lines
10-16 11:19:54.355 17369 17379 I chatty  : uid=10055(uk.me.ponies.wearroutes) HeapTaskDaemon expire 1 line
10-16 11:19:59.751 17369 17369 W ViewRootImpl: Dropping event due to no window focus: MotionEvent { action=ACTION_MOVE, actionButton=0, id[0]=1, x[0]=18.940811, y[0]=55.825546, toolType[0]=TOOL_TYPE_FINGER, buttonState=0, metaState=0, flags=0x3, edgeFlags=0x0, pointerCount=1, historySize=2, eventTime=232294733, downTime=232287230, deviceId=3, source=0x1002 }
10-16 11:19:59.758 17369 17369 W ViewRootImpl: Cancelling event due to no window focus: MotionEvent { action=ACTION_CANCEL, actionButton=0, id[0]=1, x[0]=18.940811, y[0]=55.825546, toolType[0]=TOOL_TYPE_FINGER, buttonState=0, metaState=0, flags=0x3, edgeFlags=0x0, pointerCount=1, historySize=0, eventTime=232294738, downTime=232287230, deviceId=3, source=0x1002 }
10-16 11:19:59.758 17369 17369 W ViewRootImpl: Cancelling event due to no window focus: MotionEvent { action=ACTION_CANCEL, actionButton=0, id[0]=1, x[0]=18.940811, y[0]=55.825546, toolType[0]=TOOL_TYPE_FINGER, buttonState=0, metaState=0, flags=0x3, edgeFlags=0x0, pointerCount=1, historySize=0, eventTime=232294738, downTime=232287230, deviceId=3, source=0x1002 }
10-16 11:19:59.759 17369 17369 W ViewRootImpl: Cancelling event due to no window focus: MotionEvent { action=ACTION_CANCEL, actionButton=0, id[0]=1, x[0]=18.940811, y[0]=55.825546, toolType[0]=TOOL_TYPE_FINGER, buttonState=0, metaState=0, flags=0x3, edgeFlags=0x0, pointerCount=1, historySize=0, eventTime=232294738, downTime=232287230, deviceId=3, source=0x1002 }
10-16 11:19:59.759 17369 17369 W ViewRootImpl: Cancelling event due to no window focus: MotionEvent { action=ACTION_CANCEL, actionButton=0, id[0]=1, x[0]=18.940811, y[0]=55.825546, toolType[0]=TOOL_TYPE_FINGER, buttonState=0, metaState=0, flags=0x3, edgeFlags=0x0, pointerCount=1, historySize=0, eventTime=232294738, downTime=232287230, deviceId=3, source=0x1002 }
10-16 11:20:04.914 17369 17369 I chatty  : uid=10055(uk.me.ponies.wearroutes) expire 254 lines
10-16 11:20:05.640 17369 17369 W ViewRootImpl: Dropping event due to no window focus: MotionEvent { action=ACTION_DOWN, actionButton=0, id[0]=0, x[0]=91.7134, y[0]=21.931465, toolType[0]=TOOL_TYPE_FINGER, buttonState=0, metaState=0, flags=0x2, edgeFlags=0x0, pointerCount=1, historySize=0, eventTime=232300479, downTime=232300479, deviceId=3, source=0x1002 }
10-16 11:20:08.642 17369 17379 I chatty  : uid=10055(uk.me.ponies.wearroutes) HeapTaskDaemon expire 2 lines
10-16 11:20:18.183 17369 17369 I chatty  : uid=10055(uk.me.ponies.wearroutes) expire 24 lines
10-16 11:20:28.419 17369 17369 I chatty  : uid=10055(uk.me.ponies.wearroutes) expire 930 lines
10-16 11:20:33.052 17369 17369 W ViewRootImpl: Dropping event due to no window focus: MotionEvent { action=ACTION_MOVE, actionButton=0, id[0]=0, x[0]=186.41745, y[0]=94.704056, toolType[0]=TOOL_TYPE_FINGER, buttonState=0, metaState=0, flags=0x2, edgeFlags=0x0, pointerCount=1, historySize=0, eventTime=232324403, downTime=232322407, deviceId=3, source=0x1002 }
10-16 11:20:33.053 17369 17369 W ViewRootImpl: Cancelling event due to no window focus: MotionEvent { action=ACTION_CANCEL, actionButton=0, id[0]=0, x[0]=186.41745, y[0]=94.704056, toolType[0]=TOOL_TYPE_FINGER, buttonState=0, metaState=0, flags=0x2, edgeFlags=0x0, pointerCount=1, historySize=0, eventTime=232324426, downTime=232322407, deviceId=3, source=0x1002 }
10-16 11:20:33.054 17369 17369 W ViewRootImpl: Cancelling event due to no window focus: MotionEvent { action=ACTION_CANCEL, actionButton=0, id[0]=0, x[0]=186.41745, y[0]=94.704056, toolType[0]=TOOL_TYPE_FINGER, buttonState=0, metaState=0, flags=0x2, edgeFlags=0x0, pointerCount=1, historySize=0, eventTime=232324426, downTime=232322407, deviceId=3, source=0x1002 }
10-16 11:20:33.054 17369 17369 W ViewRootImpl: Cancelling event due to no window focus: MotionEvent { action=ACTION_CANCEL, actionButton=0, id[0]=0, x[0]=186.41745, y[0]=94.704056, toolType[0]=TOOL_TYPE_FINGER, buttonState=0, metaState=0, flags=0x2, edgeFlags=0x0, pointerCount=1, historySize=0, eventTime=232324426, downTime=232322407, deviceId=3, source=0x1002 }
10-16 11:20:33.104 17369 17369 W ViewRootImpl: Cancelling event due to no window focus: MotionEvent { action=ACTION_CANCEL, actionButton=0, id[0]=0, x[0]=186.41745, y[0]=94.704056, toolType[0]=TOOL_TYPE_FINGER, buttonState=0, metaState=0, flags=0x2, edgeFlags=0x0, pointerCount=1, historySize=0, eventTime=232324426, downTime=232322407, deviceId=3, source=0x1002 }
10-16 11:20:36.612 17369 17369 W ViewRootImpl: Dropping event due to no window focus: MotionEvent { action=ACTION_DOWN, actionButton=0, id[0]=1, x[0]=242.243, y[0]=138.56699, toolType[0]=TOOL_TYPE_FINGER, buttonState=0, metaState=0, flags=0x2, edgeFlags=0x0, pointerCount=1, historySize=0, eventTime=232328017, downTime=232328017, deviceId=3, source=0x1002 }
10-16 11:20:36.658 17369 17369 W ViewRootImpl: Dropping event due to no window focus: MotionEvent { action=ACTION_MOVE, actionButton=0, id[0]=1, x[0]=242.243, y[0]=136.07477, toolType[0]=TOOL_TYPE_FINGER, buttonState=0, metaState=0, flags=0x2, edgeFlags=0x0, pointerCount=1, historySize=2, eventTime=232328056, downTime=232328017, deviceId=3, source=0x1002 }
10-16 11:20:36.754 17369 17369 W ViewRootImpl: Dropping event due to no window focus: MotionEvent { action=ACTION_MOVE, actionButton=0, id[0]=1, x[0]=244.17825, y[0]=136.57321, toolType[0]=TOOL_TYPE_FINGER, buttonState=0, metaState=0, flags=0x2, edgeFlags=0x0, pointerCount=1, historySize=1, eventTime=232328160, downTime=232328017, deviceId=3, source=0x1002 }
10-16 11:20:36.771 17369 17369 W ViewRootImpl: Dropping event due to no window focus: MotionEvent { action=ACTION_MOVE, actionButton=0, id[0]=1, x[0]=245.21352, y[0]=136.57321, toolType[0]=TOOL_TYPE_FINGER, buttonState=0, metaState=0, flags=0x2, edgeFlags=0x0, pointerCount=1, historySize=1, eventTime=232328177, downTime=232328017, deviceId=3, source=0x1002 }
10-16 11:20:36.788 17369 17369 W ViewRootImpl: Dropping event due to no window focus: MotionEvent { action=ACTION_MOVE, actionButton=0, id[0]=1, x[0]=246.2324, y[0]=136.57321, toolType[0]=TOOL_TYPE_FINGER, buttonState=0, metaState=0, flags=0x2, edgeFlags=0x0, pointerCount=1, historySize=2, eventTime=232328193, downTime=232328017, deviceId=3, source=0x1002 }
10-16 11:20:36.804 17369 17369 W ViewRootImpl: Dropping event due to no window focus: MotionEvent { action=ACTION_MOVE, actionButton=0, id[0]=1, x[0]=247.2745, y[0]=135.52924, toolType[0]=TOOL_TYPE_FINGER, buttonState=0, metaState=0, flags=0x2, edgeFlags=0x0, pointerCount=1, historySize=1, eventTime=232328210, downTime=232328017, deviceId=3, source=0x1002 }
10-16 11:20:36.821 17369 17369 W ViewRootImpl: Dropping event due to no window focus: MotionEvent { action=ACTION_MOVE, actionButton=0, id[0]=1, x[0]=248.30206, y[0]=134.50168, toolType[0]=TOOL_TYPE_FINGER, buttonState=0, metaState=0, flags=0x2, edgeFlags=0x0, pointerCount=1, historySize=1, eventTime=232328227, downTime=232328017, deviceId=3, source=0x1002 }
10-16 11:20:36.838 17369 17369 W ViewRootImpl: Dropping event due to no window focus: MotionEvent { action=ACTION_MOVE, actionButton=0, id[0]=1, x[0]=250.4362, y[0]=131.26161, toolType[0]=TOOL_TYPE_FINGER, buttonState=0, metaState=0, flags=0x2, edgeFlags=0x0, pointerCount=1, historySize=1, eventTime=232328243, downTime=232328017, deviceId=3, source=0x1002 }
10-16 11:20:36.854 17369 17369 W ViewRootImpl: Dropping event due to no window focus: MotionEvent { action=ACTION_MOVE, actionButton=0, id[0]=1, x[0]=259.26483, y[0]=0.4105158, toolType[0]=TOOL_TYPE_FINGER, buttonState=0, metaState=0, flags=0x2, edgeFlags=0x0, pointerCount=1, historySize=1, eventTime=232328260, downTime=232328017, deviceId=3, source=0x1002 }
10-16 11:20:41.006 17369 17369 I chatty  : uid=10055(uk.me.ponies.wearroutes) expire 48 lines
10-16 11:20:41.075 17369 17369 W ViewRootImpl: Dropping event due to no window focus: MotionEvent { action=ACTION_MOVE, actionButton=0, id[0]=1, x[0]=262.1807, y[0]=0.0, toolType[0]=TOOL_TYPE_FINGER, buttonState=0, metaState=0, flags=0x2, edgeFlags=0x0, pointerCount=1, historySize=2, eventTime=232332436, downTime=232328017, deviceId=3, source=0x1002 }
10-16 11:20:41.076 17369 17369 W ViewRootImpl: Cancelling event due to no window focus: MotionEvent { action=ACTION_CANCEL, actionButton=0, id[0]=1, x[0]=262.1807, y[0]=0.0, toolType[0]=TOOL_TYPE_FINGER, buttonState=0, metaState=0, flags=0x2, edgeFlags=0x0, pointerCount=1, historySize=0, eventTime=232332440, downTime=232328017, deviceId=3, source=0x1002 }
10-16 11:20:41.076 17369 17369 W ViewRootImpl: Cancelling event due to no window focus: MotionEvent { action=ACTION_CANCEL, actionButton=0, id[0]=1, x[0]=262.1807, y[0]=0.0, toolType[0]=TOOL_TYPE_FINGER, buttonState=0, metaState=0, flags=0x2, edgeFlags=0x0, pointerCount=1, historySize=0, eventTime=232332440, downTime=232328017, deviceId=3, source=0x1002 }
10-16 11:20:41.077 17369 17369 W ViewRootImpl: Cancelling event due to no window focus: MotionEvent { action=ACTION_CANCEL, actionButton=0, id[0]=1, x[0]=262.1807, y[0]=0.0, toolType[0]=TOOL_TYPE_FINGER, buttonState=0, metaState=0, flags=0x2, edgeFlags=0x0, pointerCount=1, historySize=0, eventTime=232332440, downTime=232328017, deviceId=3, source=0x1002 }
10-16 11:20:41.077 17369 17369 W ViewRootImpl: Cancelling event due to no window focus: MotionEvent { action=ACTION_CANCEL, actionButton=0, id[0]=1, x[0]=262.1807, y[0]=0.0, toolType[0]=TOOL_TYPE_FINGER, buttonState=0, metaState=0, flags=0x2, edgeFlags=0x0, pointerCount=1, historySize=0, eventTime=232332440, downTime=232328017, deviceId=3, source=0x1002 }
10-16 11:20:51.226 17369 17369 I chatty  : uid=10055(uk.me.ponies.wearroutes) expire 15 lines
10-16 11:20:55.456 17369 17379 I chatty  : uid=10055(uk.me.ponies.wearroutes) HeapTaskDaemon expire 3 lines
10-16 11:20:55.539 17369 17369 I chatty  : uid=10055(uk.me.ponies.wearroutes) expire 42 lines
10-16 11:21:05.909 17369 17369 I chatty  : uid=10055(uk.me.ponies.wearroutes) expire 29 lines
10-16 11:21:15.409 17369 17369 I chatty  : uid=10055(uk.me.ponies.wearroutes) expire 41 lines
10-16 11:21:15.605 17369 17379 I chatty  : uid=10055(uk.me.ponies.wearroutes) HeapTaskDaemon expire 1 line
10-16 11:21:29.209 17369 17369 I chatty  : uid=10055(uk.me.ponies.wearroutes) expire 33 lines
10-16 11:21:37.241 17369 17379 I chatty  : uid=10055(uk.me.ponies.wearroutes) HeapTaskDaemon expire 2 lines
10-16 11:21:41.679 17369 17369 I chatty  : uid=10055(uk.me.ponies.wearroutes) expire 38 lines
10-16 11:21:53.506 17369 17369 I chatty  : uid=10055(uk.me.ponies.wearroutes) expire 64 lines
10-16 11:22:06.485 17369 17369 I chatty  : uid=10055(uk.me.ponies.wearroutes) expire 37 lines
10-16 11:22:18.468 17369 17369 I chatty  : uid=10055(uk.me.ponies.wearroutes) expire 34 lines
10-16 11:22:28.209 17369 17379 I chatty  : uid=10055(uk.me.ponies.wearroutes) HeapTaskDaemon expire 1 line
10-16 11:22:31.520 17369 17369 I chatty  : uid=10055(uk.me.ponies.wearroutes) expire 37 lines
10-16 11:22:43.585 17369 17369 I chatty  : uid=10055(uk.me.ponies.wearroutes) expire 44 lines
10-16 11:22:51.691 17369 17379 I chatty  : uid=10055(uk.me.ponies.wearroutes) HeapTaskDaemon expire 6 lines
10-16 11:22:55.541 17369 17369 I chatty  : uid=10055(uk.me.ponies.wearroutes) expire 49 lines
10-16 11:23:01.014 17369 17379 I chatty  : uid=10055(uk.me.ponies.wearroutes) HeapTaskDaemon expire 1 line
10-16 11:23:01.802 17369 17369 I chatty  : uid=10055(uk.me.ponies.wearroutes) expire 30 lines
10-16 11:23:06.099 17369 17379 I chatty  : uid=10055(uk.me.ponies.wearroutes) HeapTaskDaemon expire 1 line
10-16 11:23:08.471 17369 17369 I chatty  : uid=10055(uk.me.ponies.wearroutes) expire 25 lines
10-16 11:23:17.174 17369 17379 I chatty  : uid=10055(uk.me.ponies.wearroutes) HeapTaskDaemon expire 1 line
10-16 11:23:23.189 17369 17369 I chatty  : uid=10055(uk.me.ponies.wearroutes) expire 39 lines
10-16 11:23:34.014 17369 17369 I chatty  : uid=10055(uk.me.ponies.wearroutes) expire 32 lines
10-16 11:23:39.993 17369 17379 I chatty  : uid=10055(uk.me.ponies.wearroutes) HeapTaskDaemon expire 1 line
10-16 11:23:41.585 17369 17369 I chatty  : uid=10055(uk.me.ponies.wearroutes) expire 39 lines
10-16 11:23:52.951 17369 17369 I chatty  : uid=10055(uk.me.ponies.wearroutes) expire 58 lines
10-16 11:23:58.915 17369 17379 I chatty  : uid=10055(uk.me.ponies.wearroutes) HeapTaskDaemon expire 1 line
10-16 11:24:03.893 17369 17369 I chatty  : uid=10055(uk.me.ponies.wearroutes) expire 33 lines
10-16 11:24:17.358 17369 17369 I chatty  : uid=10055(uk.me.ponies.wearroutes) expire 52 lines
10-16 11:24:26.886 17369 17379 I chatty  : uid=10055(uk.me.ponies.wearroutes) HeapTaskDaemon expire 1 line
10-16 11:24:28.540 17369 17369 I chatty  : uid=10055(uk.me.ponies.wearroutes) expire 38 lines
10-16 11:24:38.607 17369 17369 I chatty  : uid=10055(uk.me.ponies.wearroutes) expire 17 lines
10-16 11:24:49.777 17369 17369 I chatty  : uid=10055(uk.me.ponies.wearroutes) expire 13 lines
10-16 11:24:53.149 17369 17379 I chatty  : uid=10055(uk.me.ponies.wearroutes) HeapTaskDaemon expire 1 line
10-16 11:24:53.852 17369 17369 I chatty  : uid=10055(uk.me.ponies.wearroutes) expire 58 lines
10-16 11:25:05.346 17369 17369 I chatty  : uid=10055(uk.me.ponies.wearroutes) expire 34 lines
10-16 11:25:15.674 17369 17369 I chatty  : uid=10055(uk.me.ponies.wearroutes) expire 36 lines
10-16 11:25:16.062 17369 17379 I chatty  : uid=10055(uk.me.ponies.wearroutes) HeapTaskDaemon expire 1 line
10-16 11:25:25.014 17369 17369 I chatty  : uid=10055(uk.me.ponies.wearroutes) expire 12 lines
10-16 11:25:25.885 17369 17379 I chatty  : uid=10055(uk.me.ponies.wearroutes) HeapTaskDaemon expire 1 line
10-16 11:25:25.919 17369 17369 I chatty  : uid=10055(uk.me.ponies.wearroutes) expire 18 lines
10-16 11:25:30.924 17369 17379 I chatty  : uid=10055(uk.me.ponies.wearroutes) HeapTaskDaemon expire 1 line
10-16 11:25:32.683 17369 17369 I chatty  : uid=10055(uk.me.ponies.wearroutes) expire 36 lines
10-16 11:25:42.811 17369 17369 I chatty  : uid=10055(uk.me.ponies.wearroutes) expire 37 lines
10-16 11:25:52.004 17369 17379 I chatty  : uid=10055(uk.me.ponies.wearroutes) HeapTaskDaemon expire 1 line
10-16 11:25:53.665 17369 17369 I chatty  : uid=10055(uk.me.ponies.wearroutes) expire 55 lines
10-16 11:26:04.585 17369 17369 I chatty  : uid=10055(uk.me.ponies.wearroutes) expire 37 lines
10-16 11:26:14.631 17369 17369 I chatty  : uid=10055(uk.me.ponies.wearroutes) expire 41 lines
10-16 11:26:14.962 17369 17379 I chatty  : uid=10055(uk.me.ponies.wearroutes) HeapTaskDaemon expire 1 line
10-16 11:26:25.725 17369 17369 I chatty  : uid=10055(uk.me.ponies.wearroutes) expire 29 lines
10-16 11:26:38.029 17369 17369 I chatty  : uid=10055(uk.me.ponies.wearroutes) expire 15 lines
10-16 11:26:38.812 17369 17379 I chatty  : uid=10055(uk.me.ponies.wearroutes) HeapTaskDaemon expire 1 line
10-16 11:26:41.661 17369 17369 I chatty  : uid=10055(uk.me.ponies.wearroutes) expire 32 lines
10-16 11:26:52.002 17369 17369 I chatty  : uid=10055(uk.me.ponies.wearroutes) expire 76 lines
10-16 11:26:53.275 17369 17369 W ViewRootImpl: Dropping event due to no window focus: MotionEvent { action=ACTION_DOWN, actionButton=0, id[0]=0, x[0]=64.79751, y[0]=36.884735, toolType[0]=TOOL_TYPE_FINGER, buttonState=0, metaState=0, flags=0x2, edgeFlags=0x0, pointerCount=1, historySize=0, eventTime=232703669, downTime=232703669, deviceId=3, source=0x1002 }
10-16 11:26:53.298 17369 17369 W ViewRootImpl: Dropping event due to no window focus: MotionEvent { action=ACTION_MOVE, actionButton=0, id[0]=0, x[0]=66.08263, y[0]=35.59962, toolType[0]=TOOL_TYPE_FINGER, buttonState=0, metaState=0, flags=0x2, edgeFlags=0x0, pointerCount=1, historySize=1, eventTime=232703689, downTime=232703669, deviceId=3, source=0x1002 }
10-16 11:26:53.317 17369 17369 W ViewRootImpl: Dropping event due to no window focus: MotionEvent { action=ACTION_MOVE, actionButton=0, id[0]=0, x[0]=67.241806, y[0]=34.440445, toolType[0]=TOOL_TYPE_FINGER, buttonState=0, metaState=0, flags=0x2, edgeFlags=0x0, pointerCount=1, historySize=1, eventTime=232703708, downTime=232703669, deviceId=3, source=0x1002 }
10-16 11:26:53.336 17369 17369 W ViewRootImpl: Dropping event due to no window focus: MotionEvent { action=ACTION_MOVE, actionButton=0, id[0]=0, x[0]=68.286606, y[0]=33.395638, toolType[0]=TOOL_TYPE_FINGER, buttonState=0, metaState=0, flags=0x2, edgeFlags=0x0, pointerCount=1, historySize=1, eventTime=232703725, downTime=232703669, deviceId=3, source=0x1002 }
10-16 11:26:53.355 17369 17369 W ViewRootImpl: Dropping event due to no window focus: MotionEvent { action=ACTION_MOVE, actionButton=0, id[0]=0, x[0]=67.78816, y[0]=32.064667, toolType[0]=TOOL_TYPE_FINGER, buttonState=0, metaState=0, flags=0x2, edgeFlags=0x0, pointerCount=1, historySize=1, eventTime=232703746, downTime=232703669, deviceId=3, source=0x1002 }
10-16 11:26:53.374 17369 17369 W ViewRootImpl: Dropping event due to no window focus: MotionEvent { action=ACTION_MOVE, actionButton=0, id[0]=0, x[0]=67.78816, y[0]=30.897429, toolType[0]=TOOL_TYPE_FINGER, buttonState=0, metaState=0, flags=0x2, edgeFlags=0x0, pointerCount=1, historySize=2, eventTime=232703765, downTime=232703669, deviceId=3, source=0x1002 }
10-16 11:26:53.393 17369 17369 W ViewRootImpl: Dropping event due to no window focus: MotionEvent { action=ACTION_MOVE, actionButton=0, id[0]=0, x[0]=67.78816, y[0]=29.719938, toolType[0]=TOOL_TYPE_FINGER, buttonState=0, metaState=0, flags=0x2, edgeFlags=0x0, pointerCount=1, historySize=1, eventTime=232703784, downTime=232703669, deviceId=3, source=0x1002 }
10-16 11:26:53.412 17369 17369 W ViewRootImpl: Dropping event due to no window focus: MotionEvent { action=ACTION_MOVE, actionButton=0, id[0]=0, x[0]=67.78816, y[0]=28.534739, toolType[0]=TOOL_TYPE_FINGER, buttonState=0, metaState=0, flags=0x2, edgeFlags=0x0, pointerCount=1, historySize=1, eventTime=232703803, downTime=232703669, deviceId=3, source=0x1002 }
10-16 11:26:53.431 17369 17369 W ViewRootImpl: Dropping event due to no window focus: MotionEvent { action=ACTION_MOVE, actionButton=0, id[0]=0, x[0]=67.78816, y[0]=27.415014, toolType[0]=TOOL_TYPE_FINGER, buttonState=0, metaState=0, flags=0x2, edgeFlags=0x0, pointerCount=1, historySize=1, eventTime=232703821, downTime=232703669, deviceId=3, source=0x1002 }
10-16 11:26:53.452 17369 17369 W ViewRootImpl: Dropping event due to no window focus: MotionEvent { action=ACTION_MOVE, actionButton=0, id[0]=0, x[0]=67.05336, y[0]=26.181086, toolType[0]=TOOL_TYPE_FINGER, buttonState=0, metaState=0, flags=0x2, edgeFlags=0x0, pointerCount=1, historySize=1, eventTime=232703841, downTime=232703669, deviceId=3, source=0x1002 }
10-16 11:26:53.470 17369 17369 W ViewRootImpl: Dropping event due to no window focus: MotionEvent { action=ACTION_MOVE, actionButton=0, id[0]=0, x[0]=66.29634, y[0]=25.424059, toolType[0]=TOOL_TYPE_FINGER, buttonState=0, metaState=0, flags=0x2, edgeFlags=0x0, pointerCount=1, historySize=1, eventTime=232703853, downTime=232703669, deviceId=3, source=0x1002 }
10-16 11:26:54.412 17369 17369 W ViewRootImpl: Dropping event due to no window focus: MotionEvent { action=ACTION_MOVE, actionButton=0, id[0]=0, x[0]=64.79751, y[0]=9.968847, toolType[0]=TOOL_TYPE_FINGER, buttonState=0, metaState=0, flags=0x2, edgeFlags=0x0, pointerCount=1, historySize=1, eventTime=232704793, downTime=232703669, deviceId=3, source=0x1002 }
10-16 11:26:54.423 17369 17369 W ViewRootImpl: Dropping event due to no window focus: MotionEvent { action=ACTION_MOVE, actionButton=0, id[0]=0, x[0]=65.74228, y[0]=9.968847, toolType[0]=TOOL_TYPE_FINGER, buttonState=0, metaState=0, flags=0x2, edgeFlags=0x0, pointerCount=1, historySize=1, eventTime=232704810, downTime=232703669, deviceId=3, source=0x1002 }
10-16 11:26:54.470 17369 17369 W ViewRootImpl: Dropping event due to no window focus: MotionEvent { action=ACTION_MOVE, actionButton=0, id[0]=0, x[0]=66.28196, y[0]=9.968847, toolType[0]=TOOL_TYPE_FINGER, buttonState=0, metaState=0, flags=0x2, edgeFlags=0x0, pointerCount=1, historySize=1, eventTime=232704818, downTime=232703669, deviceId=3, source=0x1002 }
10-16 11:26:54.471 17369 17369 W ViewRootImpl: Cancelling event due to no window focus: MotionEvent { action=ACTION_CANCEL, actionButton=0, id[0]=0, x[0]=66.28196, y[0]=9.968847, toolType[0]=TOOL_TYPE_FINGER, buttonState=0, metaState=0, flags=0x2, edgeFlags=0x0, pointerCount=1, historySize=0, eventTime=232704851, downTime=232703669, deviceId=3, source=0x1002 }
10-16 11:26:54.471 17369 17369 W ViewRootImpl: Cancelling event due to no window focus: MotionEvent { action=ACTION_CANCEL, actionButton=0, id[0]=0, x[0]=66.28196, y[0]=9.968847, toolType[0]=TOOL_TYPE_FINGER, buttonState=0, metaState=0, flags=0x2, edgeFlags=0x0, pointerCount=1, historySize=0, eventTime=232704851, downTime=232703669, deviceId=3, source=0x1002 }
10-16 11:26:54.471 17369 17369 W ViewRootImpl: Cancelling event due to no window focus: MotionEvent { action=ACTION_CANCEL, actionButton=0, id[0]=0, x[0]=66.28196, y[0]=9.968847, toolType[0]=TOOL_TYPE_FINGER, buttonState=0, metaState=0, flags=0x2, edgeFlags=0x0, pointerCount=1, historySize=0, eventTime=232704851, downTime=232703669, deviceId=3, source=0x1002 }
10-16 11:26:54.471 17369 17369 W ViewRootImpl: Cancelling event due to no window focus: MotionEvent { action=ACTION_CANCEL, actionButton=0, id[0]=0, x[0]=66.28196, y[0]=9.968847, toolType[0]=TOOL_TYPE_FINGER, buttonState=0, metaState=0, flags=0x2, edgeFlags=0x0, pointerCount=1, historySize=0, eventTime=232704851, downTime=232703669, deviceId=3, source=0x1002 }
10-16 11:27:00.184 17369 17379 I chatty  : uid=10055(uk.me.ponies.wearroutes) HeapTaskDaemon expire 1 line
10-16 11:27:02.127 17369 17369 I chatty  : uid=10055(uk.me.ponies.wearroutes) expire 10 lines
10-16 11:27:05.880 17369 17379 I chatty  : uid=10055(uk.me.ponies.wearroutes) HeapTaskDaemon expire 1 line
10-16 11:27:06.001 17369 17369 I chatty  : uid=10055(uk.me.ponies.wearroutes) expire 37 lines
10-16 11:27:16.749 17369 17369 I chatty  : uid=10055(uk.me.ponies.wearroutes) expire 31 lines
10-16 11:27:26.245 17369 17379 I chatty  : uid=10055(uk.me.ponies.wearroutes) HeapTaskDaemon expire 4 lines
10-16 11:27:30.370 17369 17369 I chatty  : uid=10055(uk.me.ponies.wearroutes) expire 39 lines
10-16 11:27:40.852 17369 17369 I chatty  : uid=10055(uk.me.ponies.wearroutes) expire 111 lines
10-16 11:27:42.503 17369 17369 W ViewRootImpl: Dropping event due to no window focus: MotionEvent { action=ACTION_DOWN, actionButton=0, id[0]=0, x[0]=30.903427, y[0]=28.909658, toolType[0]=TOOL_TYPE_FINGER, buttonState=0, metaState=0, flags=0x2, edgeFlags=0x0, pointerCount=1, historySize=0, eventTime=232752899, downTime=232752899, deviceId=3, source=0x1002 }
10-16 11:27:42.541 17369 17369 W ViewRootImpl: Dropping event due to no window focus: MotionEvent { action=ACTION_MOVE, actionButton=0, id[0]=0, x[0]=27.840677, y[0]=28.909658, toolType[0]=TOOL_TYPE_FINGER, buttonState=0, metaState=0, flags=0x2, edgeFlags=0x0, pointerCount=1, historySize=2, eventTime=232752932, downTime=232752899, deviceId=3, source=0x1002 }
10-16 11:27:42.600 17369 17369 W ViewRootImpl: Dropping event due to no window focus: MotionEvent { action=ACTION_MOVE, actionButton=0, id[0]=0, x[0]=24.176502, y[0]=28.909658, toolType[0]=TOOL_TYPE_FINGER, buttonState=0, metaState=0, flags=0x2, edgeFlags=0x0, pointerCount=1, historySize=3, eventTime=232752991, downTime=232752899, deviceId=3, source=0x1002 }
10-16 11:27:42.619 17369 17369 W ViewRootImpl: Dropping event due to no window focus: MotionEvent { action=ACTION_MOVE, actionButton=0, id[0]=0, x[0]=23.925234, y[0]=28.909658, toolType[0]=TOOL_TYPE_FINGER, buttonState=0, metaState=0, flags=0x2, edgeFlags=0x0, pointerCount=1, historySize=1, eventTime=232753011, downTime=232752899, deviceId=3, source=0x1002 }
10-16 11:27:42.639 17369 17369 W ViewRootImpl: Dropping event due to no window focus: MotionEvent { action=ACTION_MOVE, actionButton=0, id[0]=0, x[0]=23.925234, y[0]=28.909658, toolType[0]=TOOL_TYPE_FINGER, buttonState=0, metaState=0, flags=0x2, edgeFlags=0x0, pointerCount=1, historySize=1, eventTime=232753019, downTime=232752899, deviceId=3, source=0x1002 }
10-16 11:27:42.647 17369 17369 W ViewRootImpl: Cancelling event due to no window focus: MotionEvent { action=ACTION_CANCEL, actionButton=0, id[0]=0, x[0]=23.925234, y[0]=28.909658, toolType[0]=TOOL_TYPE_FINGER, buttonState=0, metaState=0, flags=0x2, edgeFlags=0x0, pointerCount=1, historySize=0, eventTime=232753043, downTime=232752899, deviceId=3, source=0x1002 }
10-16 11:27:42.647 17369 17369 W ViewRootImpl: Cancelling event due to no window focus: MotionEvent { action=ACTION_CANCEL, actionButton=0, id[0]=0, x[0]=23.925234, y[0]=28.909658, toolType[0]=TOOL_TYPE_FINGER, buttonState=0, metaState=0, flags=0x2, edgeFlags=0x0, pointerCount=1, historySize=0, eventTime=232753043, downTime=232752899, deviceId=3, source=0x1002 }
10-16 11:27:42.647 17369 17369 W ViewRootImpl: Cancelling event due to no window focus: MotionEvent { action=ACTION_CANCEL, actionButton=0, id[0]=0, x[0]=23.925234, y[0]=28.909658, toolType[0]=TOOL_TYPE_FINGER, buttonState=0, metaState=0, flags=0x2, edgeFlags=0x0, pointerCount=1, historySize=0, eventTime=232753043, downTime=232752899, deviceId=3, source=0x1002 }
10-16 11:27:42.647 17369 17369 W ViewRootImpl: Cancelling event due to no window focus: MotionEvent { action=ACTION_CANCEL, actionButton=0, id[0]=0, x[0]=23.925234, y[0]=28.909658, toolType[0]=TOOL_TYPE_FINGER, buttonState=0, metaState=0, flags=0x2, edgeFlags=0x0, pointerCount=1, historySize=0, eventTime=232753043, downTime=232752899, deviceId=3, source=0x1002 }
10-16 11:27:43.860 17369 17369 W ViewRootImpl: Dropping event due to no window focus: MotionEvent { action=ACTION_DOWN, actionButton=0, id[0]=0, x[0]=41.86916, y[0]=170.4673, toolType[0]=TOOL_TYPE_FINGER, buttonState=0, metaState=0, flags=0x2, edgeFlags=0x0, pointerCount=1, historySize=0, eventTime=232754189, downTime=232754189, deviceId=3, source=0x1002 }
10-16 11:27:43.860 17369 17369 W ViewRootImpl: Cancelling event due to no window focus: MotionEvent { action=ACTION_CANCEL, actionButton=0, id[0]=0, x[0]=41.86916, y[0]=170.4673, toolType[0]=TOOL_TYPE_FINGER, buttonState=0, metaState=0, flags=0x2, edgeFlags=0x0, pointerCount=1, historySize=0, eventTime=232754205, downTime=232754189, deviceId=3, source=0x1002 }
10-16 11:27:43.860 17369 17369 W ViewRootImpl: Cancelling event due to no window focus: MotionEvent { action=ACTION_CANCEL, actionButton=0, id[0]=0, x[0]=41.86916, y[0]=170.4673, toolType[0]=TOOL_TYPE_FINGER, buttonState=0, metaState=0, flags=0x2, edgeFlags=0x0, pointerCount=1, historySize=0, eventTime=232754205, downTime=232754189, deviceId=3, source=0x1002 }
10-16 11:27:43.861 17369 17369 W ViewRootImpl: Cancelling event due to no window focus: MotionEvent { action=ACTION_CANCEL, actionButton=0, id[0]=0, x[0]=41.86916, y[0]=170.4673, toolType[0]=TOOL_TYPE_FINGER, buttonState=0, metaState=0, flags=0x2, edgeFlags=0x0, pointerCount=1, historySize=0, eventTime=232754205, downTime=232754189, deviceId=3, source=0x1002 }
10-16 11:27:43.861 17369 17369 W ViewRootImpl: Cancelling event due to no window focus: MotionEvent { action=ACTION_CANCEL, actionButton=0, id[0]=0, x[0]=41.86916, y[0]=170.4673, toolType[0]=TOOL_TYPE_FINGER, buttonState=0, metaState=0, flags=0x2, edgeFlags=0x0, pointerCount=1, historySize=0, eventTime=232754205, downTime=232754189, deviceId=3, source=0x1002 }
10-16 11:27:46.080 17369 17369 W ViewRootImpl: Cancelling event due to no window focus: MotionEvent { action=ACTION_CANCEL, actionButton=0, id[0]=0, x[0]=37.881622, y[0]=184.42368, toolType[0]=TOOL_TYPE_FINGER, buttonState=0, metaState=0, flags=0x2, edgeFlags=0x0, pointerCount=1, historySize=0, eventTime=232756390, downTime=232754475, deviceId=3, source=0x1002 }
10-16 11:27:46.080 17369 17369 W ViewRootImpl: Cancelling event due to no window focus: MotionEvent { action=ACTION_CANCEL, actionButton=0, id[0]=0, x[0]=37.881622, y[0]=184.42368, toolType[0]=TOOL_TYPE_FINGER, buttonState=0, metaState=0, flags=0x2, edgeFlags=0x0, pointerCount=1, historySize=0, eventTime=232756390, downTime=232754475, deviceId=3, source=0x1002 }
10-16 11:27:46.080 17369 17369 W ViewRootImpl: Cancelling event due to no window focus: MotionEvent { action=ACTION_CANCEL, actionButton=0, id[0]=0, x[0]=37.881622, y[0]=184.42368, toolType[0]=TOOL_TYPE_FINGER, buttonState=0, metaState=0, flags=0x2, edgeFlags=0x0, pointerCount=1, historySize=0, eventTime=232756390, downTime=232754475, deviceId=3, source=0x1002 }
10-16 11:27:53.154 17369 17369 I chatty  : uid=10055(uk.me.ponies.wearroutes) expire 106 lines
10-16 11:28:00.811 17369 17369 W ViewRootImpl: Cancelling event due to no window focus: MotionEvent { action=ACTION_CANCEL, actionButton=0, id[0]=0, x[0]=36.884735, y[0]=161.49533, toolType[0]=TOOL_TYPE_FINGER, buttonState=0, metaState=0, flags=0x2, edgeFlags=0x0, pointerCount=1, historySize=0, eventTime=232771020, downTime=232770800, deviceId=3, source=0x1002 }
10-16 11:28:00.811 17369 17369 W ViewRootImpl: Cancelling event due to no window focus: MotionEvent { action=ACTION_CANCEL, actionButton=0, id[0]=0, x[0]=36.884735, y[0]=161.49533, toolType[0]=TOOL_TYPE_FINGER, buttonState=0, metaState=0, flags=0x2, edgeFlags=0x0, pointerCount=1, historySize=0, eventTime=232771020, downTime=232770800, deviceId=3, source=0x1002 }
