--------- beginning of main
05-20 15:15:07.855 18046 18046 I art     : Not late-enabling -Xcheck:jni (already on)
05-20 15:15:07.989 18059 18059 W dex2oat : Unexpected CPU variant for X86 using defaults: x86
05-20 15:15:07.989 18059 18059 W dex2oat : Mismatch between dex2oat instruction set features (ISA: X86 Feature string: smp,-ssse3,-sse4.1,-sse4.2,-avx,-avx2) and those of dex2oat executable (ISA: X86 Feature string: smp,ssse3,-sse4.1,-sse4.2,-avx,-avx2) for the command line:
05-20 15:15:07.989 18059 18059 W dex2oat : /system/bin/dex2oat --runtime-arg -classpath --runtime-arg  --instruction-set=x86 --instruction-set-features=smp,ssse3,-sse4.1,-sse4.2,-avx,-avx2 --runtime-arg -Xrelocate --boot-image=/system/framework/boot.art --runtime-arg -Xms64m --runtime-arg -Xmx512m -j1 --instruction-set-variant=x86 --instruction-set-features=default --dex-file=/data/app/uk.me.ponies.wearroutes-2/split_lib_dependencies_apk.apk --oat-file=/data/dalvik-cache/x86/data@app@uk.me.ponies.wearroutes-2@split_lib_dependencies_apk.apk@classes.dex
05-20 15:15:07.989 18059 18059 E dex2oat : Failed to create oat file: /data/dalvik-cache/x86/data@app@uk.me.ponies.wearroutes-2@split_lib_dependencies_apk.apk@classes.dex: Permission denied
05-20 15:15:07.989 18059 18059 I dex2oat : dex2oat took 454.248us (threads: 1) 
05-20 15:15:07.994 18046 18046 W art     : Failed execv(/system/bin/dex2oat --runtime-arg -classpath --runtime-arg  --instruction-set=x86 --instruction-set-features=smp,ssse3,-sse4.1,-sse4.2,-avx,-avx2 --runtime-arg -Xrelocate --boot-image=/system/framework/boot.art --runtime-arg -Xms64m --runtime-arg -Xmx512m -j1 --instruction-set-variant=x86 --instruction-set-features=default --dex-file=/data/app/uk.me.ponies.wearroutes-2/split_lib_dependencies_apk.apk --oat-file=/data/dalvik-cache/x86/data@app@uk.me.ponies.wearroutes-2@split_lib_dependencies_apk.apk@classes.dex) because non-0 exit status
05-20 15:15:08.215 18085 18085 W dex2oat : Unexpected CPU variant for X86 using defaults: x86
05-20 15:15:08.215 18085 18085 W dex2oat : Mismatch between dex2oat instruction set features (ISA: X86 Feature string: smp,-ssse3,-sse4.1,-sse4.2,-avx,-avx2) and those of dex2oat executable (ISA: X86 Feature string: smp,ssse3,-sse4.1,-sse4.2,-avx,-avx2) for the command line:
05-20 15:15:08.215 18085 18085 W dex2oat : /system/bin/dex2oat --runtime-arg -classpath --runtime-arg  --instruction-set=x86 --instruction-set-features=smp,ssse3,-sse4.1,-sse4.2,-avx,-avx2 --runtime-arg -Xrelocate --boot-image=/system/framework/boot.art --runtime-arg -Xms64m --runtime-arg -Xmx512m -j1 --instruction-set-variant=x86 --instruction-set-features=default --dex-file=/data/app/uk.me.ponies.wearroutes-2/split_lib_slice_0_apk.apk --oat-file=/data/dalvik-cache/x86/data@app@uk.me.ponies.wearroutes-2@split_lib_slice_0_apk.apk@classes.dex
05-20 15:15:08.215 18085 18085 E dex2oat : Failed to create oat file: /data/dalvik-cache/x86/data@app@uk.me.ponies.wearroutes-2@split_lib_slice_0_apk.apk@classes.dex: Permission denied
05-20 15:15:08.216 18085 18085 I dex2oat : dex2oat took 791.163us (threads: 1) 
05-20 15:15:08.216 18046 18046 W art     : Failed execv(/system/bin/dex2oat --runtime-arg -classpath --runtime-arg  --instruction-set=x86 --instruction-set-features=smp,ssse3,-sse4.1,-sse4.2,-avx,-avx2 --runtime-arg -Xrelocate --boot-image=/system/framework/boot.art --runtime-arg -Xms64m --runtime-arg -Xmx512m -j1 --instruction-set-variant=x86 --instruction-set-features=default --dex-file=/data/app/uk.me.ponies.wearroutes-2/split_lib_slice_0_apk.apk --oat-file=/data/dalvik-cache/x86/data@app@uk.me.ponies.wearroutes-2@split_lib_slice_0_apk.apk@classes.dex) because non-0 exit status
05-20 15:15:08.233 18087 18087 W dex2oat : Unexpected CPU variant for X86 using defaults: x86
05-20 15:15:08.233 18087 18087 W dex2oat : Mismatch between dex2oat instruction set features (ISA: X86 Feature string: smp,-ssse3,-sse4.1,-sse4.2,-avx,-avx2) and those of dex2oat executable (ISA: X86 Feature string: smp,ssse3,-sse4.1,-sse4.2,-avx,-avx2) for the command line:
05-20 15:15:08.233 18087 18087 W dex2oat : /system/bin/dex2oat --runtime-arg -classpath --runtime-arg  --instruction-set=x86 --instruction-set-features=smp,ssse3,-sse4.1,-sse4.2,-avx,-avx2 --runtime-arg -Xrelocate --boot-image=/system/framework/boot.art --runtime-arg -Xms64m --runtime-arg -Xmx512m -j1 --instruction-set-variant=x86 --instruction-set-features=default --dex-file=/data/app/uk.me.ponies.wearroutes-2/split_lib_slice_1_apk.apk --oat-file=/data/dalvik-cache/x86/data@app@uk.me.ponies.wearroutes-2@split_lib_slice_1_apk.apk@classes.dex
05-20 15:15:08.233 18087 18087 E dex2oat : Failed to create oat file: /data/dalvik-cache/x86/data@app@uk.me.ponies.wearroutes-2@split_lib_slice_1_apk.apk@classes.dex: Permission denied
05-20 15:15:08.233 18087 18087 I dex2oat : dex2oat took 446.702us (threads: 1) 
05-20 15:15:08.233 18046 18046 W art     : Failed execv(/system/bin/dex2oat --runtime-arg -classpath --runtime-arg  --instruction-set=x86 --instruction-set-features=smp,ssse3,-sse4.1,-sse4.2,-avx,-avx2 --runtime-arg -Xrelocate --boot-image=/system/framework/boot.art --runtime-arg -Xms64m --runtime-arg -Xmx512m -j1 --instruction-set-variant=x86 --instruction-set-features=default --dex-file=/data/app/uk.me.ponies.wearroutes-2/split_lib_slice_1_apk.apk --oat-file=/data/dalvik-cache/x86/data@app@uk.me.ponies.wearroutes-2@split_lib_slice_1_apk.apk@classes.dex) because non-0 exit status
05-20 15:15:08.246 18089 18089 W dex2oat : Unexpected CPU variant for X86 using defaults: x86
05-20 15:15:08.246 18089 18089 W dex2oat : Mismatch between dex2oat instruction set features (ISA: X86 Feature string: smp,-ssse3,-sse4.1,-sse4.2,-avx,-avx2) and those of dex2oat executable (ISA: X86 Feature string: smp,ssse3,-sse4.1,-sse4.2,-avx,-avx2) for the command line:
05-20 15:15:08.246 18089 18089 W dex2oat : /system/bin/dex2oat --runtime-arg -classpath --runtime-arg  --instruction-set=x86 --instruction-set-features=smp,ssse3,-sse4.1,-sse4.2,-avx,-avx2 --runtime-arg -Xrelocate --boot-image=/system/framework/boot.art --runtime-arg -Xms64m --runtime-arg -Xmx512m -j1 --instruction-set-variant=x86 --instruction-set-features=default --dex-file=/data/app/uk.me.ponies.wearroutes-2/split_lib_slice_2_apk.apk --oat-file=/data/dalvik-cache/x86/data@app@uk.me.ponies.wearroutes-2@split_lib_slice_2_apk.apk@classes.dex
05-20 15:15:08.247 18089 18089 E dex2oat : Failed to create oat file: /data/dalvik-cache/x86/data@app@uk.me.ponies.wearroutes-2@split_lib_slice_2_apk.apk@classes.dex: Permission denied
05-20 15:15:08.247 18089 18089 I dex2oat : dex2oat took 1.059ms (threads: 1) 
05-20 15:15:08.247 18046 18046 W art     : Failed execv(/system/bin/dex2oat --runtime-arg -classpath --runtime-arg  --instruction-set=x86 --instruction-set-features=smp,ssse3,-sse4.1,-sse4.2,-avx,-avx2 --runtime-arg -Xrelocate --boot-image=/system/framework/boot.art --runtime-arg -Xms64m --runtime-arg -Xmx512m -j1 --instruction-set-variant=x86 --instruction-set-features=default --dex-file=/data/app/uk.me.ponies.wearroutes-2/split_lib_slice_2_apk.apk --oat-file=/data/dalvik-cache/x86/data@app@uk.me.ponies.wearroutes-2@split_lib_slice_2_apk.apk@classes.dex) because non-0 exit status
05-20 15:15:08.257 18091 18091 W dex2oat : Unexpected CPU variant for X86 using defaults: x86
05-20 15:15:08.258 18091 18091 W dex2oat : Mismatch between dex2oat instruction set features (ISA: X86 Feature string: smp,-ssse3,-sse4.1,-sse4.2,-avx,-avx2) and those of dex2oat executable (ISA: X86 Feature string: smp,ssse3,-sse4.1,-sse4.2,-avx,-avx2) for the command line:
05-20 15:15:08.258 18091 18091 W dex2oat : /system/bin/dex2oat --runtime-arg -classpath --runtime-arg  --instruction-set=x86 --instruction-set-features=smp,ssse3,-sse4.1,-sse4.2,-avx,-avx2 --runtime-arg -Xrelocate --boot-image=/system/framework/boot.art --runtime-arg -Xms64m --runtime-arg -Xmx512m -j1 --instruction-set-variant=x86 --instruction-set-features=default --dex-file=/data/app/uk.me.ponies.wearroutes-2/split_lib_slice_3_apk.apk --oat-file=/data/dalvik-cache/x86/data@app@uk.me.ponies.wearroutes-2@split_lib_slice_3_apk.apk@classes.dex
05-20 15:15:08.258 18091 18091 E dex2oat : Failed to create oat file: /data/dalvik-cache/x86/data@app@uk.me.ponies.wearroutes-2@split_lib_slice_3_apk.apk@classes.dex: Permission denied
05-20 15:15:08.258 18091 18091 I dex2oat : dex2oat took 750.935us (threads: 1) 
05-20 15:15:08.259 18046 18046 W art     : Failed execv(/system/bin/dex2oat --runtime-arg -classpath --runtime-arg  --instruction-set=x86 --instruction-set-features=smp,ssse3,-sse4.1,-sse4.2,-avx,-avx2 --runtime-arg -Xrelocate --boot-image=/system/framework/boot.art --runtime-arg -Xms64m --runtime-arg -Xmx512m -j1 --instruction-set-variant=x86 --instruction-set-features=default --dex-file=/data/app/uk.me.ponies.wearroutes-2/split_lib_slice_3_apk.apk --oat-file=/data/dalvik-cache/x86/data@app@uk.me.ponies.wearroutes-2@split_lib_slice_3_apk.apk@classes.dex) because non-0 exit status
05-20 15:15:08.270 18093 18093 W dex2oat : Unexpected CPU variant for X86 using defaults: x86
05-20 15:15:08.270 18093 18093 W dex2oat : Mismatch between dex2oat instruction set features (ISA: X86 Feature string: smp,-ssse3,-sse4.1,-sse4.2,-avx,-avx2) and those of dex2oat executable (ISA: X86 Feature string: smp,ssse3,-sse4.1,-sse4.2,-avx,-avx2) for the command line:
05-20 15:15:08.273 18093 18093 W dex2oat : /system/bin/dex2oat --runtime-arg -classpath --runtime-arg  --instruction-set=x86 --instruction-set-features=smp,ssse3,-sse4.1,-sse4.2,-avx,-avx2 --runtime-arg -Xrelocate --boot-image=/system/framework/boot.art --runtime-arg -Xms64m --runtime-arg -Xmx512m -j1 --instruction-set-variant=x86 --instruction-set-features=default --dex-file=/data/app/uk.me.ponies.wearroutes-2/split_lib_slice_4_apk.apk --oat-file=/data/dalvik-cache/x86/data@app@uk.me.ponies.wearroutes-2@split_lib_slice_4_apk.apk@classes.dex
05-20 15:15:08.273 18093 18093 E dex2oat : Failed to create oat file: /data/dalvik-cache/x86/data@app@uk.me.ponies.wearroutes-2@split_lib_slice_4_apk.apk@classes.dex: Permission denied
05-20 15:15:08.274 18093 18093 I dex2oat : dex2oat took 3.728ms (threads: 1) 
05-20 15:15:08.295 18046 18046 W art     : Failed execv(/system/bin/dex2oat --runtime-arg -classpath --runtime-arg  --instruction-set=x86 --instruction-set-features=smp,ssse3,-sse4.1,-sse4.2,-avx,-avx2 --runtime-arg -Xrelocate --boot-image=/system/framework/boot.art --runtime-arg -Xms64m --runtime-arg -Xmx512m -j1 --instruction-set-variant=x86 --instruction-set-features=default --dex-file=/data/app/uk.me.ponies.wearroutes-2/split_lib_slice_4_apk.apk --oat-file=/data/dalvik-cache/x86/data@app@uk.me.ponies.wearroutes-2@split_lib_slice_4_apk.apk@classes.dex) because non-0 exit status
05-20 15:15:08.306 18095 18095 W dex2oat : Unexpected CPU variant for X86 using defaults: x86
05-20 15:15:08.306 18095 18095 W dex2oat : Mismatch between dex2oat instruction set features (ISA: X86 Feature string: smp,-ssse3,-sse4.1,-sse4.2,-avx,-avx2) and those of dex2oat executable (ISA: X86 Feature string: smp,ssse3,-sse4.1,-sse4.2,-avx,-avx2) for the command line:
05-20 15:15:08.306 18095 18095 W dex2oat : /system/bin/dex2oat --runtime-arg -classpath --runtime-arg  --instruction-set=x86 --instruction-set-features=smp,ssse3,-sse4.1,-sse4.2,-avx,-avx2 --runtime-arg -Xrelocate --boot-image=/system/framework/boot.art --runtime-arg -Xms64m --runtime-arg -Xmx512m -j1 --instruction-set-variant=x86 --instruction-set-features=default --dex-file=/data/app/uk.me.ponies.wearroutes-2/split_lib_slice_5_apk.apk --oat-file=/data/dalvik-cache/x86/data@app@uk.me.ponies.wearroutes-2@split_lib_slice_5_apk.apk@classes.dex
05-20 15:15:08.306 18095 18095 E dex2oat : Failed to create oat file: /data/dalvik-cache/x86/data@app@uk.me.ponies.wearroutes-2@split_lib_slice_5_apk.apk@classes.dex: Permission denied
05-20 15:15:08.306 18095 18095 I dex2oat : dex2oat took 519.621us (threads: 1) 
05-20 15:15:08.307 18046 18046 W art     : Failed execv(/system/bin/dex2oat --runtime-arg -classpath --runtime-arg  --instruction-set=x86 --instruction-set-features=smp,ssse3,-sse4.1,-sse4.2,-avx,-avx2 --runtime-arg -Xrelocate --boot-image=/system/framework/boot.art --runtime-arg -Xms64m --runtime-arg -Xmx512m -j1 --instruction-set-variant=x86 --instruction-set-features=default --dex-file=/data/app/uk.me.ponies.wearroutes-2/split_lib_slice_5_apk.apk --oat-file=/data/dalvik-cache/x86/data@app@uk.me.ponies.wearroutes-2@split_lib_slice_5_apk.apk@classes.dex) because non-0 exit status
05-20 15:15:08.319 18097 18097 W dex2oat : Unexpected CPU variant for X86 using defaults: x86
05-20 15:15:08.320 18097 18097 W dex2oat : Mismatch between dex2oat instruction set features (ISA: X86 Feature string: smp,-ssse3,-sse4.1,-sse4.2,-avx,-avx2) and those of dex2oat executable (ISA: X86 Feature string: smp,ssse3,-sse4.1,-sse4.2,-avx,-avx2) for the command line:
05-20 15:15:08.320 18097 18097 W dex2oat : /system/bin/dex2oat --runtime-arg -classpath --runtime-arg  --instruction-set=x86 --instruction-set-features=smp,ssse3,-sse4.1,-sse4.2,-avx,-avx2 --runtime-arg -Xrelocate --boot-image=/system/framework/boot.art --runtime-arg -Xms64m --runtime-arg -Xmx512m -j1 --instruction-set-variant=x86 --instruction-set-features=default --dex-file=/data/app/uk.me.ponies.wearroutes-2/split_lib_slice_6_apk.apk --oat-file=/data/dalvik-cache/x86/data@app@uk.me.ponies.wearroutes-2@split_lib_slice_6_apk.apk@classes.dex
05-20 15:15:08.320 18097 18097 E dex2oat : Failed to create oat file: /data/dalvik-cache/x86/data@app@uk.me.ponies.wearroutes-2@split_lib_slice_6_apk.apk@classes.dex: Permission denied
05-20 15:15:08.320 18097 18097 I dex2oat : dex2oat took 396.417us (threads: 1) 
05-20 15:15:08.328 18046 18046 W art     : Failed execv(/system/bin/dex2oat --runtime-arg -classpath --runtime-arg  --instruction-set=x86 --instruction-set-features=smp,ssse3,-sse4.1,-sse4.2,-avx,-avx2 --runtime-arg -Xrelocate --boot-image=/system/framework/boot.art --runtime-arg -Xms64m --runtime-arg -Xmx512m -j1 --instruction-set-variant=x86 --instruction-set-features=default --dex-file=/data/app/uk.me.ponies.wearroutes-2/split_lib_slice_6_apk.apk --oat-file=/data/dalvik-cache/x86/data@app@uk.me.ponies.wearroutes-2@split_lib_slice_6_apk.apk@classes.dex) because non-0 exit status
05-20 15:15:08.336 18099 18099 W dex2oat : Unexpected CPU variant for X86 using defaults: x86
05-20 15:15:08.336 18099 18099 W dex2oat : Mismatch between dex2oat instruction set features (ISA: X86 Feature string: smp,-ssse3,-sse4.1,-sse4.2,-avx,-avx2) and those of dex2oat executable (ISA: X86 Feature string: smp,ssse3,-sse4.1,-sse4.2,-avx,-avx2) for the command line:
05-20 15:15:08.336 18099 18099 W dex2oat : /system/bin/dex2oat --runtime-arg -classpath --runtime-arg  --instruction-set=x86 --instruction-set-features=smp,ssse3,-sse4.1,-sse4.2,-avx,-avx2 --runtime-arg -Xrelocate --boot-image=/system/framework/boot.art --runtime-arg -Xms64m --runtime-arg -Xmx512m -j1 --instruction-set-variant=x86 --instruction-set-features=default --dex-file=/data/app/uk.me.ponies.wearroutes-2/split_lib_slice_7_apk.apk --oat-file=/data/dalvik-cache/x86/data@app@uk.me.ponies.wearroutes-2@split_lib_slice_7_apk.apk@classes.dex
05-20 15:15:08.337 18099 18099 E dex2oat : Failed to create oat file: /data/dalvik-cache/x86/data@app@uk.me.ponies.wearroutes-2@split_lib_slice_7_apk.apk@classes.dex: Permission denied
05-20 15:15:08.337 18099 18099 I dex2oat : dex2oat took 534.706us (threads: 1) 
05-20 15:15:08.337 18046 18046 W art     : Failed execv(/system/bin/dex2oat --runtime-arg -classpath --runtime-arg  --instruction-set=x86 --instruction-set-features=smp,ssse3,-sse4.1,-sse4.2,-avx,-avx2 --runtime-arg -Xrelocate --boot-image=/system/framework/boot.art --runtime-arg -Xms64m --runtime-arg -Xmx512m -j1 --instruction-set-variant=x86 --instruction-set-features=default --dex-file=/data/app/uk.me.ponies.wearroutes-2/split_lib_slice_7_apk.apk --oat-file=/data/dalvik-cache/x86/data@app@uk.me.ponies.wearroutes-2@split_lib_slice_7_apk.apk@classes.dex) because non-0 exit status
05-20 15:15:08.352 18101 18101 W dex2oat : Unexpected CPU variant for X86 using defaults: x86
05-20 15:15:08.352 18101 18101 W dex2oat : Mismatch between dex2oat instruction set features (ISA: X86 Feature string: smp,-ssse3,-sse4.1,-sse4.2,-avx,-avx2) and those of dex2oat executable (ISA: X86 Feature string: smp,ssse3,-sse4.1,-sse4.2,-avx,-avx2) for the command line:
05-20 15:15:08.352 18101 18101 W dex2oat : /system/bin/dex2oat --runtime-arg -classpath --runtime-arg  --instruction-set=x86 --instruction-set-features=smp,ssse3,-sse4.1,-sse4.2,-avx,-avx2 --runtime-arg -Xrelocate --boot-image=/system/framework/boot.art --runtime-arg -Xms64m --runtime-arg -Xmx512m -j1 --instruction-set-variant=x86 --instruction-set-features=default --dex-file=/data/app/uk.me.ponies.wearroutes-2/split_lib_slice_8_apk.apk --oat-file=/data/dalvik-cache/x86/data@app@uk.me.ponies.wearroutes-2@split_lib_slice_8_apk.apk@classes.dex
05-20 15:15:08.352 18101 18101 E dex2oat : Failed to create oat file: /data/dalvik-cache/x86/data@app@uk.me.ponies.wearroutes-2@split_lib_slice_8_apk.apk@classes.dex: Permission denied
05-20 15:15:08.352 18101 18101 I dex2oat : dex2oat took 441.674us (threads: 1) 
05-20 15:15:08.353 18046 18046 W art     : Failed execv(/system/bin/dex2oat --runtime-arg -classpath --runtime-arg  --instruction-set=x86 --instruction-set-features=smp,ssse3,-sse4.1,-sse4.2,-avx,-avx2 --runtime-arg -Xrelocate --boot-image=/system/framework/boot.art --runtime-arg -Xms64m --runtime-arg -Xmx512m -j1 --instruction-set-variant=x86 --instruction-set-features=default --dex-file=/data/app/uk.me.ponies.wearroutes-2/split_lib_slice_8_apk.apk --oat-file=/data/dalvik-cache/x86/data@app@uk.me.ponies.wearroutes-2@split_lib_slice_8_apk.apk@classes.dex) because non-0 exit status
05-20 15:15:08.364 18103 18103 W dex2oat : Unexpected CPU variant for X86 using defaults: x86
05-20 15:15:08.364 18103 18103 W dex2oat : Mismatch between dex2oat instruction set features (ISA: X86 Feature string: smp,-ssse3,-sse4.1,-sse4.2,-avx,-avx2) and those of dex2oat executable (ISA: X86 Feature string: smp,ssse3,-sse4.1,-sse4.2,-avx,-avx2) for the command line:
05-20 15:15:08.364 18103 18103 W dex2oat : /system/bin/dex2oat --runtime-arg -classpath --runtime-arg  --instruction-set=x86 --instruction-set-features=smp,ssse3,-sse4.1,-sse4.2,-avx,-avx2 --runtime-arg -Xrelocate --boot-image=/system/framework/boot.art --runtime-arg -Xms64m --runtime-arg -Xmx512m -j1 --instruction-set-variant=x86 --instruction-set-features=default --dex-file=/data/app/uk.me.ponies.wearroutes-2/split_lib_slice_9_apk.apk --oat-file=/data/dalvik-cache/x86/data@app@uk.me.ponies.wearroutes-2@split_lib_slice_9_apk.apk@classes.dex
05-20 15:15:08.364 18103 18103 E dex2oat : Failed to create oat file: /data/dalvik-cache/x86/data@app@uk.me.ponies.wearroutes-2@split_lib_slice_9_apk.apk@classes.dex: Permission denied
05-20 15:15:08.364 18103 18103 I dex2oat : dex2oat took 718.247us (threads: 1) 
05-20 15:15:08.365 18046 18046 W art     : Failed execv(/system/bin/dex2oat --runtime-arg -classpath --runtime-arg  --instruction-set=x86 --instruction-set-features=smp,ssse3,-sse4.1,-sse4.2,-avx,-avx2 --runtime-arg -Xrelocate --boot-image=/system/framework/boot.art --runtime-arg -Xms64m --runtime-arg -Xmx512m -j1 --instruction-set-variant=x86 --instruction-set-features=default --dex-file=/data/app/uk.me.ponies.wearroutes-2/split_lib_slice_9_apk.apk --oat-file=/data/dalvik-cache/x86/data@app@uk.me.ponies.wearroutes-2@split_lib_slice_9_apk.apk@classes.dex) because non-0 exit status
05-20 15:15:08.367 18046 18046 W System  : ClassLoader referenced unknown path: /data/app/uk.me.ponies.wearroutes-2/lib/x86
05-20 15:15:08.372 18046 18046 I InstantRun: starting instant run server: is main process
05-20 15:15:08.416 18046 18046 I UnexpectedExceptionHandler: registering unexpectedException Hander on threadmain
05-20 15:15:08.419 18046 18046 E MainWearActivity: onCreate called savedinstanceState is null:true
05-20 15:15:08.423 18046 18046 D ActivityLifeCycleLogger: uk.me.ponies.wearroutes.MainWearActivity@96f3d4 onActivityCreated called
05-20 15:15:08.566 18046 18046 D EventBus: No subscribers registered for event class uk.me.ponies.wearroutes.eventBusEvents.LocationPollingStateEvent
05-20 15:15:08.566 18046 18046 D EventBus: No subscribers registered for event class org.greenrobot.eventbus.NoSubscriberEvent
05-20 15:15:08.573 18046 18046 D EventBus: No subscribers registered for event class uk.me.ponies.wearroutes.eventBusEvents.LocationPollingStateEvent
05-20 15:15:08.573 18046 18046 D EventBus: No subscribers registered for event class org.greenrobot.eventbus.NoSubscriberEvent
05-20 15:15:08.577 18046 18046 D MainGridPagerAdapter: getFragment called for row:2 column:0
05-20 15:15:08.721 18046 18046 D MainWearActivity: android.permission.ACCESS_FINE_LOCATION Granted
05-20 15:15:08.722 18046 18046 D MainWearActivity: android.permission.WAKE_LOCK Granted
05-20 15:15:08.722 18046 18046 D MainWearActivity: android.permission.WRITE_EXTERNAL_STORAGE Granted
05-20 15:15:08.722 18046 18046 D MainWearActivity: android.permission.ACCESS_NETWORK_STATE Granted
05-20 15:15:08.722 18046 18046 D MainWearActivity: android.permission.INTERNET Granted
05-20 15:15:08.722 18046 18046 D MainWearActivity: android.permission.READ_EXTERNAL_STORAGE Granted
05-20 15:15:08.725 18046 18046 D ActivityLifeCycleLogger: uk.me.ponies.wearroutes.MainWearActivity@96f3d4 onActivityStarted called
05-20 15:15:08.742 18046 18046 D ActivityLifeCycleLogger: uk.me.ponies.wearroutes.MainWearActivity@96f3d4 onActivityResumed called
05-20 15:15:08.743 18046 18113 D OpenGLRenderer: Use EGL_SWAP_BEHAVIOR_PRESERVED: true
05-20 15:15:08.744 18046 18046 D         : HostConnection::get() New Host Connection established 0xad41b860, tid 18046
05-20 15:15:08.857 18046 18046 D MainGridPagerAdapter: GridPagerAdapter: startUpdate Called id:2131820668 took 0ms
05-20 15:15:08.858 18046 18046 D MainGridPagerAdapter: getFragment called for row:0 column:0
05-20 15:15:08.859 18046 18046 D MainGridPagerAdapter: getFragment called for row:0 column:1
05-20 15:15:08.859 18046 18046 D MainGridPagerAdapter: getFragment called for row:0 column:2
05-20 15:15:08.859 18046 18046 D MainGridPagerAdapter: getFragment called for row:0 column:3
05-20 15:15:08.859 18046 18046 D MainGridPagerAdapter: getFragment called for row:0 column:4
05-20 15:15:08.859 18046 18046 D MainGridPagerAdapter: getFragment called for row:0 column:5
05-20 15:15:08.859 18046 18046 D MainGridPagerAdapter: getFragment called for row:1 column:0
05-20 15:15:08.859 18046 18046 D MainGridPagerAdapter: getFragment called for row:2 column:0
05-20 15:15:08.859 18046 18046 D MainGridPagerAdapter: getFragment called for row:3 column:0
05-20 15:15:08.859 18046 18046 D MainGridPagerAdapter: getFragment called for row:4 column:0
05-20 15:15:08.911 18046 18046 D FragmentLifecycleLogger: SpeedPanel1 onAttach called
05-20 15:15:08.911 18046 18046 D FragmentLifecycleLogger: SpeedPanel1 onCreate called
05-20 15:15:08.917 18046 18046 D FragmentLifecycleLogger: SpeedPanel1 onViewCreated called
05-20 15:15:08.917 18046 18046 D FragmentLifecycleLogger: SpeedPanel1 onActivityCreated called
05-20 15:15:08.917 18046 18046 D FragmentLifecycleLogger: SpeedPanel1 onViewStateRestored called
05-20 15:15:08.917 18046 18046 D FragmentLifecycleLogger: SpeedPanel1 onStart called
05-20 15:15:08.917 18046 18046 D SpeedPanel1: onResume called
05-20 15:15:08.921 18046 18046 D FragmentLifecycleLogger: SpeedPanel1 onResume called
05-20 15:15:08.921 18046 18046 D FragmentLifecycleLogger: MapSwipeToZoomFragment onAttach called
05-20 15:15:08.922 18046 18046 D FragmentLifecycleLogger: MapSwipeToZoomFragment onCreate called
05-20 15:15:08.922 18046 18046 D MapSwipeToZoomFrag: MapContainingFragment Map #00 onCreateView called
05-20 15:15:08.942 18046 18046 D MapSwipeToZoomFrag: creating a new InnerMapFragment
05-20 15:15:08.955 18046 18046 D MapSwipeToZoomFrag: MapContainingFragment (not the view) is MapFragment{c753c9e id=0x7f11008b}
05-20 15:15:08.955 18046 18046 D MapSwipeToZoomFrag: CreateView Map #00 getting MapAsync 
05-20 15:15:08.956 18046 18046 D MapSwipeToZoomFrag: CreateView completed
05-20 15:15:08.957 18046 18046 D MapSwipeToZoomFrag: Map #00 onViewCreatedCalled
05-20 15:15:08.957 18046 18046 D FragmentLifecycleLogger: MapSwipeToZoomFragment onViewCreated called
05-20 15:15:08.962 18046 18046 D FragmentLifecycleLogger: MapSwipeToZoomFragment onActivityCreated called
05-20 15:15:08.962 18046 18046 D FragmentLifecycleLogger: MapSwipeToZoomFragment onViewStateRestored called
05-20 15:15:08.968 18046 18046 I zzai    : Making Creator dynamically
05-20 15:15:09.054 18046 18046 I Google Maps Android API: Google Play services client version: 9452000
05-20 15:15:09.056 18046 18046 I Google Maps Android API: Google Play services package version: 11047570
05-20 15:15:09.195 18046 18140 W agl     : copyMemory is missing from platform - proto runtime falling back to safer methods.
05-20 15:15:09.263 18046 18046 D MapSwipeToZoomFrag: MapContainingFragment:Map #00 onStart called with zoom:15
05-20 15:15:09.263 18046 18046 D FragmentLifecycleLogger: MapSwipeToZoomFragment onStart called
05-20 15:15:09.263 18046 18046 D MapSwipeToZoomFrag: MapContainingFragment:Map #00 onResume called, visible is true
05-20 15:15:09.263 18046 18046 D FragmentLifecycleLogger: MapSwipeToZoomFragment onResume called
05-20 15:15:09.263 18046 18046 D MapSwipeToZoomFrag: matchMapUIToConfig -- no map
05-20 15:15:09.266 18046 18046 D MainGridPagerAdapter: GridPagerAdapter: finishUpdate Called id:2131820668 took 407ms
05-20 15:15:09.273 18046 18046 D MainGridPagerAdapter: GridPagerAdapter: startUpdate Called id:2131820668 took 0ms
05-20 15:15:09.273 18046 18046 D MainGridPagerAdapter: GridPagerAdapter: finishUpdate Called id:2131820668 took 0ms
05-20 15:15:09.296 18046 18113 D         : HostConnection::get() New Host Connection established 0xa6fbfc80, tid 18113
05-20 15:15:09.296 18046 18056 I art     : Background sticky concurrent mark sweep GC freed 15325(2MB) AllocSpace objects, 4(80KB) LOS objects, 0% free, 4MB/4MB, paused 2.878ms total 157.680ms
05-20 15:15:09.297 18046 18113 I OpenGLRenderer: Initialized EGL, version 1.4
05-20 15:15:09.298 18046 18113 W OpenGLRenderer: Failed to choose config with EGL_SWAP_BEHAVIOR_PRESERVED, retrying without...
05-20 15:15:09.315 18046 18046 D MainGridPagerAdapter: GridPagerAdapter: startUpdate Called id:2131820668 took 0ms
05-20 15:15:09.315 18046 18046 D MainGridPagerAdapter: GridPagerAdapter: finishUpdate Called id:2131820668 took 0ms
05-20 15:15:09.317 18046 18046 D MainWearActivity: onPageScrolled: 0,0
05-20 15:15:09.325 18046 18150 D         : HostConnection::get() New Host Connection established 0xa6fbf600, tid 18150
05-20 15:15:09.447 18046 18154 D Loader  : Loading asset 0x7f020070
05-20 15:15:09.525 18046 18046 D MapSwipeToZoomFrag: showZoom is false
05-20 15:15:09.560 18046 18046 D MapSwipeToZoomFrag: SetupMap Called Map #00
05-20 15:15:09.568 18046 18046 D MapSwipeToZoomFrag: EventBusLocationSourceForMap activated for com.google.android.gms.maps.GoogleMap$12$1@2dc0522
05-20 15:15:09.585 18046 18046 D MapSwipeToZoomFrag: SetupMap Map #00 moving camera to zoom15
05-20 15:15:09.585 18046 18046 D MapSwipeToZoomFrag: Not moving camera as the map isn't visible
05-20 15:15:09.585 18046 18046 D MapSwipeToZoomFrag: Re-adding polylines during onResume
05-20 15:15:09.585 18046 18046 D MapSwipeToZoomFrag: polylines re-added in onResume
--------- beginning of system
05-20 15:15:09.601 18046 18046 D StrictMode: Wrote violation #0 of 1: 11460 bytes
05-20 15:15:09.606 18046 18046 D MainGridPagerAdapter: GridPagerAdapter: startUpdate Called id:2131820668 took 0ms
05-20 15:15:09.607 18046 18046 D MainGridPagerAdapter: GridPagerAdapter: finishUpdate Called id:2131820668 took 0ms
05-20 15:15:09.609 18046 18046 D MainGridPagerAdapter: GridPagerAdapter: startUpdate Called id:2131820668 took 0ms
05-20 15:15:09.609 18046 18046 D MainGridPagerAdapter: GridPagerAdapter: finishUpdate Called id:2131820668 took 0ms
05-20 15:15:09.677 18046 18046 D MapSwipeToZoomFrag: Camera Changed for Map Map #00
05-20 15:15:09.680 18046 18046 D StrictMode: Wrote violation #0 of 1: 13336 bytes
05-20 15:15:09.694 18046 18046 D MapSwipeToZoomFrag: Camera Changed for Map Map #00
05-20 15:15:09.694 18046 18046 D StrictMode: Wrote violation #0 of 1: 16044 bytes
05-20 15:15:09.717 18046 18046 D LocationHandler: onConnected(): Successfully connected to Google API client
05-20 15:15:09.717 18046 18046 D SlowLocationPollerBase: SlowLocationPollerBase stopped
05-20 15:15:09.718 18046 18046 D LocationHandler: removingLocationUpdates for listener uk.me.ponies.wearroutes.locationHandling.SlowLocationPollerAlarmWakeup@1f2c0e9
05-20 15:15:09.718 18046 18046 D LocationHandler: removingLocationUpdates for listener uk.me.ponies.wearroutes.locationHandling.LocationHandler@37328d0
05-20 15:15:09.718 18046 18046 D LocationHandler: requestingLocationUpdates for listener uk.me.ponies.wearroutes.locationHandling.LocationHandler@37328d0
05-20 15:15:09.760 18046 18046 D MainWearActivity: onConnected(): Successfully connected to Google API client
05-20 15:15:09.799 18046 18046 D LocationHandler: Good location received Location[fused 54.176129,-2.298770 acc=31 et=+31m16s533ms alt=0.0 vel=13.89 bear=155.0 mock {Bundle[mParcelledData.dataSize=44]}] from LocationHandler
05-20 15:15:09.800 18046 18046 D StrictMode: Wrote violation #0 of 1: 18752 bytes
05-20 15:15:09.802 18046 18046 D BearingSectorizer: clamped to :150.0 from:155.0
05-20 15:15:09.802 18046 18046 D BearingSectorizer: returning changed: 150.0
05-20 15:15:09.803 18046 18046 D MapSwipeToZoomFrag: Location changed, updating because First Location
05-20 15:15:09.803 18046 18046 D MapSwipeToZoomFrag: Not moving camera as the map isn't visible
05-20 15:15:09.803 18046 18046 D MapSwipeToZoomFrag: EventBusLocationSourceForMap sending location to listener com.google.android.gms.maps.GoogleMap$12$1@2dc0522
05-20 15:15:09.822 18046 18046 D MainGridPagerAdapter: GridPagerAdapter: startUpdate Called id:2131820668 took 0ms
05-20 15:15:09.822 18046 18046 D MainGridPagerAdapter: GridPagerAdapter: finishUpdate Called id:2131820668 took 0ms
05-20 15:15:09.824 18046 18046 D MainGridPagerAdapter: GridPagerAdapter: startUpdate Called id:2131820668 took 0ms
05-20 15:15:09.824 18046 18046 D MainGridPagerAdapter: GridPagerAdapter: finishUpdate Called id:2131820668 took 0ms
05-20 15:15:09.859 18046 18056 I art     : Background sticky concurrent mark sweep GC freed 5408(588KB) AllocSpace objects, 15(332KB) LOS objects, 0% free, 6MB/6MB, paused 1.967ms total 180.052ms
05-20 15:15:09.966 18046 18046 D Error   : ERR: exClass=android.os.StrictMode$StrictModeCustomViolation
05-20 15:15:09.966 18046 18046 D Error   : ERR: exMsg=policy=4325404 violation=8 msg=gcore.dynamite
05-20 15:15:09.966 18046 18046 D Error   : ERR: file=StrictMode.java
05-20 15:15:09.966 18046 18046 D Error   : ERR: class=android.os.StrictMode$AndroidBlockGuardPolicy
05-20 15:15:09.966 18046 18046 D Error   : ERR: method=onCustomSlowCall line=1236
05-20 15:15:09.966 18046 18046 D Error   : ERR: stack=android.os.StrictMode$StrictModeCustomViolation: policy=4325404 violation=8 msg=gcore.dynamite
05-20 15:15:09.966 18046 18046 D Error   : 	at android.os.StrictMode$AndroidBlockGuardPolicy.onCustomSlowCall(StrictMode.java:1236)
05-20 15:15:09.966 18046 18046 D Error   : 	at android.os.StrictMode.noteSlowCall(StrictMode.java:2136)
05-20 15:15:09.966 18046 18046 D Error   : 	at ffk.a(:com.google.android.gms:0)
05-20 15:15:09.966 18046 18046 D Error   : 	at dgs.a(:com.google.android.gms:2)
05-20 15:15:09.966 18046 18046 D Error   : 	at com.google.android.gms.maps.internal.CreatorImpl.a(:com.google.android.gms:4)
05-20 15:15:09.966 18046 18046 D Error   : 	at com.google.android.gms.maps.internal.CreatorImpl.newMapFragmentDelegate(:com.google.android.gms:0)
05-20 15:15:09.966 18046 18046 D Error   : 	at igj.onTransact(:com.google.android.gms:13)
05-20 15:15:09.966 18046 18046 D Error   : 	at android.os.Binder.transact(Binder.java:387)
05-20 15:15:09.966 18046 18046 D Error   : 	at com.google.android.gms.maps.internal.zzc$zza$zza.zzag(Unknown Source)
05-20 15:15:09.966 18046 18046 D Error   : 	at com.google.android.gms.maps.MapFragment$zzb.zzbow(Unknown Source)
05-20 15:15:09.966 18046 18046 D Error   : 	at com.google.android.gms.maps.MapFragment$zzb.zza(Unknown Source)
05-20 15:15:09.966 18046 18046 D Error   : 	at com.google.android.gms.dynamic.zza.zza(Unknown Source)
05-20 15:15:09.966 18046 18046 D Error   : 	at com.google.android.gms.dynamic.zza.onCreate(Unknown Source)
05-20 15:15:09.966 18046 18046 D Error   : 	at com.google.android.gms.maps.MapFragment.onCreate(Unknown Source)
05-20 15:15:09.966 18046 18046 D Error   : 	at android.app.Fragment.performCreate(Fragment.java:2198)
05-20 15:15:09.966 18046 18046 D Error   : 	at android.app.FragmentManagerImpl.moveToState(FragmentManager.java:942)
05-20 15:15:09.966 18046 18046 D Error   : 	at android.app.FragmentManagerImpl.moveToState(FragmentManager.java:1148)
05-20 15:15:09.966 18046 18046 D Error   : 	at android.app.BackStackRecord.run(BackStackRecord.java:793)
05-20 15:15:09.966 18046 18046 D Error   : 	at android.app.FragmentManagerImpl.execPendingActions(FragmentManager.java:1535)
05-20 15:15:09.966 18046 18046 D Error   : 	at android.app.Fragment.performStart(Fragment.java:2241)
05-20 15:15:09.966 18046 18046 D Error   : 	at android.app.FragmentManagerImpl.moveToState(FragmentManager.java:1002)
05-20 15:15:09.966 18046 18046 D Error   : 	at android.app.FragmentManagerImpl.moveToState(FragmentManager.java:1148)
05-20 15:15:09.966 18046 18046 D Error   : 	at android.app.BackStackRecord.run(BackStackRecord.java:793)
05-20 15:15:09.966 18046 18046 D Error   : 	at android.app.FragmentManagerImpl.execPendingActions(FragmentManager.java:1535)
05-20 15:15:09.966 18046 18046 D Error   : 	at android.app.FragmentManagerImpl.executePendingTransactions(FragmentManager.java:562)
05-20 15:15:09.966 18046 18046 D Error   : 	at android.support.wearable.view.FragmentGridPagerAdapter.finishUpdate(FragmentGridPagerAdapter.java:220)
05-20 15:15:09.966 18046 18046 D Error   : 	at uk.me.ponies.wearroutes.MainGridPagerAdapter.finishUpdate(MainGridPagerAdapter.java:329)
05-20 15:15:09.966 18046 18046 D Error   : 	at android.support.wearable.view.GridViewPager.populate(GridViewPager.java:1182)
05-20 15:15:09.966 18046 18046 D Error   : 	at android.support.wearable.view.GridViewPager.populate(GridViewPager.java:1038)
05-20 15:15:09.966 18046 18046 D Error   : 	at android.support.wearable.view.GridViewPager.onMeasure(GridViewPager.java:1343)
05-20 15:15:09.966 18046 18046 D Error   : 	at android.view.View.measure(View.java:18794)
05-20 15:15:09.966 18046 18046 D Error   : 	at android.view.ViewGroup.measureChildWithMargins(ViewGroup.java:5951)
05-20 15:15:09.966 18046 18046 D Error   : 	at android.widget.FrameLayout.onMeasure(FrameLayout.java:194)
05-20 15:15:09.966 18046 18046 D Error   : 	at android.view.View.measure(View.java:18794)
05-20 15:15:09.966 18046 18046 D Error   : 	at android.view.ViewGroup.measureChildWithMargins(ViewGroup.java:5951)
05-20 15:15:09.966 18046 18046 D Error   : 	at android.widget.FrameLayout.onMeasure(FrameLayout.java:194)
05-20 15:15:09.966 18046 18046 D Error   : 	at android.view.View.measure(View.java:18794)
05-20 15:15:09.966 18046 18046 D Error   : 	at android.view.ViewGroup.measureChildWithMargins(ViewGroup.java:5951)
05-20 15:15:09.966 18046 18046 D Error   : 	at android.widget.FrameLayout.onMeasure(FrameLayout.java:194)
05-20 15:15:09.966 18046 18046 D Error   : 	at com.android.internal.policy.PhoneWindow$DecorView.onMeasure(PhoneWindow.java:2643)
05-20 15:15:09.966 18046 18046 D Error   : 	at android.view.View.measure(View.java:18794)
05-20 15:15:09.966 18046 18046 D Error   : 	at android.view.ViewRootImpl.performMeasure(ViewRootImpl.java:2108)
05-20 15:15:09.966 18046 18046 D Error   : 	at android.view.ViewRootImpl.measureHierarchy(ViewRootImpl.java:1224)
05-20 15:15:09.966 18046 18046 D Error   : 	at android.view.ViewRootImpl.performTraversals(ViewRootImpl.java:1460)
05-20 15:15:09.966 18046 18046 D Error   : 	at android.view.ViewRootImpl.doTraversal(ViewRootImpl.java:1115)
05-20 15:15:09.966 18046 18046 D Error   : 	at android.view.ViewRootImpl$TraversalRunnable.run(ViewRootImpl.java:6024)
05-20 15:15:09.966 18046 18046 D Error   : 	at android.view.Choreographer$CallbackRecord.run(Choreographer.java:858)
05-20 15:15:09.966 18046 18046 D Error   : 	at android.view.Choreographer.doCallbacks(Choreographer.java:670)
05-20 15:15:09.966 18046 18046 D Error   : 	at android.view.Choreographer.doFrame(Choreographer.java:606)
05-20 15:15:09.966 18046 18046 D Error   : 	at android.view.Choreographer$FrameDisplayEventReceiver.run(Choreographer.java:844)
05-20 15:15:09.966 18046 18046 D Error   : 	at android.os.Handler.handleCallback(Handler.java:739)
05-20 15:15:09.966 18046 18046 D Error   : 	at android.os.Handler.dispatchMessage(Handler.java:95)
05-20 15:15:09.966 18046 18046 D Error   : 	at android.os.Looper.loop(Looper.java:148)
05-20 15:15:09.966 18046 18046 D Error   : 	at android.app.ActivityThread.main(ActivityThread.java:5422)
05-20 15:15:09.966 18046 18046 D Error   : 	at java.lang.reflect.Method.invoke(Native Method)
05-20 15:15:09.966 18046 18046 D Error   : 	at com.android.internal.os.ZygoteInit$MethodAndArgsCaller.run(ZygoteInit.java:726)
05-20 15:15:09.966 18046 18046 D Error   : 	at com.android.internal.os.ZygoteInit.main(ZygoteInit.java:616)
05-20 15:15:09.966 18046 18046 D Error   : # via Binder call with stack:
05-20 15:15:09.966 18046 18046 D Error   : android.os.StrictMode$LogStackTrace
05-20 15:15:09.966 18046 18046 D Error   : 	at and
05-20 15:15:09.966 18046 18046 D Error   : ERR: TOTAL BYTES WRITTEN: 22140
05-20 15:15:09.966 18046 18046 D StrictMode: Wrote violation #0 of 1: 22184 bytes
05-20 15:15:09.967 18046 18046 D MapSwipeToZoomFrag: MapContainingFragmentMap #00 onCameraChange Map now Loaded zoom is 15.0 wanted 15.0 on map:com.google.android.gms.maps.GoogleMap@11e7271
05-20 15:15:09.972 18046 18046 D MainGridPagerAdapter: GridPagerAdapter: startUpdate Called id:2131820668 took 0ms
05-20 15:15:09.972 18046 18046 D MainGridPagerAdapter: GridPagerAdapter: finishUpdate Called id:2131820668 took 0ms
05-20 15:15:09.976 18046 18046 D MainGridPagerAdapter: GridPagerAdapter: startUpdate Called id:2131820668 took 0ms
05-20 15:15:09.977 18046 18046 D MainGridPagerAdapter: GridPagerAdapter: finishUpdate Called id:2131820668 took 0ms
05-20 15:15:10.299 18046 18046 D MyGridViewPager: oninterceptTouchEvent is returning false
05-20 15:15:10.362 18046 18046 D GridViewPagerNotifier: onPageScrollStateChanged state:1
05-20 15:15:10.363 18046 18046 D MainWearActivity: onPageScrollStateChanged state: 1 DRAGGING
05-20 15:15:10.363 18046 18046 D MapSwipeToZoomFrag: onScrollChange seen
05-20 15:15:10.363 18046 18046 D MainGridPagerAdapter: getFragment called for row:0 column:0
05-20 15:15:10.363 18046 18046 D MainGridPagerAdapter: getFragment called for row:0 column:1
05-20 15:15:10.363 18046 18046 D MainWearActivity: onPageScrolled: 0,0
05-20 15:15:10.382 18046 18169 D Loader  : Loading asset 0x7f020071
05-20 15:15:10.435 18046 18046 D MyGridViewPager: oninterceptTouchEvent is returning true
05-20 15:15:10.443 18046 18046 D MyGridViewPager: onTouch ambient is falseevent was:MotionEvent { action=ACTION_MOVE, actionButton=0, id[0]=0, x[0]=220.0, y[0]=82.0, toolType[0]=TOOL_TYPE_FINGER, buttonState=0, metaState=0, flags=0x0, edgeFlags=0x0, pointerCount=1, historySize=11, eventTime=1877174, downTime=1877030, deviceId=0, source=0x1002 }context is uk.me.ponies.wearroutes.MainWearActivity@96f3d4
05-20 15:15:10.443 18046 18046 D MapSwipeToZoomFrag: onScrollChange seen
05-20 15:15:10.443 18046 18046 D MainGridPagerAdapter: getFragment called for row:0 column:0
05-20 15:15:10.443 18046 18046 D MainGridPagerAdapter: getFragment called for row:0 column:1
05-20 15:15:10.443 18046 18046 D MainWearActivity: onPageScrolled: 0,0
05-20 15:15:10.443 18046 18046 D MyGridViewPager: onTouchEvent is returning true
05-20 15:15:10.446 18046 18046 D MapSwipeToZoomFrag: onTouch seen for event:MotionEvent { action=ACTION_UP, actionButton=0, id[0]=0, x[0]=220.0, y[0]=82.0, toolType[0]=TOOL_TYPE_FINGER, buttonState=0, metaState=0, flags=0x0, edgeFlags=0x0, pointerCount=1, historySize=0, eventTime=1877174, downTime=1877030, deviceId=0, source=0x1002 }
05-20 15:15:10.446 18046 18046 D MapSwipeToZoomFrag: GestureDetector onFling seen!
05-20 15:15:10.446 18046 18046 D MapSwipeToZoomFrag: GestureDetector e1 or e2 is null, ignoring, returning false
05-20 15:15:10.446 18046 18046 D MyGridViewPager: onTouch ambient is falseevent was:MotionEvent { action=ACTION_UP, actionButton=0, id[0]=0, x[0]=220.0, y[0]=82.0, toolType[0]=TOOL_TYPE_FINGER, buttonState=0, metaState=0, flags=0x0, edgeFlags=0x0, pointerCount=1, historySize=0, eventTime=1877174, downTime=1877030, deviceId=0, source=0x1002 }context is uk.me.ponies.wearroutes.MainWearActivity@96f3d4
05-20 15:15:10.446 18046 18046 D ColumnHistorian: Selected Page is 1,0
05-20 15:15:10.446 18046 18046 D GridViewPagerNotifier: onPageSelected row:1 column:0
05-20 15:15:10.446 18046 18046 D MainGridPagerAdapter: getFragment called for row:1 column:0
05-20 15:15:10.446 18046 18046 D MainGridPagerAdapter: getFragment called for row:1 column:1
05-20 15:15:10.446 18046 18046 D MainGridPagerAdapter: getFragment called for row:0 column:0
05-20 15:15:10.447 18046 18046 D MainGridPagerAdapter: getFragment called for row:2 column:0
05-20 15:15:10.447 18046 18046 D MapSwipeToZoomFrag: EventBusLocationSourceForMap deActivated for com.google.android.gms.maps.GoogleMap$12$1@2dc0522
05-20 15:15:10.447 18046 18046 D Error   : ERR: exClass=android.os.StrictMode$StrictModeCustomViolation
05-20 15:15:10.447 18046 18046 D Error   : ERR: exMsg=policy=4325404 violation=8 msg=gcore.dynamite
05-20 15:15:10.447 18046 18046 D Error   : ERR: file=StrictMode.java
05-20 15:15:10.447 18046 18046 D Error   : ERR: class=android.os.StrictMode$AndroidBlockGuardPolicy
05-20 15:15:10.447 18046 18046 D Error   : ERR: method=onCustomSlowCall line=1236
05-20 15:15:10.447 18046 18046 D Error   : ERR: stack=android.os.StrictMode$StrictModeCustomViolation: policy=4325404 violation=8 msg=gcore.dynamite
05-20 15:15:10.447 18046 18046 D Error   : 	at android.os.StrictMode$AndroidBlockGuardPolicy.onCustomSlowCall(StrictMode.java:1236)
05-20 15:15:10.447 18046 18046 D Error   : 	at android.os.StrictMode.noteSlowCall(StrictMode.java:2136)
05-20 15:15:10.447 18046 18046 D Error   : 	at ffk.a(:com.google.android.gms:0)
05-20 15:15:10.447 18046 18046 D Error   : 	at dgs.a(:com.google.android.gms:2)
05-20 15:15:10.447 18046 18046 D Error   : 	at com.google.android.gms.maps.internal.CreatorImpl.a(:com.google.android.gms:4)
05-20 15:15:10.447 18046 18046 D Error   : 	at com.google.android.gms.maps.internal.CreatorImpl.newMapFragmentDelegate(:com.google.android.gms:0)
05-20 15:15:10.447 18046 18046 D Error   : 	at igj.onTransact(:com.google.android.gms:13)
05-20 15:15:10.447 18046 18046 D Error   : 	at android.os.Binder.transact(Binder.java:387)
05-20 15:15:10.447 18046 18046 D Error   : 	at com.google.android.gms.maps.internal.zzc$zza$zza.zzag(Unknown Source)
05-20 15:15:10.447 18046 18046 D Error   : 	at com.google.android.gms.maps.MapFragment$zzb.zzbow(Unknown Source)
05-20 15:15:10.447 18046 18046 D Error   : 	at com.google.android.gms.maps.MapFragment$zzb.zza(Unknown Source)
05-20 15:15:10.447 18046 18046 D Error   : 	at com.google.android.gms.dynamic.zza.zza(Unknown Source)
05-20 15:15:10.447 18046 18046 D Error   : 	at com.google.android.gms.dynamic.zza.onCreate(Unknown Source)
05-20 15:15:10.447 18046 18046 D Error   : 	at com.google.android.gms.maps.MapFragment.onCreate(Unknown Source)
05-20 15:15:10.447 18046 18046 D Error   : 	at android.app.Fragment.performCreate(Fragment.java:2198)
05-20 15:15:10.447 18046 18046 D Error   : 	at android.app.FragmentManagerImpl.moveToState(FragmentManager.java:942)
05-20 15:15:10.447 18046 18046 D Error   : 	at android.app.FragmentManagerImpl.moveToState(FragmentManager.java:1148)
05-20 15:15:10.447 18046 18046 D Error   : 	at android.app.BackStackRecord.run(BackStackRecord.java:793)
05-20 15:15:10.447 18046 18046 D Error   : 	at android.app.FragmentManagerImpl.execPendingActions(FragmentManager.java:1535)
05-20 15:15:10.447 18046 18046 D Error   : 	at android.app.Fragment.performStart(Fragment.java:2241)
05-20 15:15:10.447 18046 18046 D Error   : 	at android.app.FragmentManagerImpl.moveToState(FragmentManager.java:1002)
05-20 15:15:10.447 18046 18046 D Error   : 	at android.app.FragmentManagerImpl.moveToState(FragmentManager.java:1148)
05-20 15:15:10.447 18046 18046 D Error   : 	at android.app.BackStackRecord.run(BackStackRecord.java:793)
05-20 15:15:10.447 18046 18046 D Error   : 	at android.app.FragmentManagerImpl.execPendingActions(FragmentManager.java:1535)
05-20 15:15:10.447 18046 18046 D Error   : 	at android.app.FragmentManagerImpl.executePendingTransactions(FragmentManager.java:562)
05-20 15:15:10.447 18046 18046 D Error   : 	at android.support.wearable.view.FragmentGridPagerAdapter.finishUpdate(FragmentGridPagerAdapter.java:220)
05-20 15:15:10.447 18046 18046 D Error   : 	at uk.me.ponies.wearroutes.MainGridPagerAdapter.finishUpdate(MainGridPagerAdapter.java:329)
05-20 15:15:10.447 18046 18046 D Error   : 	at android.support.wearable.view.GridViewPager.populate(GridViewPager.java:1182)
05-20 15:15:10.447 18046 18046 D Error   : 	at android.support.wearable.view.GridViewPager.populate(GridViewPager.java:1038)
05-20 15:15:10.447 18046 18046 D Error   : 	at android.support.wearable.view.GridViewPager.onMeasure(GridViewPager.java:1343)
05-20 15:15:10.447 18046 18046 D Error   : 	at android.view.View.measure(View.java:18794)
05-20 15:15:10.447 18046 18046 D Error   : 	at android.view.ViewGroup.measureChildWithMargins(ViewGroup.java:5951)
05-20 15:15:10.447 18046 18046 D Error   : 	at android.widget.FrameLayout.onMeasure(FrameLayout.java:194)
05-20 15:15:10.447 18046 18046 D Error   : 	at android.view.View.measure(View.java:18794)
05-20 15:15:10.447 18046 18046 D Error   : 	at android.view.ViewGroup.measureChildWithMargins(ViewGroup.java:5951)
05-20 15:15:10.447 18046 18046 D Error   : 	at android.widget.FrameLayout.onMeasure(FrameLayout.java:194)
05-20 15:15:10.447 18046 18046 D Error   : 	at android.view.View.measure(View.java:18794)
05-20 15:15:10.447 18046 18046 D Error   : 	at android.view.ViewGroup.measureChildWithMargins(ViewGroup.java:5951)
05-20 15:15:10.447 18046 18046 D Error   : 	at android.widget.FrameLayout.onMeasure(FrameLayout.java:194)
05-20 15:15:10.447 18046 18046 D Error   : 	at com.android.internal.policy.PhoneWindow$DecorView.onMeasure(PhoneWindow.java:2643)
05-20 15:15:10.447 18046 18046 D Error   : 	at android.view.View.measure(View.java:18794)
05-20 15:15:10.447 18046 18046 D Error   : 	at android.view.ViewRootImpl.performMeasure(ViewRootImpl.java:2108)
05-20 15:15:10.447 18046 18046 D Error   : 	at android.view.ViewRootImpl.measureHierarchy(ViewRootImpl.java:1224)
05-20 15:15:10.447 18046 18046 D Error   : 	at android.view.ViewRootImpl.performTraversals(ViewRootImpl.java:1460)
05-20 15:15:10.447 18046 18046 D Error   : 	at android.view.ViewRootImpl.doTraversal(ViewRootImpl.java:1115)
05-20 15:15:10.447 18046 18046 D Error   : 	at android.view.ViewRootImpl$TraversalRunnable.run(ViewRootImpl.java:6024)
05-20 15:15:10.447 18046 18046 D Error   : 	at android.view.Choreographer$CallbackRecord.run(Choreographer.java:858)
05-20 15:15:10.447 18046 18046 D Error   : 	at android.view.Choreographer.doCallbacks(Choreographer.java:670)
05-20 15:15:10.447 18046 18046 D Error   : 	at android.view.Choreographer.doFrame(Choreographer.java:606)
05-20 15:15:10.447 18046 18046 D Error   : 	at android.view.Choreographer$FrameDisplayEventReceiver.run(Choreographer.java:844)
05-20 15:15:10.447 18046 18046 D Error   : 	at android.os.Handler.handleCallback(Handler.java:739)
05-20 15:15:10.447 18046 18046 D Error   : 	at android.os.Handler.dispatchMessage(Handler.java:95)
05-20 15:15:10.447 18046 18046 D Error   : 	at android.os.Looper.loop(Looper.java:148)
05-20 15:15:10.447 18046 18046 D Error   : 	at android.app.ActivityThread.main(ActivityThread.java:5422)
05-20 15:15:10.447 18046 18046 D Error   : 	at java.lang.reflect.Method.invoke(Native Method)
05-20 15:15:10.447 18046 18046 D Error   : 	at com.android.internal.os.ZygoteInit$MethodAndArgsCaller.run(ZygoteInit.java:726)
05-20 15:15:10.447 18046 18046 D Error   : 	at com.android.internal.os.ZygoteInit.main(ZygoteInit.java:616)
05-20 15:15:10.447 18046 18046 D Error   : # via Binder call with stack:
05-20 15:15:10.447 18046 18046 D Error   : android.os.StrictMode$LogStackTrace
05-20 15:15:10.447 18046 18046 D Error   : 	at and
05-20 15:15:10.447 18046 18046 D Error   : ERR: TOTAL BYTES WRITTEN: 24812
05-20 15:15:10.448 18046 18046 D StrictMode: Wrote violation #0 of 1: 24856 bytes
05-20 15:15:10.451 18046 18046 D MainWearActivity: onPageSelected: 1,0
05-20 15:15:10.451 18046 18046 D GridViewPagerNotifier: onPageScrollStateChanged state:2
05-20 15:15:10.451 18046 18046 D MainWearActivity: onPageScrollStateChanged state: 2 SETTLING
05-20 15:15:10.452 18046 18046 D InnerMapFragment: Dump of Google maps fragments created
05-20 15:15:10.453 18046 18046 D InnerMapFragment: Google maps fragments created contains: 0
05-20 15:15:10.453 18046 18046 D InnerMapFragment: Google maps innerMap Pool is pooling: 0
05-20 15:15:10.453 18046 18046 D InnerMapFragment: Google maps innerMap Pool has had 0 garbage collected
05-20 15:15:10.453 18046 18046 D MainWearActivity: onPageScrollStateChaged, SETTLING, current position is Point(0, 1)
