--------- beginning of main
05-24 12:12:21.047  9060  9060 I art     : Not late-enabling -Xcheck:jni (already on)
--------- beginning of system
05-24 12:12:26.477  9060  9060 W ActivityThread: Application uk.me.ponies.wearroutes is waiting for the debugger on port 8100...
05-24 12:12:26.516  9060  9060 I System.out: Sending WAIT chunk
05-24 12:12:27.219  9060  9068 I art     : Debugger is active
05-24 12:12:27.356  9060  9060 I System.out: Debugger has connected
05-24 12:12:27.356  9060  9060 I System.out: waiting for debugger to settle...
05-24 12:12:27.566  9060  9060 I System.out: waiting for debugger to settle...
05-24 12:12:27.776  9060  9060 I System.out: waiting for debugger to settle...
05-24 12:12:27.986  9060  9060 I System.out: waiting for debugger to settle...
05-24 12:12:28.196  9060  9060 I System.out: waiting for debugger to settle...
05-24 12:12:28.406  9060  9060 I System.out: waiting for debugger to settle...
05-24 12:12:28.616  9060  9060 I System.out: waiting for debugger to settle...
05-24 12:12:28.826  9060  9060 I System.out: debugger has settled (1404)
05-24 12:12:28.838  9117  9117 W dex2oat : Unexpected CPU variant for X86 using defaults: x86
05-24 12:12:28.838  9117  9117 W dex2oat : Mismatch between dex2oat instruction set features (ISA: X86 Feature string: smp,-ssse3,-sse4.1,-sse4.2,-avx,-avx2) and those of dex2oat executable (ISA: X86 Feature string: smp,ssse3,-sse4.1,-sse4.2,-avx,-avx2) for the command line:
05-24 12:12:28.838  9117  9117 W dex2oat : /system/bin/dex2oat --runtime-arg -classpath --runtime-arg  --instruction-set=x86 --instruction-set-features=smp,ssse3,-sse4.1,-sse4.2,-avx,-avx2 --runtime-arg -Xrelocate --boot-image=/system/framework/boot.art --runtime-arg -Xms64m --runtime-arg -Xmx512m -j1 --instruction-set-variant=x86 --instruction-set-features=default --dex-file=/data/app/uk.me.ponies.wearroutes-1/split_lib_dependencies_apk.apk --oat-file=/data/dalvik-cache/x86/data@app@uk.me.ponies.wearroutes-1@split_lib_dependencies_apk.apk@classes.dex
05-24 12:12:28.838  9117  9117 E dex2oat : Failed to create oat file: /data/dalvik-cache/x86/data@app@uk.me.ponies.wearroutes-1@split_lib_dependencies_apk.apk@classes.dex: Permission denied
05-24 12:12:28.838  9117  9117 I dex2oat : dex2oat took 422.398us (threads: 1) 
05-24 12:12:28.839  9060  9060 W art     : Failed execv(/system/bin/dex2oat --runtime-arg -classpath --runtime-arg  --instruction-set=x86 --instruction-set-features=smp,ssse3,-sse4.1,-sse4.2,-avx,-avx2 --runtime-arg -Xrelocate --boot-image=/system/framework/boot.art --runtime-arg -Xms64m --runtime-arg -Xmx512m -j1 --instruction-set-variant=x86 --instruction-set-features=default --dex-file=/data/app/uk.me.ponies.wearroutes-1/split_lib_dependencies_apk.apk --oat-file=/data/dalvik-cache/x86/data@app@uk.me.ponies.wearroutes-1@split_lib_dependencies_apk.apk@classes.dex) because non-0 exit status
05-24 12:12:28.942  9119  9119 W dex2oat : Unexpected CPU variant for X86 using defaults: x86
05-24 12:12:28.943  9119  9119 W dex2oat : Mismatch between dex2oat instruction set features (ISA: X86 Feature string: smp,-ssse3,-sse4.1,-sse4.2,-avx,-avx2) and those of dex2oat executable (ISA: X86 Feature string: smp,ssse3,-sse4.1,-sse4.2,-avx,-avx2) for the command line:
05-24 12:12:28.943  9119  9119 W dex2oat : /system/bin/dex2oat --runtime-arg -classpath --runtime-arg  --instruction-set=x86 --instruction-set-features=smp,ssse3,-sse4.1,-sse4.2,-avx,-avx2 --runtime-arg -Xrelocate --boot-image=/system/framework/boot.art --runtime-arg -Xms64m --runtime-arg -Xmx512m -j1 --instruction-set-variant=x86 --instruction-set-features=default --dex-file=/data/app/uk.me.ponies.wearroutes-1/split_lib_slice_0_apk.apk --oat-file=/data/dalvik-cache/x86/data@app@uk.me.ponies.wearroutes-1@split_lib_slice_0_apk.apk@classes.dex
05-24 12:12:28.943  9119  9119 E dex2oat : Failed to create oat file: /data/dalvik-cache/x86/data@app@uk.me.ponies.wearroutes-1@split_lib_slice_0_apk.apk@classes.dex: Permission denied
05-24 12:12:28.943  9119  9119 I dex2oat : dex2oat took 856.533us (threads: 1) 
05-24 12:12:28.944  9060  9060 W art     : Failed execv(/system/bin/dex2oat --runtime-arg -classpath --runtime-arg  --instruction-set=x86 --instruction-set-features=smp,ssse3,-sse4.1,-sse4.2,-avx,-avx2 --runtime-arg -Xrelocate --boot-image=/system/framework/boot.art --runtime-arg -Xms64m --runtime-arg -Xmx512m -j1 --instruction-set-variant=x86 --instruction-set-features=default --dex-file=/data/app/uk.me.ponies.wearroutes-1/split_lib_slice_0_apk.apk --oat-file=/data/dalvik-cache/x86/data@app@uk.me.ponies.wearroutes-1@split_lib_slice_0_apk.apk@classes.dex) because non-0 exit status
05-24 12:12:28.959  9121  9121 W dex2oat : Unexpected CPU variant for X86 using defaults: x86
05-24 12:12:28.959  9121  9121 W dex2oat : Mismatch between dex2oat instruction set features (ISA: X86 Feature string: smp,-ssse3,-sse4.1,-sse4.2,-avx,-avx2) and those of dex2oat executable (ISA: X86 Feature string: smp,ssse3,-sse4.1,-sse4.2,-avx,-avx2) for the command line:
05-24 12:12:28.959  9121  9121 W dex2oat : /system/bin/dex2oat --runtime-arg -classpath --runtime-arg  --instruction-set=x86 --instruction-set-features=smp,ssse3,-sse4.1,-sse4.2,-avx,-avx2 --runtime-arg -Xrelocate --boot-image=/system/framework/boot.art --runtime-arg -Xms64m --runtime-arg -Xmx512m -j1 --instruction-set-variant=x86 --instruction-set-features=default --dex-file=/data/app/uk.me.ponies.wearroutes-1/split_lib_slice_1_apk.apk --oat-file=/data/dalvik-cache/x86/data@app@uk.me.ponies.wearroutes-1@split_lib_slice_1_apk.apk@classes.dex
05-24 12:12:28.959  9121  9121 E dex2oat : Failed to create oat file: /data/dalvik-cache/x86/data@app@uk.me.ponies.wearroutes-1@split_lib_slice_1_apk.apk@classes.dex: Permission denied
05-24 12:12:28.959  9121  9121 I dex2oat : dex2oat took 472.688us (threads: 1) 
05-24 12:12:28.960  9060  9060 W art     : Failed execv(/system/bin/dex2oat --runtime-arg -classpath --runtime-arg  --instruction-set=x86 --instruction-set-features=smp,ssse3,-sse4.1,-sse4.2,-avx,-avx2 --runtime-arg -Xrelocate --boot-image=/system/framework/boot.art --runtime-arg -Xms64m --runtime-arg -Xmx512m -j1 --instruction-set-variant=x86 --instruction-set-features=default --dex-file=/data/app/uk.me.ponies.wearroutes-1/split_lib_slice_1_apk.apk --oat-file=/data/dalvik-cache/x86/data@app@uk.me.ponies.wearroutes-1@split_lib_slice_1_apk.apk@classes.dex) because non-0 exit status
05-24 12:12:28.974  9123  9123 W dex2oat : Unexpected CPU variant for X86 using defaults: x86
05-24 12:12:28.974  9123  9123 W dex2oat : Mismatch between dex2oat instruction set features (ISA: X86 Feature string: smp,-ssse3,-sse4.1,-sse4.2,-avx,-avx2) and those of dex2oat executable (ISA: X86 Feature string: smp,ssse3,-sse4.1,-sse4.2,-avx,-avx2) for the command line:
05-24 12:12:28.974  9123  9123 W dex2oat : /system/bin/dex2oat --runtime-arg -classpath --runtime-arg  --instruction-set=x86 --instruction-set-features=smp,ssse3,-sse4.1,-sse4.2,-avx,-avx2 --runtime-arg -Xrelocate --boot-image=/system/framework/boot.art --runtime-arg -Xms64m --runtime-arg -Xmx512m -j1 --instruction-set-variant=x86 --instruction-set-features=default --dex-file=/data/app/uk.me.ponies.wearroutes-1/split_lib_slice_2_apk.apk --oat-file=/data/dalvik-cache/x86/data@app@uk.me.ponies.wearroutes-1@split_lib_slice_2_apk.apk@classes.dex
05-24 12:12:28.974  9123  9123 E dex2oat : Failed to create oat file: /data/dalvik-cache/x86/data@app@uk.me.ponies.wearroutes-1@split_lib_slice_2_apk.apk@classes.dex: Permission denied
05-24 12:12:28.974  9123  9123 I dex2oat : dex2oat took 437.484us (threads: 1) 
05-24 12:12:28.975  9060  9060 W art     : Failed execv(/system/bin/dex2oat --runtime-arg -classpath --runtime-arg  --instruction-set=x86 --instruction-set-features=smp,ssse3,-sse4.1,-sse4.2,-avx,-avx2 --runtime-arg -Xrelocate --boot-image=/system/framework/boot.art --runtime-arg -Xms64m --runtime-arg -Xmx512m -j1 --instruction-set-variant=x86 --instruction-set-features=default --dex-file=/data/app/uk.me.ponies.wearroutes-1/split_lib_slice_2_apk.apk --oat-file=/data/dalvik-cache/x86/data@app@uk.me.ponies.wearroutes-1@split_lib_slice_2_apk.apk@classes.dex) because non-0 exit status
05-24 12:12:28.990  9125  9125 W dex2oat : Unexpected CPU variant for X86 using defaults: x86
05-24 12:12:28.991  9125  9125 W dex2oat : Mismatch between dex2oat instruction set features (ISA: X86 Feature string: smp,-ssse3,-sse4.1,-sse4.2,-avx,-avx2) and those of dex2oat executable (ISA: X86 Feature string: smp,ssse3,-sse4.1,-sse4.2,-avx,-avx2) for the command line:
05-24 12:12:28.991  9125  9125 W dex2oat : /system/bin/dex2oat --runtime-arg -classpath --runtime-arg  --instruction-set=x86 --instruction-set-features=smp,ssse3,-sse4.1,-sse4.2,-avx,-avx2 --runtime-arg -Xrelocate --boot-image=/system/framework/boot.art --runtime-arg -Xms64m --runtime-arg -Xmx512m -j1 --instruction-set-variant=x86 --instruction-set-features=default --dex-file=/data/app/uk.me.ponies.wearroutes-1/split_lib_slice_3_apk.apk --oat-file=/data/dalvik-cache/x86/data@app@uk.me.ponies.wearroutes-1@split_lib_slice_3_apk.apk@classes.dex
05-24 12:12:28.991  9125  9125 E dex2oat : Failed to create oat file: /data/dalvik-cache/x86/data@app@uk.me.ponies.wearroutes-1@split_lib_slice_3_apk.apk@classes.dex: Permission denied
05-24 12:12:28.991  9125  9125 I dex2oat : dex2oat took 807.086us (threads: 1) 
05-24 12:12:28.992  9060  9060 W art     : Failed execv(/system/bin/dex2oat --runtime-arg -classpath --runtime-arg  --instruction-set=x86 --instruction-set-features=smp,ssse3,-sse4.1,-sse4.2,-avx,-avx2 --runtime-arg -Xrelocate --boot-image=/system/framework/boot.art --runtime-arg -Xms64m --runtime-arg -Xmx512m -j1 --instruction-set-variant=x86 --instruction-set-features=default --dex-file=/data/app/uk.me.ponies.wearroutes-1/split_lib_slice_3_apk.apk --oat-file=/data/dalvik-cache/x86/data@app@uk.me.ponies.wearroutes-1@split_lib_slice_3_apk.apk@classes.dex) because non-0 exit status
05-24 12:12:29.001  9127  9127 W dex2oat : Unexpected CPU variant for X86 using defaults: x86
05-24 12:12:29.001  9127  9127 W dex2oat : Mismatch between dex2oat instruction set features (ISA: X86 Feature string: smp,-ssse3,-sse4.1,-sse4.2,-avx,-avx2) and those of dex2oat executable (ISA: X86 Feature string: smp,ssse3,-sse4.1,-sse4.2,-avx,-avx2) for the command line:
05-24 12:12:29.001  9127  9127 W dex2oat : /system/bin/dex2oat --runtime-arg -classpath --runtime-arg  --instruction-set=x86 --instruction-set-features=smp,ssse3,-sse4.1,-sse4.2,-avx,-avx2 --runtime-arg -Xrelocate --boot-image=/system/framework/boot.art --runtime-arg -Xms64m --runtime-arg -Xmx512m -j1 --instruction-set-variant=x86 --instruction-set-features=default --dex-file=/data/app/uk.me.ponies.wearroutes-1/split_lib_slice_4_apk.apk --oat-file=/data/dalvik-cache/x86/data@app@uk.me.ponies.wearroutes-1@split_lib_slice_4_apk.apk@classes.dex
05-24 12:12:29.001  9127  9127 E dex2oat : Failed to create oat file: /data/dalvik-cache/x86/data@app@uk.me.ponies.wearroutes-1@split_lib_slice_4_apk.apk@classes.dex: Permission denied
05-24 12:12:29.001  9127  9127 I dex2oat : dex2oat took 479.392us (threads: 1) 
05-24 12:12:29.002  9060  9060 W art     : Failed execv(/system/bin/dex2oat --runtime-arg -classpath --runtime-arg  --instruction-set=x86 --instruction-set-features=smp,ssse3,-sse4.1,-sse4.2,-avx,-avx2 --runtime-arg -Xrelocate --boot-image=/system/framework/boot.art --runtime-arg -Xms64m --runtime-arg -Xmx512m -j1 --instruction-set-variant=x86 --instruction-set-features=default --dex-file=/data/app/uk.me.ponies.wearroutes-1/split_lib_slice_4_apk.apk --oat-file=/data/dalvik-cache/x86/data@app@uk.me.ponies.wearroutes-1@split_lib_slice_4_apk.apk@classes.dex) because non-0 exit status
05-24 12:12:29.022  9129  9129 W dex2oat : Unexpected CPU variant for X86 using defaults: x86
05-24 12:12:29.022  9129  9129 W dex2oat : Mismatch between dex2oat instruction set features (ISA: X86 Feature string: smp,-ssse3,-sse4.1,-sse4.2,-avx,-avx2) and those of dex2oat executable (ISA: X86 Feature string: smp,ssse3,-sse4.1,-sse4.2,-avx,-avx2) for the command line:
05-24 12:12:29.022  9129  9129 W dex2oat : /system/bin/dex2oat --runtime-arg -classpath --runtime-arg  --instruction-set=x86 --instruction-set-features=smp,ssse3,-sse4.1,-sse4.2,-avx,-avx2 --runtime-arg -Xrelocate --boot-image=/system/framework/boot.art --runtime-arg -Xms64m --runtime-arg -Xmx512m -j1 --instruction-set-variant=x86 --instruction-set-features=default --dex-file=/data/app/uk.me.ponies.wearroutes-1/split_lib_slice_5_apk.apk --oat-file=/data/dalvik-cache/x86/data@app@uk.me.ponies.wearroutes-1@split_lib_slice_5_apk.apk@classes.dex
05-24 12:12:29.023  9129  9129 E dex2oat : Failed to create oat file: /data/dalvik-cache/x86/data@app@uk.me.ponies.wearroutes-1@split_lib_slice_5_apk.apk@classes.dex: Permission denied
05-24 12:12:29.023  9129  9129 I dex2oat : dex2oat took 489.449us (threads: 1) 
05-24 12:12:29.023  9060  9060 W art     : Failed execv(/system/bin/dex2oat --runtime-arg -classpath --runtime-arg  --instruction-set=x86 --instruction-set-features=smp,ssse3,-sse4.1,-sse4.2,-avx,-avx2 --runtime-arg -Xrelocate --boot-image=/system/framework/boot.art --runtime-arg -Xms64m --runtime-arg -Xmx512m -j1 --instruction-set-variant=x86 --instruction-set-features=default --dex-file=/data/app/uk.me.ponies.wearroutes-1/split_lib_slice_5_apk.apk --oat-file=/data/dalvik-cache/x86/data@app@uk.me.ponies.wearroutes-1@split_lib_slice_5_apk.apk@classes.dex) because non-0 exit status
05-24 12:12:29.033  9131  9131 W dex2oat : Unexpected CPU variant for X86 using defaults: x86
05-24 12:12:29.033  9131  9131 W dex2oat : Mismatch between dex2oat instruction set features (ISA: X86 Feature string: smp,-ssse3,-sse4.1,-sse4.2,-avx,-avx2) and those of dex2oat executable (ISA: X86 Feature string: smp,ssse3,-sse4.1,-sse4.2,-avx,-avx2) for the command line:
05-24 12:12:29.033  9131  9131 W dex2oat : /system/bin/dex2oat --runtime-arg -classpath --runtime-arg  --instruction-set=x86 --instruction-set-features=smp,ssse3,-sse4.1,-sse4.2,-avx,-avx2 --runtime-arg -Xrelocate --boot-image=/system/framework/boot.art --runtime-arg -Xms64m --runtime-arg -Xmx512m -j1 --instruction-set-variant=x86 --instruction-set-features=default --dex-file=/data/app/uk.me.ponies.wearroutes-1/split_lib_slice_6_apk.apk --oat-file=/data/dalvik-cache/x86/data@app@uk.me.ponies.wearroutes-1@split_lib_slice_6_apk.apk@classes.dex
05-24 12:12:29.033  9131  9131 E dex2oat : Failed to create oat file: /data/dalvik-cache/x86/data@app@uk.me.ponies.wearroutes-1@split_lib_slice_6_apk.apk@classes.dex: Permission denied
05-24 12:12:29.033  9131  9131 I dex2oat : dex2oat took 433.297us (threads: 1) 
05-24 12:12:29.034  9060  9060 W art     : Failed execv(/system/bin/dex2oat --runtime-arg -classpath --runtime-arg  --instruction-set=x86 --instruction-set-features=smp,ssse3,-sse4.1,-sse4.2,-avx,-avx2 --runtime-arg -Xrelocate --boot-image=/system/framework/boot.art --runtime-arg -Xms64m --runtime-arg -Xmx512m -j1 --instruction-set-variant=x86 --instruction-set-features=default --dex-file=/data/app/uk.me.ponies.wearroutes-1/split_lib_slice_6_apk.apk --oat-file=/data/dalvik-cache/x86/data@app@uk.me.ponies.wearroutes-1@split_lib_slice_6_apk.apk@classes.dex) because non-0 exit status
05-24 12:12:29.048  9133  9133 W dex2oat : Unexpected CPU variant for X86 using defaults: x86
05-24 12:12:29.048  9133  9133 W dex2oat : Mismatch between dex2oat instruction set features (ISA: X86 Feature string: smp,-ssse3,-sse4.1,-sse4.2,-avx,-avx2) and those of dex2oat executable (ISA: X86 Feature string: smp,ssse3,-sse4.1,-sse4.2,-avx,-avx2) for the command line:
05-24 12:12:29.048  9133  9133 W dex2oat : /system/bin/dex2oat --runtime-arg -classpath --runtime-arg  --instruction-set=x86 --instruction-set-features=smp,ssse3,-sse4.1,-sse4.2,-avx,-avx2 --runtime-arg -Xrelocate --boot-image=/system/framework/boot.art --runtime-arg -Xms64m --runtime-arg -Xmx512m -j1 --instruction-set-variant=x86 --instruction-set-features=default --dex-file=/data/app/uk.me.ponies.wearroutes-1/split_lib_slice_7_apk.apk --oat-file=/data/dalvik-cache/x86/data@app@uk.me.ponies.wearroutes-1@split_lib_slice_7_apk.apk@classes.dex
05-24 12:12:29.048  9133  9133 E dex2oat : Failed to create oat file: /data/dalvik-cache/x86/data@app@uk.me.ponies.wearroutes-1@split_lib_slice_7_apk.apk@classes.dex: Permission denied
05-24 12:12:29.048  9133  9133 I dex2oat : dex2oat took 428.267us (threads: 1) 
05-24 12:12:29.049  9060  9060 W art     : Failed execv(/system/bin/dex2oat --runtime-arg -classpath --runtime-arg  --instruction-set=x86 --instruction-set-features=smp,ssse3,-sse4.1,-sse4.2,-avx,-avx2 --runtime-arg -Xrelocate --boot-image=/system/framework/boot.art --runtime-arg -Xms64m --runtime-arg -Xmx512m -j1 --instruction-set-variant=x86 --instruction-set-features=default --dex-file=/data/app/uk.me.ponies.wearroutes-1/split_lib_slice_7_apk.apk --oat-file=/data/dalvik-cache/x86/data@app@uk.me.ponies.wearroutes-1@split_lib_slice_7_apk.apk@classes.dex) because non-0 exit status
05-24 12:12:29.064  9135  9135 W dex2oat : Unexpected CPU variant for X86 using defaults: x86
05-24 12:12:29.064  9135  9135 W dex2oat : Mismatch between dex2oat instruction set features (ISA: X86 Feature string: smp,-ssse3,-sse4.1,-sse4.2,-avx,-avx2) and those of dex2oat executable (ISA: X86 Feature string: smp,ssse3,-sse4.1,-sse4.2,-avx,-avx2) for the command line:
05-24 12:12:29.064  9135  9135 W dex2oat : /system/bin/dex2oat --runtime-arg -classpath --runtime-arg  --instruction-set=x86 --instruction-set-features=smp,ssse3,-sse4.1,-sse4.2,-avx,-avx2 --runtime-arg -Xrelocate --boot-image=/system/framework/boot.art --runtime-arg -Xms64m --runtime-arg -Xmx512m -j1 --instruction-set-variant=x86 --instruction-set-features=default --dex-file=/data/app/uk.me.ponies.wearroutes-1/split_lib_slice_8_apk.apk --oat-file=/data/dalvik-cache/x86/data@app@uk.me.ponies.wearroutes-1@split_lib_slice_8_apk.apk@classes.dex
05-24 12:12:29.064  9135  9135 E dex2oat : Failed to create oat file: /data/dalvik-cache/x86/data@app@uk.me.ponies.wearroutes-1@split_lib_slice_8_apk.apk@classes.dex: Permission denied
05-24 12:12:29.064  9135  9135 I dex2oat : dex2oat took 443.353us (threads: 1) 
05-24 12:12:29.065  9060  9060 W art     : Failed execv(/system/bin/dex2oat --runtime-arg -classpath --runtime-arg  --instruction-set=x86 --instruction-set-features=smp,ssse3,-sse4.1,-sse4.2,-avx,-avx2 --runtime-arg -Xrelocate --boot-image=/system/framework/boot.art --runtime-arg -Xms64m --runtime-arg -Xmx512m -j1 --instruction-set-variant=x86 --instruction-set-features=default --dex-file=/data/app/uk.me.ponies.wearroutes-1/split_lib_slice_8_apk.apk --oat-file=/data/dalvik-cache/x86/data@app@uk.me.ponies.wearroutes-1@split_lib_slice_8_apk.apk@classes.dex) because non-0 exit status
05-24 12:12:29.075  9137  9137 W dex2oat : Unexpected CPU variant for X86 using defaults: x86
05-24 12:12:29.075  9137  9137 W dex2oat : Mismatch between dex2oat instruction set features (ISA: X86 Feature string: smp,-ssse3,-sse4.1,-sse4.2,-avx,-avx2) and those of dex2oat executable (ISA: X86 Feature string: smp,ssse3,-sse4.1,-sse4.2,-avx,-avx2) for the command line:
05-24 12:12:29.075  9137  9137 W dex2oat : /system/bin/dex2oat --runtime-arg -classpath --runtime-arg  --instruction-set=x86 --instruction-set-features=smp,ssse3,-sse4.1,-sse4.2,-avx,-avx2 --runtime-arg -Xrelocate --boot-image=/system/framework/boot.art --runtime-arg -Xms64m --runtime-arg -Xmx512m -j1 --instruction-set-variant=x86 --instruction-set-features=default --dex-file=/data/app/uk.me.ponies.wearroutes-1/split_lib_slice_9_apk.apk --oat-file=/data/dalvik-cache/x86/data@app@uk.me.ponies.wearroutes-1@split_lib_slice_9_apk.apk@classes.dex
05-24 12:12:29.075  9137  9137 E dex2oat : Failed to create oat file: /data/dalvik-cache/x86/data@app@uk.me.ponies.wearroutes-1@split_lib_slice_9_apk.apk@classes.dex: Permission denied
05-24 12:12:29.075  9137  9137 I dex2oat : dex2oat took 151.695us (threads: 1) 
05-24 12:12:29.075  9060  9060 W art     : Failed execv(/system/bin/dex2oat --runtime-arg -classpath --runtime-arg  --instruction-set=x86 --instruction-set-features=smp,ssse3,-sse4.1,-sse4.2,-avx,-avx2 --runtime-arg -Xrelocate --boot-image=/system/framework/boot.art --runtime-arg -Xms64m --runtime-arg -Xmx512m -j1 --instruction-set-variant=x86 --instruction-set-features=default --dex-file=/data/app/uk.me.ponies.wearroutes-1/split_lib_slice_9_apk.apk --oat-file=/data/dalvik-cache/x86/data@app@uk.me.ponies.wearroutes-1@split_lib_slice_9_apk.apk@classes.dex) because non-0 exit status
05-24 12:12:29.079  9060  9060 W System  : ClassLoader referenced unknown path: /data/app/uk.me.ponies.wearroutes-1/lib/x86
05-24 12:12:29.103  9060  9060 I InstantRun: starting instant run server: is main process
05-24 12:12:29.258  9060  9060 I UnexpectedExceptionHandler: registering unexpectedException Hander on threadmain
05-24 12:12:29.262  9060  9060 E MainWearActivity: onCreate called savedinstanceState is null:true
05-24 12:12:29.267  9060  9060 D ActivityLifeCycleLogger: uk.me.ponies.wearroutes.MainWearActivity@31c0bd8 onActivityCreated called
05-24 12:12:29.414  9060  9060 D EventBus: No subscribers registered for event class uk.me.ponies.wearroutes.eventBusEvents.LocationPollingStateEvent
05-24 12:12:29.414  9060  9060 D EventBus: No subscribers registered for event class org.greenrobot.eventbus.NoSubscriberEvent
05-24 12:12:38.390  9060  9060 D EventBus: No subscribers registered for event class uk.me.ponies.wearroutes.eventBusEvents.LocationPollingStateEvent
05-24 12:12:38.390  9060  9060 D EventBus: No subscribers registered for event class org.greenrobot.eventbus.NoSubscriberEvent
05-24 12:12:38.393  9060  9060 D MainGridPagerAdapter: getFragment called for row:2 column:0
05-24 12:12:41.059  9060  9060 D MainWearActivity: android.permission.ACCESS_FINE_LOCATION Granted
05-24 12:12:41.059  9060  9060 D MainWearActivity: android.permission.WAKE_LOCK Granted
05-24 12:12:41.059  9060  9060 D MainWearActivity: android.permission.WRITE_EXTERNAL_STORAGE Granted
05-24 12:12:41.059  9060  9060 D MainWearActivity: android.permission.ACCESS_NETWORK_STATE Granted
05-24 12:12:41.060  9060  9060 D MainWearActivity: android.permission.INTERNET Granted
05-24 12:12:41.060  9060  9060 D MainWearActivity: android.permission.READ_EXTERNAL_STORAGE Granted
05-24 12:12:41.063  9060  9060 D ActivityLifeCycleLogger: uk.me.ponies.wearroutes.MainWearActivity@31c0bd8 onActivityStarted called
05-24 12:12:41.070  9060  9060 D AndroidRuntime: Shutting down VM
05-24 12:12:49.134  9060  9066 I art     : Thread[2,tid=9066,WaitingInMainSignalCatcherLoop,Thread*=0xad3c4300,peer=0x12cbc0a0,"Signal Catcher"]: reacting to signal 3
05-24 12:12:49.157  9060  9066 I art     : Wrote stack traces to '/data/anr/traces.txt'
05-24 12:12:58.300  9060  9060 E UnexpectedExceptionHandler: Exception thrown:java.lang.RuntimeException: Unable to start activity ComponentInfo{uk.me.ponies.wearroutes/uk.me.ponies.wearroutes.MainWearActivity}: org.greenrobot.eventbus.EventBusException: Subscriber class uk.me.ponies.wearroutes.MainWearActivity and its super classes have no public methods with the @Subscribe annotation
05-24 12:12:58.307  9060  9060 W before  : Logcat save
--------- beginning of crash
05-24 12:13:00.748  9060  9060 E AndroidRuntime: FATAL EXCEPTION: main
05-24 12:13:00.748  9060  9060 E AndroidRuntime: Process: uk.me.ponies.wearroutes, PID: 9060
05-24 12:13:00.748  9060  9060 E AndroidRuntime: java.lang.RuntimeException: Unable to start activity ComponentInfo{uk.me.ponies.wearroutes/uk.me.ponies.wearroutes.MainWearActivity}: org.greenrobot.eventbus.EventBusException: Subscriber class uk.me.ponies.wearroutes.MainWearActivity and its super classes have no public methods with the @Subscribe annotation
05-24 12:13:00.748  9060  9060 E AndroidRuntime: 	at android.app.ActivityThread.performLaunchActivity(ActivityThread.java:2416)
05-24 12:13:00.748  9060  9060 E AndroidRuntime: 	at android.app.ActivityThread.handleLaunchActivity(ActivityThread.java:2476)
05-24 12:13:00.748  9060  9060 E AndroidRuntime: 	at android.app.ActivityThread.-wrap11(ActivityThread.java)
05-24 12:13:00.748  9060  9060 E AndroidRuntime: 	at android.app.ActivityThread$H.handleMessage(ActivityThread.java:1344)
05-24 12:13:00.748  9060  9060 E AndroidRuntime: 	at android.os.Handler.dispatchMessage(Handler.java:102)
05-24 12:13:00.748  9060  9060 E AndroidRuntime: 	at android.os.Looper.loop(Looper.java:148)
05-24 12:13:00.748  9060  9060 E AndroidRuntime: 	at android.app.ActivityThread.main(ActivityThread.java:5422)
05-24 12:13:00.748  9060  9060 E AndroidRuntime: 	at java.lang.reflect.Method.invoke(Native Method)
05-24 12:13:00.748  9060  9060 E AndroidRuntime: 	at com.android.internal.os.ZygoteInit$MethodAndArgsCaller.run(ZygoteInit.java:726)
05-24 12:13:00.748  9060  9060 E AndroidRuntime: 	at com.android.internal.os.ZygoteInit.main(ZygoteInit.java:616)
05-24 12:13:00.748  9060  9060 E AndroidRuntime: Caused by: org.greenrobot.eventbus.EventBusException: Subscriber class uk.me.ponies.wearroutes.MainWearActivity and its super classes have no public methods with the @Subscribe annotation
05-24 12:13:00.748  9060  9060 E AndroidRuntime: 	at org.greenrobot.eventbus.SubscriberMethodFinder.findSubscriberMethods(SubscriberMethodFinder.java:67)
05-24 12:13:00.748  9060  9060 E AndroidRuntime: 	at org.greenrobot.eventbus.EventBus.register(EventBus.java:136)
05-24 12:13:00.748  9060  9060 E AndroidRuntime: 	at uk.me.ponies.wearroutes.MainWearActivity.onStart(MainWearActivity.java:538)
05-24 12:13:00.748  9060  9060 E AndroidRuntime: 	at android.app.Instrumentation.callActivityOnStart(Instrumentation.java:1237)
05-24 12:13:00.748  9060  9060 E AndroidRuntime: 	at android.app.Activity.performStart(Activity.java:6268)
05-24 12:13:00.748  9060  9060 E AndroidRuntime: 	at android.app.ActivityThread.performLaunchActivity(ActivityThread.java:2379)
05-24 12:13:00.748  9060  9060 E AndroidRuntime: 	... 9 more
