--------- beginning of main
05-20 14:53:36.962  7759  7759 I art     : Not late-enabling -Xcheck:jni (already on)
05-20 14:53:36.997  7772  7772 W dex2oat : Unexpected CPU variant for X86 using defaults: x86
05-20 14:53:36.997  7772  7772 W dex2oat : Mismatch between dex2oat instruction set features (ISA: X86 Feature string: smp,-ssse3,-sse4.1,-sse4.2,-avx,-avx2) and those of dex2oat executable (ISA: X86 Feature string: smp,ssse3,-sse4.1,-sse4.2,-avx,-avx2) for the command line:
05-20 14:53:36.997  7772  7772 W dex2oat : /system/bin/dex2oat --runtime-arg -classpath --runtime-arg  --instruction-set=x86 --instruction-set-features=smp,ssse3,-sse4.1,-sse4.2,-avx,-avx2 --runtime-arg -Xrelocate --boot-image=/system/framework/boot.art --runtime-arg -Xms64m --runtime-arg -Xmx512m -j1 --instruction-set-variant=x86 --instruction-set-features=default --dex-file=/data/app/uk.me.ponies.wearroutes-2/split_lib_dependencies_apk.apk --oat-file=/data/dalvik-cache/x86/data@app@uk.me.ponies.wearroutes-2@split_lib_dependencies_apk.apk@classes.dex
05-20 14:53:36.997  7772  7772 E dex2oat : Failed to create oat file: /data/dalvik-cache/x86/data@app@uk.me.ponies.wearroutes-2@split_lib_dependencies_apk.apk@classes.dex: Permission denied
05-20 14:53:36.997  7772  7772 I dex2oat : dex2oat took 654.555us (threads: 1) 
05-20 14:53:37.002  7759  7759 W art     : Failed execv(/system/bin/dex2oat --runtime-arg -classpath --runtime-arg  --instruction-set=x86 --instruction-set-features=smp,ssse3,-sse4.1,-sse4.2,-avx,-avx2 --runtime-arg -Xrelocate --boot-image=/system/framework/boot.art --runtime-arg -Xms64m --runtime-arg -Xmx512m -j1 --instruction-set-variant=x86 --instruction-set-features=default --dex-file=/data/app/uk.me.ponies.wearroutes-2/split_lib_dependencies_apk.apk --oat-file=/data/dalvik-cache/x86/data@app@uk.me.ponies.wearroutes-2@split_lib_dependencies_apk.apk@classes.dex) because non-0 exit status
05-20 14:53:37.133  7780  7780 W dex2oat : Unexpected CPU variant for X86 using defaults: x86
05-20 14:53:37.133  7780  7780 W dex2oat : Mismatch between dex2oat instruction set features (ISA: X86 Feature string: smp,-ssse3,-sse4.1,-sse4.2,-avx,-avx2) and those of dex2oat executable (ISA: X86 Feature string: smp,ssse3,-sse4.1,-sse4.2,-avx,-avx2) for the command line:
05-20 14:53:37.133  7780  7780 W dex2oat : /system/bin/dex2oat --runtime-arg -classpath --runtime-arg  --instruction-set=x86 --instruction-set-features=smp,ssse3,-sse4.1,-sse4.2,-avx,-avx2 --runtime-arg -Xrelocate --boot-image=/system/framework/boot.art --runtime-arg -Xms64m --runtime-arg -Xmx512m -j1 --instruction-set-variant=x86 --instruction-set-features=default --dex-file=/data/app/uk.me.ponies.wearroutes-2/split_lib_slice_0_apk.apk --oat-file=/data/dalvik-cache/x86/data@app@uk.me.ponies.wearroutes-2@split_lib_slice_0_apk.apk@classes.dex
05-20 14:53:37.133  7780  7780 E dex2oat : Failed to create oat file: /data/dalvik-cache/x86/data@app@uk.me.ponies.wearroutes-2@split_lib_slice_0_apk.apk@classes.dex: Permission denied
05-20 14:53:37.133  7780  7780 I dex2oat : dex2oat took 445.868us (threads: 1) 
05-20 14:53:37.133  7759  7759 W art     : Failed execv(/system/bin/dex2oat --runtime-arg -classpath --runtime-arg  --instruction-set=x86 --instruction-set-features=smp,ssse3,-sse4.1,-sse4.2,-avx,-avx2 --runtime-arg -Xrelocate --boot-image=/system/framework/boot.art --runtime-arg -Xms64m --runtime-arg -Xmx512m -j1 --instruction-set-variant=x86 --instruction-set-features=default --dex-file=/data/app/uk.me.ponies.wearroutes-2/split_lib_slice_0_apk.apk --oat-file=/data/dalvik-cache/x86/data@app@uk.me.ponies.wearroutes-2@split_lib_slice_0_apk.apk@classes.dex) because non-0 exit status
05-20 14:53:37.148  7782  7782 W dex2oat : Unexpected CPU variant for X86 using defaults: x86
05-20 14:53:37.148  7782  7782 W dex2oat : Mismatch between dex2oat instruction set features (ISA: X86 Feature string: smp,-ssse3,-sse4.1,-sse4.2,-avx,-avx2) and those of dex2oat executable (ISA: X86 Feature string: smp,ssse3,-sse4.1,-sse4.2,-avx,-avx2) for the command line:
05-20 14:53:37.148  7782  7782 W dex2oat : /system/bin/dex2oat --runtime-arg -classpath --runtime-arg  --instruction-set=x86 --instruction-set-features=smp,ssse3,-sse4.1,-sse4.2,-avx,-avx2 --runtime-arg -Xrelocate --boot-image=/system/framework/boot.art --runtime-arg -Xms64m --runtime-arg -Xmx512m -j1 --instruction-set-variant=x86 --instruction-set-features=default --dex-file=/data/app/uk.me.ponies.wearroutes-2/split_lib_slice_1_apk.apk --oat-file=/data/dalvik-cache/x86/data@app@uk.me.ponies.wearroutes-2@split_lib_slice_1_apk.apk@classes.dex
05-20 14:53:37.148  7782  7782 E dex2oat : Failed to create oat file: /data/dalvik-cache/x86/data@app@uk.me.ponies.wearroutes-2@split_lib_slice_1_apk.apk@classes.dex: Permission denied
05-20 14:53:37.148  7782  7782 I dex2oat : dex2oat took 547.278us (threads: 1) 
05-20 14:53:37.149  7759  7759 W art     : Failed execv(/system/bin/dex2oat --runtime-arg -classpath --runtime-arg  --instruction-set=x86 --instruction-set-features=smp,ssse3,-sse4.1,-sse4.2,-avx,-avx2 --runtime-arg -Xrelocate --boot-image=/system/framework/boot.art --runtime-arg -Xms64m --runtime-arg -Xmx512m -j1 --instruction-set-variant=x86 --instruction-set-features=default --dex-file=/data/app/uk.me.ponies.wearroutes-2/split_lib_slice_1_apk.apk --oat-file=/data/dalvik-cache/x86/data@app@uk.me.ponies.wearroutes-2@split_lib_slice_1_apk.apk@classes.dex) because non-0 exit status
05-20 14:53:37.157  7784  7784 W dex2oat : Unexpected CPU variant for X86 using defaults: x86
05-20 14:53:37.157  7784  7784 W dex2oat : Mismatch between dex2oat instruction set features (ISA: X86 Feature string: smp,-ssse3,-sse4.1,-sse4.2,-avx,-avx2) and those of dex2oat executable (ISA: X86 Feature string: smp,ssse3,-sse4.1,-sse4.2,-avx,-avx2) for the command line:
05-20 14:53:37.157  7784  7784 W dex2oat : /system/bin/dex2oat --runtime-arg -classpath --runtime-arg  --instruction-set=x86 --instruction-set-features=smp,ssse3,-sse4.1,-sse4.2,-avx,-avx2 --runtime-arg -Xrelocate --boot-image=/system/framework/boot.art --runtime-arg -Xms64m --runtime-arg -Xmx512m -j1 --instruction-set-variant=x86 --instruction-set-features=default --dex-file=/data/app/uk.me.ponies.wearroutes-2/split_lib_slice_2_apk.apk --oat-file=/data/dalvik-cache/x86/data@app@uk.me.ponies.wearroutes-2@split_lib_slice_2_apk.apk@classes.dex
05-20 14:53:37.157  7784  7784 E dex2oat : Failed to create oat file: /data/dalvik-cache/x86/data@app@uk.me.ponies.wearroutes-2@split_lib_slice_2_apk.apk@classes.dex: Permission denied
05-20 14:53:37.157  7784  7784 I dex2oat : dex2oat took 526.321us (threads: 1) 
05-20 14:53:37.158  7759  7759 W art     : Failed execv(/system/bin/dex2oat --runtime-arg -classpath --runtime-arg  --instruction-set=x86 --instruction-set-features=smp,ssse3,-sse4.1,-sse4.2,-avx,-avx2 --runtime-arg -Xrelocate --boot-image=/system/framework/boot.art --runtime-arg -Xms64m --runtime-arg -Xmx512m -j1 --instruction-set-variant=x86 --instruction-set-features=default --dex-file=/data/app/uk.me.ponies.wearroutes-2/split_lib_slice_2_apk.apk --oat-file=/data/dalvik-cache/x86/data@app@uk.me.ponies.wearroutes-2@split_lib_slice_2_apk.apk@classes.dex) because non-0 exit status
05-20 14:53:37.176  7786  7786 W dex2oat : Unexpected CPU variant for X86 using defaults: x86
05-20 14:53:37.176  7786  7786 W dex2oat : Mismatch between dex2oat instruction set features (ISA: X86 Feature string: smp,-ssse3,-sse4.1,-sse4.2,-avx,-avx2) and those of dex2oat executable (ISA: X86 Feature string: smp,ssse3,-sse4.1,-sse4.2,-avx,-avx2) for the command line:
05-20 14:53:37.176  7786  7786 W dex2oat : /system/bin/dex2oat --runtime-arg -classpath --runtime-arg  --instruction-set=x86 --instruction-set-features=smp,ssse3,-sse4.1,-sse4.2,-avx,-avx2 --runtime-arg -Xrelocate --boot-image=/system/framework/boot.art --runtime-arg -Xms64m --runtime-arg -Xmx512m -j1 --instruction-set-variant=x86 --instruction-set-features=default --dex-file=/data/app/uk.me.ponies.wearroutes-2/split_lib_slice_3_apk.apk --oat-file=/data/dalvik-cache/x86/data@app@uk.me.ponies.wearroutes-2@split_lib_slice_3_apk.apk@classes.dex
05-20 14:53:37.176  7786  7786 E dex2oat : Failed to create oat file: /data/dalvik-cache/x86/data@app@uk.me.ponies.wearroutes-2@split_lib_slice_3_apk.apk@classes.dex: Permission denied
05-20 14:53:37.177  7786  7786 I dex2oat : dex2oat took 1.034ms (threads: 1) 
05-20 14:53:37.177  7759  7759 W art     : Failed execv(/system/bin/dex2oat --runtime-arg -classpath --runtime-arg  --instruction-set=x86 --instruction-set-features=smp,ssse3,-sse4.1,-sse4.2,-avx,-avx2 --runtime-arg -Xrelocate --boot-image=/system/framework/boot.art --runtime-arg -Xms64m --runtime-arg -Xmx512m -j1 --instruction-set-variant=x86 --instruction-set-features=default --dex-file=/data/app/uk.me.ponies.wearroutes-2/split_lib_slice_3_apk.apk --oat-file=/data/dalvik-cache/x86/data@app@uk.me.ponies.wearroutes-2@split_lib_slice_3_apk.apk@classes.dex) because non-0 exit status
05-20 14:53:37.185  7788  7788 W dex2oat : Unexpected CPU variant for X86 using defaults: x86
05-20 14:53:37.185  7788  7788 W dex2oat : Mismatch between dex2oat instruction set features (ISA: X86 Feature string: smp,-ssse3,-sse4.1,-sse4.2,-avx,-avx2) and those of dex2oat executable (ISA: X86 Feature string: smp,ssse3,-sse4.1,-sse4.2,-avx,-avx2) for the command line:
05-20 14:53:37.185  7788  7788 W dex2oat : /system/bin/dex2oat --runtime-arg -classpath --runtime-arg  --instruction-set=x86 --instruction-set-features=smp,ssse3,-sse4.1,-sse4.2,-avx,-avx2 --runtime-arg -Xrelocate --boot-image=/system/framework/boot.art --runtime-arg -Xms64m --runtime-arg -Xmx512m -j1 --instruction-set-variant=x86 --instruction-set-features=default --dex-file=/data/app/uk.me.ponies.wearroutes-2/split_lib_slice_4_apk.apk --oat-file=/data/dalvik-cache/x86/data@app@uk.me.ponies.wearroutes-2@split_lib_slice_4_apk.apk@classes.dex
05-20 14:53:37.185  7788  7788 E dex2oat : Failed to create oat file: /data/dalvik-cache/x86/data@app@uk.me.ponies.wearroutes-2@split_lib_slice_4_apk.apk@classes.dex: Permission denied
05-20 14:53:37.185  7788  7788 I dex2oat : dex2oat took 436.649us (threads: 1) 
05-20 14:53:37.186  7759  7759 W art     : Failed execv(/system/bin/dex2oat --runtime-arg -classpath --runtime-arg  --instruction-set=x86 --instruction-set-features=smp,ssse3,-sse4.1,-sse4.2,-avx,-avx2 --runtime-arg -Xrelocate --boot-image=/system/framework/boot.art --runtime-arg -Xms64m --runtime-arg -Xmx512m -j1 --instruction-set-variant=x86 --instruction-set-features=default --dex-file=/data/app/uk.me.ponies.wearroutes-2/split_lib_slice_4_apk.apk --oat-file=/data/dalvik-cache/x86/data@app@uk.me.ponies.wearroutes-2@split_lib_slice_4_apk.apk@classes.dex) because non-0 exit status
05-20 14:53:37.203  7790  7790 W dex2oat : Unexpected CPU variant for X86 using defaults: x86
05-20 14:53:37.203  7790  7790 W dex2oat : Mismatch between dex2oat instruction set features (ISA: X86 Feature string: smp,-ssse3,-sse4.1,-sse4.2,-avx,-avx2) and those of dex2oat executable (ISA: X86 Feature string: smp,ssse3,-sse4.1,-sse4.2,-avx,-avx2) for the command line:
05-20 14:53:37.203  7790  7790 W dex2oat : /system/bin/dex2oat --runtime-arg -classpath --runtime-arg  --instruction-set=x86 --instruction-set-features=smp,ssse3,-sse4.1,-sse4.2,-avx,-avx2 --runtime-arg -Xrelocate --boot-image=/system/framework/boot.art --runtime-arg -Xms64m --runtime-arg -Xmx512m -j1 --instruction-set-variant=x86 --instruction-set-features=default --dex-file=/data/app/uk.me.ponies.wearroutes-2/split_lib_slice_5_apk.apk --oat-file=/data/dalvik-cache/x86/data@app@uk.me.ponies.wearroutes-2@split_lib_slice_5_apk.apk@classes.dex
05-20 14:53:37.204  7790  7790 E dex2oat : Failed to create oat file: /data/dalvik-cache/x86/data@app@uk.me.ponies.wearroutes-2@split_lib_slice_5_apk.apk@classes.dex: Permission denied
05-20 14:53:37.204  7790  7790 I dex2oat : dex2oat took 448.381us (threads: 1) 
05-20 14:53:37.204  7759  7759 W art     : Failed execv(/system/bin/dex2oat --runtime-arg -classpath --runtime-arg  --instruction-set=x86 --instruction-set-features=smp,ssse3,-sse4.1,-sse4.2,-avx,-avx2 --runtime-arg -Xrelocate --boot-image=/system/framework/boot.art --runtime-arg -Xms64m --runtime-arg -Xmx512m -j1 --instruction-set-variant=x86 --instruction-set-features=default --dex-file=/data/app/uk.me.ponies.wearroutes-2/split_lib_slice_5_apk.apk --oat-file=/data/dalvik-cache/x86/data@app@uk.me.ponies.wearroutes-2@split_lib_slice_5_apk.apk@classes.dex) because non-0 exit status
05-20 14:53:37.218  7792  7792 W dex2oat : Unexpected CPU variant for X86 using defaults: x86
05-20 14:53:37.218  7792  7792 W dex2oat : Mismatch between dex2oat instruction set features (ISA: X86 Feature string: smp,-ssse3,-sse4.1,-sse4.2,-avx,-avx2) and those of dex2oat executable (ISA: X86 Feature string: smp,ssse3,-sse4.1,-sse4.2,-avx,-avx2) for the command line:
05-20 14:53:37.218  7792  7792 W dex2oat : /system/bin/dex2oat --runtime-arg -classpath --runtime-arg  --instruction-set=x86 --instruction-set-features=smp,ssse3,-sse4.1,-sse4.2,-avx,-avx2 --runtime-arg -Xrelocate --boot-image=/system/framework/boot.art --runtime-arg -Xms64m --runtime-arg -Xmx512m -j1 --instruction-set-variant=x86 --instruction-set-features=default --dex-file=/data/app/uk.me.ponies.wearroutes-2/split_lib_slice_6_apk.apk --oat-file=/data/dalvik-cache/x86/data@app@uk.me.ponies.wearroutes-2@split_lib_slice_6_apk.apk@classes.dex
05-20 14:53:37.218  7792  7792 E dex2oat : Failed to create oat file: /data/dalvik-cache/x86/data@app@uk.me.ponies.wearroutes-2@split_lib_slice_6_apk.apk@classes.dex: Permission denied
05-20 14:53:37.218  7792  7792 I dex2oat : dex2oat took 490.287us (threads: 1) 
05-20 14:53:37.218  7759  7759 W art     : Failed execv(/system/bin/dex2oat --runtime-arg -classpath --runtime-arg  --instruction-set=x86 --instruction-set-features=smp,ssse3,-sse4.1,-sse4.2,-avx,-avx2 --runtime-arg -Xrelocate --boot-image=/system/framework/boot.art --runtime-arg -Xms64m --runtime-arg -Xmx512m -j1 --instruction-set-variant=x86 --instruction-set-features=default --dex-file=/data/app/uk.me.ponies.wearroutes-2/split_lib_slice_6_apk.apk --oat-file=/data/dalvik-cache/x86/data@app@uk.me.ponies.wearroutes-2@split_lib_slice_6_apk.apk@classes.dex) because non-0 exit status
05-20 14:53:37.228  7794  7794 W dex2oat : Unexpected CPU variant for X86 using defaults: x86
05-20 14:53:37.228  7794  7794 W dex2oat : Mismatch between dex2oat instruction set features (ISA: X86 Feature string: smp,-ssse3,-sse4.1,-sse4.2,-avx,-avx2) and those of dex2oat executable (ISA: X86 Feature string: smp,ssse3,-sse4.1,-sse4.2,-avx,-avx2) for the command line:
05-20 14:53:37.228  7794  7794 W dex2oat : /system/bin/dex2oat --runtime-arg -classpath --runtime-arg  --instruction-set=x86 --instruction-set-features=smp,ssse3,-sse4.1,-sse4.2,-avx,-avx2 --runtime-arg -Xrelocate --boot-image=/system/framework/boot.art --runtime-arg -Xms64m --runtime-arg -Xmx512m -j1 --instruction-set-variant=x86 --instruction-set-features=default --dex-file=/data/app/uk.me.ponies.wearroutes-2/split_lib_slice_7_apk.apk --oat-file=/data/dalvik-cache/x86/data@app@uk.me.ponies.wearroutes-2@split_lib_slice_7_apk.apk@classes.dex
05-20 14:53:37.228  7794  7794 E dex2oat : Failed to create oat file: /data/dalvik-cache/x86/data@app@uk.me.ponies.wearroutes-2@split_lib_slice_7_apk.apk@classes.dex: Permission denied
05-20 14:53:37.228  7794  7794 I dex2oat : dex2oat took 0 (threads: 1) 
05-20 14:53:37.233  7759  7759 W art     : Failed execv(/system/bin/dex2oat --runtime-arg -classpath --runtime-arg  --instruction-set=x86 --instruction-set-features=smp,ssse3,-sse4.1,-sse4.2,-avx,-avx2 --runtime-arg -Xrelocate --boot-image=/system/framework/boot.art --runtime-arg -Xms64m --runtime-arg -Xmx512m -j1 --instruction-set-variant=x86 --instruction-set-features=default --dex-file=/data/app/uk.me.ponies.wearroutes-2/split_lib_slice_7_apk.apk --oat-file=/data/dalvik-cache/x86/data@app@uk.me.ponies.wearroutes-2@split_lib_slice_7_apk.apk@classes.dex) because non-0 exit status
05-20 14:53:37.276  7798  7798 W dex2oat : Unexpected CPU variant for X86 using defaults: x86
05-20 14:53:37.277  7798  7798 W dex2oat : Mismatch between dex2oat instruction set features (ISA: X86 Feature string: smp,-ssse3,-sse4.1,-sse4.2,-avx,-avx2) and those of dex2oat executable (ISA: X86 Feature string: smp,ssse3,-sse4.1,-sse4.2,-avx,-avx2) for the command line:
05-20 14:53:37.277  7798  7798 W dex2oat : /system/bin/dex2oat --runtime-arg -classpath --runtime-arg  --instruction-set=x86 --instruction-set-features=smp,ssse3,-sse4.1,-sse4.2,-avx,-avx2 --runtime-arg -Xrelocate --boot-image=/system/framework/boot.art --runtime-arg -Xms64m --runtime-arg -Xmx512m -j1 --instruction-set-variant=x86 --instruction-set-features=default --dex-file=/data/app/uk.me.ponies.wearroutes-2/split_lib_slice_8_apk.apk --oat-file=/data/dalvik-cache/x86/data@app@uk.me.ponies.wearroutes-2@split_lib_slice_8_apk.apk@classes.dex
05-20 14:53:37.277  7798  7798 E dex2oat : Failed to create oat file: /data/dalvik-cache/x86/data@app@uk.me.ponies.wearroutes-2@split_lib_slice_8_apk.apk@classes.dex: Permission denied
05-20 14:53:37.277  7798  7798 I dex2oat : dex2oat took 812.948us (threads: 1) 
05-20 14:53:37.280  7759  7759 W art     : Failed execv(/system/bin/dex2oat --runtime-arg -classpath --runtime-arg  --instruction-set=x86 --instruction-set-features=smp,ssse3,-sse4.1,-sse4.2,-avx,-avx2 --runtime-arg -Xrelocate --boot-image=/system/framework/boot.art --runtime-arg -Xms64m --runtime-arg -Xmx512m -j1 --instruction-set-variant=x86 --instruction-set-features=default --dex-file=/data/app/uk.me.ponies.wearroutes-2/split_lib_slice_8_apk.apk --oat-file=/data/dalvik-cache/x86/data@app@uk.me.ponies.wearroutes-2@split_lib_slice_8_apk.apk@classes.dex) because non-0 exit status
05-20 14:53:37.287  7800  7800 W dex2oat : Unexpected CPU variant for X86 using defaults: x86
05-20 14:53:37.287  7800  7800 W dex2oat : Mismatch between dex2oat instruction set features (ISA: X86 Feature string: smp,-ssse3,-sse4.1,-sse4.2,-avx,-avx2) and those of dex2oat executable (ISA: X86 Feature string: smp,ssse3,-sse4.1,-sse4.2,-avx,-avx2) for the command line:
05-20 14:53:37.287  7800  7800 W dex2oat : /system/bin/dex2oat --runtime-arg -classpath --runtime-arg  --instruction-set=x86 --instruction-set-features=smp,ssse3,-sse4.1,-sse4.2,-avx,-avx2 --runtime-arg -Xrelocate --boot-image=/system/framework/boot.art --runtime-arg -Xms64m --runtime-arg -Xmx512m -j1 --instruction-set-variant=x86 --instruction-set-features=default --dex-file=/data/app/uk.me.ponies.wearroutes-2/split_lib_slice_9_apk.apk --oat-file=/data/dalvik-cache/x86/data@app@uk.me.ponies.wearroutes-2@split_lib_slice_9_apk.apk@classes.dex
05-20 14:53:37.287  7800  7800 E dex2oat : Failed to create oat file: /data/dalvik-cache/x86/data@app@uk.me.ponies.wearroutes-2@split_lib_slice_9_apk.apk@classes.dex: Permission denied
05-20 14:53:37.296  7800  7800 I dex2oat : dex2oat took 0 (threads: 1) 
05-20 14:53:37.297  7759  7759 W art     : Failed execv(/system/bin/dex2oat --runtime-arg -classpath --runtime-arg  --instruction-set=x86 --instruction-set-features=smp,ssse3,-sse4.1,-sse4.2,-avx,-avx2 --runtime-arg -Xrelocate --boot-image=/system/framework/boot.art --runtime-arg -Xms64m --runtime-arg -Xmx512m -j1 --instruction-set-variant=x86 --instruction-set-features=default --dex-file=/data/app/uk.me.ponies.wearroutes-2/split_lib_slice_9_apk.apk --oat-file=/data/dalvik-cache/x86/data@app@uk.me.ponies.wearroutes-2@split_lib_slice_9_apk.apk@classes.dex) because non-0 exit status
05-20 14:53:37.299  7759  7759 W System  : ClassLoader referenced unknown path: /data/app/uk.me.ponies.wearroutes-2/lib/x86
05-20 14:53:37.303  7759  7759 I InstantRun: starting instant run server: is main process
05-20 14:53:37.348  7759  7759 I UnexpectedExceptionHandler: registering unexpectedException Hander on threadmain
05-20 14:53:37.351  7759  7759 E MainWearActivity: onCreate called savedinstanceState is null:true
05-20 14:53:37.356  7759  7759 D ActivityLifeCycleLogger: uk.me.ponies.wearroutes.MainWearActivity@96f3d4 onActivityCreated called
05-20 14:53:37.594  7759  7759 D EventBus: No subscribers registered for event class uk.me.ponies.wearroutes.eventBusEvents.LocationPollingStateEvent
05-20 14:53:37.594  7759  7759 D EventBus: No subscribers registered for event class org.greenrobot.eventbus.NoSubscriberEvent
05-20 14:53:37.641  7759  7759 D EventBus: No subscribers registered for event class uk.me.ponies.wearroutes.eventBusEvents.LocationPollingStateEvent
05-20 14:53:37.641  7759  7759 D EventBus: No subscribers registered for event class org.greenrobot.eventbus.NoSubscriberEvent
05-20 14:53:37.644  7759  7759 D MainGridPagerAdapter: getFragment called for row:2 column:0
05-20 14:53:37.778  7759  7759 D MainWearActivity: android.permission.ACCESS_FINE_LOCATION Granted
05-20 14:53:37.778  7759  7759 D MainWearActivity: android.permission.WAKE_LOCK Granted
05-20 14:53:37.778  7759  7759 D MainWearActivity: android.permission.WRITE_EXTERNAL_STORAGE Granted
05-20 14:53:37.778  7759  7759 D MainWearActivity: android.permission.ACCESS_NETWORK_STATE Granted
05-20 14:53:37.778  7759  7759 D MainWearActivity: android.permission.INTERNET Granted
05-20 14:53:37.778  7759  7759 D MainWearActivity: android.permission.READ_EXTERNAL_STORAGE Granted
05-20 14:53:37.780  7759  7759 D ActivityLifeCycleLogger: uk.me.ponies.wearroutes.MainWearActivity@96f3d4 onActivityStarted called
05-20 14:53:37.797  7759  7759 D ActivityLifeCycleLogger: uk.me.ponies.wearroutes.MainWearActivity@96f3d4 onActivityResumed called
05-20 14:53:37.799  7759  7826 D OpenGLRenderer: Use EGL_SWAP_BEHAVIOR_PRESERVED: true
05-20 14:53:37.824  7759  7759 D         : HostConnection::get() New Host Connection established 0xac25b770, tid 7759
05-20 14:53:37.864  7759  7759 D MainGridPagerAdapter: GridPagerAdapter: startUpdate Called id:2131820668 took 1ms
05-20 14:53:37.865  7759  7759 D MainGridPagerAdapter: getFragment called for row:0 column:0
05-20 14:53:37.865  7759  7759 D MainGridPagerAdapter: getFragment called for row:0 column:1
05-20 14:53:37.865  7759  7759 D MainGridPagerAdapter: getFragment called for row:0 column:2
05-20 14:53:37.865  7759  7759 D MainGridPagerAdapter: getFragment called for row:0 column:3
05-20 14:53:37.865  7759  7759 D MainGridPagerAdapter: getFragment called for row:0 column:4
05-20 14:53:37.865  7759  7759 D MainGridPagerAdapter: getFragment called for row:0 column:5
05-20 14:53:37.865  7759  7759 D MainGridPagerAdapter: getFragment called for row:1 column:0
05-20 14:53:37.865  7759  7759 D MainGridPagerAdapter: getFragment called for row:2 column:0
05-20 14:53:37.865  7759  7759 D MainGridPagerAdapter: getFragment called for row:3 column:0
05-20 14:53:37.866  7759  7759 D MainGridPagerAdapter: getFragment called for row:4 column:0
05-20 14:53:37.916  7759  7759 D FragmentLifecycleLogger: SpeedPanel1 onAttach called
05-20 14:53:37.916  7759  7759 D FragmentLifecycleLogger: SpeedPanel1 onCreate called
05-20 14:53:37.923  7759  7759 D FragmentLifecycleLogger: SpeedPanel1 onViewCreated called
05-20 14:53:37.923  7759  7759 D FragmentLifecycleLogger: SpeedPanel1 onActivityCreated called
05-20 14:53:37.923  7759  7759 D FragmentLifecycleLogger: SpeedPanel1 onViewStateRestored called
05-20 14:53:37.923  7759  7759 D FragmentLifecycleLogger: SpeedPanel1 onStart called
05-20 14:53:37.923  7759  7759 D SpeedPanel1: onResume called
05-20 14:53:37.923  7759  7759 D FragmentLifecycleLogger: SpeedPanel1 onResume called
05-20 14:53:37.924  7759  7759 D FragmentLifecycleLogger: MapSwipeToZoomFragment onAttach called
05-20 14:53:37.924  7759  7759 D FragmentLifecycleLogger: MapSwipeToZoomFragment onCreate called
05-20 14:53:37.924  7759  7759 D MapSwipeToZoomFrag: MapContainingFragment Map #00 onCreateView called
05-20 14:53:37.934  7759  7759 D MapSwipeToZoomFrag: creating a new InnerMapFragment
05-20 14:53:37.956  7759  7759 D MapSwipeToZoomFrag: MapContainingFragment (not the view) is MapFragment{78b9ad9 id=0x7f11008b}
05-20 14:53:37.956  7759  7759 D MapSwipeToZoomFrag: CreateView Map #00 getting MapAsync 
05-20 14:53:37.957  7759  7759 D MapSwipeToZoomFrag: CreateView completed
05-20 14:53:37.958  7759  7759 D MapSwipeToZoomFrag: Map #00 onViewCreatedCalled
05-20 14:53:37.958  7759  7759 D FragmentLifecycleLogger: MapSwipeToZoomFragment onViewCreated called
05-20 14:53:37.967  7759  7759 D FragmentLifecycleLogger: MapSwipeToZoomFragment onActivityCreated called
05-20 14:53:37.967  7759  7759 D FragmentLifecycleLogger: MapSwipeToZoomFragment onViewStateRestored called
05-20 14:53:37.973  7759  7759 I zzai    : Making Creator dynamically
05-20 14:53:38.052  7759  7759 I Google Maps Android API: Google Play services client version: 9452000
05-20 14:53:38.055  7759  7759 I Google Maps Android API: Google Play services package version: 11047570
05-20 14:53:38.229  7759  7851 W agl     : copyMemory is missing from platform - proto runtime falling back to safer methods.
05-20 14:53:38.436  7759  7759 D MapSwipeToZoomFrag: MapContainingFragment:Map #00 onStart called with zoom:15
05-20 14:53:38.436  7759  7759 D FragmentLifecycleLogger: MapSwipeToZoomFragment onStart called
05-20 14:53:38.436  7759  7759 D MapSwipeToZoomFrag: MapContainingFragment:Map #00 onResume called, visible is true
05-20 14:53:38.436  7759  7759 D FragmentLifecycleLogger: MapSwipeToZoomFragment onResume called
05-20 14:53:38.436  7759  7759 D MapSwipeToZoomFrag: matchMapUIToConfig -- no map
05-20 14:53:38.440  7759  7759 D MainGridPagerAdapter: GridPagerAdapter: finishUpdate Called id:2131820668 took 574ms
05-20 14:53:38.447  7759  7759 D MainGridPagerAdapter: GridPagerAdapter: startUpdate Called id:2131820668 took 0ms
05-20 14:53:38.447  7759  7759 D MainGridPagerAdapter: GridPagerAdapter: finishUpdate Called id:2131820668 took 0ms
05-20 14:53:38.475  7759  7826 D         : HostConnection::get() New Host Connection established 0xa623f780, tid 7826
05-20 14:53:38.476  7759  7826 I OpenGLRenderer: Initialized EGL, version 1.4
05-20 14:53:38.476  7759  7826 W OpenGLRenderer: Failed to choose config with EGL_SWAP_BEHAVIOR_PRESERVED, retrying without...
05-20 14:53:38.493  7759  7759 D MainGridPagerAdapter: GridPagerAdapter: startUpdate Called id:2131820668 took 0ms
05-20 14:53:38.493  7759  7759 D MainGridPagerAdapter: GridPagerAdapter: finishUpdate Called id:2131820668 took 0ms
05-20 14:53:38.495  7759  7759 D MainWearActivity: onPageScrolled: 0,0
05-20 14:53:38.502  7759  7865 D         : HostConnection::get() New Host Connection established 0xa623f100, tid 7865
05-20 14:53:38.515  7759  7869 D Loader  : Loading asset 0x7f020070
05-20 14:53:38.544  7759  7759 I Choreographer: Skipped 40 frames!  The application may be doing too much work on its main thread.
05-20 14:53:38.699  7759  7759 D MapSwipeToZoomFrag: showZoom is false
05-20 14:53:38.710  7759  7759 D MapSwipeToZoomFrag: SetupMap Called Map #00
05-20 14:53:38.719  7759  7759 D MapSwipeToZoomFrag: EventBusLocationSourceForMap activated for com.google.android.gms.maps.GoogleMap$12$1@78de2ed
05-20 14:53:38.734  7759  7759 D MapSwipeToZoomFrag: SetupMap Map #00 moving camera to zoom15
05-20 14:53:38.734  7759  7759 D MapSwipeToZoomFrag: Not moving camera as the map isn't visible
05-20 14:53:38.735  7759  7759 D MapSwipeToZoomFrag: Re-adding polylines during onResume
05-20 14:53:38.735  7759  7759 D MapSwipeToZoomFrag: polylines re-added in onResume
--------- beginning of system
05-20 14:53:38.736  7759  7759 D StrictMode: Wrote violation #0 of 1: 11460 bytes
05-20 14:53:38.768  7759  7759 D MainGridPagerAdapter: GridPagerAdapter: startUpdate Called id:2131820668 took 0ms
05-20 14:53:38.769  7759  7759 D MainGridPagerAdapter: GridPagerAdapter: finishUpdate Called id:2131820668 took 0ms
05-20 14:53:38.783  7759  7759 D MainGridPagerAdapter: GridPagerAdapter: startUpdate Called id:2131820668 took 0ms
05-20 14:53:38.783  7759  7759 D MainGridPagerAdapter: GridPagerAdapter: finishUpdate Called id:2131820668 took 0ms
05-20 14:53:38.809  7759  7759 D MapSwipeToZoomFrag: Camera Changed for Map Map #00
05-20 14:53:38.810  7759  7759 D StrictMode: Wrote violation #0 of 1: 13336 bytes
05-20 14:53:38.833  7759  7759 D MapSwipeToZoomFrag: Camera Changed for Map Map #00
05-20 14:53:38.833  7759  7759 D StrictMode: Wrote violation #0 of 1: 16044 bytes
05-20 14:53:38.850  7759  7759 D MainWearActivity: onConnected(): Successfully connected to Google API client
05-20 14:53:38.882  7759  7759 D LocationHandler: onConnected(): Successfully connected to Google API client
05-20 14:53:38.882  7759  7759 D SlowLocationPollerBase: SlowLocationPollerBase stopped
05-20 14:53:38.883  7759  7759 D LocationHandler: removingLocationUpdates for listener uk.me.ponies.wearroutes.locationHandling.SlowLocationPollerAlarmWakeup@ae5d77e
05-20 14:53:38.883  7759  7759 D LocationHandler: removingLocationUpdates for listener uk.me.ponies.wearroutes.locationHandling.LocationHandler@37328d0
05-20 14:53:38.883  7759  7759 D LocationHandler: requestingLocationUpdates for listener uk.me.ponies.wearroutes.locationHandling.LocationHandler@37328d0
05-20 14:53:38.985  7759  7759 D LocationHandler: Good location received Location[fused 54.180240,-2.300542 acc=50 et=+9m45s694ms alt=0.0 vel=13.89 bear=170.0 mock {Bundle[mParcelledData.dataSize=44]}] from LocationHandler
05-20 14:53:38.986  7759  7759 D StrictMode: Wrote violation #0 of 1: 18752 bytes
05-20 14:53:38.986  7759  7759 D BearingSectorizer: clamped to :165.0 from:170.0
05-20 14:53:38.987  7759  7759 D BearingSectorizer: returning changed: 165.0
05-20 14:53:38.987  7759  7759 D MapSwipeToZoomFrag: Location changed, updating because First Location
05-20 14:53:38.987  7759  7759 D MapSwipeToZoomFrag: Not moving camera as the map isn't visible
05-20 14:53:38.987  7759  7759 D MapSwipeToZoomFrag: EventBusLocationSourceForMap sending location to listener com.google.android.gms.maps.GoogleMap$12$1@78de2ed
05-20 14:53:38.993  7759  7759 D MainGridPagerAdapter: GridPagerAdapter: startUpdate Called id:2131820668 took 0ms
05-20 14:53:38.993  7759  7759 D MainGridPagerAdapter: GridPagerAdapter: finishUpdate Called id:2131820668 took 0ms
05-20 14:53:38.995  7759  7759 D MainGridPagerAdapter: GridPagerAdapter: startUpdate Called id:2131820668 took 0ms
05-20 14:53:38.995  7759  7759 D MainGridPagerAdapter: GridPagerAdapter: finishUpdate Called id:2131820668 took 0ms
05-20 14:53:39.025  7759  7769 I art     : Background sticky concurrent mark sweep GC freed 7764(723KB) AllocSpace objects, 34(2MB) LOS objects, 0% free, 10MB/10MB, paused 4.617ms total 275.088ms
05-20 14:53:39.156  7759  7759 D Error   : ERR: exClass=android.os.StrictMode$StrictModeCustomViolation
05-20 14:53:39.156  7759  7759 D Error   : ERR: exMsg=policy=4325404 violation=8 msg=gcore.dynamite
05-20 14:53:39.156  7759  7759 D Error   : ERR: file=StrictMode.java
05-20 14:53:39.156  7759  7759 D Error   : ERR: class=android.os.StrictMode$AndroidBlockGuardPolicy
05-20 14:53:39.156  7759  7759 D Error   : ERR: method=onCustomSlowCall line=1236
05-20 14:53:39.156  7759  7759 D Error   : ERR: stack=android.os.StrictMode$StrictModeCustomViolation: policy=4325404 violation=8 msg=gcore.dynamite
05-20 14:53:39.156  7759  7759 D Error   : 	at android.os.StrictMode$AndroidBlockGuardPolicy.onCustomSlowCall(StrictMode.java:1236)
05-20 14:53:39.156  7759  7759 D Error   : 	at android.os.StrictMode.noteSlowCall(StrictMode.java:2136)
05-20 14:53:39.156  7759  7759 D Error   : 	at ffk.a(:com.google.android.gms:0)
05-20 14:53:39.156  7759  7759 D Error   : 	at dgs.a(:com.google.android.gms:2)
05-20 14:53:39.156  7759  7759 D Error   : 	at com.google.android.gms.maps.internal.CreatorImpl.a(:com.google.android.gms:4)
05-20 14:53:39.156  7759  7759 D Error   : 	at com.google.android.gms.maps.internal.CreatorImpl.newMapFragmentDelegate(:com.google.android.gms:0)
05-20 14:53:39.156  7759  7759 D Error   : 	at igj.onTransact(:com.google.android.gms:13)
05-20 14:53:39.156  7759  7759 D Error   : 	at android.os.Binder.transact(Binder.java:387)
05-20 14:53:39.156  7759  7759 D Error   : 	at com.google.android.gms.maps.internal.zzc$zza$zza.zzag(Unknown Source)
05-20 14:53:39.156  7759  7759 D Error   : 	at com.google.android.gms.maps.MapFragment$zzb.zzbow(Unknown Source)
05-20 14:53:39.156  7759  7759 D Error   : 	at com.google.android.gms.maps.MapFragment$zzb.zza(Unknown Source)
05-20 14:53:39.156  7759  7759 D Error   : 	at com.google.android.gms.dynamic.zza.zza(Unknown Source)
05-20 14:53:39.156  7759  7759 D Error   : 	at com.google.android.gms.dynamic.zza.onCreate(Unknown Source)
05-20 14:53:39.156  7759  7759 D Error   : 	at com.google.android.gms.maps.MapFragment.onCreate(Unknown Source)
05-20 14:53:39.156  7759  7759 D Error   : 	at android.app.Fragment.performCreate(Fragment.java:2198)
05-20 14:53:39.156  7759  7759 D Error   : 	at android.app.FragmentManagerImpl.moveToState(FragmentManager.java:942)
05-20 14:53:39.156  7759  7759 D Error   : 	at android.app.FragmentManagerImpl.moveToState(FragmentManager.java:1148)
05-20 14:53:39.156  7759  7759 D Error   : 	at android.app.BackStackRecord.run(BackStackRecord.java:793)
05-20 14:53:39.156  7759  7759 D Error   : 	at android.app.FragmentManagerImpl.execPendingActions(FragmentManager.java:1535)
05-20 14:53:39.156  7759  7759 D Error   : 	at android.app.Fragment.performStart(Fragment.java:2241)
05-20 14:53:39.156  7759  7759 D Error   : 	at android.app.FragmentManagerImpl.moveToState(FragmentManager.java:1002)
05-20 14:53:39.156  7759  7759 D Error   : 	at android.app.FragmentManagerImpl.moveToState(FragmentManager.java:1148)
05-20 14:53:39.156  7759  7759 D Error   : 	at android.app.BackStackRecord.run(BackStackRecord.java:793)
05-20 14:53:39.156  7759  7759 D Error   : 	at android.app.FragmentManagerImpl.execPendingActions(FragmentManager.java:1535)
05-20 14:53:39.156  7759  7759 D Error   : 	at android.app.FragmentManagerImpl.executePendingTransactions(FragmentManager.java:562)
05-20 14:53:39.156  7759  7759 D Error   : 	at android.support.wearable.view.FragmentGridPagerAdapter.finishUpdate(FragmentGridPagerAdapter.java:220)
05-20 14:53:39.156  7759  7759 D Error   : 	at uk.me.ponies.wearroutes.MainGridPagerAdapter.finishUpdate(MainGridPagerAdapter.java:329)
05-20 14:53:39.156  7759  7759 D Error   : 	at android.support.wearable.view.GridViewPager.populate(GridViewPager.java:1182)
05-20 14:53:39.156  7759  7759 D Error   : 	at android.support.wearable.view.GridViewPager.populate(GridViewPager.java:1038)
05-20 14:53:39.156  7759  7759 D Error   : 	at android.support.wearable.view.GridViewPager.onMeasure(GridViewPager.java:1343)
05-20 14:53:39.156  7759  7759 D Error   : 	at android.view.View.measure(View.java:18794)
05-20 14:53:39.156  7759  7759 D Error   : 	at android.view.ViewGroup.measureChildWithMargins(ViewGroup.java:5951)
05-20 14:53:39.156  7759  7759 D Error   : 	at android.widget.FrameLayout.onMeasure(FrameLayout.java:194)
05-20 14:53:39.156  7759  7759 D Error   : 	at android.view.View.measure(View.java:18794)
05-20 14:53:39.156  7759  7759 D Error   : 	at android.view.ViewGroup.measureChildWithMargins(ViewGroup.java:5951)
05-20 14:53:39.156  7759  7759 D Error   : 	at android.widget.FrameLayout.onMeasure(FrameLayout.java:194)
05-20 14:53:39.156  7759  7759 D Error   : 	at android.view.View.measure(View.java:18794)
05-20 14:53:39.156  7759  7759 D Error   : 	at android.view.ViewGroup.measureChildWithMargins(ViewGroup.java:5951)
05-20 14:53:39.156  7759  7759 D Error   : 	at android.widget.FrameLayout.onMeasure(FrameLayout.java:194)
05-20 14:53:39.156  7759  7759 D Error   : 	at com.android.internal.policy.PhoneWindow$DecorView.onMeasure(PhoneWindow.java:2643)
05-20 14:53:39.156  7759  7759 D Error   : 	at android.view.View.measure(View.java:18794)
05-20 14:53:39.156  7759  7759 D Error   : 	at android.view.ViewRootImpl.performMeasure(ViewRootImpl.java:2108)
05-20 14:53:39.156  7759  7759 D Error   : 	at android.view.ViewRootImpl.measureHierarchy(ViewRootImpl.java:1224)
05-20 14:53:39.156  7759  7759 D Error   : 	at android.view.ViewRootImpl.performTraversals(ViewRootImpl.java:1460)
05-20 14:53:39.156  7759  7759 D Error   : 	at android.view.ViewRootImpl.doTraversal(ViewRootImpl.java:1115)
05-20 14:53:39.156  7759  7759 D Error   : 	at android.view.ViewRootImpl$TraversalRunnable.run(ViewRootImpl.java:6024)
05-20 14:53:39.156  7759  7759 D Error   : 	at android.view.Choreographer$CallbackRecord.run(Choreographer.java:858)
05-20 14:53:39.156  7759  7759 D Error   : 	at android.view.Choreographer.doCallbacks(Choreographer.java:670)
05-20 14:53:39.156  7759  7759 D Error   : 	at android.view.Choreographer.doFrame(Choreographer.java:606)
05-20 14:53:39.156  7759  7759 D Error   : 	at android.view.Choreographer$FrameDisplayEventReceiver.run(Choreographer.java:844)
05-20 14:53:39.156  7759  7759 D Error   : 	at android.os.Handler.handleCallback(Handler.java:739)
05-20 14:53:39.156  7759  7759 D Error   : 	at android.os.Handler.dispatchMessage(Handler.java:95)
05-20 14:53:39.156  7759  7759 D Error   : 	at android.os.Looper.loop(Looper.java:148)
05-20 14:53:39.156  7759  7759 D Error   : 	at android.app.ActivityThread.main(ActivityThread.java:5422)
05-20 14:53:39.156  7759  7759 D Error   : 	at java.lang.reflect.Method.invoke(Native Method)
05-20 14:53:39.156  7759  7759 D Error   : 	at com.android.internal.os.ZygoteInit$MethodAndArgsCaller.run(ZygoteInit.java:726)
05-20 14:53:39.156  7759  7759 D Error   : 	at com.android.internal.os.ZygoteInit.main(ZygoteInit.java:616)
05-20 14:53:39.156  7759  7759 D Error   : # via Binder call with stack:
05-20 14:53:39.156  7759  7759 D Error   : android.os.StrictMode$LogStackTrace
05-20 14:53:39.156  7759  7759 D Error   : 	at and
05-20 14:53:39.156  7759  7759 D Error   : ERR: TOTAL BYTES WRITTEN: 22140
05-20 14:53:39.156  7759  7759 D StrictMode: Wrote violation #0 of 1: 22184 bytes
05-20 14:53:39.157  7759  7759 D MapSwipeToZoomFrag: MapContainingFragmentMap #00 onCameraChange Map now Loaded zoom is 15.0 wanted 15 on map:com.google.android.gms.maps.GoogleMap@7b300d7
05-20 14:53:39.165  7759  7759 D MainGridPagerAdapter: GridPagerAdapter: startUpdate Called id:2131820668 took 0ms
05-20 14:53:39.165  7759  7759 D MainGridPagerAdapter: GridPagerAdapter: finishUpdate Called id:2131820668 took 0ms
05-20 14:53:39.168  7759  7759 D MainGridPagerAdapter: GridPagerAdapter: startUpdate Called id:2131820668 took 0ms
05-20 14:53:39.168  7759  7759 D MainGridPagerAdapter: GridPagerAdapter: finishUpdate Called id:2131820668 took 0ms
05-20 14:53:39.319  7759  7759 D MyGridViewPager: oninterceptTouchEvent is returning false
05-20 14:53:39.365  7759  7759 D GridViewPagerNotifier: onPageScrollStateChanged state:1
05-20 14:53:39.365  7759  7759 D MainWearActivity: onPageScrollStateChanged state: 1 DRAGGING
05-20 14:53:39.366  7759  7759 D MapSwipeToZoomFrag: onScrollChange seen
05-20 14:53:39.366  7759  7759 D MainGridPagerAdapter: getFragment called for row:0 column:0
05-20 14:53:39.366  7759  7759 D MainGridPagerAdapter: getFragment called for row:0 column:1
05-20 14:53:39.366  7759  7759 D MainWearActivity: onPageScrolled: 0,0
05-20 14:53:39.376  7759  7887 D Loader  : Loading asset 0x7f020071
05-20 14:53:39.434  7759  7759 D MyGridViewPager: oninterceptTouchEvent is returning true
05-20 14:53:39.435  7759  7759 D MyGridViewPager: onTouch ambient is falseevent was:MotionEvent { action=ACTION_MOVE, actionButton=0, id[0]=0, x[0]=259.0, y[0]=94.0, toolType[0]=TOOL_TYPE_FINGER, buttonState=0, metaState=0, flags=0x0, edgeFlags=0x0, pointerCount=1, historySize=9, eventTime=586162, downTime=586050, deviceId=0, source=0x1002 }context is uk.me.ponies.wearroutes.MainWearActivity@96f3d4
05-20 14:53:39.435  7759  7759 D MapSwipeToZoomFrag: onScrollChange seen
05-20 14:53:39.435  7759  7759 D MainGridPagerAdapter: getFragment called for row:0 column:0
05-20 14:53:39.436  7759  7759 D MainGridPagerAdapter: getFragment called for row:0 column:1
05-20 14:53:39.436  7759  7759 D MainWearActivity: onPageScrolled: 0,0
05-20 14:53:39.436  7759  7759 D MyGridViewPager: onTouchEvent is returning true
05-20 14:53:39.438  7759  7759 D MapSwipeToZoomFrag: onTouch seen for event:MotionEvent { action=ACTION_UP, actionButton=0, id[0]=0, x[0]=259.0, y[0]=94.0, toolType[0]=TOOL_TYPE_FINGER, buttonState=0, metaState=0, flags=0x0, edgeFlags=0x0, pointerCount=1, historySize=0, eventTime=586162, downTime=586050, deviceId=0, source=0x1002 }
05-20 14:53:39.438  7759  7759 D MapSwipeToZoomFrag: GestureDetector onFling seen!
05-20 14:53:39.438  7759  7759 D MapSwipeToZoomFrag: GestureDetector e1 or e2 is null, ignoring, returning false
05-20 14:53:39.438  7759  7759 D MyGridViewPager: onTouch ambient is falseevent was:MotionEvent { action=ACTION_UP, actionButton=0, id[0]=0, x[0]=259.0, y[0]=94.0, toolType[0]=TOOL_TYPE_FINGER, buttonState=0, metaState=0, flags=0x0, edgeFlags=0x0, pointerCount=1, historySize=0, eventTime=586162, downTime=586050, deviceId=0, source=0x1002 }context is uk.me.ponies.wearroutes.MainWearActivity@96f3d4
05-20 14:53:39.438  7759  7759 D ColumnHistorian: Selected Page is 1,0
05-20 14:53:39.438  7759  7759 D GridViewPagerNotifier: onPageSelected row:1 column:0
05-20 14:53:39.438  7759  7759 D MainGridPagerAdapter: getFragment called for row:1 column:0
05-20 14:53:39.438  7759  7759 D MainGridPagerAdapter: getFragment called for row:1 column:1
05-20 14:53:39.438  7759  7759 D MainGridPagerAdapter: getFragment called for row:0 column:0
05-20 14:53:39.438  7759  7759 D MainGridPagerAdapter: getFragment called for row:2 column:0
05-20 14:53:39.439  7759  7759 D MapSwipeToZoomFrag: EventBusLocationSourceForMap deActivated for com.google.android.gms.maps.GoogleMap$12$1@78de2ed
05-20 14:53:39.439  7759  7759 D Error   : ERR: exClass=android.os.StrictMode$StrictModeCustomViolation
05-20 14:53:39.439  7759  7759 D Error   : ERR: exMsg=policy=4325404 violation=8 msg=gcore.dynamite
05-20 14:53:39.439  7759  7759 D Error   : ERR: file=StrictMode.java
05-20 14:53:39.439  7759  7759 D Error   : ERR: class=android.os.StrictMode$AndroidBlockGuardPolicy
05-20 14:53:39.439  7759  7759 D Error   : ERR: method=onCustomSlowCall line=1236
05-20 14:53:39.439  7759  7759 D Error   : ERR: stack=android.os.StrictMode$StrictModeCustomViolation: policy=4325404 violation=8 msg=gcore.dynamite
05-20 14:53:39.439  7759  7759 D Error   : 	at android.os.StrictMode$AndroidBlockGuardPolicy.onCustomSlowCall(StrictMode.java:1236)
05-20 14:53:39.439  7759  7759 D Error   : 	at android.os.StrictMode.noteSlowCall(StrictMode.java:2136)
05-20 14:53:39.439  7759  7759 D Error   : 	at ffk.a(:com.google.android.gms:0)
05-20 14:53:39.439  7759  7759 D Error   : 	at dgs.a(:com.google.android.gms:2)
05-20 14:53:39.439  7759  7759 D Error   : 	at com.google.android.gms.maps.internal.CreatorImpl.a(:com.google.android.gms:4)
05-20 14:53:39.439  7759  7759 D Error   : 	at com.google.android.gms.maps.internal.CreatorImpl.newMapFragmentDelegate(:com.google.android.gms:0)
05-20 14:53:39.439  7759  7759 D Error   : 	at igj.onTransact(:com.google.android.gms:13)
05-20 14:53:39.439  7759  7759 D Error   : 	at android.os.Binder.transact(Binder.java:387)
05-20 14:53:39.439  7759  7759 D Error   : 	at com.google.android.gms.maps.internal.zzc$zza$zza.zzag(Unknown Source)
05-20 14:53:39.439  7759  7759 D Error   : 	at com.google.android.gms.maps.MapFragment$zzb.zzbow(Unknown Source)
05-20 14:53:39.439  7759  7759 D Error   : 	at com.google.android.gms.maps.MapFragment$zzb.zza(Unknown Source)
05-20 14:53:39.439  7759  7759 D Error   : 	at com.google.android.gms.dynamic.zza.zza(Unknown Source)
05-20 14:53:39.439  7759  7759 D Error   : 	at com.google.android.gms.dynamic.zza.onCreate(Unknown Source)
05-20 14:53:39.439  7759  7759 D Error   : 	at com.google.android.gms.maps.MapFragment.onCreate(Unknown Source)
05-20 14:53:39.439  7759  7759 D Error   : 	at android.app.Fragment.performCreate(Fragment.java:2198)
05-20 14:53:39.439  7759  7759 D Error   : 	at android.app.FragmentManagerImpl.moveToState(FragmentManager.java:942)
05-20 14:53:39.439  7759  7759 D Error   : 	at android.app.FragmentManagerImpl.moveToState(FragmentManager.java:1148)
05-20 14:53:39.439  7759  7759 D Error   : 	at android.app.BackStackRecord.run(BackStackRecord.java:793)
05-20 14:53:39.439  7759  7759 D Error   : 	at android.app.FragmentManagerImpl.execPendingActions(FragmentManager.java:1535)
05-20 14:53:39.439  7759  7759 D Error   : 	at android.app.Fragment.performStart(Fragment.java:2241)
05-20 14:53:39.439  7759  7759 D Error   : 	at android.app.FragmentManagerImpl.moveToState(FragmentManager.java:1002)
05-20 14:53:39.439  7759  7759 D Error   : 	at android.app.FragmentManagerImpl.moveToState(FragmentManager.java:1148)
05-20 14:53:39.439  7759  7759 D Error   : 	at android.app.BackStackRecord.run(BackStackRecord.java:793)
05-20 14:53:39.439  7759  7759 D Error   : 	at android.app.FragmentManagerImpl.execPendingActions(FragmentManager.java:1535)
05-20 14:53:39.439  7759  7759 D Error   : 	at android.app.FragmentManagerImpl.executePendingTransactions(FragmentManager.java:562)
05-20 14:53:39.439  7759  7759 D Error   : 	at android.support.wearable.view.FragmentGridPagerAdapter.finishUpdate(FragmentGridPagerAdapter.java:220)
05-20 14:53:39.439  7759  7759 D Error   : 	at uk.me.ponies.wearroutes.MainGridPagerAdapter.finishUpdate(MainGridPagerAdapter.java:329)
05-20 14:53:39.439  7759  7759 D Error   : 	at android.support.wearable.view.GridViewPager.populate(GridViewPager.java:1182)
05-20 14:53:39.439  7759  7759 D Error   : 	at android.support.wearable.view.GridViewPager.populate(GridViewPager.java:1038)
05-20 14:53:39.439  7759  7759 D Error   : 	at android.support.wearable.view.GridViewPager.onMeasure(GridViewPager.java:1343)
05-20 14:53:39.439  7759  7759 D Error   : 	at android.view.View.measure(View.java:18794)
05-20 14:53:39.439  7759  7759 D Error   : 	at android.view.ViewGroup.measureChildWithMargins(ViewGroup.java:5951)
05-20 14:53:39.439  7759  7759 D Error   : 	at android.widget.FrameLayout.onMeasure(FrameLayout.java:194)
05-20 14:53:39.439  7759  7759 D Error   : 	at android.view.View.measure(View.java:18794)
05-20 14:53:39.439  7759  7759 D Error   : 	at android.view.ViewGroup.measureChildWithMargins(ViewGroup.java:5951)
05-20 14:53:39.439  7759  7759 D Error   : 	at android.widget.FrameLayout.onMeasure(FrameLayout.java:194)
05-20 14:53:39.439  7759  7759 D Error   : 	at android.view.View.measure(View.java:18794)
05-20 14:53:39.439  7759  7759 D Error   : 	at android.view.ViewGroup.measureChildWithMargins(ViewGroup.java:5951)
05-20 14:53:39.439  7759  7759 D Error   : 	at android.widget.FrameLayout.onMeasure(FrameLayout.java:194)
05-20 14:53:39.439  7759  7759 D Error   : 	at com.android.internal.policy.PhoneWindow$DecorView.onMeasure(PhoneWindow.java:2643)
05-20 14:53:39.439  7759  7759 D Error   : 	at android.view.View.measure(View.java:18794)
05-20 14:53:39.439  7759  7759 D Error   : 	at android.view.ViewRootImpl.performMeasure(ViewRootImpl.java:2108)
05-20 14:53:39.439  7759  7759 D Error   : 	at android.view.ViewRootImpl.measureHierarchy(ViewRootImpl.java:1224)
05-20 14:53:39.439  7759  7759 D Error   : 	at android.view.ViewRootImpl.performTraversals(ViewRootImpl.java:1460)
05-20 14:53:39.439  7759  7759 D Error   : 	at android.view.ViewRootImpl.doTraversal(ViewRootImpl.java:1115)
05-20 14:53:39.439  7759  7759 D Error   : 	at android.view.ViewRootImpl$TraversalRunnable.run(ViewRootImpl.java:6024)
05-20 14:53:39.439  7759  7759 D Error   : 	at android.view.Choreographer$CallbackRecord.run(Choreographer.java:858)
05-20 14:53:39.439  7759  7759 D Error   : 	at android.view.Choreographer.doCallbacks(Choreographer.java:670)
05-20 14:53:39.439  7759  7759 D Error   : 	at android.view.Choreographer.doFrame(Choreographer.java:606)
05-20 14:53:39.439  7759  7759 D Error   : 	at android.view.Choreographer$FrameDisplayEventReceiver.run(Choreographer.java:844)
05-20 14:53:39.439  7759  7759 D Error   : 	at android.os.Handler.handleCallback(Handler.java:739)
05-20 14:53:39.439  7759  7759 D Error   : 	at android.os.Handler.dispatchMessage(Handler.java:95)
05-20 14:53:39.439  7759  7759 D Error   : 	at android.os.Looper.loop(Looper.java:148)
05-20 14:53:39.439  7759  7759 D Error   : 	at android.app.ActivityThread.main(ActivityThread.java:5422)
05-20 14:53:39.439  7759  7759 D Error   : 	at java.lang.reflect.Method.invoke(Native Method)
05-20 14:53:39.439  7759  7759 D Error   : 	at com.android.internal.os.ZygoteInit$MethodAndArgsCaller.run(ZygoteInit.java:726)
05-20 14:53:39.439  7759  7759 D Error   : 	at com.android.internal.os.ZygoteInit.main(ZygoteInit.java:616)
05-20 14:53:39.439  7759  7759 D Error   : # via Binder call with stack:
05-20 14:53:39.439  7759  7759 D Error   : android.os.StrictMode$LogStackTrace
05-20 14:53:39.439  7759  7759 D Error   : 	at and
05-20 14:53:39.439  7759  7759 D Error   : ERR: TOTAL BYTES WRITTEN: 24812
05-20 14:53:39.439  7759  7759 D StrictMode: Wrote violation #0 of 1: 24856 bytes
05-20 14:53:39.440  7759  7759 D MainWearActivity: onPageSelected: 1,0
05-20 14:53:39.440  7759  7759 D GridViewPagerNotifier: onPageScrollStateChanged state:2
05-20 14:53:39.440  7759  7759 D MainWearActivity: onPageScrollStateChanged state: 2 SETTLING
05-20 14:53:39.440  7759  7759 D InnerMapFragment: Dump of Google maps fragments created
05-20 14:53:39.445  7759  7759 D InnerMapFragment: Google maps fragments created contains: 0
05-20 14:53:39.445  7759  7759 D InnerMapFragment: Google maps innerMap Pool is pooling: 0
05-20 14:53:39.445  7759  7759 D InnerMapFragment: Google maps innerMap Pool has had 0 garbage collected
05-20 14:53:39.445  7759  7759 D MainWearActivity: onPageScrollStateChaged, SETTLING, current position is Point(0, 1)
05-20 14:53:39.445  7759  7759 D MyGridViewPager: onTouchEvent is returning true
