--------- beginning of main
05-20 09:24:40.751  2664  2664 I art     : Not late-enabling -Xcheck:jni (already on)
05-20 09:24:40.792  2677  2677 W dex2oat : Unexpected CPU variant for X86 using defaults: x86
05-20 09:24:40.792  2677  2677 W dex2oat : Mismatch between dex2oat instruction set features (ISA: X86 Feature string: smp,-ssse3,-sse4.1,-sse4.2,-avx,-avx2) and those of dex2oat executable (ISA: X86 Feature string: smp,ssse3,-sse4.1,-sse4.2,-avx,-avx2) for the command line:
05-20 09:24:40.792  2677  2677 W dex2oat : /system/bin/dex2oat --runtime-arg -classpath --runtime-arg  --instruction-set=x86 --instruction-set-features=smp,ssse3,-sse4.1,-sse4.2,-avx,-avx2 --runtime-arg -Xrelocate --boot-image=/system/framework/boot.art --runtime-arg -Xms64m --runtime-arg -Xmx512m -j1 --instruction-set-variant=x86 --instruction-set-features=default --dex-file=/data/app/uk.me.ponies.wearroutes-2/split_lib_dependencies_apk.apk --oat-file=/data/dalvik-cache/x86/data@app@uk.me.ponies.wearroutes-2@split_lib_dependencies_apk.apk@classes.dex
05-20 09:24:40.792  2677  2677 E dex2oat : Failed to create oat file: /data/dalvik-cache/x86/data@app@uk.me.ponies.wearroutes-2@split_lib_dependencies_apk.apk@classes.dex: Permission denied
05-20 09:24:40.792  2677  2677 I dex2oat : dex2oat took 446.702us (threads: 1) 
05-20 09:24:40.793  2664  2664 W art     : Failed execv(/system/bin/dex2oat --runtime-arg -classpath --runtime-arg  --instruction-set=x86 --instruction-set-features=smp,ssse3,-sse4.1,-sse4.2,-avx,-avx2 --runtime-arg -Xrelocate --boot-image=/system/framework/boot.art --runtime-arg -Xms64m --runtime-arg -Xmx512m -j1 --instruction-set-variant=x86 --instruction-set-features=default --dex-file=/data/app/uk.me.ponies.wearroutes-2/split_lib_dependencies_apk.apk --oat-file=/data/dalvik-cache/x86/data@app@uk.me.ponies.wearroutes-2@split_lib_dependencies_apk.apk@classes.dex) because non-0 exit status
05-20 09:24:40.922  2679  2679 W dex2oat : Unexpected CPU variant for X86 using defaults: x86
05-20 09:24:40.922  2679  2679 W dex2oat : Mismatch between dex2oat instruction set features (ISA: X86 Feature string: smp,-ssse3,-sse4.1,-sse4.2,-avx,-avx2) and those of dex2oat executable (ISA: X86 Feature string: smp,ssse3,-sse4.1,-sse4.2,-avx,-avx2) for the command line:
05-20 09:24:40.922  2679  2679 W dex2oat : /system/bin/dex2oat --runtime-arg -classpath --runtime-arg  --instruction-set=x86 --instruction-set-features=smp,ssse3,-sse4.1,-sse4.2,-avx,-avx2 --runtime-arg -Xrelocate --boot-image=/system/framework/boot.art --runtime-arg -Xms64m --runtime-arg -Xmx512m -j1 --instruction-set-variant=x86 --instruction-set-features=default --dex-file=/data/app/uk.me.ponies.wearroutes-2/split_lib_slice_0_apk.apk --oat-file=/data/dalvik-cache/x86/data@app@uk.me.ponies.wearroutes-2@split_lib_slice_0_apk.apk@classes.dex
05-20 09:24:40.922  2679  2679 E dex2oat : Failed to create oat file: /data/dalvik-cache/x86/data@app@uk.me.ponies.wearroutes-2@split_lib_slice_0_apk.apk@classes.dex: Permission denied
05-20 09:24:40.922  2679  2679 I dex2oat : dex2oat took 440.836us (threads: 1) 
05-20 09:24:40.923  2664  2664 W art     : Failed execv(/system/bin/dex2oat --runtime-arg -classpath --runtime-arg  --instruction-set=x86 --instruction-set-features=smp,ssse3,-sse4.1,-sse4.2,-avx,-avx2 --runtime-arg -Xrelocate --boot-image=/system/framework/boot.art --runtime-arg -Xms64m --runtime-arg -Xmx512m -j1 --instruction-set-variant=x86 --instruction-set-features=default --dex-file=/data/app/uk.me.ponies.wearroutes-2/split_lib_slice_0_apk.apk --oat-file=/data/dalvik-cache/x86/data@app@uk.me.ponies.wearroutes-2@split_lib_slice_0_apk.apk@classes.dex) because non-0 exit status
05-20 09:24:40.942  2681  2681 W dex2oat : Unexpected CPU variant for X86 using defaults: x86
05-20 09:24:40.942  2681  2681 W dex2oat : Mismatch between dex2oat instruction set features (ISA: X86 Feature string: smp,-ssse3,-sse4.1,-sse4.2,-avx,-avx2) and those of dex2oat executable (ISA: X86 Feature string: smp,ssse3,-sse4.1,-sse4.2,-avx,-avx2) for the command line:
05-20 09:24:40.942  2681  2681 W dex2oat : /system/bin/dex2oat --runtime-arg -classpath --runtime-arg  --instruction-set=x86 --instruction-set-features=smp,ssse3,-sse4.1,-sse4.2,-avx,-avx2 --runtime-arg -Xrelocate --boot-image=/system/framework/boot.art --runtime-arg -Xms64m --runtime-arg -Xmx512m -j1 --instruction-set-variant=x86 --instruction-set-features=default --dex-file=/data/app/uk.me.ponies.wearroutes-2/split_lib_slice_1_apk.apk --oat-file=/data/dalvik-cache/x86/data@app@uk.me.ponies.wearroutes-2@split_lib_slice_1_apk.apk@classes.dex
05-20 09:24:40.942  2681  2681 E dex2oat : Failed to create oat file: /data/dalvik-cache/x86/data@app@uk.me.ponies.wearroutes-2@split_lib_slice_1_apk.apk@classes.dex: Permission denied
05-20 09:24:40.942  2681  2681 I dex2oat : dex2oat took 449.221us (threads: 1) 
05-20 09:24:40.943  2664  2664 W art     : Failed execv(/system/bin/dex2oat --runtime-arg -classpath --runtime-arg  --instruction-set=x86 --instruction-set-features=smp,ssse3,-sse4.1,-sse4.2,-avx,-avx2 --runtime-arg -Xrelocate --boot-image=/system/framework/boot.art --runtime-arg -Xms64m --runtime-arg -Xmx512m -j1 --instruction-set-variant=x86 --instruction-set-features=default --dex-file=/data/app/uk.me.ponies.wearroutes-2/split_lib_slice_1_apk.apk --oat-file=/data/dalvik-cache/x86/data@app@uk.me.ponies.wearroutes-2@split_lib_slice_1_apk.apk@classes.dex) because non-0 exit status
05-20 09:24:40.955  2683  2683 W dex2oat : Unexpected CPU variant for X86 using defaults: x86
05-20 09:24:40.955  2683  2683 W dex2oat : Mismatch between dex2oat instruction set features (ISA: X86 Feature string: smp,-ssse3,-sse4.1,-sse4.2,-avx,-avx2) and those of dex2oat executable (ISA: X86 Feature string: smp,ssse3,-sse4.1,-sse4.2,-avx,-avx2) for the command line:
05-20 09:24:40.955  2683  2683 W dex2oat : /system/bin/dex2oat --runtime-arg -classpath --runtime-arg  --instruction-set=x86 --instruction-set-features=smp,ssse3,-sse4.1,-sse4.2,-avx,-avx2 --runtime-arg -Xrelocate --boot-image=/system/framework/boot.art --runtime-arg -Xms64m --runtime-arg -Xmx512m -j1 --instruction-set-variant=x86 --instruction-set-features=default --dex-file=/data/app/uk.me.ponies.wearroutes-2/split_lib_slice_2_apk.apk --oat-file=/data/dalvik-cache/x86/data@app@uk.me.ponies.wearroutes-2@split_lib_slice_2_apk.apk@classes.dex
05-20 09:24:40.955  2683  2683 E dex2oat : Failed to create oat file: /data/dalvik-cache/x86/data@app@uk.me.ponies.wearroutes-2@split_lib_slice_2_apk.apk@classes.dex: Permission denied
05-20 09:24:40.955  2683  2683 I dex2oat : dex2oat took 0 (threads: 1) 
05-20 09:24:40.963  2664  2664 W art     : Failed execv(/system/bin/dex2oat --runtime-arg -classpath --runtime-arg  --instruction-set=x86 --instruction-set-features=smp,ssse3,-sse4.1,-sse4.2,-avx,-avx2 --runtime-arg -Xrelocate --boot-image=/system/framework/boot.art --runtime-arg -Xms64m --runtime-arg -Xmx512m -j1 --instruction-set-variant=x86 --instruction-set-features=default --dex-file=/data/app/uk.me.ponies.wearroutes-2/split_lib_slice_2_apk.apk --oat-file=/data/dalvik-cache/x86/data@app@uk.me.ponies.wearroutes-2@split_lib_slice_2_apk.apk@classes.dex) because non-0 exit status
05-20 09:24:40.974  2685  2685 W dex2oat : Unexpected CPU variant for X86 using defaults: x86
05-20 09:24:40.974  2685  2685 W dex2oat : Mismatch between dex2oat instruction set features (ISA: X86 Feature string: smp,-ssse3,-sse4.1,-sse4.2,-avx,-avx2) and those of dex2oat executable (ISA: X86 Feature string: smp,ssse3,-sse4.1,-sse4.2,-avx,-avx2) for the command line:
05-20 09:24:40.975  2685  2685 W dex2oat : /system/bin/dex2oat --runtime-arg -classpath --runtime-arg  --instruction-set=x86 --instruction-set-features=smp,ssse3,-sse4.1,-sse4.2,-avx,-avx2 --runtime-arg -Xrelocate --boot-image=/system/framework/boot.art --runtime-arg -Xms64m --runtime-arg -Xmx512m -j1 --instruction-set-variant=x86 --instruction-set-features=default --dex-file=/data/app/uk.me.ponies.wearroutes-2/split_lib_slice_3_apk.apk --oat-file=/data/dalvik-cache/x86/data@app@uk.me.ponies.wearroutes-2@split_lib_slice_3_apk.apk@classes.dex
05-20 09:24:40.975  2685  2685 E dex2oat : Failed to create oat file: /data/dalvik-cache/x86/data@app@uk.me.ponies.wearroutes-2@split_lib_slice_3_apk.apk@classes.dex: Permission denied
05-20 09:24:40.975  2685  2685 I dex2oat : dex2oat took 959.623us (threads: 1) 
05-20 09:24:40.976  2664  2664 W art     : Failed execv(/system/bin/dex2oat --runtime-arg -classpath --runtime-arg  --instruction-set=x86 --instruction-set-features=smp,ssse3,-sse4.1,-sse4.2,-avx,-avx2 --runtime-arg -Xrelocate --boot-image=/system/framework/boot.art --runtime-arg -Xms64m --runtime-arg -Xmx512m -j1 --instruction-set-variant=x86 --instruction-set-features=default --dex-file=/data/app/uk.me.ponies.wearroutes-2/split_lib_slice_3_apk.apk --oat-file=/data/dalvik-cache/x86/data@app@uk.me.ponies.wearroutes-2@split_lib_slice_3_apk.apk@classes.dex) because non-0 exit status
05-20 09:24:40.990  2687  2687 W dex2oat : Unexpected CPU variant for X86 using defaults: x86
05-20 09:24:40.990  2687  2687 W dex2oat : Mismatch between dex2oat instruction set features (ISA: X86 Feature string: smp,-ssse3,-sse4.1,-sse4.2,-avx,-avx2) and those of dex2oat executable (ISA: X86 Feature string: smp,ssse3,-sse4.1,-sse4.2,-avx,-avx2) for the command line:
05-20 09:24:40.990  2687  2687 W dex2oat : /system/bin/dex2oat --runtime-arg -classpath --runtime-arg  --instruction-set=x86 --instruction-set-features=smp,ssse3,-sse4.1,-sse4.2,-avx,-avx2 --runtime-arg -Xrelocate --boot-image=/system/framework/boot.art --runtime-arg -Xms64m --runtime-arg -Xmx512m -j1 --instruction-set-variant=x86 --instruction-set-features=default --dex-file=/data/app/uk.me.ponies.wearroutes-2/split_lib_slice_4_apk.apk --oat-file=/data/dalvik-cache/x86/data@app@uk.me.ponies.wearroutes-2@split_lib_slice_4_apk.apk@classes.dex
05-20 09:24:40.990  2687  2687 E dex2oat : Failed to create oat file: /data/dalvik-cache/x86/data@app@uk.me.ponies.wearroutes-2@split_lib_slice_4_apk.apk@classes.dex: Permission denied
05-20 09:24:40.990  2687  2687 I dex2oat : dex2oat took 688.076us (threads: 1) 
05-20 09:24:40.992  2664  2664 W art     : Failed execv(/system/bin/dex2oat --runtime-arg -classpath --runtime-arg  --instruction-set=x86 --instruction-set-features=smp,ssse3,-sse4.1,-sse4.2,-avx,-avx2 --runtime-arg -Xrelocate --boot-image=/system/framework/boot.art --runtime-arg -Xms64m --runtime-arg -Xmx512m -j1 --instruction-set-variant=x86 --instruction-set-features=default --dex-file=/data/app/uk.me.ponies.wearroutes-2/split_lib_slice_4_apk.apk --oat-file=/data/dalvik-cache/x86/data@app@uk.me.ponies.wearroutes-2@split_lib_slice_4_apk.apk@classes.dex) because non-0 exit status
05-20 09:24:41.013  2689  2689 W dex2oat : Unexpected CPU variant for X86 using defaults: x86
05-20 09:24:41.013  2689  2689 W dex2oat : Mismatch between dex2oat instruction set features (ISA: X86 Feature string: smp,-ssse3,-sse4.1,-sse4.2,-avx,-avx2) and those of dex2oat executable (ISA: X86 Feature string: smp,ssse3,-sse4.1,-sse4.2,-avx,-avx2) for the command line:
05-20 09:24:41.013  2689  2689 W dex2oat : /system/bin/dex2oat --runtime-arg -classpath --runtime-arg  --instruction-set=x86 --instruction-set-features=smp,ssse3,-sse4.1,-sse4.2,-avx,-avx2 --runtime-arg -Xrelocate --boot-image=/system/framework/boot.art --runtime-arg -Xms64m --runtime-arg -Xmx512m -j1 --instruction-set-variant=x86 --instruction-set-features=default --dex-file=/data/app/uk.me.ponies.wearroutes-2/split_lib_slice_5_apk.apk --oat-file=/data/dalvik-cache/x86/data@app@uk.me.ponies.wearroutes-2@split_lib_slice_5_apk.apk@classes.dex
05-20 09:24:41.013  2689  2689 E dex2oat : Failed to create oat file: /data/dalvik-cache/x86/data@app@uk.me.ponies.wearroutes-2@split_lib_slice_5_apk.apk@classes.dex: Permission denied
05-20 09:24:41.013  2689  2689 I dex2oat : dex2oat took 638.630us (threads: 1) 
05-20 09:24:41.014  2664  2664 W art     : Failed execv(/system/bin/dex2oat --runtime-arg -classpath --runtime-arg  --instruction-set=x86 --instruction-set-features=smp,ssse3,-sse4.1,-sse4.2,-avx,-avx2 --runtime-arg -Xrelocate --boot-image=/system/framework/boot.art --runtime-arg -Xms64m --runtime-arg -Xmx512m -j1 --instruction-set-variant=x86 --instruction-set-features=default --dex-file=/data/app/uk.me.ponies.wearroutes-2/split_lib_slice_5_apk.apk --oat-file=/data/dalvik-cache/x86/data@app@uk.me.ponies.wearroutes-2@split_lib_slice_5_apk.apk@classes.dex) because non-0 exit status
05-20 09:24:41.033  2691  2691 W dex2oat : Unexpected CPU variant for X86 using defaults: x86
05-20 09:24:41.033  2691  2691 W dex2oat : Mismatch between dex2oat instruction set features (ISA: X86 Feature string: smp,-ssse3,-sse4.1,-sse4.2,-avx,-avx2) and those of dex2oat executable (ISA: X86 Feature string: smp,ssse3,-sse4.1,-sse4.2,-avx,-avx2) for the command line:
05-20 09:24:41.033  2691  2691 W dex2oat : /system/bin/dex2oat --runtime-arg -classpath --runtime-arg  --instruction-set=x86 --instruction-set-features=smp,ssse3,-sse4.1,-sse4.2,-avx,-avx2 --runtime-arg -Xrelocate --boot-image=/system/framework/boot.art --runtime-arg -Xms64m --runtime-arg -Xmx512m -j1 --instruction-set-variant=x86 --instruction-set-features=default --dex-file=/data/app/uk.me.ponies.wearroutes-2/split_lib_slice_6_apk.apk --oat-file=/data/dalvik-cache/x86/data@app@uk.me.ponies.wearroutes-2@split_lib_slice_6_apk.apk@classes.dex
05-20 09:24:41.033  2691  2691 E dex2oat : Failed to create oat file: /data/dalvik-cache/x86/data@app@uk.me.ponies.wearroutes-2@split_lib_slice_6_apk.apk@classes.dex: Permission denied
05-20 09:24:41.033  2691  2691 I dex2oat : dex2oat took 461.791us (threads: 1) 
05-20 09:24:41.034  2664  2664 W art     : Failed execv(/system/bin/dex2oat --runtime-arg -classpath --runtime-arg  --instruction-set=x86 --instruction-set-features=smp,ssse3,-sse4.1,-sse4.2,-avx,-avx2 --runtime-arg -Xrelocate --boot-image=/system/framework/boot.art --runtime-arg -Xms64m --runtime-arg -Xmx512m -j1 --instruction-set-variant=x86 --instruction-set-features=default --dex-file=/data/app/uk.me.ponies.wearroutes-2/split_lib_slice_6_apk.apk --oat-file=/data/dalvik-cache/x86/data@app@uk.me.ponies.wearroutes-2@split_lib_slice_6_apk.apk@classes.dex) because non-0 exit status
05-20 09:24:41.045  2693  2693 W dex2oat : Unexpected CPU variant for X86 using defaults: x86
05-20 09:24:41.045  2693  2693 W dex2oat : Mismatch between dex2oat instruction set features (ISA: X86 Feature string: smp,-ssse3,-sse4.1,-sse4.2,-avx,-avx2) and those of dex2oat executable (ISA: X86 Feature string: smp,ssse3,-sse4.1,-sse4.2,-avx,-avx2) for the command line:
05-20 09:24:41.045  2693  2693 W dex2oat : /system/bin/dex2oat --runtime-arg -classpath --runtime-arg  --instruction-set=x86 --instruction-set-features=smp,ssse3,-sse4.1,-sse4.2,-avx,-avx2 --runtime-arg -Xrelocate --boot-image=/system/framework/boot.art --runtime-arg -Xms64m --runtime-arg -Xmx512m -j1 --instruction-set-variant=x86 --instruction-set-features=default --dex-file=/data/app/uk.me.ponies.wearroutes-2/split_lib_slice_7_apk.apk --oat-file=/data/dalvik-cache/x86/data@app@uk.me.ponies.wearroutes-2@split_lib_slice_7_apk.apk@classes.dex
05-20 09:24:41.046  2693  2693 E dex2oat : Failed to create oat file: /data/dalvik-cache/x86/data@app@uk.me.ponies.wearroutes-2@split_lib_slice_7_apk.apk@classes.dex: Permission denied
05-20 09:24:41.046  2693  2693 I dex2oat : dex2oat took 1.184ms (threads: 1) 
05-20 09:24:41.046  2664  2664 W art     : Failed execv(/system/bin/dex2oat --runtime-arg -classpath --runtime-arg  --instruction-set=x86 --instruction-set-features=smp,ssse3,-sse4.1,-sse4.2,-avx,-avx2 --runtime-arg -Xrelocate --boot-image=/system/framework/boot.art --runtime-arg -Xms64m --runtime-arg -Xmx512m -j1 --instruction-set-variant=x86 --instruction-set-features=default --dex-file=/data/app/uk.me.ponies.wearroutes-2/split_lib_slice_7_apk.apk --oat-file=/data/dalvik-cache/x86/data@app@uk.me.ponies.wearroutes-2@split_lib_slice_7_apk.apk@classes.dex) because non-0 exit status
05-20 09:24:41.066  2695  2695 W dex2oat : Unexpected CPU variant for X86 using defaults: x86
05-20 09:24:41.066  2695  2695 W dex2oat : Mismatch between dex2oat instruction set features (ISA: X86 Feature string: smp,-ssse3,-sse4.1,-sse4.2,-avx,-avx2) and those of dex2oat executable (ISA: X86 Feature string: smp,ssse3,-sse4.1,-sse4.2,-avx,-avx2) for the command line:
05-20 09:24:41.066  2695  2695 W dex2oat : /system/bin/dex2oat --runtime-arg -classpath --runtime-arg  --instruction-set=x86 --instruction-set-features=smp,ssse3,-sse4.1,-sse4.2,-avx,-avx2 --runtime-arg -Xrelocate --boot-image=/system/framework/boot.art --runtime-arg -Xms64m --runtime-arg -Xmx512m -j1 --instruction-set-variant=x86 --instruction-set-features=default --dex-file=/data/app/uk.me.ponies.wearroutes-2/split_lib_slice_8_apk.apk --oat-file=/data/dalvik-cache/x86/data@app@uk.me.ponies.wearroutes-2@split_lib_slice_8_apk.apk@classes.dex
05-20 09:24:41.066  2695  2695 E dex2oat : Failed to create oat file: /data/dalvik-cache/x86/data@app@uk.me.ponies.wearroutes-2@split_lib_slice_8_apk.apk@classes.dex: Permission denied
05-20 09:24:41.066  2695  2695 I dex2oat : dex2oat took 448.382us (threads: 1) 
05-20 09:24:41.067  2664  2664 W art     : Failed execv(/system/bin/dex2oat --runtime-arg -classpath --runtime-arg  --instruction-set=x86 --instruction-set-features=smp,ssse3,-sse4.1,-sse4.2,-avx,-avx2 --runtime-arg -Xrelocate --boot-image=/system/framework/boot.art --runtime-arg -Xms64m --runtime-arg -Xmx512m -j1 --instruction-set-variant=x86 --instruction-set-features=default --dex-file=/data/app/uk.me.ponies.wearroutes-2/split_lib_slice_8_apk.apk --oat-file=/data/dalvik-cache/x86/data@app@uk.me.ponies.wearroutes-2@split_lib_slice_8_apk.apk@classes.dex) because non-0 exit status
05-20 09:24:41.091  2697  2697 W dex2oat : Unexpected CPU variant for X86 using defaults: x86
05-20 09:24:41.091  2697  2697 W dex2oat : Mismatch between dex2oat instruction set features (ISA: X86 Feature string: smp,-ssse3,-sse4.1,-sse4.2,-avx,-avx2) and those of dex2oat executable (ISA: X86 Feature string: smp,ssse3,-sse4.1,-sse4.2,-avx,-avx2) for the command line:
05-20 09:24:41.091  2697  2697 W dex2oat : /system/bin/dex2oat --runtime-arg -classpath --runtime-arg  --instruction-set=x86 --instruction-set-features=smp,ssse3,-sse4.1,-sse4.2,-avx,-avx2 --runtime-arg -Xrelocate --boot-image=/system/framework/boot.art --runtime-arg -Xms64m --runtime-arg -Xmx512m -j1 --instruction-set-variant=x86 --instruction-set-features=default --dex-file=/data/app/uk.me.ponies.wearroutes-2/split_lib_slice_9_apk.apk --oat-file=/data/dalvik-cache/x86/data@app@uk.me.ponies.wearroutes-2@split_lib_slice_9_apk.apk@classes.dex
05-20 09:24:41.092  2697  2697 E dex2oat : Failed to create oat file: /data/dalvik-cache/x86/data@app@uk.me.ponies.wearroutes-2@split_lib_slice_9_apk.apk@classes.dex: Permission denied
05-20 09:24:41.092  2697  2697 I dex2oat : dex2oat took 855.689us (threads: 1) 
05-20 09:24:41.094  2664  2664 W art     : Failed execv(/system/bin/dex2oat --runtime-arg -classpath --runtime-arg  --instruction-set=x86 --instruction-set-features=smp,ssse3,-sse4.1,-sse4.2,-avx,-avx2 --runtime-arg -Xrelocate --boot-image=/system/framework/boot.art --runtime-arg -Xms64m --runtime-arg -Xmx512m -j1 --instruction-set-variant=x86 --instruction-set-features=default --dex-file=/data/app/uk.me.ponies.wearroutes-2/split_lib_slice_9_apk.apk --oat-file=/data/dalvik-cache/x86/data@app@uk.me.ponies.wearroutes-2@split_lib_slice_9_apk.apk@classes.dex) because non-0 exit status
05-20 09:24:41.099  2664  2664 W System  : ClassLoader referenced unknown path: /data/app/uk.me.ponies.wearroutes-2/lib/x86
05-20 09:24:41.111  2664  2664 I InstantRun: starting instant run server: is main process
05-20 09:24:41.168  2664  2664 I UnexpectedExceptionHandler: registering unexpectedException Hander on threadmain
05-20 09:24:41.172  2664  2664 E MainWearActivity: onCreate called savedinstanceState is null:true
05-20 09:24:41.180  2664  2664 D ActivityLifeCycleLogger: uk.me.ponies.wearroutes.MainWearActivity@e1b9fe onActivityCreated called
05-20 09:24:41.334  2664  2664 D EventBus: No subscribers registered for event class uk.me.ponies.wearroutes.eventBusEvents.LocationPollingStateEvent
05-20 09:24:41.335  2664  2664 D EventBus: No subscribers registered for event class org.greenrobot.eventbus.NoSubscriberEvent
05-20 09:24:41.362  2664  2664 D EventBus: No subscribers registered for event class uk.me.ponies.wearroutes.eventBusEvents.LocationPollingStateEvent
05-20 09:24:41.362  2664  2664 D EventBus: No subscribers registered for event class org.greenrobot.eventbus.NoSubscriberEvent
05-20 09:24:41.365  2664  2664 D MainGridPagerAdapter: getFragment called for row:2 column:0
05-20 09:24:41.494  2664  2664 D MainWearActivity: android.permission.ACCESS_FINE_LOCATION Granted
05-20 09:24:41.494  2664  2664 D MainWearActivity: android.permission.WAKE_LOCK Granted
05-20 09:24:41.495  2664  2664 D MainWearActivity: android.permission.WRITE_EXTERNAL_STORAGE Granted
05-20 09:24:41.495  2664  2664 D MainWearActivity: android.permission.ACCESS_NETWORK_STATE Granted
05-20 09:24:41.495  2664  2664 D MainWearActivity: android.permission.INTERNET Granted
05-20 09:24:41.495  2664  2664 D MainWearActivity: android.permission.READ_EXTERNAL_STORAGE Granted
05-20 09:24:41.507  2664  2664 D ActivityLifeCycleLogger: uk.me.ponies.wearroutes.MainWearActivity@e1b9fe onActivityStarted called
05-20 09:24:41.514  2664  2664 D ActivityLifeCycleLogger: uk.me.ponies.wearroutes.MainWearActivity@e1b9fe onActivityResumed called
05-20 09:24:41.516  2664  2702 D OpenGLRenderer: Use EGL_SWAP_BEHAVIOR_PRESERVED: true
05-20 09:24:41.517  2664  2664 D         : HostConnection::get() New Host Connection established 0xad17f770, tid 2664
05-20 09:24:41.555  2664  2664 D MainGridPagerAdapter: GridPagerAdapter: startUpdate Called id:2131951748 took 0ms
05-20 09:24:41.565  2664  2664 D MainGridPagerAdapter: getFragment called for row:0 column:0
05-20 09:24:41.566  2664  2664 D MainGridPagerAdapter: getFragment called for row:0 column:1
05-20 09:24:41.566  2664  2664 D MainGridPagerAdapter: getFragment called for row:0 column:2
05-20 09:24:41.566  2664  2664 D MainGridPagerAdapter: getFragment called for row:0 column:3
05-20 09:24:41.566  2664  2664 D MainGridPagerAdapter: getFragment called for row:0 column:4
05-20 09:24:41.566  2664  2664 D MainGridPagerAdapter: getFragment called for row:0 column:5
05-20 09:24:41.566  2664  2664 D MainGridPagerAdapter: getFragment called for row:1 column:0
05-20 09:24:41.566  2664  2664 D MainGridPagerAdapter: getFragment called for row:2 column:0
05-20 09:24:41.566  2664  2664 D MainGridPagerAdapter: getFragment called for row:3 column:0
05-20 09:24:41.567  2664  2664 D MainGridPagerAdapter: getFragment called for row:4 column:0
05-20 09:24:41.615  2664  2664 D FragmentLifecycleLogger: SpeedPanel1 onAttach called
05-20 09:24:41.615  2664  2664 D FragmentLifecycleLogger: SpeedPanel1 onCreate called
05-20 09:24:41.625  2664  2664 D FragmentLifecycleLogger: SpeedPanel1 onViewCreated called
05-20 09:24:41.625  2664  2664 D FragmentLifecycleLogger: SpeedPanel1 onActivityCreated called
05-20 09:24:41.625  2664  2664 D FragmentLifecycleLogger: SpeedPanel1 onViewStateRestored called
05-20 09:24:41.625  2664  2664 D FragmentLifecycleLogger: SpeedPanel1 onStart called
05-20 09:24:41.625  2664  2664 D SpeedPanel1: onResume called
05-20 09:24:41.626  2664  2664 D FragmentLifecycleLogger: SpeedPanel1 onResume called
05-20 09:24:41.626  2664  2664 D FragmentLifecycleLogger: MapSwipeToZoomFragment onAttach called
05-20 09:24:41.626  2664  2664 D FragmentLifecycleLogger: MapSwipeToZoomFragment onCreate called
05-20 09:24:41.626  2664  2664 D MapSwipeToZoomFrag: MapContainingFragment Map #00 onCreateView called
05-20 09:24:41.638  2664  2664 D MapSwipeToZoomFrag: creating a new InnerMapFragment
05-20 09:24:41.651  2664  2664 D MapSwipeToZoomFrag: MapContainingFragment (not the view) is MapFragment{3586fdb id=0x7f130092}
05-20 09:24:41.652  2664  2664 D MapSwipeToZoomFrag: CreateView Map #00 getting MapAsync 
05-20 09:24:41.652  2664  2664 D MapSwipeToZoomFrag: CreateView completed
05-20 09:24:41.653  2664  2664 D MapSwipeToZoomFrag: Map #00 onViewCreatedCalled
05-20 09:24:41.653  2664  2664 D FragmentLifecycleLogger: MapSwipeToZoomFragment onViewCreated called
05-20 09:24:41.658  2664  2664 D FragmentLifecycleLogger: MapSwipeToZoomFragment onActivityCreated called
05-20 09:24:41.658  2664  2664 D FragmentLifecycleLogger: MapSwipeToZoomFragment onViewStateRestored called
05-20 09:24:41.665  2664  2664 I zzae    : Making Creator dynamically
05-20 09:24:41.828  2664  2664 I Google Maps Android API: Google Play services client version: 9256000
05-20 09:24:41.859  2664  2664 I Google Maps Android API: Google Play services package version: 11047570
05-20 09:24:42.252  2664  2725 W agl     : copyMemory is missing from platform - proto runtime falling back to safer methods.
05-20 09:24:42.273  2664  2674 I art     : Background sticky concurrent mark sweep GC freed 2119(343KB) AllocSpace objects, 0(0B) LOS objects, 3% free, 3MB/3MB, paused 5.894ms total 52.107ms
05-20 09:24:42.343  2664  2664 D MapSwipeToZoomFrag: MapContainingFragment:Map #00 onStart called with zoom:15
05-20 09:24:42.343  2664  2664 D FragmentLifecycleLogger: MapSwipeToZoomFragment onStart called
05-20 09:24:42.343  2664  2664 D MapSwipeToZoomFrag: MapContainingFragment:Map #00 onResume called, visible is true
05-20 09:24:42.343  2664  2664 D FragmentLifecycleLogger: MapSwipeToZoomFragment onResume called
05-20 09:24:42.344  2664  2664 D MapSwipeToZoomFrag: matchMapUIToConfig -- no map
05-20 09:24:42.348  2664  2664 D MainGridPagerAdapter: GridPagerAdapter: finishUpdate Called id:2131951748 took 781ms
05-20 09:24:42.353  2664  2664 D MainGridPagerAdapter: GridPagerAdapter: startUpdate Called id:2131951748 took 0ms
05-20 09:24:42.354  2664  2664 D MainGridPagerAdapter: GridPagerAdapter: finishUpdate Called id:2131951748 took 0ms
05-20 09:24:42.371  2664  2702 D         : HostConnection::get() New Host Connection established 0xa6135660, tid 2702
05-20 09:24:42.372  2664  2702 I OpenGLRenderer: Initialized EGL, version 1.4
05-20 09:24:42.372  2664  2702 W OpenGLRenderer: Failed to choose config with EGL_SWAP_BEHAVIOR_PRESERVED, retrying without...
05-20 09:24:42.386  2664  2664 D MainGridPagerAdapter: GridPagerAdapter: startUpdate Called id:2131951748 took 0ms
05-20 09:24:42.387  2664  2664 D MainGridPagerAdapter: GridPagerAdapter: finishUpdate Called id:2131951748 took 0ms
05-20 09:24:42.388  2664  2664 D MainWearActivity: onPageScrolled: 0,0
05-20 09:24:42.393  2664  2735 D Loader  : Loading asset 0x7f020072
05-20 09:24:42.402  2664  2731 D         : HostConnection::get() New Host Connection established 0xb402dfa0, tid 2731
05-20 09:24:42.431  2664  2664 I Choreographer: Skipped 51 frames!  The application may be doing too much work on its main thread.
05-20 09:24:42.609  2664  2664 D MapSwipeToZoomFrag: showZoom is false
05-20 09:24:42.623  2664  2664 D MapSwipeToZoomFrag: SetupMap Called Map #00
05-20 09:24:42.630  2664  2664 D MapSwipeToZoomFrag: EventBusLocationSourceForMap activated for com.google.android.gms.maps.GoogleMap$12$1@607229
05-20 09:24:42.659  2664  2664 D MapSwipeToZoomFrag: SetupMap Map #00 moving camera to zoom15
05-20 09:24:42.659  2664  2664 D MapSwipeToZoomFrag: Not moving camera as the map isn't visible
05-20 09:24:42.659  2664  2664 D MapSwipeToZoomFrag: Re-adding polylines during onResume
05-20 09:24:42.659  2664  2664 D MapSwipeToZoomFrag: polylines re-added in onResume
--------- beginning of system
05-20 09:24:42.676  2664  2664 D StrictMode: Wrote violation #0 of 1: 11460 bytes
05-20 09:24:42.685  2664  2664 D MainGridPagerAdapter: GridPagerAdapter: startUpdate Called id:2131951748 took 0ms
05-20 09:24:42.696  2664  2664 D MainGridPagerAdapter: GridPagerAdapter: finishUpdate Called id:2131951748 took 0ms
05-20 09:24:42.699  2664  2664 D MainGridPagerAdapter: GridPagerAdapter: startUpdate Called id:2131951748 took 0ms
05-20 09:24:42.699  2664  2664 D MainGridPagerAdapter: GridPagerAdapter: finishUpdate Called id:2131951748 took 0ms
05-20 09:24:42.748  2664  2664 D MapSwipeToZoomFrag: Camera Changed for Map Map #00
05-20 09:24:42.750  2664  2664 D StrictMode: Wrote violation #0 of 1: 13336 bytes
05-20 09:24:42.768  2664  2664 D MapSwipeToZoomFrag: Camera Changed for Map Map #00
05-20 09:24:42.768  2664  2664 D StrictMode: Wrote violation #0 of 1: 16044 bytes
05-20 09:24:42.789  2664  2664 D MainWearActivity: onConnected(): Successfully connected to Google API client
05-20 09:24:42.812  2664  2664 D LocationHandler: onConnected(): Successfully connected to Google API client
05-20 09:24:42.813  2664  2664 D SlowLocationPollerBase: SlowLocationPollerBase stopped
05-20 09:24:42.813  2664  2664 D LocationHandler: removingLocationUpdates for listener uk.me.ponies.wearroutes.locationHandling.SlowLocationPollerAlarmWakeup@1633d61
05-20 09:24:42.813  2664  2664 D LocationHandler: removingLocationUpdates for listener uk.me.ponies.wearroutes.locationHandling.LocationHandler@32a4209
05-20 09:24:42.813  2664  2664 D LocationHandler: requestingLocationUpdates for listener uk.me.ponies.wearroutes.locationHandling.LocationHandler@32a4209
05-20 09:24:43.040  2664  2664 D LocationHandler: Good location received Location[fused 54.162131,-2.259146 acc=45 et=+47s818ms alt=0.0 vel=13.89 bear=305.0 mock {Bundle[mParcelledData.dataSize=44]}] from LocationHandler
05-20 09:24:43.041  2664  2664 D StrictMode: Wrote violation #0 of 1: 18752 bytes
05-20 09:24:43.041  2664  2664 D BearingSectorizer: clamped to :300.0 from:305.0
05-20 09:24:43.042  2664  2664 D BearingSectorizer: returning changed: 300.0
05-20 09:24:43.042  2664  2664 D MapSwipeToZoomFrag: Location changed, updating because First Location
05-20 09:24:43.042  2664  2664 D MapSwipeToZoomFrag: Not moving camera as the map isn't visible
05-20 09:24:43.042  2664  2664 D MapSwipeToZoomFrag: EventBusLocationSourceForMap sending location to listener com.google.android.gms.maps.GoogleMap$12$1@607229
05-20 09:24:43.068  2664  2664 D MainGridPagerAdapter: GridPagerAdapter: startUpdate Called id:2131951748 took 0ms
05-20 09:24:43.069  2664  2664 D MainGridPagerAdapter: GridPagerAdapter: finishUpdate Called id:2131951748 took 0ms
05-20 09:24:43.071  2664  2664 D MainGridPagerAdapter: GridPagerAdapter: startUpdate Called id:2131951748 took 0ms
05-20 09:24:43.071  2664  2664 D MainGridPagerAdapter: GridPagerAdapter: finishUpdate Called id:2131951748 took 0ms
05-20 09:24:43.179  2664  2664 D Error   : ERR: exClass=android.os.StrictMode$StrictModeCustomViolation
05-20 09:24:43.179  2664  2664 D Error   : ERR: exMsg=policy=4325404 violation=8 msg=gcore.dynamite
05-20 09:24:43.179  2664  2664 D Error   : ERR: file=StrictMode.java
05-20 09:24:43.179  2664  2664 D Error   : ERR: class=android.os.StrictMode$AndroidBlockGuardPolicy
05-20 09:24:43.179  2664  2664 D Error   : ERR: method=onCustomSlowCall line=1236
05-20 09:24:43.179  2664  2664 D Error   : ERR: stack=android.os.StrictMode$StrictModeCustomViolation: policy=4325404 violation=8 msg=gcore.dynamite
05-20 09:24:43.179  2664  2664 D Error   : 	at android.os.StrictMode$AndroidBlockGuardPolicy.onCustomSlowCall(StrictMode.java:1236)
05-20 09:24:43.179  2664  2664 D Error   : 	at android.os.StrictMode.noteSlowCall(StrictMode.java:2136)
05-20 09:24:43.179  2664  2664 D Error   : 	at ffk.a(:com.google.android.gms:0)
05-20 09:24:43.179  2664  2664 D Error   : 	at dgs.a(:com.google.android.gms:2)
05-20 09:24:43.179  2664  2664 D Error   : 	at com.google.android.gms.maps.internal.CreatorImpl.a(:com.google.android.gms:4)
05-20 09:24:43.179  2664  2664 D Error   : 	at com.google.android.gms.maps.internal.CreatorImpl.newMapFragmentDelegate(:com.google.android.gms:0)
05-20 09:24:43.179  2664  2664 D Error   : 	at igj.onTransact(:com.google.android.gms:13)
05-20 09:24:43.179  2664  2664 D Error   : 	at android.os.Binder.transact(Binder.java:387)
05-20 09:24:43.179  2664  2664 D Error   : 	at com.google.android.gms.maps.internal.zzc$zza$zza.zzag(Unknown Source)
05-20 09:24:43.179  2664  2664 D Error   : 	at com.google.android.gms.maps.MapFragment$zzb.zzbpt(Unknown Source)
05-20 09:24:43.179  2664  2664 D Error   : 	at com.google.android.gms.maps.MapFragment$zzb.zza(Unknown Source)
05-20 09:24:43.179  2664  2664 D Error   : 	at com.google.android.gms.dynamic.zza.zza(Unknown Source)
05-20 09:24:43.179  2664  2664 D Error   : 	at com.google.android.gms.dynamic.zza.onCreate(Unknown Source)
05-20 09:24:43.179  2664  2664 D Error   : 	at com.google.android.gms.maps.MapFragment.onCreate(Unknown Source)
05-20 09:24:43.179  2664  2664 D Error   : 	at android.app.Fragment.performCreate(Fragment.java:2198)
05-20 09:24:43.179  2664  2664 D Error   : 	at android.app.FragmentManagerImpl.moveToState(FragmentManager.java:942)
05-20 09:24:43.179  2664  2664 D Error   : 	at android.app.FragmentManagerImpl.moveToState(FragmentManager.java:1148)
05-20 09:24:43.179  2664  2664 D Error   : 	at android.app.BackStackRecord.run(BackStackRecord.java:793)
05-20 09:24:43.179  2664  2664 D Error   : 	at android.app.FragmentManagerImpl.execPendingActions(FragmentManager.java:1535)
05-20 09:24:43.179  2664  2664 D Error   : 	at android.app.Fragment.performStart(Fragment.java:2241)
05-20 09:24:43.179  2664  2664 D Error   : 	at android.app.FragmentManagerImpl.moveToState(FragmentManager.java:1002)
05-20 09:24:43.179  2664  2664 D Error   : 	at android.app.FragmentManagerImpl.moveToState(FragmentManager.java:1148)
05-20 09:24:43.179  2664  2664 D Error   : 	at android.app.BackStackRecord.run(BackStackRecord.java:793)
05-20 09:24:43.179  2664  2664 D Error   : 	at android.app.FragmentManagerImpl.execPendingActions(FragmentManager.java:1535)
05-20 09:24:43.179  2664  2664 D Error   : 	at android.app.FragmentManagerImpl.executePendingTransactions(FragmentManager.java:562)
05-20 09:24:43.179  2664  2664 D Error   : 	at android.support.wearable.view.FragmentGridPagerAdapter.finishUpdate(FragmentGridPagerAdapter.java:220)
05-20 09:24:43.179  2664  2664 D Error   : 	at uk.me.ponies.wearroutes.MainGridPagerAdapter.finishUpdate(MainGridPagerAdapter.java:329)
05-20 09:24:43.179  2664  2664 D Error   : 	at android.support.wearable.view.GridViewPager.populate(GridViewPager.java:1182)
05-20 09:24:43.179  2664  2664 D Error   : 	at android.support.wearable.view.GridViewPager.populate(GridViewPager.java:1038)
05-20 09:24:43.179  2664  2664 D Error   : 	at android.support.wearable.view.GridViewPager.onMeasure(GridViewPager.java:1343)
05-20 09:24:43.179  2664  2664 D Error   : 	at android.view.View.measure(View.java:18794)
05-20 09:24:43.179  2664  2664 D Error   : 	at android.view.ViewGroup.measureChildWithMargins(ViewGroup.java:5951)
05-20 09:24:43.179  2664  2664 D Error   : 	at android.widget.FrameLayout.onMeasure(FrameLayout.java:194)
05-20 09:24:43.179  2664  2664 D Error   : 	at android.view.View.measure(View.java:18794)
05-20 09:24:43.179  2664  2664 D Error   : 	at android.view.ViewGroup.measureChildWithMargins(ViewGroup.java:5951)
05-20 09:24:43.179  2664  2664 D Error   : 	at android.widget.FrameLayout.onMeasure(FrameLayout.java:194)
05-20 09:24:43.179  2664  2664 D Error   : 	at android.view.View.measure(View.java:18794)
05-20 09:24:43.179  2664  2664 D Error   : 	at android.view.ViewGroup.measureChildWithMargins(ViewGroup.java:5951)
05-20 09:24:43.179  2664  2664 D Error   : 	at android.widget.FrameLayout.onMeasure(FrameLayout.java:194)
05-20 09:24:43.179  2664  2664 D Error   : 	at com.android.internal.policy.PhoneWindow$DecorView.onMeasure(PhoneWindow.java:2643)
05-20 09:24:43.179  2664  2664 D Error   : 	at android.view.View.measure(View.java:18794)
05-20 09:24:43.179  2664  2664 D Error   : 	at android.view.ViewRootImpl.performMeasure(ViewRootImpl.java:2108)
05-20 09:24:43.179  2664  2664 D Error   : 	at android.view.ViewRootImpl.measureHierarchy(ViewRootImpl.java:1224)
05-20 09:24:43.179  2664  2664 D Error   : 	at android.view.ViewRootImpl.performTraversals(ViewRootImpl.java:1460)
05-20 09:24:43.179  2664  2664 D Error   : 	at android.view.ViewRootImpl.doTraversal(ViewRootImpl.java:1115)
05-20 09:24:43.179  2664  2664 D Error   : 	at android.view.ViewRootImpl$TraversalRunnable.run(ViewRootImpl.java:6024)
05-20 09:24:43.179  2664  2664 D Error   : 	at android.view.Choreographer$CallbackRecord.run(Choreographer.java:858)
05-20 09:24:43.179  2664  2664 D Error   : 	at android.view.Choreographer.doCallbacks(Choreographer.java:670)
05-20 09:24:43.179  2664  2664 D Error   : 	at android.view.Choreographer.doFrame(Choreographer.java:606)
05-20 09:24:43.179  2664  2664 D Error   : 	at android.view.Choreographer$FrameDisplayEventReceiver.run(Choreographer.java:844)
05-20 09:24:43.179  2664  2664 D Error   : 	at android.os.Handler.handleCallback(Handler.java:739)
05-20 09:24:43.179  2664  2664 D Error   : 	at android.os.Handler.dispatchMessage(Handler.java:95)
05-20 09:24:43.179  2664  2664 D Error   : 	at android.os.Looper.loop(Looper.java:148)
05-20 09:24:43.179  2664  2664 D Error   : 	at android.app.ActivityThread.main(ActivityThread.java:5422)
05-20 09:24:43.179  2664  2664 D Error   : 	at java.lang.reflect.Method.invoke(Native Method)
05-20 09:24:43.179  2664  2664 D Error   : 	at com.android.internal.os.ZygoteInit$MethodAndArgsCaller.run(ZygoteInit.java:726)
05-20 09:24:43.179  2664  2664 D Error   : 	at com.android.internal.os.ZygoteInit.main(ZygoteInit.java:616)
05-20 09:24:43.179  2664  2664 D Error   : # via Binder call with stack:
05-20 09:24:43.179  2664  2664 D Error   : android.os.StrictMode$LogStackTrace
05-20 09:24:43.179  2664  2664 D Error   : 	at and
05-20 09:24:43.180  2664  2664 D Error   : ERR: TOTAL BYTES WRITTEN: 22140
05-20 09:24:43.180  2664  2664 D StrictMode: Wrote violation #0 of 1: 22184 bytes
05-20 09:24:43.181  2664  2664 D MapSwipeToZoomFrag: MapContainingFragmentMap #00 onCameraChange Map now Loaded zoom is 15.0 wanted 15 on map:com.google.android.gms.maps.GoogleMap@cf99804
05-20 09:24:43.188  2664  2664 D MainGridPagerAdapter: GridPagerAdapter: startUpdate Called id:2131951748 took 0ms
05-20 09:24:43.189  2664  2664 D MainGridPagerAdapter: GridPagerAdapter: finishUpdate Called id:2131951748 took 0ms
05-20 09:24:43.192  2664  2664 D MainGridPagerAdapter: GridPagerAdapter: startUpdate Called id:2131951748 took 0ms
05-20 09:24:43.192  2664  2664 D MainGridPagerAdapter: GridPagerAdapter: finishUpdate Called id:2131951748 took 0ms
05-20 09:24:43.782  2664  2702 W OpenGLRenderer: Dirty 130.00 306.00 190.00 320.00 doesn't intersect with 0 0 320 290 ?
05-20 09:24:43.830  2664  2702 W OpenGLRenderer: Dirty 130.00 306.00 190.00 320.00 doesn't intersect with 0 0 320 290 ?
05-20 09:24:43.839  2664  2702 W OpenGLRenderer: Dirty 130.00 306.00 190.00 320.00 doesn't intersect with 0 0 320 290 ?
05-20 09:24:43.878  2664  2702 W OpenGLRenderer: Dirty 130.00 306.00 190.00 320.00 doesn't intersect with 0 0 320 290 ?
05-20 09:24:43.888  2664  2702 W OpenGLRenderer: Dirty 130.00 306.00 190.00 320.00 doesn't intersect with 0 0 320 290 ?
05-20 09:24:43.929  2664  2702 W OpenGLRenderer: Dirty 130.00 306.00 190.00 320.00 doesn't intersect with 0 0 320 290 ?
05-20 09:24:43.948  2664  2702 W OpenGLRenderer: Dirty 130.00 306.00 190.00 320.00 doesn't intersect with 0 0 320 290 ?
05-20 09:24:43.979  2664  2702 W OpenGLRenderer: Dirty 130.00 306.00 190.00 320.00 doesn't intersect with 0 0 320 290 ?
05-20 09:24:43.998  2664  2702 W OpenGLRenderer: Dirty 130.00 306.00 190.00 320.00 doesn't intersect with 0 0 320 290 ?
05-20 09:24:44.020  2664  2702 W OpenGLRenderer: Dirty 130.00 306.00 190.00 320.00 doesn't intersect with 0 0 320 290 ?
05-20 09:24:44.039  2664  2702 W OpenGLRenderer: Dirty 130.00 306.00 190.00 320.00 doesn't intersect with 0 0 320 290 ?
05-20 09:24:44.378  2664  2733 W DynamiteModule: Local module descriptor class for com.google.android.gms.googlecertificates not found.
05-20 09:24:44.379  2664  2733 W DynamiteModule: Failed to load module via V2: java.lang.ClassNotFoundException: Didn't find class "com.google.android.gms.dynamite.DynamiteModule$DynamiteLoaderClassLoader" on path: DexPathList[[zip file "/system/framework/com.google.android.wearable.jar", zip file "/data/app/uk.me.ponies.wearroutes-2/base.apk", zip file "/data/app/uk.me.ponies.wearroutes-2/split_lib_dependencies_apk.apk", zip file "/data/app/uk.me.ponies.wearroutes-2/split_lib_slice_0_apk.apk", zip file "/data/app/uk.me.ponies.wearroutes-2/split_lib_slice_1_apk.apk", zip file "/data/app/uk.me.ponies.wearroutes-2/split_lib_slice_2_apk.apk", zip file "/data/app/uk.me.ponies.wearroutes-2/split_lib_slice_3_apk.apk", zip file "/data/app/uk.me.ponies.wearroutes-2/split_lib_slice_4_apk.apk", zip file "/data/app/uk.me.ponies.wearroutes-2/split_lib_slice_5_apk.apk", zip file "/data/app/uk.me.ponies.wearroutes-2/split_lib_slice_6_apk.apk", zip file "/data/app/uk.me.ponies.wearroutes-2/split_lib_slice_7_apk.apk", zip file "/data/app/uk.me.ponies.wearroutes-2/split_lib_slice_8_apk.apk", zip file "/data/app/uk.me.ponies.wearroutes-2/split_lib_slice_9_apk.apk"],nativeLibraryDirectories=[/data/app/uk.me.ponies.wearroutes-2/lib/x86, /vendor/lib, /system/lib]]
05-20 09:24:44.379  2664  2733 I DynamiteModule: Considering local module com.google.android.gms.googlecertificates:0 and remote module com.google.android.gms.googlecertificates:3
05-20 09:24:44.379  2664  2733 I DynamiteModule: Selected remote version of com.google.android.gms.googlecertificates, version >= 3
05-20 09:24:44.380  2664  2733 W System  : ClassLoader referenced unknown path: /data/data/com.google.android.gms/app_chimera/m/00000009/n/x86
05-20 09:24:44.397  2664  2674 W art     : Suspending all threads took: 9.030ms
05-20 09:24:44.401  2664  2674 I art     : Background partial concurrent mark sweep GC freed 4862(508KB) AllocSpace objects, 13(2MB) LOS objects, 25% free, 5MB/7MB, paused 10.470ms total 40.321ms
05-20 09:24:46.123  2664  2664 D LocationHandler: Good location received Location[fused 54.162132,-2.259988 acc=41 et=+50s959ms alt=0.0 vel=13.89 bear=269.0 mock {Bundle[mParcelledData.dataSize=44]}] from LocationHandler
05-20 09:24:46.123  2664  2664 D Error   : ERR: exClass=android.os.StrictMode$StrictModeCustomViolation
05-20 09:24:46.123  2664  2664 D Error   : ERR: exMsg=policy=4325404 violation=8 msg=gcore.dynamite
05-20 09:24:46.123  2664  2664 D Error   : ERR: file=StrictMode.java
05-20 09:24:46.123  2664  2664 D Error   : ERR: class=android.os.StrictMode$AndroidBlockGuardPolicy
05-20 09:24:46.123  2664  2664 D Error   : ERR: method=onCustomSlowCall line=1236
05-20 09:24:46.123  2664  2664 D Error   : ERR: stack=android.os.StrictMode$StrictModeCustomViolation: policy=4325404 violation=8 msg=gcore.dynamite
05-20 09:24:46.123  2664  2664 D Error   : 	at android.os.StrictMode$AndroidBlockGuardPolicy.onCustomSlowCall(StrictMode.java:1236)
05-20 09:24:46.123  2664  2664 D Error   : 	at android.os.StrictMode.noteSlowCall(StrictMode.java:2136)
05-20 09:24:46.123  2664  2664 D Error   : 	at ffk.a(:com.google.android.gms:0)
05-20 09:24:46.123  2664  2664 D Error   : 	at dgs.a(:com.google.android.gms:2)
05-20 09:24:46.123  2664  2664 D Error   : 	at com.google.android.gms.maps.internal.CreatorImpl.a(:com.google.android.gms:4)
05-20 09:24:46.123  2664  2664 D Error   : 	at com.google.android.gms.maps.internal.CreatorImpl.newMapFragmentDelegate(:com.google.android.gms:0)
05-20 09:24:46.123  2664  2664 D Error   : 	at igj.onTransact(:com.google.android.gms:13)
05-20 09:24:46.123  2664  2664 D Error   : 	at android.os.Binder.transact(Binder.java:387)
05-20 09:24:46.123  2664  2664 D Error   : 	at com.google.android.gms.maps.internal.zzc$zza$zza.zzag(Unknown Source)
05-20 09:24:46.123  2664  2664 D Error   : 	at com.google.android.gms.maps.MapFragment$zzb.zzbpt(Unknown Source)
05-20 09:24:46.123  2664  2664 D Error   : 	at com.google.android.gms.maps.MapFragment$zzb.zza(Unknown Source)
05-20 09:24:46.123  2664  2664 D Error   : 	at com.google.android.gms.dynamic.zza.zza(Unknown Source)
05-20 09:24:46.123  2664  2664 D Error   : 	at com.google.android.gms.dynamic.zza.onCreate(Unknown Source)
05-20 09:24:46.123  2664  2664 D Error   : 	at com.google.android.gms.maps.MapFragment.onCreate(Unknown Source)
05-20 09:24:46.123  2664  2664 D Error   : 	at android.app.Fragment.performCreate(Fragment.java:2198)
05-20 09:24:46.123  2664  2664 D Error   : 	at android.app.FragmentManagerImpl.moveToState(FragmentManager.java:942)
05-20 09:24:46.123  2664  2664 D Error   : 	at android.app.FragmentManagerImpl.moveToState(FragmentManager.java:1148)
05-20 09:24:46.123  2664  2664 D Error   : 	at android.app.BackStackRecord.run(BackStackRecord.java:793)
05-20 09:24:46.123  2664  2664 D Error   : 	at android.app.FragmentManagerImpl.execPendingActions(FragmentManager.java:1535)
05-20 09:24:46.123  2664  2664 D Error   : 	at android.app.Fragment.performStart(Fragment.java:2241)
05-20 09:24:46.123  2664  2664 D Error   : 	at android.app.FragmentManagerImpl.moveToState(FragmentManager.java:1002)
05-20 09:24:46.123  2664  2664 D Error   : 	at android.app.FragmentManagerImpl.moveToState(FragmentManager.java:1148)
05-20 09:24:46.123  2664  2664 D Error   : 	at android.app.BackStackRecord.run(BackStackRecord.java:793)
05-20 09:24:46.123  2664  2664 D Error   : 	at android.app.FragmentManagerImpl.execPendingActions(FragmentManager.java:1535)
05-20 09:24:46.123  2664  2664 D Error   : 	at android.app.FragmentManagerImpl.executePendingTransactions(FragmentManager.java:562)
05-20 09:24:46.123  2664  2664 D Error   : 	at android.support.wearable.view.FragmentGridPagerAdapter.finishUpdate(FragmentGridPagerAdapter.java:220)
05-20 09:24:46.123  2664  2664 D Error   : 	at uk.me.ponies.wearroutes.MainGridPagerAdapter.finishUpdate(MainGridPagerAdapter.java:329)
05-20 09:24:46.123  2664  2664 D Error   : 	at android.support.wearable.view.GridViewPager.populate(GridViewPager.java:1182)
05-20 09:24:46.123  2664  2664 D Error   : 	at android.support.wearable.view.GridViewPager.populate(GridViewPager.java:1038)
05-20 09:24:46.123  2664  2664 D Error   : 	at android.support.wearable.view.GridViewPager.onMeasure(GridViewPager.java:1343)
05-20 09:24:46.123  2664  2664 D Error   : 	at android.view.View.measure(View.java:18794)
05-20 09:24:46.123  2664  2664 D Error   : 	at android.view.ViewGroup.measureChildWithMargins(ViewGroup.java:5951)
05-20 09:24:46.123  2664  2664 D Error   : 	at android.widget.FrameLayout.onMeasure(FrameLayout.java:194)
05-20 09:24:46.123  2664  2664 D Error   : 	at android.view.View.measure(View.java:18794)
05-20 09:24:46.123  2664  2664 D Error   : 	at android.view.ViewGroup.measureChildWithMargins(ViewGroup.java:5951)
05-20 09:24:46.123  2664  2664 D Error   : 	at android.widget.FrameLayout.onMeasure(FrameLayout.java:194)
05-20 09:24:46.123  2664  2664 D Error   : 	at android.view.View.measure(View.java:18794)
05-20 09:24:46.123  2664  2664 D Error   : 	at android.view.ViewGroup.measureChildWithMargins(ViewGroup.java:5951)
05-20 09:24:46.123  2664  2664 D Error   : 	at android.widget.FrameLayout.onMeasure(FrameLayout.java:194)
05-20 09:24:46.123  2664  2664 D Error   : 	at com.android.internal.policy.PhoneWindow$DecorView.onMeasure(PhoneWindow.java:2643)
05-20 09:24:46.123  2664  2664 D Error   : 	at android.view.View.measure(View.java:18794)
05-20 09:24:46.123  2664  2664 D Error   : 	at android.view.ViewRootImpl.performMeasure(ViewRootImpl.java:2108)
05-20 09:24:46.123  2664  2664 D Error   : 	at android.view.ViewRootImpl.measureHierarchy(ViewRootImpl.java:1224)
05-20 09:24:46.123  2664  2664 D Error   : 	at android.view.ViewRootImpl.performTraversals(ViewRootImpl.java:1460)
05-20 09:24:46.123  2664  2664 D Error   : 	at android.view.ViewRootImpl.doTraversal(ViewRootImpl.java:1115)
05-20 09:24:46.123  2664  2664 D Error   : 	at android.view.ViewRootImpl$TraversalRunnable.run(ViewRootImpl.java:6024)
05-20 09:24:46.123  2664  2664 D Error   : 	at android.view.Choreographer$CallbackRecord.run(Choreographer.java:858)
05-20 09:24:46.123  2664  2664 D Error   : 	at android.view.Choreographer.doCallbacks(Choreographer.java:670)
05-20 09:24:46.123  2664  2664 D Error   : 	at android.view.Choreographer.doFrame(Choreographer.java:606)
05-20 09:24:46.123  2664  2664 D Error   : 	at android.view.Choreographer$FrameDisplayEventReceiver.run(Choreographer.java:844)
05-20 09:24:46.123  2664  2664 D Error   : 	at android.os.Handler.handleCallback(Handler.java:739)
05-20 09:24:46.123  2664  2664 D Error   : 	at android.os.Handler.dispatchMessage(Handler.java:95)
05-20 09:24:46.123  2664  2664 D Error   : 	at android.os.Looper.loop(Looper.java:148)
05-20 09:24:46.123  2664  2664 D Error   : 	at android.app.ActivityThread.main(ActivityThread.java:5422)
05-20 09:24:46.123  2664  2664 D Error   : 	at java.lang.reflect.Method.invoke(Native Method)
05-20 09:24:46.123  2664  2664 D Error   : 	at com.android.internal.os.ZygoteInit$MethodAndArgsCaller.run(ZygoteInit.java:726)
05-20 09:24:46.123  2664  2664 D Error   : 	at com.android.internal.os.ZygoteInit.main(ZygoteInit.java:616)
05-20 09:24:46.123  2664  2664 D Error   : # via Binder call with stack:
05-20 09:24:46.123  2664  2664 D Error   : android.os.StrictMode$LogStackTrace
05-20 09:24:46.123  2664  2664 D Error   : 	at and
05-20 09:24:46.123  2664  2664 D Error   : ERR: TOTAL BYTES WRITTEN: 24812
05-20 09:24:46.123  2664  2664 D StrictMode: Wrote violation #0 of 1: 24856 bytes
05-20 09:24:46.124  2664  2664 D BearingSectorizer: clamped to :270.0 from:269.0
05-20 09:24:46.124  2664  2664 D BearingSectorizer: returning changed: 270.0
05-20 09:24:46.128  2664  2664 D MapSwipeToZoomFrag: Location changed: Dot is outside of middle bounds:pos:Point(-69945, -2002345)middle: Rect(53, 58 - 267, 242)
