--------- beginning of main
05-20 15:11:35.639 17054 17054 I art     : Not late-enabling -Xcheck:jni (already on)
05-20 15:11:35.689 17054 17061 E art     : Failed writing handshake bytes (-1 of 14): Broken pipe
05-20 15:11:35.689 17054 17061 I art     : Debugger is no longer active
05-20 15:11:35.704 17068 17068 W dex2oat : Unexpected CPU variant for X86 using defaults: x86
05-20 15:11:35.704 17068 17068 W dex2oat : Mismatch between dex2oat instruction set features (ISA: X86 Feature string: smp,-ssse3,-sse4.1,-sse4.2,-avx,-avx2) and those of dex2oat executable (ISA: X86 Feature string: smp,ssse3,-sse4.1,-sse4.2,-avx,-avx2) for the command line:
05-20 15:11:35.704 17068 17068 W dex2oat : /system/bin/dex2oat --runtime-arg -classpath --runtime-arg  --instruction-set=x86 --instruction-set-features=smp,ssse3,-sse4.1,-sse4.2,-avx,-avx2 --runtime-arg -Xrelocate --boot-image=/system/framework/boot.art --runtime-arg -Xms64m --runtime-arg -Xmx512m -j1 --instruction-set-variant=x86 --instruction-set-features=default --dex-file=/data/app/uk.me.ponies.wearroutes-1/split_lib_dependencies_apk.apk --oat-file=/data/dalvik-cache/x86/data@app@uk.me.ponies.wearroutes-1@split_lib_dependencies_apk.apk@classes.dex
05-20 15:11:35.704 17068 17068 E dex2oat : Failed to create oat file: /data/dalvik-cache/x86/data@app@uk.me.ponies.wearroutes-1@split_lib_dependencies_apk.apk@classes.dex: Permission denied
05-20 15:11:35.705 17068 17068 I dex2oat : dex2oat took 705.675us (threads: 1) 
05-20 15:11:35.705 17054 17054 W art     : Failed execv(/system/bin/dex2oat --runtime-arg -classpath --runtime-arg  --instruction-set=x86 --instruction-set-features=smp,ssse3,-sse4.1,-sse4.2,-avx,-avx2 --runtime-arg -Xrelocate --boot-image=/system/framework/boot.art --runtime-arg -Xms64m --runtime-arg -Xmx512m -j1 --instruction-set-variant=x86 --instruction-set-features=default --dex-file=/data/app/uk.me.ponies.wearroutes-1/split_lib_dependencies_apk.apk --oat-file=/data/dalvik-cache/x86/data@app@uk.me.ponies.wearroutes-1@split_lib_dependencies_apk.apk@classes.dex) because non-0 exit status
05-20 15:11:35.825 17070 17070 W dex2oat : Unexpected CPU variant for X86 using defaults: x86
05-20 15:11:35.825 17070 17070 W dex2oat : Mismatch between dex2oat instruction set features (ISA: X86 Feature string: smp,-ssse3,-sse4.1,-sse4.2,-avx,-avx2) and those of dex2oat executable (ISA: X86 Feature string: smp,ssse3,-sse4.1,-sse4.2,-avx,-avx2) for the command line:
05-20 15:11:35.825 17070 17070 W dex2oat : /system/bin/dex2oat --runtime-arg -classpath --runtime-arg  --instruction-set=x86 --instruction-set-features=smp,ssse3,-sse4.1,-sse4.2,-avx,-avx2 --runtime-arg -Xrelocate --boot-image=/system/framework/boot.art --runtime-arg -Xms64m --runtime-arg -Xmx512m -j1 --instruction-set-variant=x86 --instruction-set-features=default --dex-file=/data/app/uk.me.ponies.wearroutes-1/split_lib_slice_0_apk.apk --oat-file=/data/dalvik-cache/x86/data@app@uk.me.ponies.wearroutes-1@split_lib_slice_0_apk.apk@classes.dex
05-20 15:11:35.825 17070 17070 E dex2oat : Failed to create oat file: /data/dalvik-cache/x86/data@app@uk.me.ponies.wearroutes-1@split_lib_slice_0_apk.apk@classes.dex: Permission denied
05-20 15:11:35.826 17070 17070 I dex2oat : dex2oat took 459.276us (threads: 1) 
05-20 15:11:35.826 17054 17054 W art     : Failed execv(/system/bin/dex2oat --runtime-arg -classpath --runtime-arg  --instruction-set=x86 --instruction-set-features=smp,ssse3,-sse4.1,-sse4.2,-avx,-avx2 --runtime-arg -Xrelocate --boot-image=/system/framework/boot.art --runtime-arg -Xms64m --runtime-arg -Xmx512m -j1 --instruction-set-variant=x86 --instruction-set-features=default --dex-file=/data/app/uk.me.ponies.wearroutes-1/split_lib_slice_0_apk.apk --oat-file=/data/dalvik-cache/x86/data@app@uk.me.ponies.wearroutes-1@split_lib_slice_0_apk.apk@classes.dex) because non-0 exit status
05-20 15:11:35.845 17072 17072 W dex2oat : Unexpected CPU variant for X86 using defaults: x86
05-20 15:11:35.845 17072 17072 W dex2oat : Mismatch between dex2oat instruction set features (ISA: X86 Feature string: smp,-ssse3,-sse4.1,-sse4.2,-avx,-avx2) and those of dex2oat executable (ISA: X86 Feature string: smp,ssse3,-sse4.1,-sse4.2,-avx,-avx2) for the command line:
05-20 15:11:35.845 17072 17072 W dex2oat : /system/bin/dex2oat --runtime-arg -classpath --runtime-arg  --instruction-set=x86 --instruction-set-features=smp,ssse3,-sse4.1,-sse4.2,-avx,-avx2 --runtime-arg -Xrelocate --boot-image=/system/framework/boot.art --runtime-arg -Xms64m --runtime-arg -Xmx512m -j1 --instruction-set-variant=x86 --instruction-set-features=default --dex-file=/data/app/uk.me.ponies.wearroutes-1/split_lib_slice_1_apk.apk --oat-file=/data/dalvik-cache/x86/data@app@uk.me.ponies.wearroutes-1@split_lib_slice_1_apk.apk@classes.dex
05-20 15:11:35.845 17072 17072 E dex2oat : Failed to create oat file: /data/dalvik-cache/x86/data@app@uk.me.ponies.wearroutes-1@split_lib_slice_1_apk.apk@classes.dex: Permission denied
05-20 15:11:35.845 17072 17072 I dex2oat : dex2oat took 460.113us (threads: 1) 
05-20 15:11:35.846 17054 17054 W art     : Failed execv(/system/bin/dex2oat --runtime-arg -classpath --runtime-arg  --instruction-set=x86 --instruction-set-features=smp,ssse3,-sse4.1,-sse4.2,-avx,-avx2 --runtime-arg -Xrelocate --boot-image=/system/framework/boot.art --runtime-arg -Xms64m --runtime-arg -Xmx512m -j1 --instruction-set-variant=x86 --instruction-set-features=default --dex-file=/data/app/uk.me.ponies.wearroutes-1/split_lib_slice_1_apk.apk --oat-file=/data/dalvik-cache/x86/data@app@uk.me.ponies.wearroutes-1@split_lib_slice_1_apk.apk@classes.dex) because non-0 exit status
05-20 15:11:35.854 17074 17074 W dex2oat : Unexpected CPU variant for X86 using defaults: x86
05-20 15:11:35.854 17074 17074 W dex2oat : Mismatch between dex2oat instruction set features (ISA: X86 Feature string: smp,-ssse3,-sse4.1,-sse4.2,-avx,-avx2) and those of dex2oat executable (ISA: X86 Feature string: smp,ssse3,-sse4.1,-sse4.2,-avx,-avx2) for the command line:
05-20 15:11:35.854 17074 17074 W dex2oat : /system/bin/dex2oat --runtime-arg -classpath --runtime-arg  --instruction-set=x86 --instruction-set-features=smp,ssse3,-sse4.1,-sse4.2,-avx,-avx2 --runtime-arg -Xrelocate --boot-image=/system/framework/boot.art --runtime-arg -Xms64m --runtime-arg -Xmx512m -j1 --instruction-set-variant=x86 --instruction-set-features=default --dex-file=/data/app/uk.me.ponies.wearroutes-1/split_lib_slice_2_apk.apk --oat-file=/data/dalvik-cache/x86/data@app@uk.me.ponies.wearroutes-1@split_lib_slice_2_apk.apk@classes.dex
05-20 15:11:35.855 17074 17074 E dex2oat : Failed to create oat file: /data/dalvik-cache/x86/data@app@uk.me.ponies.wearroutes-1@split_lib_slice_2_apk.apk@classes.dex: Permission denied
05-20 15:11:35.855 17074 17074 I dex2oat : dex2oat took 583.314us (threads: 1) 
05-20 15:11:35.855 17054 17054 W art     : Failed execv(/system/bin/dex2oat --runtime-arg -classpath --runtime-arg  --instruction-set=x86 --instruction-set-features=smp,ssse3,-sse4.1,-sse4.2,-avx,-avx2 --runtime-arg -Xrelocate --boot-image=/system/framework/boot.art --runtime-arg -Xms64m --runtime-arg -Xmx512m -j1 --instruction-set-variant=x86 --instruction-set-features=default --dex-file=/data/app/uk.me.ponies.wearroutes-1/split_lib_slice_2_apk.apk --oat-file=/data/dalvik-cache/x86/data@app@uk.me.ponies.wearroutes-1@split_lib_slice_2_apk.apk@classes.dex) because non-0 exit status
05-20 15:11:35.884 17076 17076 W dex2oat : Unexpected CPU variant for X86 using defaults: x86
05-20 15:11:35.884 17076 17076 W dex2oat : Mismatch between dex2oat instruction set features (ISA: X86 Feature string: smp,-ssse3,-sse4.1,-sse4.2,-avx,-avx2) and those of dex2oat executable (ISA: X86 Feature string: smp,ssse3,-sse4.1,-sse4.2,-avx,-avx2) for the command line:
05-20 15:11:35.884 17076 17076 W dex2oat : /system/bin/dex2oat --runtime-arg -classpath --runtime-arg  --instruction-set=x86 --instruction-set-features=smp,ssse3,-sse4.1,-sse4.2,-avx,-avx2 --runtime-arg -Xrelocate --boot-image=/system/framework/boot.art --runtime-arg -Xms64m --runtime-arg -Xmx512m -j1 --instruction-set-variant=x86 --instruction-set-features=default --dex-file=/data/app/uk.me.ponies.wearroutes-1/split_lib_slice_3_apk.apk --oat-file=/data/dalvik-cache/x86/data@app@uk.me.ponies.wearroutes-1@split_lib_slice_3_apk.apk@classes.dex
05-20 15:11:35.884 17076 17076 E dex2oat : Failed to create oat file: /data/dalvik-cache/x86/data@app@uk.me.ponies.wearroutes-1@split_lib_slice_3_apk.apk@classes.dex: Permission denied
05-20 15:11:35.884 17076 17076 I dex2oat : dex2oat took 446.704us (threads: 1) 
05-20 15:11:35.885 17054 17054 W art     : Failed execv(/system/bin/dex2oat --runtime-arg -classpath --runtime-arg  --instruction-set=x86 --instruction-set-features=smp,ssse3,-sse4.1,-sse4.2,-avx,-avx2 --runtime-arg -Xrelocate --boot-image=/system/framework/boot.art --runtime-arg -Xms64m --runtime-arg -Xmx512m -j1 --instruction-set-variant=x86 --instruction-set-features=default --dex-file=/data/app/uk.me.ponies.wearroutes-1/split_lib_slice_3_apk.apk --oat-file=/data/dalvik-cache/x86/data@app@uk.me.ponies.wearroutes-1@split_lib_slice_3_apk.apk@classes.dex) because non-0 exit status
05-20 15:11:35.900 17078 17078 W dex2oat : Unexpected CPU variant for X86 using defaults: x86
05-20 15:11:35.900 17078 17078 W dex2oat : Mismatch between dex2oat instruction set features (ISA: X86 Feature string: smp,-ssse3,-sse4.1,-sse4.2,-avx,-avx2) and those of dex2oat executable (ISA: X86 Feature string: smp,ssse3,-sse4.1,-sse4.2,-avx,-avx2) for the command line:
05-20 15:11:35.900 17078 17078 W dex2oat : /system/bin/dex2oat --runtime-arg -classpath --runtime-arg  --instruction-set=x86 --instruction-set-features=smp,ssse3,-sse4.1,-sse4.2,-avx,-avx2 --runtime-arg -Xrelocate --boot-image=/system/framework/boot.art --runtime-arg -Xms64m --runtime-arg -Xmx512m -j1 --instruction-set-variant=x86 --instruction-set-features=default --dex-file=/data/app/uk.me.ponies.wearroutes-1/split_lib_slice_4_apk.apk --oat-file=/data/dalvik-cache/x86/data@app@uk.me.ponies.wearroutes-1@split_lib_slice_4_apk.apk@classes.dex
05-20 15:11:35.901 17078 17078 E dex2oat : Failed to create oat file: /data/dalvik-cache/x86/data@app@uk.me.ponies.wearroutes-1@split_lib_slice_4_apk.apk@classes.dex: Permission denied
05-20 15:11:35.901 17078 17078 I dex2oat : dex2oat took 453.411us (threads: 1) 
05-20 15:11:35.901 17054 17054 W art     : Failed execv(/system/bin/dex2oat --runtime-arg -classpath --runtime-arg  --instruction-set=x86 --instruction-set-features=smp,ssse3,-sse4.1,-sse4.2,-avx,-avx2 --runtime-arg -Xrelocate --boot-image=/system/framework/boot.art --runtime-arg -Xms64m --runtime-arg -Xmx512m -j1 --instruction-set-variant=x86 --instruction-set-features=default --dex-file=/data/app/uk.me.ponies.wearroutes-1/split_lib_slice_4_apk.apk --oat-file=/data/dalvik-cache/x86/data@app@uk.me.ponies.wearroutes-1@split_lib_slice_4_apk.apk@classes.dex) because non-0 exit status
05-20 15:11:35.916 17080 17080 W dex2oat : Unexpected CPU variant for X86 using defaults: x86
05-20 15:11:35.916 17080 17080 W dex2oat : Mismatch between dex2oat instruction set features (ISA: X86 Feature string: smp,-ssse3,-sse4.1,-sse4.2,-avx,-avx2) and those of dex2oat executable (ISA: X86 Feature string: smp,ssse3,-sse4.1,-sse4.2,-avx,-avx2) for the command line:
05-20 15:11:35.916 17080 17080 W dex2oat : /system/bin/dex2oat --runtime-arg -classpath --runtime-arg  --instruction-set=x86 --instruction-set-features=smp,ssse3,-sse4.1,-sse4.2,-avx,-avx2 --runtime-arg -Xrelocate --boot-image=/system/framework/boot.art --runtime-arg -Xms64m --runtime-arg -Xmx512m -j1 --instruction-set-variant=x86 --instruction-set-features=default --dex-file=/data/app/uk.me.ponies.wearroutes-1/split_lib_slice_5_apk.apk --oat-file=/data/dalvik-cache/x86/data@app@uk.me.ponies.wearroutes-1@split_lib_slice_5_apk.apk@classes.dex
05-20 15:11:35.916 17080 17080 E dex2oat : Failed to create oat file: /data/dalvik-cache/x86/data@app@uk.me.ponies.wearroutes-1@split_lib_slice_5_apk.apk@classes.dex: Permission denied
05-20 15:11:35.916 17080 17080 I dex2oat : dex2oat took 0 (threads: 1) 
05-20 15:11:35.918 17054 17054 W art     : Failed execv(/system/bin/dex2oat --runtime-arg -classpath --runtime-arg  --instruction-set=x86 --instruction-set-features=smp,ssse3,-sse4.1,-sse4.2,-avx,-avx2 --runtime-arg -Xrelocate --boot-image=/system/framework/boot.art --runtime-arg -Xms64m --runtime-arg -Xmx512m -j1 --instruction-set-variant=x86 --instruction-set-features=default --dex-file=/data/app/uk.me.ponies.wearroutes-1/split_lib_slice_5_apk.apk --oat-file=/data/dalvik-cache/x86/data@app@uk.me.ponies.wearroutes-1@split_lib_slice_5_apk.apk@classes.dex) because non-0 exit status
05-20 15:11:35.932 17082 17082 W dex2oat : Unexpected CPU variant for X86 using defaults: x86
05-20 15:11:35.932 17082 17082 W dex2oat : Mismatch between dex2oat instruction set features (ISA: X86 Feature string: smp,-ssse3,-sse4.1,-sse4.2,-avx,-avx2) and those of dex2oat executable (ISA: X86 Feature string: smp,ssse3,-sse4.1,-sse4.2,-avx,-avx2) for the command line:
05-20 15:11:35.933 17082 17082 W dex2oat : /system/bin/dex2oat --runtime-arg -classpath --runtime-arg  --instruction-set=x86 --instruction-set-features=smp,ssse3,-sse4.1,-sse4.2,-avx,-avx2 --runtime-arg -Xrelocate --boot-image=/system/framework/boot.art --runtime-arg -Xms64m --runtime-arg -Xmx512m -j1 --instruction-set-variant=x86 --instruction-set-features=default --dex-file=/data/app/uk.me.ponies.wearroutes-1/split_lib_slice_6_apk.apk --oat-file=/data/dalvik-cache/x86/data@app@uk.me.ponies.wearroutes-1@split_lib_slice_6_apk.apk@classes.dex
05-20 15:11:35.933 17082 17082 E dex2oat : Failed to create oat file: /data/dalvik-cache/x86/data@app@uk.me.ponies.wearroutes-1@split_lib_slice_6_apk.apk@classes.dex: Permission denied
05-20 15:11:35.933 17082 17082 I dex2oat : dex2oat took 822.174us (threads: 1) 
05-20 15:11:35.934 17054 17054 W art     : Failed execv(/system/bin/dex2oat --runtime-arg -classpath --runtime-arg  --instruction-set=x86 --instruction-set-features=smp,ssse3,-sse4.1,-sse4.2,-avx,-avx2 --runtime-arg -Xrelocate --boot-image=/system/framework/boot.art --runtime-arg -Xms64m --runtime-arg -Xmx512m -j1 --instruction-set-variant=x86 --instruction-set-features=default --dex-file=/data/app/uk.me.ponies.wearroutes-1/split_lib_slice_6_apk.apk --oat-file=/data/dalvik-cache/x86/data@app@uk.me.ponies.wearroutes-1@split_lib_slice_6_apk.apk@classes.dex) because non-0 exit status
05-20 15:11:35.948 17084 17084 W dex2oat : Unexpected CPU variant for X86 using defaults: x86
05-20 15:11:35.949 17084 17084 W dex2oat : Mismatch between dex2oat instruction set features (ISA: X86 Feature string: smp,-ssse3,-sse4.1,-sse4.2,-avx,-avx2) and those of dex2oat executable (ISA: X86 Feature string: smp,ssse3,-sse4.1,-sse4.2,-avx,-avx2) for the command line:
05-20 15:11:35.949 17084 17084 W dex2oat : /system/bin/dex2oat --runtime-arg -classpath --runtime-arg  --instruction-set=x86 --instruction-set-features=smp,ssse3,-sse4.1,-sse4.2,-avx,-avx2 --runtime-arg -Xrelocate --boot-image=/system/framework/boot.art --runtime-arg -Xms64m --runtime-arg -Xmx512m -j1 --instruction-set-variant=x86 --instruction-set-features=default --dex-file=/data/app/uk.me.ponies.wearroutes-1/split_lib_slice_7_apk.apk --oat-file=/data/dalvik-cache/x86/data@app@uk.me.ponies.wearroutes-1@split_lib_slice_7_apk.apk@classes.dex
05-20 15:11:35.949 17084 17084 E dex2oat : Failed to create oat file: /data/dalvik-cache/x86/data@app@uk.me.ponies.wearroutes-1@split_lib_slice_7_apk.apk@classes.dex: Permission denied
05-20 15:11:35.949 17084 17084 I dex2oat : dex2oat took 1.222ms (threads: 1) 
05-20 15:11:35.950 17054 17054 W art     : Failed execv(/system/bin/dex2oat --runtime-arg -classpath --runtime-arg  --instruction-set=x86 --instruction-set-features=smp,ssse3,-sse4.1,-sse4.2,-avx,-avx2 --runtime-arg -Xrelocate --boot-image=/system/framework/boot.art --runtime-arg -Xms64m --runtime-arg -Xmx512m -j1 --instruction-set-variant=x86 --instruction-set-features=default --dex-file=/data/app/uk.me.ponies.wearroutes-1/split_lib_slice_7_apk.apk --oat-file=/data/dalvik-cache/x86/data@app@uk.me.ponies.wearroutes-1@split_lib_slice_7_apk.apk@classes.dex) because non-0 exit status
05-20 15:11:35.968 17086 17086 W dex2oat : Unexpected CPU variant for X86 using defaults: x86
05-20 15:11:35.968 17086 17086 W dex2oat : Mismatch between dex2oat instruction set features (ISA: X86 Feature string: smp,-ssse3,-sse4.1,-sse4.2,-avx,-avx2) and those of dex2oat executable (ISA: X86 Feature string: smp,ssse3,-sse4.1,-sse4.2,-avx,-avx2) for the command line:
05-20 15:11:35.968 17086 17086 W dex2oat : /system/bin/dex2oat --runtime-arg -classpath --runtime-arg  --instruction-set=x86 --instruction-set-features=smp,ssse3,-sse4.1,-sse4.2,-avx,-avx2 --runtime-arg -Xrelocate --boot-image=/system/framework/boot.art --runtime-arg -Xms64m --runtime-arg -Xmx512m -j1 --instruction-set-variant=x86 --instruction-set-features=default --dex-file=/data/app/uk.me.ponies.wearroutes-1/split_lib_slice_8_apk.apk --oat-file=/data/dalvik-cache/x86/data@app@uk.me.ponies.wearroutes-1@split_lib_slice_8_apk.apk@classes.dex
05-20 15:11:35.969 17086 17086 E dex2oat : Failed to create oat file: /data/dalvik-cache/x86/data@app@uk.me.ponies.wearroutes-1@split_lib_slice_8_apk.apk@classes.dex: Permission denied
05-20 15:11:35.969 17086 17086 I dex2oat : dex2oat took 447.544us (threads: 1) 
05-20 15:11:35.969 17054 17054 W art     : Failed execv(/system/bin/dex2oat --runtime-arg -classpath --runtime-arg  --instruction-set=x86 --instruction-set-features=smp,ssse3,-sse4.1,-sse4.2,-avx,-avx2 --runtime-arg -Xrelocate --boot-image=/system/framework/boot.art --runtime-arg -Xms64m --runtime-arg -Xmx512m -j1 --instruction-set-variant=x86 --instruction-set-features=default --dex-file=/data/app/uk.me.ponies.wearroutes-1/split_lib_slice_8_apk.apk --oat-file=/data/dalvik-cache/x86/data@app@uk.me.ponies.wearroutes-1@split_lib_slice_8_apk.apk@classes.dex) because non-0 exit status
05-20 15:11:35.982 17088 17088 W dex2oat : Unexpected CPU variant for X86 using defaults: x86
05-20 15:11:35.982 17088 17088 W dex2oat : Mismatch between dex2oat instruction set features (ISA: X86 Feature string: smp,-ssse3,-sse4.1,-sse4.2,-avx,-avx2) and those of dex2oat executable (ISA: X86 Feature string: smp,ssse3,-sse4.1,-sse4.2,-avx,-avx2) for the command line:
05-20 15:11:35.983 17088 17088 W dex2oat : /system/bin/dex2oat --runtime-arg -classpath --runtime-arg  --instruction-set=x86 --instruction-set-features=smp,ssse3,-sse4.1,-sse4.2,-avx,-avx2 --runtime-arg -Xrelocate --boot-image=/system/framework/boot.art --runtime-arg -Xms64m --runtime-arg -Xmx512m -j1 --instruction-set-variant=x86 --instruction-set-features=default --dex-file=/data/app/uk.me.ponies.wearroutes-1/split_lib_slice_9_apk.apk --oat-file=/data/dalvik-cache/x86/data@app@uk.me.ponies.wearroutes-1@split_lib_slice_9_apk.apk@classes.dex
05-20 15:11:35.983 17088 17088 E dex2oat : Failed to create oat file: /data/dalvik-cache/x86/data@app@uk.me.ponies.wearroutes-1@split_lib_slice_9_apk.apk@classes.dex: Permission denied
05-20 15:11:35.983 17088 17088 I dex2oat : dex2oat took 635.275us (threads: 1) 
05-20 15:11:35.984 17054 17054 W art     : Failed execv(/system/bin/dex2oat --runtime-arg -classpath --runtime-arg  --instruction-set=x86 --instruction-set-features=smp,ssse3,-sse4.1,-sse4.2,-avx,-avx2 --runtime-arg -Xrelocate --boot-image=/system/framework/boot.art --runtime-arg -Xms64m --runtime-arg -Xmx512m -j1 --instruction-set-variant=x86 --instruction-set-features=default --dex-file=/data/app/uk.me.ponies.wearroutes-1/split_lib_slice_9_apk.apk --oat-file=/data/dalvik-cache/x86/data@app@uk.me.ponies.wearroutes-1@split_lib_slice_9_apk.apk@classes.dex) because non-0 exit status
05-20 15:11:35.986 17054 17054 W System  : ClassLoader referenced unknown path: /data/app/uk.me.ponies.wearroutes-1/lib/x86
05-20 15:11:35.996 17054 17054 I InstantRun: starting instant run server: is main process
05-20 15:11:36.048 17054 17054 I UnexpectedExceptionHandler: registering unexpectedException Hander on threadmain
05-20 15:11:36.053 17054 17054 E MainWearActivity: onCreate called savedinstanceState is null:true
05-20 15:11:36.057 17054 17054 D ActivityLifeCycleLogger: uk.me.ponies.wearroutes.MainWearActivity@60d7527 onActivityCreated called
05-20 15:11:36.224 17054 17054 D EventBus: No subscribers registered for event class uk.me.ponies.wearroutes.eventBusEvents.LocationPollingStateEvent
05-20 15:11:36.224 17054 17054 D EventBus: No subscribers registered for event class org.greenrobot.eventbus.NoSubscriberEvent
05-20 15:11:36.231 17054 17054 D EventBus: No subscribers registered for event class uk.me.ponies.wearroutes.eventBusEvents.LocationPollingStateEvent
05-20 15:11:36.231 17054 17054 D EventBus: No subscribers registered for event class org.greenrobot.eventbus.NoSubscriberEvent
05-20 15:11:36.234 17054 17054 D MainGridPagerAdapter: getFragment called for row:2 column:0
05-20 15:11:36.356 17054 17054 D MainWearActivity: android.permission.ACCESS_FINE_LOCATION Granted
05-20 15:11:36.356 17054 17054 D MainWearActivity: android.permission.WAKE_LOCK Granted
05-20 15:11:36.356 17054 17054 D MainWearActivity: android.permission.WRITE_EXTERNAL_STORAGE Granted
05-20 15:11:36.356 17054 17054 D MainWearActivity: android.permission.ACCESS_NETWORK_STATE Granted
05-20 15:11:36.356 17054 17054 D MainWearActivity: android.permission.INTERNET Granted
05-20 15:11:36.356 17054 17054 D MainWearActivity: android.permission.READ_EXTERNAL_STORAGE Granted
05-20 15:11:36.370 17054 17054 D ActivityLifeCycleLogger: uk.me.ponies.wearroutes.MainWearActivity@60d7527 onActivityStarted called
05-20 15:11:36.375 17054 17054 D ActivityLifeCycleLogger: uk.me.ponies.wearroutes.MainWearActivity@60d7527 onActivityResumed called
05-20 15:11:36.376 17054 17093 D OpenGLRenderer: Use EGL_SWAP_BEHAVIOR_PRESERVED: true
05-20 15:11:36.376 17054 17054 D         : HostConnection::get() New Host Connection established 0xad41b490, tid 17054
05-20 15:11:36.422 17054 17054 D MainGridPagerAdapter: GridPagerAdapter: startUpdate Called id:2131820668 took 0ms
05-20 15:11:36.422 17054 17054 D MainGridPagerAdapter: getFragment called for row:0 column:0
05-20 15:11:36.423 17054 17054 D MainGridPagerAdapter: getFragment called for row:0 column:1
05-20 15:11:36.423 17054 17054 D MainGridPagerAdapter: getFragment called for row:0 column:2
05-20 15:11:36.423 17054 17054 D MainGridPagerAdapter: getFragment called for row:0 column:3
05-20 15:11:36.423 17054 17054 D MainGridPagerAdapter: getFragment called for row:0 column:4
05-20 15:11:36.423 17054 17054 D MainGridPagerAdapter: getFragment called for row:0 column:5
05-20 15:11:36.423 17054 17054 D MainGridPagerAdapter: getFragment called for row:1 column:0
05-20 15:11:36.423 17054 17054 D MainGridPagerAdapter: getFragment called for row:2 column:0
05-20 15:11:36.423 17054 17054 D MainGridPagerAdapter: getFragment called for row:3 column:0
05-20 15:11:36.423 17054 17054 D MainGridPagerAdapter: getFragment called for row:4 column:0
05-20 15:11:36.472 17054 17054 D FragmentLifecycleLogger: SpeedPanel1 onAttach called
05-20 15:11:36.472 17054 17054 D FragmentLifecycleLogger: SpeedPanel1 onCreate called
05-20 15:11:36.478 17054 17054 D FragmentLifecycleLogger: SpeedPanel1 onViewCreated called
05-20 15:11:36.479 17054 17054 D FragmentLifecycleLogger: SpeedPanel1 onActivityCreated called
05-20 15:11:36.479 17054 17054 D FragmentLifecycleLogger: SpeedPanel1 onViewStateRestored called
05-20 15:11:36.479 17054 17054 D FragmentLifecycleLogger: SpeedPanel1 onStart called
05-20 15:11:36.479 17054 17054 D SpeedPanel1: onResume called
05-20 15:11:36.479 17054 17054 D FragmentLifecycleLogger: SpeedPanel1 onResume called
05-20 15:11:36.479 17054 17054 D FragmentLifecycleLogger: MapSwipeToZoomFragment onAttach called
05-20 15:11:36.479 17054 17054 D FragmentLifecycleLogger: MapSwipeToZoomFragment onCreate called
05-20 15:11:36.479 17054 17054 D MapSwipeToZoomFrag: MapContainingFragment Map #00 onCreateView called
05-20 15:11:36.490 17054 17054 D MapSwipeToZoomFrag: creating a new InnerMapFragment
05-20 15:11:36.504 17054 17054 D MapSwipeToZoomFrag: MapContainingFragment (not the view) is MapFragment{281f120 id=0x7f11008b}
05-20 15:11:36.504 17054 17054 D MapSwipeToZoomFrag: CreateView Map #00 getting MapAsync 
05-20 15:11:36.505 17054 17054 D MapSwipeToZoomFrag: CreateView completed
05-20 15:11:36.506 17054 17054 D MapSwipeToZoomFrag: Map #00 onViewCreatedCalled
05-20 15:11:36.506 17054 17054 D FragmentLifecycleLogger: MapSwipeToZoomFragment onViewCreated called
05-20 15:11:36.510 17054 17054 D FragmentLifecycleLogger: MapSwipeToZoomFragment onActivityCreated called
05-20 15:11:36.510 17054 17054 D FragmentLifecycleLogger: MapSwipeToZoomFragment onViewStateRestored called
05-20 15:11:36.518 17054 17054 I zzai    : Making Creator dynamically
05-20 15:11:36.585 17054 17054 I Google Maps Android API: Google Play services client version: 9452000
05-20 15:11:36.587 17054 17054 I Google Maps Android API: Google Play services package version: 11047570
05-20 15:11:36.864 17054 17124 W agl     : copyMemory is missing from platform - proto runtime falling back to safer methods.
05-20 15:11:37.059 17054 17054 D MapSwipeToZoomFrag: MapContainingFragment:Map #00 onStart called with zoom:15
05-20 15:11:37.059 17054 17054 D FragmentLifecycleLogger: MapSwipeToZoomFragment onStart called
05-20 15:11:37.060 17054 17054 D MapSwipeToZoomFrag: MapContainingFragment:Map #00 onResume called, visible is true
05-20 15:11:37.060 17054 17054 D FragmentLifecycleLogger: MapSwipeToZoomFragment onResume called
05-20 15:11:37.060 17054 17054 D MapSwipeToZoomFrag: matchMapUIToConfig -- no map
05-20 15:11:37.063 17054 17054 D MainGridPagerAdapter: GridPagerAdapter: finishUpdate Called id:2131820668 took 640ms
05-20 15:11:37.071 17054 17054 D MainGridPagerAdapter: GridPagerAdapter: startUpdate Called id:2131820668 took 0ms
05-20 15:11:37.071 17054 17054 D MainGridPagerAdapter: GridPagerAdapter: finishUpdate Called id:2131820668 took 0ms
05-20 15:11:37.118 17054 17065 W art     : Suspending all threads took: 21.791ms
05-20 15:11:37.122 17054 17093 D         : HostConnection::get() New Host Connection established 0xa69be140, tid 17093
05-20 15:11:37.123 17054 17093 I OpenGLRenderer: Initialized EGL, version 1.4
05-20 15:11:37.123 17054 17093 W OpenGLRenderer: Failed to choose config with EGL_SWAP_BEHAVIOR_PRESERVED, retrying without...
05-20 15:11:37.131 17054 17065 I art     : Background partial concurrent mark sweep GC freed 727(80KB) AllocSpace objects, 0(0B) LOS objects, 24% free, 3MB/5MB, paused 23.338ms total 40.425ms
05-20 15:11:37.153 17054 17054 D MainGridPagerAdapter: GridPagerAdapter: startUpdate Called id:2131820668 took 0ms
05-20 15:11:37.153 17054 17054 D MainGridPagerAdapter: GridPagerAdapter: finishUpdate Called id:2131820668 took 0ms
05-20 15:11:37.155 17054 17054 D MainWearActivity: onPageScrolled: 0,0
05-20 15:11:37.162 17054 17145 D         : HostConnection::get() New Host Connection established 0xa69be3b0, tid 17145
05-20 15:11:37.181 17054 17054 I Choreographer: Skipped 45 frames!  The application may be doing too much work on its main thread.
05-20 15:11:37.198 17054 17149 D Loader  : Loading asset 0x7f020070
05-20 15:11:37.376 17054 17054 D MapSwipeToZoomFrag: showZoom is false
05-20 15:11:37.398 17054 17054 D MapSwipeToZoomFrag: SetupMap Called Map #00
05-20 15:11:37.401 17054 17054 D MapSwipeToZoomFrag: EventBusLocationSourceForMap activated for com.google.android.gms.maps.GoogleMap$12$1@86e517
05-20 15:11:37.413 17054 17054 D MapSwipeToZoomFrag: SetupMap Map #00 moving camera to zoom15
05-20 15:11:37.413 17054 17054 D MapSwipeToZoomFrag: Not moving camera as the map isn't visible
05-20 15:11:37.414 17054 17054 D MapSwipeToZoomFrag: Re-adding polylines during onResume
05-20 15:11:37.414 17054 17054 D MapSwipeToZoomFrag: polylines re-added in onResume
--------- beginning of system
05-20 15:11:37.434 17054 17054 D StrictMode: Wrote violation #0 of 1: 11460 bytes
05-20 15:11:37.465 17054 17054 D MainGridPagerAdapter: GridPagerAdapter: startUpdate Called id:2131820668 took 0ms
05-20 15:11:37.465 17054 17054 D MainGridPagerAdapter: GridPagerAdapter: finishUpdate Called id:2131820668 took 0ms
05-20 15:11:37.467 17054 17054 D MainGridPagerAdapter: GridPagerAdapter: startUpdate Called id:2131820668 took 0ms
05-20 15:11:37.467 17054 17054 D MainGridPagerAdapter: GridPagerAdapter: finishUpdate Called id:2131820668 took 0ms
05-20 15:11:37.503 17054 17054 D MapSwipeToZoomFrag: Camera Changed for Map Map #00
05-20 15:11:37.506 17054 17054 D StrictMode: Wrote violation #0 of 1: 13336 bytes
05-20 15:11:37.506 17054 17054 D MapSwipeToZoomFrag: Camera Changed for Map Map #00
05-20 15:11:37.506 17054 17054 D StrictMode: Wrote violation #0 of 1: 16044 bytes
05-20 15:11:37.524 17054 17054 D LocationHandler: onConnected(): Successfully connected to Google API client
05-20 15:11:37.524 17054 17054 D SlowLocationPollerBase: SlowLocationPollerBase stopped
05-20 15:11:37.524 17054 17054 D LocationHandler: removingLocationUpdates for listener uk.me.ponies.wearroutes.locationHandling.SlowLocationPollerAlarmWakeup@deb600f
05-20 15:11:37.524 17054 17054 D LocationHandler: removingLocationUpdates for listener uk.me.ponies.wearroutes.locationHandling.LocationHandler@3625bf6
05-20 15:11:37.525 17054 17054 D LocationHandler: requestingLocationUpdates for listener uk.me.ponies.wearroutes.locationHandling.LocationHandler@3625bf6
05-20 15:11:37.567 17054 17054 D MainWearActivity: onConnected(): Successfully connected to Google API client
05-20 15:11:37.641 17054 17054 D LocationHandler: Good location received Location[fused 54.188864,-2.288882 acc=46 et=+27m44s337ms alt=0.0 vel=13.89 bear=21.0 mock {Bundle[mParcelledData.dataSize=44]}] from LocationHandler
05-20 15:11:37.643 17054 17054 D StrictMode: Wrote violation #0 of 1: 18752 bytes
05-20 15:11:37.643 17054 17054 D BearingSectorizer: clamped to :15.0 from:21.0
05-20 15:11:37.643 17054 17054 D BearingSectorizer: returning changed: 15.0
05-20 15:11:37.644 17054 17054 D MapSwipeToZoomFrag: Location changed, updating because First Location
05-20 15:11:37.644 17054 17054 D MapSwipeToZoomFrag: Not moving camera as the map isn't visible
05-20 15:11:37.644 17054 17054 D MapSwipeToZoomFrag: EventBusLocationSourceForMap sending location to listener com.google.android.gms.maps.GoogleMap$12$1@86e517
05-20 15:11:37.659 17054 17054 D MainGridPagerAdapter: GridPagerAdapter: startUpdate Called id:2131820668 took 0ms
05-20 15:11:37.660 17054 17054 D MainGridPagerAdapter: GridPagerAdapter: finishUpdate Called id:2131820668 took 0ms
05-20 15:11:37.669 17054 17054 D MainGridPagerAdapter: GridPagerAdapter: startUpdate Called id:2131820668 took 0ms
05-20 15:11:37.669 17054 17054 D MainGridPagerAdapter: GridPagerAdapter: finishUpdate Called id:2131820668 took 0ms
05-20 15:11:37.738 17054 17054 D Error   : ERR: exClass=android.os.StrictMode$StrictModeCustomViolation
05-20 15:11:37.738 17054 17054 D Error   : ERR: exMsg=policy=4325404 violation=8 msg=gcore.dynamite
05-20 15:11:37.738 17054 17054 D Error   : ERR: file=StrictMode.java
05-20 15:11:37.738 17054 17054 D Error   : ERR: class=android.os.StrictMode$AndroidBlockGuardPolicy
05-20 15:11:37.738 17054 17054 D Error   : ERR: method=onCustomSlowCall line=1236
05-20 15:11:37.739 17054 17054 D Error   : ERR: stack=android.os.StrictMode$StrictModeCustomViolation: policy=4325404 violation=8 msg=gcore.dynamite
05-20 15:11:37.739 17054 17054 D Error   : 	at android.os.StrictMode$AndroidBlockGuardPolicy.onCustomSlowCall(StrictMode.java:1236)
05-20 15:11:37.739 17054 17054 D Error   : 	at android.os.StrictMode.noteSlowCall(StrictMode.java:2136)
05-20 15:11:37.739 17054 17054 D Error   : 	at ffk.a(:com.google.android.gms:0)
05-20 15:11:37.739 17054 17054 D Error   : 	at dgs.a(:com.google.android.gms:2)
05-20 15:11:37.739 17054 17054 D Error   : 	at com.google.android.gms.maps.internal.CreatorImpl.a(:com.google.android.gms:4)
05-20 15:11:37.739 17054 17054 D Error   : 	at com.google.android.gms.maps.internal.CreatorImpl.newMapFragmentDelegate(:com.google.android.gms:0)
05-20 15:11:37.739 17054 17054 D Error   : 	at igj.onTransact(:com.google.android.gms:13)
05-20 15:11:37.739 17054 17054 D Error   : 	at android.os.Binder.transact(Binder.java:387)
05-20 15:11:37.739 17054 17054 D Error   : 	at com.google.android.gms.maps.internal.zzc$zza$zza.zzag(Unknown Source)
05-20 15:11:37.739 17054 17054 D Error   : 	at com.google.android.gms.maps.MapFragment$zzb.zzbow(Unknown Source)
05-20 15:11:37.739 17054 17054 D Error   : 	at com.google.android.gms.maps.MapFragment$zzb.zza(Unknown Source)
05-20 15:11:37.739 17054 17054 D Error   : 	at com.google.android.gms.dynamic.zza.zza(Unknown Source)
05-20 15:11:37.739 17054 17054 D Error   : 	at com.google.android.gms.dynamic.zza.onCreate(Unknown Source)
05-20 15:11:37.739 17054 17054 D Error   : 	at com.google.android.gms.maps.MapFragment.onCreate(Unknown Source)
05-20 15:11:37.739 17054 17054 D Error   : 	at android.app.Fragment.performCreate(Fragment.java:2198)
05-20 15:11:37.739 17054 17054 D Error   : 	at android.app.FragmentManagerImpl.moveToState(FragmentManager.java:942)
05-20 15:11:37.739 17054 17054 D Error   : 	at android.app.FragmentManagerImpl.moveToState(FragmentManager.java:1148)
05-20 15:11:37.739 17054 17054 D Error   : 	at android.app.BackStackRecord.run(BackStackRecord.java:793)
05-20 15:11:37.739 17054 17054 D Error   : 	at android.app.FragmentManagerImpl.execPendingActions(FragmentManager.java:1535)
05-20 15:11:37.739 17054 17054 D Error   : 	at android.app.Fragment.performStart(Fragment.java:2241)
05-20 15:11:37.739 17054 17054 D Error   : 	at android.app.FragmentManagerImpl.moveToState(FragmentManager.java:1002)
05-20 15:11:37.739 17054 17054 D Error   : 	at android.app.FragmentManagerImpl.moveToState(FragmentManager.java:1148)
05-20 15:11:37.739 17054 17054 D Error   : 	at android.app.BackStackRecord.run(BackStackRecord.java:793)
05-20 15:11:37.739 17054 17054 D Error   : 	at android.app.FragmentManagerImpl.execPendingActions(FragmentManager.java:1535)
05-20 15:11:37.739 17054 17054 D Error   : 	at android.app.FragmentManagerImpl.executePendingTransactions(FragmentManager.java:562)
05-20 15:11:37.739 17054 17054 D Error   : 	at android.support.wearable.view.FragmentGridPagerAdapter.finishUpdate(FragmentGridPagerAdapter.java:220)
05-20 15:11:37.739 17054 17054 D Error   : 	at uk.me.ponies.wearroutes.MainGridPagerAdapter.finishUpdate(MainGridPagerAdapter.java:329)
05-20 15:11:37.739 17054 17054 D Error   : 	at android.support.wearable.view.GridViewPager.populate(GridViewPager.java:1182)
05-20 15:11:37.739 17054 17054 D Error   : 	at android.support.wearable.view.GridViewPager.populate(GridViewPager.java:1038)
05-20 15:11:37.739 17054 17054 D Error   : 	at android.support.wearable.view.GridViewPager.onMeasure(GridViewPager.java:1343)
05-20 15:11:37.739 17054 17054 D Error   : 	at android.view.View.measure(View.java:18794)
05-20 15:11:37.739 17054 17054 D Error   : 	at android.view.ViewGroup.measureChildWithMargins(ViewGroup.java:5951)
05-20 15:11:37.739 17054 17054 D Error   : 	at android.widget.FrameLayout.onMeasure(FrameLayout.java:194)
05-20 15:11:37.739 17054 17054 D Error   : 	at android.view.View.measure(View.java:18794)
05-20 15:11:37.739 17054 17054 D Error   : 	at android.view.ViewGroup.measureChildWithMargins(ViewGroup.java:5951)
05-20 15:11:37.739 17054 17054 D Error   : 	at android.widget.FrameLayout.onMeasure(FrameLayout.java:194)
05-20 15:11:37.739 17054 17054 D Error   : 	at android.view.View.measure(View.java:18794)
05-20 15:11:37.739 17054 17054 D Error   : 	at android.view.ViewGroup.measureChildWithMargins(ViewGroup.java:5951)
05-20 15:11:37.739 17054 17054 D Error   : 	at android.widget.FrameLayout.onMeasure(FrameLayout.java:194)
05-20 15:11:37.739 17054 17054 D Error   : 	at com.android.internal.policy.PhoneWindow$DecorView.onMeasure(PhoneWindow.java:2643)
05-20 15:11:37.739 17054 17054 D Error   : 	at android.view.View.measure(View.java:18794)
05-20 15:11:37.739 17054 17054 D Error   : 	at android.view.ViewRootImpl.performMeasure(ViewRootImpl.java:2108)
05-20 15:11:37.739 17054 17054 D Error   : 	at android.view.ViewRootImpl.measureHierarchy(ViewRootImpl.java:1224)
05-20 15:11:37.739 17054 17054 D Error   : 	at android.view.ViewRootImpl.performTraversals(ViewRootImpl.java:1460)
05-20 15:11:37.739 17054 17054 D Error   : 	at android.view.ViewRootImpl.doTraversal(ViewRootImpl.java:1115)
05-20 15:11:37.739 17054 17054 D Error   : 	at android.view.ViewRootImpl$TraversalRunnable.run(ViewRootImpl.java:6024)
05-20 15:11:37.739 17054 17054 D Error   : 	at android.view.Choreographer$CallbackRecord.run(Choreographer.java:858)
05-20 15:11:37.739 17054 17054 D Error   : 	at android.view.Choreographer.doCallbacks(Choreographer.java:670)
05-20 15:11:37.739 17054 17054 D Error   : 	at android.view.Choreographer.doFrame(Choreographer.java:606)
05-20 15:11:37.739 17054 17054 D Error   : 	at android.view.Choreographer$FrameDisplayEventReceiver.run(Choreographer.java:844)
05-20 15:11:37.739 17054 17054 D Error   : 	at android.os.Handler.handleCallback(Handler.java:739)
05-20 15:11:37.739 17054 17054 D Error   : 	at android.os.Handler.dispatchMessage(Handler.java:95)
05-20 15:11:37.739 17054 17054 D Error   : 	at android.os.Looper.loop(Looper.java:148)
05-20 15:11:37.739 17054 17054 D Error   : 	at android.app.ActivityThread.main(ActivityThread.java:5422)
05-20 15:11:37.739 17054 17054 D Error   : 	at java.lang.reflect.Method.invoke(Native Method)
05-20 15:11:37.739 17054 17054 D Error   : 	at com.android.internal.os.ZygoteInit$MethodAndArgsCaller.run(ZygoteInit.java:726)
05-20 15:11:37.739 17054 17054 D Error   : 	at com.android.internal.os.ZygoteInit.main(ZygoteInit.java:616)
05-20 15:11:37.739 17054 17054 D Error   : # via Binder call with stack:
05-20 15:11:37.739 17054 17054 D Error   : android.os.StrictMode$LogStackTrace
05-20 15:11:37.739 17054 17054 D Error   : 	at and
05-20 15:11:37.739 17054 17054 D Error   : ERR: TOTAL BYTES WRITTEN: 22140
05-20 15:11:37.739 17054 17054 D StrictMode: Wrote violation #0 of 1: 22184 bytes
05-20 15:11:37.739 17054 17054 D MapSwipeToZoomFrag: MapContainingFragmentMap #00 onCameraChange Map now Loaded zoom is 15.0 wanted 15.0 on map:com.google.android.gms.maps.GoogleMap@683ed8a
05-20 15:11:37.759 17054 17054 D MainGridPagerAdapter: GridPagerAdapter: startUpdate Called id:2131820668 took 1ms
05-20 15:11:37.759 17054 17054 D MainGridPagerAdapter: GridPagerAdapter: finishUpdate Called id:2131820668 took 0ms
05-20 15:11:37.763 17054 17054 D MainGridPagerAdapter: GridPagerAdapter: startUpdate Called id:2131820668 took 0ms
05-20 15:11:37.763 17054 17054 D MainGridPagerAdapter: GridPagerAdapter: finishUpdate Called id:2131820668 took 0ms
05-20 15:11:38.529 17054 17093 W OpenGLRenderer: Dirty 130.00 306.00 190.00 320.00 doesn't intersect with 0 0 320 290 ?
05-20 15:11:38.542 17054 17093 W OpenGLRenderer: Dirty 130.00 306.00 190.00 320.00 doesn't intersect with 0 0 320 290 ?
05-20 15:11:38.562 17054 17093 W OpenGLRenderer: Dirty 130.00 306.00 190.00 320.00 doesn't intersect with 0 0 320 290 ?
05-20 15:11:38.581 17054 17093 W OpenGLRenderer: Dirty 130.00 306.00 190.00 320.00 doesn't intersect with 0 0 320 290 ?
05-20 15:11:38.591 17054 17093 W OpenGLRenderer: Dirty 130.00 306.00 190.00 320.00 doesn't intersect with 0 0 320 290 ?
05-20 15:11:38.611 17054 17093 W OpenGLRenderer: Dirty 130.00 306.00 190.00 320.00 doesn't intersect with 0 0 320 290 ?
05-20 15:11:38.631 17054 17093 W OpenGLRenderer: Dirty 130.00 306.00 190.00 320.00 doesn't intersect with 0 0 320 290 ?
05-20 15:11:38.649 17054 17093 W OpenGLRenderer: Dirty 130.00 306.00 190.00 320.00 doesn't intersect with 0 0 320 290 ?
05-20 15:11:38.662 17054 17093 W OpenGLRenderer: Dirty 130.00 306.00 190.00 320.00 doesn't intersect with 0 0 320 290 ?
05-20 15:11:38.682 17054 17093 W OpenGLRenderer: Dirty 130.00 306.00 190.00 320.00 doesn't intersect with 0 0 320 290 ?
05-20 15:11:38.711 17054 17093 W OpenGLRenderer: Dirty 130.00 306.00 190.00 320.00 doesn't intersect with 0 0 320 290 ?
05-20 15:11:38.732 17054 17093 W OpenGLRenderer: Dirty 130.00 306.00 190.00 320.00 doesn't intersect with 0 0 320 290 ?
05-20 15:11:38.761 17054 17093 W OpenGLRenderer: Dirty 130.00 306.00 190.00 320.00 doesn't intersect with 0 0 320 290 ?
05-20 15:11:39.075 17054 17147 W DynamiteModule: Local module descriptor class for com.google.android.gms.googlecertificates not found.
05-20 15:11:39.075 17054 17147 W DynamiteModule: Failed to load module via V2: java.lang.ClassNotFoundException: Didn't find class "com.google.android.gms.dynamite.DynamiteModule$DynamiteLoaderClassLoader" on path: DexPathList[[zip file "/system/framework/com.google.android.wearable.jar", zip file "/data/app/uk.me.ponies.wearroutes-1/base.apk", zip file "/data/app/uk.me.ponies.wearroutes-1/split_lib_dependencies_apk.apk", zip file "/data/app/uk.me.ponies.wearroutes-1/split_lib_slice_0_apk.apk", zip file "/data/app/uk.me.ponies.wearroutes-1/split_lib_slice_1_apk.apk", zip file "/data/app/uk.me.ponies.wearroutes-1/split_lib_slice_2_apk.apk", zip file "/data/app/uk.me.ponies.wearroutes-1/split_lib_slice_3_apk.apk", zip file "/data/app/uk.me.ponies.wearroutes-1/split_lib_slice_4_apk.apk", zip file "/data/app/uk.me.ponies.wearroutes-1/split_lib_slice_5_apk.apk", zip file "/data/app/uk.me.ponies.wearroutes-1/split_lib_slice_6_apk.apk", zip file "/data/app/uk.me.ponies.wearroutes-1/split_lib_slice_7_apk.apk", zip file "/data/app/uk.me.ponies.wearroutes-1/split_lib_slice_8_apk.apk", zip file "/data/app/uk.me.ponies.wearroutes-1/split_lib_slice_9_apk.apk"],nativeLibraryDirectories=[/data/app/uk.me.ponies.wearroutes-1/lib/x86, /vendor/lib, /system/lib]]
05-20 15:11:39.076 17054 17147 I DynamiteModule: Considering local module com.google.android.gms.googlecertificates:0 and remote module com.google.android.gms.googlecertificates:3
05-20 15:11:39.076 17054 17147 I DynamiteModule: Selected remote version of com.google.android.gms.googlecertificates, version >= 3
05-20 15:11:39.078 17054 17147 W System  : ClassLoader referenced unknown path: /data/data/com.google.android.gms/app_chimera/m/00000009/n/x86
05-20 15:11:41.076 17054 17054 D LocationHandler: Good location received Location[fused 54.189325,-2.288565 acc=47 et=+27m47s812ms alt=0.0 vel=13.89 bear=21.0 mock {Bundle[mParcelledData.dataSize=44]}] from LocationHandler
05-20 15:11:41.076 17054 17054 D Error   : ERR: exClass=android.os.StrictMode$StrictModeCustomViolation
05-20 15:11:41.076 17054 17054 D Error   : ERR: exMsg=policy=4325404 violation=8 msg=gcore.dynamite
05-20 15:11:41.076 17054 17054 D Error   : ERR: file=StrictMode.java
05-20 15:11:41.076 17054 17054 D Error   : ERR: class=android.os.StrictMode$AndroidBlockGuardPolicy
05-20 15:11:41.076 17054 17054 D Error   : ERR: method=onCustomSlowCall line=1236
05-20 15:11:41.076 17054 17054 D Error   : ERR: stack=android.os.StrictMode$StrictModeCustomViolation: policy=4325404 violation=8 msg=gcore.dynamite
05-20 15:11:41.076 17054 17054 D Error   : 	at android.os.StrictMode$AndroidBlockGuardPolicy.onCustomSlowCall(StrictMode.java:1236)
05-20 15:11:41.076 17054 17054 D Error   : 	at android.os.StrictMode.noteSlowCall(StrictMode.java:2136)
05-20 15:11:41.076 17054 17054 D Error   : 	at ffk.a(:com.google.android.gms:0)
05-20 15:11:41.076 17054 17054 D Error   : 	at dgs.a(:com.google.android.gms:2)
05-20 15:11:41.076 17054 17054 D Error   : 	at com.google.android.gms.maps.internal.CreatorImpl.a(:com.google.android.gms:4)
05-20 15:11:41.076 17054 17054 D Error   : 	at com.google.android.gms.maps.internal.CreatorImpl.newMapFragmentDelegate(:com.google.android.gms:0)
05-20 15:11:41.076 17054 17054 D Error   : 	at igj.onTransact(:com.google.android.gms:13)
05-20 15:11:41.076 17054 17054 D Error   : 	at android.os.Binder.transact(Binder.java:387)
05-20 15:11:41.076 17054 17054 D Error   : 	at com.google.android.gms.maps.internal.zzc$zza$zza.zzag(Unknown Source)
05-20 15:11:41.076 17054 17054 D Error   : 	at com.google.android.gms.maps.MapFragment$zzb.zzbow(Unknown Source)
05-20 15:11:41.076 17054 17054 D Error   : 	at com.google.android.gms.maps.MapFragment$zzb.zza(Unknown Source)
05-20 15:11:41.076 17054 17054 D Error   : 	at com.google.android.gms.dynamic.zza.zza(Unknown Source)
05-20 15:11:41.076 17054 17054 D Error   : 	at com.google.android.gms.dynamic.zza.onCreate(Unknown Source)
05-20 15:11:41.076 17054 17054 D Error   : 	at com.google.android.gms.maps.MapFragment.onCreate(Unknown Source)
05-20 15:11:41.076 17054 17054 D Error   : 	at android.app.Fragment.performCreate(Fragment.java:2198)
05-20 15:11:41.076 17054 17054 D Error   : 	at android.app.FragmentManagerImpl.moveToState(FragmentManager.java:942)
05-20 15:11:41.076 17054 17054 D Error   : 	at android.app.FragmentManagerImpl.moveToState(FragmentManager.java:1148)
05-20 15:11:41.076 17054 17054 D Error   : 	at android.app.BackStackRecord.run(BackStackRecord.java:793)
05-20 15:11:41.076 17054 17054 D Error   : 	at android.app.FragmentManagerImpl.execPendingActions(FragmentManager.java:1535)
05-20 15:11:41.076 17054 17054 D Error   : 	at android.app.Fragment.performStart(Fragment.java:2241)
05-20 15:11:41.076 17054 17054 D Error   : 	at android.app.FragmentManagerImpl.moveToState(FragmentManager.java:1002)
05-20 15:11:41.076 17054 17054 D Error   : 	at android.app.FragmentManagerImpl.moveToState(FragmentManager.java:1148)
05-20 15:11:41.076 17054 17054 D Error   : 	at android.app.BackStackRecord.run(BackStackRecord.java:793)
05-20 15:11:41.076 17054 17054 D Error   : 	at android.app.FragmentManagerImpl.execPendingActions(FragmentManager.java:1535)
05-20 15:11:41.076 17054 17054 D Error   : 	at android.app.FragmentManagerImpl.executePendingTransactions(FragmentManager.java:562)
05-20 15:11:41.076 17054 17054 D Error   : 	at android.support.wearable.view.FragmentGridPagerAdapter.finishUpdate(FragmentGridPagerAdapter.java:220)
05-20 15:11:41.076 17054 17054 D Error   : 	at uk.me.ponies.wearroutes.MainGridPagerAdapter.finishUpdate(MainGridPagerAdapter.java:329)
05-20 15:11:41.076 17054 17054 D Error   : 	at android.support.wearable.view.GridViewPager.populate(GridViewPager.java:1182)
05-20 15:11:41.076 17054 17054 D Error   : 	at android.support.wearable.view.GridViewPager.populate(GridViewPager.java:1038)
05-20 15:11:41.076 17054 17054 D Error   : 	at android.support.wearable.view.GridViewPager.onMeasure(GridViewPager.java:1343)
05-20 15:11:41.076 17054 17054 D Error   : 	at android.view.View.measure(View.java:18794)
05-20 15:11:41.076 17054 17054 D Error   : 	at android.view.ViewGroup.measureChildWithMargins(ViewGroup.java:5951)
05-20 15:11:41.076 17054 17054 D Error   : 	at android.widget.FrameLayout.onMeasure(FrameLayout.java:194)
05-20 15:11:41.076 17054 17054 D Error   : 	at android.view.View.measure(View.java:18794)
05-20 15:11:41.076 17054 17054 D Error   : 	at android.view.ViewGroup.measureChildWithMargins(ViewGroup.java:5951)
05-20 15:11:41.076 17054 17054 D Error   : 	at android.widget.FrameLayout.onMeasure(FrameLayout.java:194)
05-20 15:11:41.076 17054 17054 D Error   : 	at android.view.View.measure(View.java:18794)
05-20 15:11:41.076 17054 17054 D Error   : 	at android.view.ViewGroup.measureChildWithMargins(ViewGroup.java:5951)
05-20 15:11:41.076 17054 17054 D Error   : 	at android.widget.FrameLayout.onMeasure(FrameLayout.java:194)
05-20 15:11:41.076 17054 17054 D Error   : 	at com.android.internal.policy.PhoneWindow$DecorView.onMeasure(PhoneWindow.java:2643)
05-20 15:11:41.076 17054 17054 D Error   : 	at android.view.View.measure(View.java:18794)
05-20 15:11:41.076 17054 17054 D Error   : 	at android.view.ViewRootImpl.performMeasure(ViewRootImpl.java:2108)
05-20 15:11:41.076 17054 17054 D Error   : 	at android.view.ViewRootImpl.measureHierarchy(ViewRootImpl.java:1224)
05-20 15:11:41.076 17054 17054 D Error   : 	at android.view.ViewRootImpl.performTraversals(ViewRootImpl.java:1460)
05-20 15:11:41.076 17054 17054 D Error   : 	at android.view.ViewRootImpl.doTraversal(ViewRootImpl.java:1115)
05-20 15:11:41.076 17054 17054 D Error   : 	at android.view.ViewRootImpl$TraversalRunnable.run(ViewRootImpl.java:6024)
05-20 15:11:41.076 17054 17054 D Error   : 	at android.view.Choreographer$CallbackRecord.run(Choreographer.java:858)
05-20 15:11:41.076 17054 17054 D Error   : 	at android.view.Choreographer.doCallbacks(Choreographer.java:670)
05-20 15:11:41.076 17054 17054 D Error   : 	at android.view.Choreographer.doFrame(Choreographer.java:606)
05-20 15:11:41.076 17054 17054 D Error   : 	at android.view.Choreographer$FrameDisplayEventReceiver.run(Choreographer.java:844)
05-20 15:11:41.076 17054 17054 D Error   : 	at android.os.Handler.handleCallback(Handler.java:739)
05-20 15:11:41.076 17054 17054 D Error   : 	at android.os.Handler.dispatchMessage(Handler.java:95)
05-20 15:11:41.076 17054 17054 D Error   : 	at android.os.Looper.loop(Looper.java:148)
05-20 15:11:41.076 17054 17054 D Error   : 	at android.app.ActivityThread.main(ActivityThread.java:5422)
05-20 15:11:41.076 17054 17054 D Error   : 	at java.lang.reflect.Method.invoke(Native Method)
05-20 15:11:41.076 17054 17054 D Error   : 	at com.android.internal.os.ZygoteInit$MethodAndArgsCaller.run(ZygoteInit.java:726)
05-20 15:11:41.076 17054 17054 D Error   : 	at com.android.internal.os.ZygoteInit.main(ZygoteInit.java:616)
05-20 15:11:41.076 17054 17054 D Error   : # via Binder call with stack:
05-20 15:11:41.076 17054 17054 D Error   : android.os.StrictMode$LogStackTrace
05-20 15:11:41.076 17054 17054 D Error   : 	at and
05-20 15:11:41.076 17054 17054 D Error   : ERR: TOTAL BYTES WRITTEN: 24812
05-20 15:11:41.076 17054 17054 D StrictMode: Wrote violation #0 of 1: 24856 bytes
05-20 15:11:41.081 17054 17054 D BearingSectorizer: clamped to :15.0 from:21.0
