--------- beginning of main
05-20 14:36:57.947 27285 27285 I art     : Not late-enabling -Xcheck:jni (already on)
05-20 14:36:58.023 27299 27299 W dex2oat : Unexpected CPU variant for X86 using defaults: x86
05-20 14:36:58.023 27299 27299 W dex2oat : Mismatch between dex2oat instruction set features (ISA: X86 Feature string: smp,-ssse3,-sse4.1,-sse4.2,-avx,-avx2) and those of dex2oat executable (ISA: X86 Feature string: smp,ssse3,-sse4.1,-sse4.2,-avx,-avx2) for the command line:
05-20 14:36:58.024 27299 27299 W dex2oat : /system/bin/dex2oat --runtime-arg -classpath --runtime-arg  --instruction-set=x86 --instruction-set-features=smp,ssse3,-sse4.1,-sse4.2,-avx,-avx2 --runtime-arg -Xrelocate --boot-image=/system/framework/boot.art --runtime-arg -Xms64m --runtime-arg -Xmx512m -j1 --instruction-set-variant=x86 --instruction-set-features=default --dex-file=/data/app/uk.me.ponies.wearroutes-1/split_lib_dependencies_apk.apk --oat-file=/data/dalvik-cache/x86/data@app@uk.me.ponies.wearroutes-1@split_lib_dependencies_apk.apk@classes.dex
05-20 14:36:58.024 27299 27299 E dex2oat : Failed to create oat file: /data/dalvik-cache/x86/data@app@uk.me.ponies.wearroutes-1@split_lib_dependencies_apk.apk@classes.dex: Permission denied
05-20 14:36:58.024 27299 27299 I dex2oat : dex2oat took 1.052ms (threads: 1) 
05-20 14:36:58.024 27285 27285 W art     : Failed execv(/system/bin/dex2oat --runtime-arg -classpath --runtime-arg  --instruction-set=x86 --instruction-set-features=smp,ssse3,-sse4.1,-sse4.2,-avx,-avx2 --runtime-arg -Xrelocate --boot-image=/system/framework/boot.art --runtime-arg -Xms64m --runtime-arg -Xmx512m -j1 --instruction-set-variant=x86 --instruction-set-features=default --dex-file=/data/app/uk.me.ponies.wearroutes-1/split_lib_dependencies_apk.apk --oat-file=/data/dalvik-cache/x86/data@app@uk.me.ponies.wearroutes-1@split_lib_dependencies_apk.apk@classes.dex) because non-0 exit status
05-20 14:36:58.196 27309 27309 W dex2oat : Unexpected CPU variant for X86 using defaults: x86
05-20 14:36:58.196 27309 27309 W dex2oat : Mismatch between dex2oat instruction set features (ISA: X86 Feature string: smp,-ssse3,-sse4.1,-sse4.2,-avx,-avx2) and those of dex2oat executable (ISA: X86 Feature string: smp,ssse3,-sse4.1,-sse4.2,-avx,-avx2) for the command line:
05-20 14:36:58.196 27309 27309 W dex2oat : /system/bin/dex2oat --runtime-arg -classpath --runtime-arg  --instruction-set=x86 --instruction-set-features=smp,ssse3,-sse4.1,-sse4.2,-avx,-avx2 --runtime-arg -Xrelocate --boot-image=/system/framework/boot.art --runtime-arg -Xms64m --runtime-arg -Xmx512m -j1 --instruction-set-variant=x86 --instruction-set-features=default --dex-file=/data/app/uk.me.ponies.wearroutes-1/split_lib_slice_0_apk.apk --oat-file=/data/dalvik-cache/x86/data@app@uk.me.ponies.wearroutes-1@split_lib_slice_0_apk.apk@classes.dex
05-20 14:36:58.196 27309 27309 E dex2oat : Failed to create oat file: /data/dalvik-cache/x86/data@app@uk.me.ponies.wearroutes-1@split_lib_slice_0_apk.apk@classes.dex: Permission denied
05-20 14:36:58.196 27309 27309 I dex2oat : dex2oat took 456.763us (threads: 1) 
05-20 14:36:58.197 27285 27285 W art     : Failed execv(/system/bin/dex2oat --runtime-arg -classpath --runtime-arg  --instruction-set=x86 --instruction-set-features=smp,ssse3,-sse4.1,-sse4.2,-avx,-avx2 --runtime-arg -Xrelocate --boot-image=/system/framework/boot.art --runtime-arg -Xms64m --runtime-arg -Xmx512m -j1 --instruction-set-variant=x86 --instruction-set-features=default --dex-file=/data/app/uk.me.ponies.wearroutes-1/split_lib_slice_0_apk.apk --oat-file=/data/dalvik-cache/x86/data@app@uk.me.ponies.wearroutes-1@split_lib_slice_0_apk.apk@classes.dex) because non-0 exit status
05-20 14:36:58.212 27313 27313 W dex2oat : Unexpected CPU variant for X86 using defaults: x86
05-20 14:36:58.213 27313 27313 W dex2oat : Mismatch between dex2oat instruction set features (ISA: X86 Feature string: smp,-ssse3,-sse4.1,-sse4.2,-avx,-avx2) and those of dex2oat executable (ISA: X86 Feature string: smp,ssse3,-sse4.1,-sse4.2,-avx,-avx2) for the command line:
05-20 14:36:58.213 27313 27313 W dex2oat : /system/bin/dex2oat --runtime-arg -classpath --runtime-arg  --instruction-set=x86 --instruction-set-features=smp,ssse3,-sse4.1,-sse4.2,-avx,-avx2 --runtime-arg -Xrelocate --boot-image=/system/framework/boot.art --runtime-arg -Xms64m --runtime-arg -Xmx512m -j1 --instruction-set-variant=x86 --instruction-set-features=default --dex-file=/data/app/uk.me.ponies.wearroutes-1/split_lib_slice_1_apk.apk --oat-file=/data/dalvik-cache/x86/data@app@uk.me.ponies.wearroutes-1@split_lib_slice_1_apk.apk@classes.dex
05-20 14:36:58.213 27313 27313 E dex2oat : Failed to create oat file: /data/dalvik-cache/x86/data@app@uk.me.ponies.wearroutes-1@split_lib_slice_1_apk.apk@classes.dex: Permission denied
05-20 14:36:58.213 27313 27313 I dex2oat : dex2oat took 455.921us (threads: 1) 
05-20 14:36:58.213 27285 27285 W art     : Failed execv(/system/bin/dex2oat --runtime-arg -classpath --runtime-arg  --instruction-set=x86 --instruction-set-features=smp,ssse3,-sse4.1,-sse4.2,-avx,-avx2 --runtime-arg -Xrelocate --boot-image=/system/framework/boot.art --runtime-arg -Xms64m --runtime-arg -Xmx512m -j1 --instruction-set-variant=x86 --instruction-set-features=default --dex-file=/data/app/uk.me.ponies.wearroutes-1/split_lib_slice_1_apk.apk --oat-file=/data/dalvik-cache/x86/data@app@uk.me.ponies.wearroutes-1@split_lib_slice_1_apk.apk@classes.dex) because non-0 exit status
05-20 14:36:58.222 27315 27315 W dex2oat : Unexpected CPU variant for X86 using defaults: x86
05-20 14:36:58.222 27315 27315 W dex2oat : Mismatch between dex2oat instruction set features (ISA: X86 Feature string: smp,-ssse3,-sse4.1,-sse4.2,-avx,-avx2) and those of dex2oat executable (ISA: X86 Feature string: smp,ssse3,-sse4.1,-sse4.2,-avx,-avx2) for the command line:
05-20 14:36:58.222 27315 27315 W dex2oat : /system/bin/dex2oat --runtime-arg -classpath --runtime-arg  --instruction-set=x86 --instruction-set-features=smp,ssse3,-sse4.1,-sse4.2,-avx,-avx2 --runtime-arg -Xrelocate --boot-image=/system/framework/boot.art --runtime-arg -Xms64m --runtime-arg -Xmx512m -j1 --instruction-set-variant=x86 --instruction-set-features=default --dex-file=/data/app/uk.me.ponies.wearroutes-1/split_lib_slice_2_apk.apk --oat-file=/data/dalvik-cache/x86/data@app@uk.me.ponies.wearroutes-1@split_lib_slice_2_apk.apk@classes.dex
05-20 14:36:58.222 27315 27315 E dex2oat : Failed to create oat file: /data/dalvik-cache/x86/data@app@uk.me.ponies.wearroutes-1@split_lib_slice_2_apk.apk@classes.dex: Permission denied
05-20 14:36:58.222 27315 27315 I dex2oat : dex2oat took 575.773us (threads: 1) 
05-20 14:36:58.223 27285 27285 W art     : Failed execv(/system/bin/dex2oat --runtime-arg -classpath --runtime-arg  --instruction-set=x86 --instruction-set-features=smp,ssse3,-sse4.1,-sse4.2,-avx,-avx2 --runtime-arg -Xrelocate --boot-image=/system/framework/boot.art --runtime-arg -Xms64m --runtime-arg -Xmx512m -j1 --instruction-set-variant=x86 --instruction-set-features=default --dex-file=/data/app/uk.me.ponies.wearroutes-1/split_lib_slice_2_apk.apk --oat-file=/data/dalvik-cache/x86/data@app@uk.me.ponies.wearroutes-1@split_lib_slice_2_apk.apk@classes.dex) because non-0 exit status
05-20 14:36:58.298 27317 27317 W dex2oat : Unexpected CPU variant for X86 using defaults: x86
05-20 14:36:58.298 27317 27317 W dex2oat : Mismatch between dex2oat instruction set features (ISA: X86 Feature string: smp,-ssse3,-sse4.1,-sse4.2,-avx,-avx2) and those of dex2oat executable (ISA: X86 Feature string: smp,ssse3,-sse4.1,-sse4.2,-avx,-avx2) for the command line:
05-20 14:36:58.298 27317 27317 W dex2oat : /system/bin/dex2oat --runtime-arg -classpath --runtime-arg  --instruction-set=x86 --instruction-set-features=smp,ssse3,-sse4.1,-sse4.2,-avx,-avx2 --runtime-arg -Xrelocate --boot-image=/system/framework/boot.art --runtime-arg -Xms64m --runtime-arg -Xmx512m -j1 --instruction-set-variant=x86 --instruction-set-features=default --dex-file=/data/app/uk.me.ponies.wearroutes-1/split_lib_slice_3_apk.apk --oat-file=/data/dalvik-cache/x86/data@app@uk.me.ponies.wearroutes-1@split_lib_slice_3_apk.apk@classes.dex
05-20 14:36:58.299 27317 27317 E dex2oat : Failed to create oat file: /data/dalvik-cache/x86/data@app@uk.me.ponies.wearroutes-1@split_lib_slice_3_apk.apk@classes.dex: Permission denied
05-20 14:36:58.299 27317 27317 I dex2oat : dex2oat took 468.496us (threads: 1) 
05-20 14:36:58.299 27285 27285 W art     : Failed execv(/system/bin/dex2oat --runtime-arg -classpath --runtime-arg  --instruction-set=x86 --instruction-set-features=smp,ssse3,-sse4.1,-sse4.2,-avx,-avx2 --runtime-arg -Xrelocate --boot-image=/system/framework/boot.art --runtime-arg -Xms64m --runtime-arg -Xmx512m -j1 --instruction-set-variant=x86 --instruction-set-features=default --dex-file=/data/app/uk.me.ponies.wearroutes-1/split_lib_slice_3_apk.apk --oat-file=/data/dalvik-cache/x86/data@app@uk.me.ponies.wearroutes-1@split_lib_slice_3_apk.apk@classes.dex) because non-0 exit status
05-20 14:36:58.390 27320 27320 W dex2oat : Unexpected CPU variant for X86 using defaults: x86
05-20 14:36:58.390 27320 27320 W dex2oat : Mismatch between dex2oat instruction set features (ISA: X86 Feature string: smp,-ssse3,-sse4.1,-sse4.2,-avx,-avx2) and those of dex2oat executable (ISA: X86 Feature string: smp,ssse3,-sse4.1,-sse4.2,-avx,-avx2) for the command line:
05-20 14:36:58.390 27320 27320 W dex2oat : /system/bin/dex2oat --runtime-arg -classpath --runtime-arg  --instruction-set=x86 --instruction-set-features=smp,ssse3,-sse4.1,-sse4.2,-avx,-avx2 --runtime-arg -Xrelocate --boot-image=/system/framework/boot.art --runtime-arg -Xms64m --runtime-arg -Xmx512m -j1 --instruction-set-variant=x86 --instruction-set-features=default --dex-file=/data/app/uk.me.ponies.wearroutes-1/split_lib_slice_4_apk.apk --oat-file=/data/dalvik-cache/x86/data@app@uk.me.ponies.wearroutes-1@split_lib_slice_4_apk.apk@classes.dex
05-20 14:36:58.390 27320 27320 E dex2oat : Failed to create oat file: /data/dalvik-cache/x86/data@app@uk.me.ponies.wearroutes-1@split_lib_slice_4_apk.apk@classes.dex: Permission denied
05-20 14:36:58.391 27320 27320 I dex2oat : dex2oat took 453.410us (threads: 1) 
05-20 14:36:58.391 27285 27285 W art     : Failed execv(/system/bin/dex2oat --runtime-arg -classpath --runtime-arg  --instruction-set=x86 --instruction-set-features=smp,ssse3,-sse4.1,-sse4.2,-avx,-avx2 --runtime-arg -Xrelocate --boot-image=/system/framework/boot.art --runtime-arg -Xms64m --runtime-arg -Xmx512m -j1 --instruction-set-variant=x86 --instruction-set-features=default --dex-file=/data/app/uk.me.ponies.wearroutes-1/split_lib_slice_4_apk.apk --oat-file=/data/dalvik-cache/x86/data@app@uk.me.ponies.wearroutes-1@split_lib_slice_4_apk.apk@classes.dex) because non-0 exit status
05-20 14:36:58.444 27336 27336 W dex2oat : Unexpected CPU variant for X86 using defaults: x86
05-20 14:36:58.444 27336 27336 W dex2oat : Mismatch between dex2oat instruction set features (ISA: X86 Feature string: smp,-ssse3,-sse4.1,-sse4.2,-avx,-avx2) and those of dex2oat executable (ISA: X86 Feature string: smp,ssse3,-sse4.1,-sse4.2,-avx,-avx2) for the command line:
05-20 14:36:58.444 27336 27336 W dex2oat : /system/bin/dex2oat --runtime-arg -classpath --runtime-arg  --instruction-set=x86 --instruction-set-features=smp,ssse3,-sse4.1,-sse4.2,-avx,-avx2 --runtime-arg -Xrelocate --boot-image=/system/framework/boot.art --runtime-arg -Xms64m --runtime-arg -Xmx512m -j1 --instruction-set-variant=x86 --instruction-set-features=default --dex-file=/data/app/uk.me.ponies.wearroutes-1/split_lib_slice_5_apk.apk --oat-file=/data/dalvik-cache/x86/data@app@uk.me.ponies.wearroutes-1@split_lib_slice_5_apk.apk@classes.dex
05-20 14:36:58.444 27336 27336 E dex2oat : Failed to create oat file: /data/dalvik-cache/x86/data@app@uk.me.ponies.wearroutes-1@split_lib_slice_5_apk.apk@classes.dex: Permission denied
05-20 14:36:58.444 27336 27336 I dex2oat : dex2oat took 433.297us (threads: 1) 
05-20 14:36:58.445 27285 27285 W art     : Failed execv(/system/bin/dex2oat --runtime-arg -classpath --runtime-arg  --instruction-set=x86 --instruction-set-features=smp,ssse3,-sse4.1,-sse4.2,-avx,-avx2 --runtime-arg -Xrelocate --boot-image=/system/framework/boot.art --runtime-arg -Xms64m --runtime-arg -Xmx512m -j1 --instruction-set-variant=x86 --instruction-set-features=default --dex-file=/data/app/uk.me.ponies.wearroutes-1/split_lib_slice_5_apk.apk --oat-file=/data/dalvik-cache/x86/data@app@uk.me.ponies.wearroutes-1@split_lib_slice_5_apk.apk@classes.dex) because non-0 exit status
05-20 14:36:58.453 27338 27338 W dex2oat : Unexpected CPU variant for X86 using defaults: x86
05-20 14:36:58.454 27338 27338 W dex2oat : Mismatch between dex2oat instruction set features (ISA: X86 Feature string: smp,-ssse3,-sse4.1,-sse4.2,-avx,-avx2) and those of dex2oat executable (ISA: X86 Feature string: smp,ssse3,-sse4.1,-sse4.2,-avx,-avx2) for the command line:
05-20 14:36:58.454 27338 27338 W dex2oat : /system/bin/dex2oat --runtime-arg -classpath --runtime-arg  --instruction-set=x86 --instruction-set-features=smp,ssse3,-sse4.1,-sse4.2,-avx,-avx2 --runtime-arg -Xrelocate --boot-image=/system/framework/boot.art --runtime-arg -Xms64m --runtime-arg -Xmx512m -j1 --instruction-set-variant=x86 --instruction-set-features=default --dex-file=/data/app/uk.me.ponies.wearroutes-1/split_lib_slice_6_apk.apk --oat-file=/data/dalvik-cache/x86/data@app@uk.me.ponies.wearroutes-1@split_lib_slice_6_apk.apk@classes.dex
05-20 14:36:58.454 27338 27338 E dex2oat : Failed to create oat file: /data/dalvik-cache/x86/data@app@uk.me.ponies.wearroutes-1@split_lib_slice_6_apk.apk@classes.dex: Permission denied
05-20 14:36:58.454 27338 27338 I dex2oat : dex2oat took 434.131us (threads: 1) 
05-20 14:36:58.454 27285 27285 W art     : Failed execv(/system/bin/dex2oat --runtime-arg -classpath --runtime-arg  --instruction-set=x86 --instruction-set-features=smp,ssse3,-sse4.1,-sse4.2,-avx,-avx2 --runtime-arg -Xrelocate --boot-image=/system/framework/boot.art --runtime-arg -Xms64m --runtime-arg -Xmx512m -j1 --instruction-set-variant=x86 --instruction-set-features=default --dex-file=/data/app/uk.me.ponies.wearroutes-1/split_lib_slice_6_apk.apk --oat-file=/data/dalvik-cache/x86/data@app@uk.me.ponies.wearroutes-1@split_lib_slice_6_apk.apk@classes.dex) because non-0 exit status
05-20 14:36:58.484 27340 27340 W dex2oat : Unexpected CPU variant for X86 using defaults: x86
05-20 14:36:58.484 27340 27340 W dex2oat : Mismatch between dex2oat instruction set features (ISA: X86 Feature string: smp,-ssse3,-sse4.1,-sse4.2,-avx,-avx2) and those of dex2oat executable (ISA: X86 Feature string: smp,ssse3,-sse4.1,-sse4.2,-avx,-avx2) for the command line:
05-20 14:36:58.484 27340 27340 W dex2oat : /system/bin/dex2oat --runtime-arg -classpath --runtime-arg  --instruction-set=x86 --instruction-set-features=smp,ssse3,-sse4.1,-sse4.2,-avx,-avx2 --runtime-arg -Xrelocate --boot-image=/system/framework/boot.art --runtime-arg -Xms64m --runtime-arg -Xmx512m -j1 --instruction-set-variant=x86 --instruction-set-features=default --dex-file=/data/app/uk.me.ponies.wearroutes-1/split_lib_slice_7_apk.apk --oat-file=/data/dalvik-cache/x86/data@app@uk.me.ponies.wearroutes-1@split_lib_slice_7_apk.apk@classes.dex
05-20 14:36:58.484 27340 27340 E dex2oat : Failed to create oat file: /data/dalvik-cache/x86/data@app@uk.me.ponies.wearroutes-1@split_lib_slice_7_apk.apk@classes.dex: Permission denied
05-20 14:36:58.484 27340 27340 I dex2oat : dex2oat took 457.602us (threads: 1) 
05-20 14:36:58.486 27285 27285 W art     : Failed execv(/system/bin/dex2oat --runtime-arg -classpath --runtime-arg  --instruction-set=x86 --instruction-set-features=smp,ssse3,-sse4.1,-sse4.2,-avx,-avx2 --runtime-arg -Xrelocate --boot-image=/system/framework/boot.art --runtime-arg -Xms64m --runtime-arg -Xmx512m -j1 --instruction-set-variant=x86 --instruction-set-features=default --dex-file=/data/app/uk.me.ponies.wearroutes-1/split_lib_slice_7_apk.apk --oat-file=/data/dalvik-cache/x86/data@app@uk.me.ponies.wearroutes-1@split_lib_slice_7_apk.apk@classes.dex) because non-0 exit status
05-20 14:36:58.501 27342 27342 W dex2oat : Unexpected CPU variant for X86 using defaults: x86
05-20 14:36:58.501 27342 27342 W dex2oat : Mismatch between dex2oat instruction set features (ISA: X86 Feature string: smp,-ssse3,-sse4.1,-sse4.2,-avx,-avx2) and those of dex2oat executable (ISA: X86 Feature string: smp,ssse3,-sse4.1,-sse4.2,-avx,-avx2) for the command line:
05-20 14:36:58.501 27342 27342 W dex2oat : /system/bin/dex2oat --runtime-arg -classpath --runtime-arg  --instruction-set=x86 --instruction-set-features=smp,ssse3,-sse4.1,-sse4.2,-avx,-avx2 --runtime-arg -Xrelocate --boot-image=/system/framework/boot.art --runtime-arg -Xms64m --runtime-arg -Xmx512m -j1 --instruction-set-variant=x86 --instruction-set-features=default --dex-file=/data/app/uk.me.ponies.wearroutes-1/split_lib_slice_8_apk.apk --oat-file=/data/dalvik-cache/x86/data@app@uk.me.ponies.wearroutes-1@split_lib_slice_8_apk.apk@classes.dex
05-20 14:36:58.501 27342 27342 E dex2oat : Failed to create oat file: /data/dalvik-cache/x86/data@app@uk.me.ponies.wearroutes-1@split_lib_slice_8_apk.apk@classes.dex: Permission denied
05-20 14:36:58.502 27342 27342 I dex2oat : dex2oat took 437.483us (threads: 1) 
05-20 14:36:58.502 27285 27285 W art     : Failed execv(/system/bin/dex2oat --runtime-arg -classpath --runtime-arg  --instruction-set=x86 --instruction-set-features=smp,ssse3,-sse4.1,-sse4.2,-avx,-avx2 --runtime-arg -Xrelocate --boot-image=/system/framework/boot.art --runtime-arg -Xms64m --runtime-arg -Xmx512m -j1 --instruction-set-variant=x86 --instruction-set-features=default --dex-file=/data/app/uk.me.ponies.wearroutes-1/split_lib_slice_8_apk.apk --oat-file=/data/dalvik-cache/x86/data@app@uk.me.ponies.wearroutes-1@split_lib_slice_8_apk.apk@classes.dex) because non-0 exit status
05-20 14:36:58.513 27344 27344 W dex2oat : Unexpected CPU variant for X86 using defaults: x86
05-20 14:36:58.513 27344 27344 W dex2oat : Mismatch between dex2oat instruction set features (ISA: X86 Feature string: smp,-ssse3,-sse4.1,-sse4.2,-avx,-avx2) and those of dex2oat executable (ISA: X86 Feature string: smp,ssse3,-sse4.1,-sse4.2,-avx,-avx2) for the command line:
05-20 14:36:58.513 27344 27344 W dex2oat : /system/bin/dex2oat --runtime-arg -classpath --runtime-arg  --instruction-set=x86 --instruction-set-features=smp,ssse3,-sse4.1,-sse4.2,-avx,-avx2 --runtime-arg -Xrelocate --boot-image=/system/framework/boot.art --runtime-arg -Xms64m --runtime-arg -Xmx512m -j1 --instruction-set-variant=x86 --instruction-set-features=default --dex-file=/data/app/uk.me.ponies.wearroutes-1/split_lib_slice_9_apk.apk --oat-file=/data/dalvik-cache/x86/data@app@uk.me.ponies.wearroutes-1@split_lib_slice_9_apk.apk@classes.dex
05-20 14:36:58.513 27344 27344 E dex2oat : Failed to create oat file: /data/dalvik-cache/x86/data@app@uk.me.ponies.wearroutes-1@split_lib_slice_9_apk.apk@classes.dex: Permission denied
05-20 14:36:58.513 27344 27344 I dex2oat : dex2oat took 426.592us (threads: 1) 
05-20 14:36:58.514 27285 27285 W art     : Failed execv(/system/bin/dex2oat --runtime-arg -classpath --runtime-arg  --instruction-set=x86 --instruction-set-features=smp,ssse3,-sse4.1,-sse4.2,-avx,-avx2 --runtime-arg -Xrelocate --boot-image=/system/framework/boot.art --runtime-arg -Xms64m --runtime-arg -Xmx512m -j1 --instruction-set-variant=x86 --instruction-set-features=default --dex-file=/data/app/uk.me.ponies.wearroutes-1/split_lib_slice_9_apk.apk --oat-file=/data/dalvik-cache/x86/data@app@uk.me.ponies.wearroutes-1@split_lib_slice_9_apk.apk@classes.dex) because non-0 exit status
05-20 14:36:58.517 27285 27285 W System  : ClassLoader referenced unknown path: /data/app/uk.me.ponies.wearroutes-1/lib/x86
05-20 14:36:58.520 27285 27285 I InstantRun: starting instant run server: is main process
05-20 14:36:58.553 27285 27285 I UnexpectedExceptionHandler: registering unexpectedException Hander on threadmain
05-20 14:36:58.556 27285 27285 E MainWearActivity: onCreate called savedinstanceState is null:true
05-20 14:36:58.561 27285 27285 D ActivityLifeCycleLogger: uk.me.ponies.wearroutes.MainWearActivity@2bf054b onActivityCreated called
05-20 14:36:58.702 27285 27285 D EventBus: No subscribers registered for event class uk.me.ponies.wearroutes.eventBusEvents.LocationPollingStateEvent
05-20 14:36:58.702 27285 27285 D EventBus: No subscribers registered for event class org.greenrobot.eventbus.NoSubscriberEvent
05-20 14:36:58.799 27285 27285 D EventBus: No subscribers registered for event class uk.me.ponies.wearroutes.eventBusEvents.LocationPollingStateEvent
05-20 14:36:58.800 27285 27285 D EventBus: No subscribers registered for event class org.greenrobot.eventbus.NoSubscriberEvent
05-20 14:36:58.803 27285 27285 D MainGridPagerAdapter: getFragment called for row:2 column:0
05-20 14:36:58.956 27285 27285 D MainWearActivity: android.permission.ACCESS_FINE_LOCATION Granted
05-20 14:36:58.957 27285 27285 D MainWearActivity: android.permission.WAKE_LOCK Granted
05-20 14:36:58.957 27285 27285 D MainWearActivity: android.permission.WRITE_EXTERNAL_STORAGE Granted
05-20 14:36:58.957 27285 27285 D MainWearActivity: android.permission.ACCESS_NETWORK_STATE Granted
05-20 14:36:58.958 27285 27285 D MainWearActivity: android.permission.INTERNET Granted
05-20 14:36:58.958 27285 27285 D MainWearActivity: android.permission.READ_EXTERNAL_STORAGE Granted
05-20 14:36:58.959 27285 27285 D ActivityLifeCycleLogger: uk.me.ponies.wearroutes.MainWearActivity@2bf054b onActivityStarted called
05-20 14:36:58.965 27285 27285 D ActivityLifeCycleLogger: uk.me.ponies.wearroutes.MainWearActivity@2bf054b onActivityResumed called
05-20 14:36:58.967 27285 27356 D OpenGLRenderer: Use EGL_SWAP_BEHAVIOR_PRESERVED: true
05-20 14:36:58.968 27285 27285 D         : HostConnection::get() New Host Connection established 0xad35bb20, tid 27285
05-20 14:36:59.049 27285 27285 D MainGridPagerAdapter: GridPagerAdapter: startUpdate Called id:2131820668 took 0ms
05-20 14:36:59.050 27285 27285 D MainGridPagerAdapter: getFragment called for row:0 column:0
05-20 14:36:59.050 27285 27285 D MainGridPagerAdapter: getFragment called for row:0 column:1
05-20 14:36:59.050 27285 27285 D MainGridPagerAdapter: getFragment called for row:0 column:2
05-20 14:36:59.050 27285 27285 D MainGridPagerAdapter: getFragment called for row:0 column:3
05-20 14:36:59.050 27285 27285 D MainGridPagerAdapter: getFragment called for row:0 column:4
05-20 14:36:59.050 27285 27285 D MainGridPagerAdapter: getFragment called for row:0 column:5
05-20 14:36:59.050 27285 27285 D MainGridPagerAdapter: getFragment called for row:1 column:0
05-20 14:36:59.050 27285 27285 D MainGridPagerAdapter: getFragment called for row:2 column:0
05-20 14:36:59.050 27285 27285 D MainGridPagerAdapter: getFragment called for row:3 column:0
05-20 14:36:59.050 27285 27285 D MainGridPagerAdapter: getFragment called for row:4 column:0
05-20 14:36:59.101 27285 27285 D FragmentLifecycleLogger: SpeedPanel1 onAttach called
05-20 14:36:59.101 27285 27285 D FragmentLifecycleLogger: SpeedPanel1 onCreate called
05-20 14:36:59.110 27285 27285 D FragmentLifecycleLogger: SpeedPanel1 onViewCreated called
05-20 14:36:59.110 27285 27285 D FragmentLifecycleLogger: SpeedPanel1 onActivityCreated called
05-20 14:36:59.110 27285 27285 D FragmentLifecycleLogger: SpeedPanel1 onViewStateRestored called
05-20 14:36:59.110 27285 27285 D FragmentLifecycleLogger: SpeedPanel1 onStart called
05-20 14:36:59.110 27285 27285 D SpeedPanel1: onResume called
05-20 14:36:59.111 27285 27285 D FragmentLifecycleLogger: SpeedPanel1 onResume called
05-20 14:36:59.111 27285 27285 D FragmentLifecycleLogger: MapSwipeToZoomFragment onAttach called
05-20 14:36:59.111 27285 27285 D FragmentLifecycleLogger: MapSwipeToZoomFragment onCreate called
05-20 14:36:59.111 27285 27285 D MapSwipeToZoomFrag: MapContainingFragment Map #00 onCreateView called
05-20 14:36:59.154 27285 27285 I zzai    : Making Creator dynamically
05-20 14:36:59.232 27285 27285 I Google Maps Android API: Google Play services client version: 9452000
05-20 14:36:59.234 27285 27285 I Google Maps Android API: Google Play services package version: 11047570
05-20 14:36:59.449 27285 27381 W agl     : copyMemory is missing from platform - proto runtime falling back to safer methods.
05-20 14:36:59.516 27285 27285 D MapSwipeToZoomFrag: creating a new InnerMapFragment
05-20 14:36:59.517 27285 27285 D MapSwipeToZoomFrag: MapContainingFragment (not the view) is MapFragment{c2f346b id=0x7f11008b}
05-20 14:36:59.517 27285 27285 D MapSwipeToZoomFrag: CreateView Map #00 getting MapAsync 
05-20 14:36:59.518 27285 27285 D MapSwipeToZoomFrag: CreateView completed
05-20 14:36:59.519 27285 27285 D MapSwipeToZoomFrag: Map #00 onViewCreatedCalled
05-20 14:36:59.519 27285 27285 D FragmentLifecycleLogger: MapSwipeToZoomFragment onViewCreated called
05-20 14:36:59.523 27285 27285 D FragmentLifecycleLogger: MapSwipeToZoomFragment onActivityCreated called
05-20 14:36:59.523 27285 27285 D FragmentLifecycleLogger: MapSwipeToZoomFragment onViewStateRestored called
05-20 14:36:59.523 27285 27285 I Google Maps Android API: Google Play services package version: 11047570
05-20 14:36:59.552 27285 27291 W art     : Suspending all threads took: 27.668ms
05-20 14:36:59.580 27285 27285 D MapSwipeToZoomFrag: MapContainingFragment:Map #00 onStart called with zoom:15
05-20 14:36:59.581 27285 27285 D FragmentLifecycleLogger: MapSwipeToZoomFragment onStart called
05-20 14:36:59.581 27285 27285 D MapSwipeToZoomFrag: MapContainingFragment:Map #00 onResume called, visible is true
05-20 14:36:59.581 27285 27285 D FragmentLifecycleLogger: MapSwipeToZoomFragment onResume called
05-20 14:36:59.581 27285 27285 D MapSwipeToZoomFrag: matchMapUIToConfig -- no map
05-20 14:36:59.584 27285 27285 D MainGridPagerAdapter: GridPagerAdapter: finishUpdate Called id:2131820668 took 533ms
05-20 14:36:59.601 27285 27285 D MainGridPagerAdapter: GridPagerAdapter: startUpdate Called id:2131820668 took 0ms
05-20 14:36:59.602 27285 27285 D MainGridPagerAdapter: GridPagerAdapter: finishUpdate Called id:2131820668 took 1ms
05-20 14:36:59.631 27285 27356 D         : HostConnection::get() New Host Connection established 0xad0e7ff0, tid 27356
05-20 14:36:59.631 27285 27356 I OpenGLRenderer: Initialized EGL, version 1.4
05-20 14:36:59.631 27285 27356 W OpenGLRenderer: Failed to choose config with EGL_SWAP_BEHAVIOR_PRESERVED, retrying without...
05-20 14:36:59.649 27285 27285 D MainGridPagerAdapter: GridPagerAdapter: startUpdate Called id:2131820668 took 0ms
05-20 14:36:59.649 27285 27285 D MainGridPagerAdapter: GridPagerAdapter: finishUpdate Called id:2131820668 took 0ms
05-20 14:36:59.651 27285 27285 D MainWearActivity: onPageScrolled: 0,0
05-20 14:36:59.664 27285 27390 D         : HostConnection::get() New Host Connection established 0xa5b88070, tid 27390
05-20 14:36:59.681 27285 27401 D Loader  : Loading asset 0x7f020070
05-20 14:36:59.708 27285 27396 D         : HostConnection::get() New Host Connection established 0xa702ca30, tid 27396
05-20 14:36:59.761 27285 27285 I Choreographer: Skipped 42 frames!  The application may be doing too much work on its main thread.
05-20 14:36:59.914 27285 27295 I art     : Background sticky concurrent mark sweep GC freed 1037(79KB) AllocSpace objects, 20(1936KB) LOS objects, 16% free, 6MB/7MB, paused 1.853ms total 100.861ms
05-20 14:36:59.994 27285 27285 D MapSwipeToZoomFrag: showZoom is false
05-20 14:37:00.022 27285 27285 D MapSwipeToZoomFrag: SetupMap Called Map #00
05-20 14:37:00.031 27285 27291 W art     : Suspending all threads took: 6.812ms
05-20 14:37:00.033 27285 27285 D MapSwipeToZoomFrag: EventBusLocationSourceForMap activated for com.google.android.gms.maps.GoogleMap$12$1@9f3f9d0
05-20 14:37:00.051 27285 27285 D MapSwipeToZoomFrag: SetupMap Map #00 moving camera to zoom15
05-20 14:37:00.051 27285 27285 D MapSwipeToZoomFrag: Not moving camera as the map isn't visible
05-20 14:37:00.052 27285 27285 D MapSwipeToZoomFrag: Re-adding polylines during onResume
05-20 14:37:00.052 27285 27285 D MapSwipeToZoomFrag: polylines re-added in onResume
--------- beginning of system
05-20 14:37:00.066 27285 27285 D StrictMode: Wrote violation #0 of 1: 12496 bytes
05-20 14:37:00.074 27285 27285 D MainGridPagerAdapter: GridPagerAdapter: startUpdate Called id:2131820668 took 0ms
05-20 14:37:00.075 27285 27285 D MainGridPagerAdapter: GridPagerAdapter: finishUpdate Called id:2131820668 took 0ms
05-20 14:37:00.086 27285 27285 D MainGridPagerAdapter: GridPagerAdapter: startUpdate Called id:2131820668 took 0ms
05-20 14:37:00.086 27285 27285 D MainGridPagerAdapter: GridPagerAdapter: finishUpdate Called id:2131820668 took 0ms
05-20 14:37:00.103 27285 27285 D MapSwipeToZoomFrag: Camera Changed for Map Map #00
05-20 14:37:00.124 27285 27285 D StrictMode: Wrote violation #0 of 1: 14372 bytes
05-20 14:37:00.154 27285 27285 D MapSwipeToZoomFrag: Camera Changed for Map Map #00
05-20 14:37:00.154 27285 27285 D StrictMode: Wrote violation #0 of 1: 17080 bytes
05-20 14:37:00.161 27285 27285 D MainWearActivity: onConnected(): Successfully connected to Google API client
05-20 14:37:00.188 27285 27285 D LocationHandler: onConnected(): Successfully connected to Google API client
05-20 14:37:00.188 27285 27285 D SlowLocationPollerBase: SlowLocationPollerBase stopped
05-20 14:37:00.188 27285 27285 D LocationHandler: removingLocationUpdates for listener uk.me.ponies.wearroutes.locationHandling.SlowLocationPollerAlarmWakeup@ae91563
05-20 14:37:00.188 27285 27285 D LocationHandler: removingLocationUpdates for listener uk.me.ponies.wearroutes.locationHandling.LocationHandler@6e001f7
05-20 14:37:00.188 27285 27285 D LocationHandler: requestingLocationUpdates for listener uk.me.ponies.wearroutes.locationHandling.LocationHandler@6e001f7
05-20 14:37:00.244 27285 27295 I art     : Background partial concurrent mark sweep GC freed 5945(646KB) AllocSpace objects, 32(720KB) LOS objects, 24% free, 6MB/8MB, paused 1.366ms total 115.614ms
05-20 14:37:00.303 27285 27285 D LocationHandler: Good location received Location[fused 54.190503,-2.302628 acc=32 et=+2h5m59s568ms alt=0.0 vel=13.89 bear=215.0 mock {Bundle[mParcelledData.dataSize=44]}] from LocationHandler
05-20 14:37:00.305 27285 27285 D StrictMode: Wrote violation #0 of 1: 19788 bytes
05-20 14:37:00.310 27285 27285 D BearingSectorizer: clamped to :210.0 from:215.0
05-20 14:37:00.310 27285 27285 D BearingSectorizer: returning changed: 210.0
05-20 14:37:00.310 27285 27285 D MapSwipeToZoomFrag: Location changed, updating because First Location
05-20 14:37:00.310 27285 27285 D MapSwipeToZoomFrag: Not moving camera as the map isn't visible
05-20 14:37:00.310 27285 27285 D MapSwipeToZoomFrag: EventBusLocationSourceForMap sending location to listener com.google.android.gms.maps.GoogleMap$12$1@9f3f9d0
05-20 14:37:00.328 27285 27285 D MainGridPagerAdapter: GridPagerAdapter: startUpdate Called id:2131820668 took 0ms
05-20 14:37:00.328 27285 27285 D MainGridPagerAdapter: GridPagerAdapter: finishUpdate Called id:2131820668 took 0ms
05-20 14:37:00.331 27285 27285 D MainGridPagerAdapter: GridPagerAdapter: startUpdate Called id:2131820668 took 0ms
05-20 14:37:00.331 27285 27285 D MainGridPagerAdapter: GridPagerAdapter: finishUpdate Called id:2131820668 took 0ms
05-20 14:37:00.407 27285 27295 I art     : Background sticky concurrent mark sweep GC freed 3943(211KB) AllocSpace objects, 7(456KB) LOS objects, 0% free, 8MB/8MB, paused 5.659ms total 27.757ms
05-20 14:37:00.514 27285 27285 D Error   : ERR: exClass=android.os.StrictMode$StrictModeCustomViolation
05-20 14:37:00.514 27285 27285 D Error   : ERR: exMsg=policy=4325404 violation=8 msg=gcore.dynamite
05-20 14:37:00.514 27285 27285 D Error   : ERR: file=StrictMode.java
05-20 14:37:00.514 27285 27285 D Error   : ERR: class=android.os.StrictMode$AndroidBlockGuardPolicy
05-20 14:37:00.514 27285 27285 D Error   : ERR: method=onCustomSlowCall line=1236
05-20 14:37:00.514 27285 27285 D Error   : ERR: stack=android.os.StrictMode$StrictModeCustomViolation: policy=4325404 violation=8 msg=gcore.dynamite
05-20 14:37:00.514 27285 27285 D Error   : 	at android.os.StrictMode$AndroidBlockGuardPolicy.onCustomSlowCall(StrictMode.java:1236)
05-20 14:37:00.514 27285 27285 D Error   : 	at android.os.StrictMode.noteSlowCall(StrictMode.java:2136)
05-20 14:37:00.514 27285 27285 D Error   : 	at ffk.a(:com.google.android.gms:0)
05-20 14:37:00.514 27285 27285 D Error   : 	at dgs.a(:com.google.android.gms:2)
05-20 14:37:00.514 27285 27285 D Error   : 	at com.google.android.gms.maps.internal.CreatorImpl.a(:com.google.android.gms:4)
05-20 14:37:00.514 27285 27285 D Error   : 	at com.google.android.gms.maps.internal.CreatorImpl.newMapFragmentDelegate(:com.google.android.gms:0)
05-20 14:37:00.514 27285 27285 D Error   : 	at igj.onTransact(:com.google.android.gms:13)
05-20 14:37:00.514 27285 27285 D Error   : 	at android.os.Binder.transact(Binder.java:387)
05-20 14:37:00.514 27285 27285 D Error   : 	at com.google.android.gms.maps.internal.zzc$zza$zza.zzag(Unknown Source)
05-20 14:37:00.514 27285 27285 D Error   : 	at com.google.android.gms.maps.MapFragment$zzb.zzbow(Unknown Source)
05-20 14:37:00.514 27285 27285 D Error   : 	at com.google.android.gms.maps.MapFragment$zzb.zza(Unknown Source)
05-20 14:37:00.514 27285 27285 D Error   : 	at com.google.android.gms.dynamic.zza.zza(Unknown Source)
05-20 14:37:00.514 27285 27285 D Error   : 	at com.google.android.gms.dynamic.zza.onInflate(Unknown Source)
05-20 14:37:00.514 27285 27285 D Error   : 	at com.google.android.gms.maps.MapFragment.onInflate(Unknown Source)
05-20 14:37:00.514 27285 27285 D Error   : 	at android.app.Fragment.onInflate(Fragment.java:1359)
05-20 14:37:00.514 27285 27285 D Error   : 	at android.app.FragmentManagerImpl.onCreateView(FragmentManager.java:2200)
05-20 14:37:00.514 27285 27285 D Error   : 	at android.view.LayoutInflater$FactoryMerger.onCreateView(LayoutInflater.java:186)
05-20 14:37:00.514 27285 27285 D Error   : 	at android.view.LayoutInflater.createViewFromTag(LayoutInflater.java:754)
05-20 14:37:00.514 27285 27285 D Error   : 	at android.view.LayoutInflater.createViewFromTag(LayoutInflater.java:704)
05-20 14:37:00.514 27285 27285 D Error   : 	at android.view.LayoutInflater.rInflate(LayoutInflater.java:835)
05-20 14:37:00.514 27285 27285 D Error   : 	at android.view.LayoutInflater.rInflateChildren(LayoutInflater.java:798)
05-20 14:37:00.514 27285 27285 D Error   : 	at android.view.LayoutInflater.inflate(LayoutInflater.java:515)
05-20 14:37:00.514 27285 27285 D Error   : 	at android.view.LayoutInflater.inflate(LayoutInflater.java:423)
05-20 14:37:00.514 27285 27285 D Error   : 	at uk.me.ponies.wearroutes.MapSwipeToZoomFragment.onCreateViewEmptyFragmentAddMapProgramatticaly(MapSwipeToZoomFragment.java:248)
05-20 14:37:00.514 27285 27285 D Error   : 	at uk.me.ponies.wearroutes.MapSwipeToZoomFragment.onCreateView(MapSwipeToZoomFragment.java:216)
05-20 14:37:00.514 27285 27285 D Error   : 	at android.app.Fragment.performCreateView(Fragment.java:2220)
05-20 14:37:00.514 27285 27285 D Error   : 	at android.app.FragmentManagerImpl.moveToState(FragmentManager.java:973)
05-20 14:37:00.514 27285 27285 D Error   : 	at android.app.FragmentManagerImpl.moveToState(FragmentManager.java:1148)
05-20 14:37:00.514 27285 27285 D Error   : 	at android.app.BackStackRecord.run(BackStackRecord.java:793)
05-20 14:37:00.514 27285 27285 D Error   : 	at android.app.FragmentManagerImpl.execPendingActions(FragmentManager.java:1535)
05-20 14:37:00.514 27285 27285 D Error   : 	at android.app.FragmentManagerImpl.executePendingTransactions(FragmentManager.java:562)
05-20 14:37:00.514 27285 27285 D Error   : 	at android.support.wearable.view.FragmentGridPagerAdapter.finishUpdate(FragmentGridPagerAdapter.java:220)
05-20 14:37:00.514 27285 27285 D Error   : 	at uk.me.ponies.wearroutes.MainGridPagerAdapter.finishUpdate(MainGridPagerAdapter.java:329)
05-20 14:37:00.514 27285 27285 D Error   : 	at android.support.wearable.view.GridViewPager.populate(GridViewPager.java:1182)
05-20 14:37:00.514 27285 27285 D Error   : 	at android.support.wearable.view.GridViewPager.populate(GridViewPager.java:1038)
05-20 14:37:00.514 27285 27285 D Error   : 	at android.support.wearable.view.GridViewPager.onMeasure(GridViewPager.java:1343)
05-20 14:37:00.514 27285 27285 D Error   : 	at android.view.View.measure(View.java:18794)
05-20 14:37:00.514 27285 27285 D Error   : 	at android.view.ViewGroup.measureChildWithMargins(ViewGroup.java:5951)
05-20 14:37:00.514 27285 27285 D Error   : 	at android.widget.FrameLayout.onMeasure(FrameLayout.java:194)
05-20 14:37:00.514 27285 27285 D Error   : 	at android.view.View.measure(View.java:18794)
05-20 14:37:00.514 27285 27285 D Error   : 	at android.view.ViewGroup.measureChildWithMargins(ViewGroup.java:5951)
05-20 14:37:00.514 27285 27285 D Error   : 	at android.widget.FrameLayout.onMeasure(FrameLayout.java:194)
05-20 14:37:00.514 27285 27285 D Error   : 	at android.view.View.measure(View.java:18794)
05-20 14:37:00.514 27285 27285 D Error   : 	at android.view.ViewGroup.measureChildWithMargins(ViewGroup.java:5951)
05-20 14:37:00.514 27285 27285 D Error   : 	at android.widget.FrameLayout.onMeasure(FrameLayout.java:194)
05-20 14:37:00.514 27285 27285 D Error   : 	at com.android.internal.policy.PhoneWindow$DecorView.onMeasure(PhoneWindow.java:2643)
05-20 14:37:00.514 27285 27285 D Error   : 	at android.view.View.measure(View.java:18794)
05-20 14:37:00.514 27285 27285 D Error   : 	at android.view.ViewRootImpl.performMeasure(ViewRootImpl.java:2108)
05-20 14:37:00.514 27285 27285 D Error   : 	at android.view.ViewRootImpl.measureHierarchy(ViewRootImpl.java:1224)
05-20 14:37:00.514 27285 27285 D Error   : 	at android.view.ViewRootImpl.performTraversals(ViewRootImpl.java:1460)
05-20 14:37:00.514 27285 27285 D Error   : 	at android.view.ViewRootImpl.doTraversal(ViewRootImpl.java:1115)
05-20 14:37:00.514 27285 27285 D Error   : 	at android.view.ViewRootImpl$TraversalRunnable.run(ViewRootImpl.java:6024)
05-20 14:37:00.514 27285 27285 D Error   : 	at android.view.Choreographer$CallbackRecord.run(Choreographer.java:858)
05-20 14:37:00.514 27285 27285 D Error   : 	at android.view.Choreographer.doCallbacks(Choreographer.java:670)
05-20 14:37:00.514 27285 27285 D Error   : 	at android.view.Choreographer.doFrame(Choreographer.java:606)
05-20 14:37:00.514 27285 27285 D Error   : 	at android.view.Choreographer$FrameDisplayEventReceiver.ru
05-20 14:37:00.514 27285 27285 D Error   : ERR: TOTAL BYTES WRITTEN: 23172
05-20 14:37:00.514 27285 27285 D StrictMode: Wrote violation #0 of 1: 23216 bytes
05-20 14:37:00.514 27285 27285 D MapSwipeToZoomFrag: MapContainingFragmentMap #00 onCameraChange Map now Loaded zoom is 15.0 wanted 15 on map:com.google.android.gms.maps.GoogleMap@f056cb7
05-20 14:37:00.532 27285 27285 D MainGridPagerAdapter: GridPagerAdapter: startUpdate Called id:2131820668 took 0ms
05-20 14:37:00.533 27285 27285 D MainGridPagerAdapter: GridPagerAdapter: finishUpdate Called id:2131820668 took 1ms
05-20 14:37:00.538 27285 27285 D MainGridPagerAdapter: GridPagerAdapter: startUpdate Called id:2131820668 took 0ms
05-20 14:37:00.538 27285 27285 D MainGridPagerAdapter: GridPagerAdapter: finishUpdate Called id:2131820668 took 0ms
05-20 14:37:01.138 27285 27356 W OpenGLRenderer: Dirty 130.00 306.00 190.00 320.00 doesn't intersect with 0 0 320 290 ?
05-20 14:37:01.151 27285 27356 W OpenGLRenderer: Dirty 130.00 306.00 190.00 320.00 doesn't intersect with 0 0 320 290 ?
05-20 14:37:01.179 27285 27356 W OpenGLRenderer: Dirty 130.00 306.00 190.00 320.00 doesn't intersect with 0 0 320 290 ?
05-20 14:37:01.189 27285 27356 W OpenGLRenderer: Dirty 130.00 306.00 190.00 320.00 doesn't intersect with 0 0 320 290 ?
05-20 14:37:01.210 27285 27356 W OpenGLRenderer: Dirty 130.00 306.00 190.00 320.00 doesn't intersect with 0 0 320 290 ?
05-20 14:37:01.229 27285 27356 W OpenGLRenderer: Dirty 130.00 306.00 190.00 320.00 doesn't intersect with 0 0 320 290 ?
05-20 14:37:01.238 27285 27356 W OpenGLRenderer: Dirty 130.00 306.00 190.00 320.00 doesn't intersect with 0 0 320 290 ?
05-20 14:37:01.259 27285 27356 W OpenGLRenderer: Dirty 130.00 306.00 190.00 320.00 doesn't intersect with 0 0 320 290 ?
05-20 14:37:01.279 27285 27356 W OpenGLRenderer: Dirty 130.00 306.00 190.00 320.00 doesn't intersect with 0 0 320 290 ?
05-20 14:37:01.291 27285 27356 W OpenGLRenderer: Dirty 130.00 306.00 190.00 320.00 doesn't intersect with 0 0 320 290 ?
05-20 14:37:01.310 27285 27356 W OpenGLRenderer: Dirty 130.00 306.00 190.00 320.00 doesn't intersect with 0 0 320 290 ?
05-20 14:37:01.329 27285 27356 W OpenGLRenderer: Dirty 130.00 306.00 190.00 320.00 doesn't intersect with 0 0 320 290 ?
05-20 14:37:01.341 27285 27356 W OpenGLRenderer: Dirty 130.00 306.00 190.00 320.00 doesn't intersect with 0 0 320 290 ?
05-20 14:37:01.358 27285 27356 W OpenGLRenderer: Dirty 130.00 306.00 190.00 320.00 doesn't intersect with 0 0 320 290 ?
05-20 14:37:01.378 27285 27356 W OpenGLRenderer: Dirty 130.00 306.00 190.00 320.00 doesn't intersect with 0 0 320 290 ?
05-20 14:37:01.510 27285 27392 W DynamiteModule: Local module descriptor class for com.google.android.gms.googlecertificates not found.
05-20 14:37:01.510 27285 27392 W DynamiteModule: Failed to load module via V2: java.lang.ClassNotFoundException: Didn't find class "com.google.android.gms.dynamite.DynamiteModule$DynamiteLoaderClassLoader" on path: DexPathList[[zip file "/system/framework/com.google.android.wearable.jar", zip file "/data/app/uk.me.ponies.wearroutes-1/base.apk", zip file "/data/app/uk.me.ponies.wearroutes-1/split_lib_dependencies_apk.apk", zip file "/data/app/uk.me.ponies.wearroutes-1/split_lib_slice_0_apk.apk", zip file "/data/app/uk.me.ponies.wearroutes-1/split_lib_slice_1_apk.apk", zip file "/data/app/uk.me.ponies.wearroutes-1/split_lib_slice_2_apk.apk", zip file "/data/app/uk.me.ponies.wearroutes-1/split_lib_slice_3_apk.apk", zip file "/data/app/uk.me.ponies.wearroutes-1/split_lib_slice_4_apk.apk", zip file "/data/app/uk.me.ponies.wearroutes-1/split_lib_slice_5_apk.apk", zip file "/data/app/uk.me.ponies.wearroutes-1/split_lib_slice_6_apk.apk", zip file "/data/app/uk.me.ponies.wearroutes-1/split_lib_slice_7_apk.apk", zip file "/data/app/uk.me.ponies.wearroutes-1/split_lib_slice_8_apk.apk", zip file "/data/app/uk.me.ponies.wearroutes-1/split_lib_slice_9_apk.apk"],nativeLibraryDirectories=[/data/app/uk.me.ponies.wearroutes-1/lib/x86, /vendor/lib, /system/lib]]
05-20 14:37:01.511 27285 27392 I DynamiteModule: Considering local module com.google.android.gms.googlecertificates:0 and remote module com.google.android.gms.googlecertificates:3
05-20 14:37:01.511 27285 27392 I DynamiteModule: Selected remote version of com.google.android.gms.googlecertificates, version >= 3
05-20 14:37:01.512 27285 27392 W System  : ClassLoader referenced unknown path: /data/data/com.google.android.gms/app_chimera/m/00000009/n/x86
05-20 14:37:01.534 27285 27291 W art     : Suspending all threads took: 5.549ms
05-20 14:37:02.922 27285 27285 D MyGridViewPager: oninterceptTouchEvent is returning false
05-20 14:37:02.957 27285 27285 D MyGridViewPager: oninterceptTouchEvent is returning false
05-20 14:37:02.977 27285 27285 D GridViewPagerNotifier: onPageScrollStateChanged state:1
05-20 14:37:02.977 27285 27285 D MainWearActivity: onPageScrollStateChanged state: 1 DRAGGING
05-20 14:37:02.977 27285 27285 D MapSwipeToZoomFrag: onScrollChange seen
05-20 14:37:02.977 27285 27285 D MainGridPagerAdapter: getFragment called for row:0 column:0
05-20 14:37:02.978 27285 27285 D MainGridPagerAdapter: getFragment called for row:0 column:1
05-20 14:37:02.978 27285 27285 D MainWearActivity: onPageScrolled: 0,0
05-20 14:37:03.008 27285 27439 D Loader  : Loading asset 0x7f020071
05-20 14:37:03.037 27285 27291 W art     : Suspending all threads took: 9.230ms
05-20 14:37:03.081 27285 27285 D MyGridViewPager: oninterceptTouchEvent is returning true
05-20 14:37:03.082 27285 27285 D MyGridViewPager: onTouch ambient is falseevent was:MotionEvent { action=ACTION_MOVE, actionButton=0, id[0]=0, x[0]=248.0, y[0]=141.0, toolType[0]=TOOL_TYPE_FINGER, buttonState=0, metaState=0, flags=0x0, edgeFlags=0x0, pointerCount=1, historySize=11, eventTime=7562314, downTime=7562183, deviceId=0, source=0x1002 }context is uk.me.ponies.wearroutes.MainWearActivity@2bf054b
05-20 14:37:03.082 27285 27285 D MapSwipeToZoomFrag: onScrollChange seen
05-20 14:37:03.082 27285 27285 D MainGridPagerAdapter: getFragment called for row:0 column:0
05-20 14:37:03.082 27285 27285 D MainGridPagerAdapter: getFragment called for row:0 column:1
05-20 14:37:03.082 27285 27285 D MainWearActivity: onPageScrolled: 0,0
05-20 14:37:03.082 27285 27285 D MyGridViewPager: onTouchEvent is returning true
05-20 14:37:03.085 27285 27285 D MapSwipeToZoomFrag: onTouch seen for event:MotionEvent { action=ACTION_UP, actionButton=0, id[0]=0, x[0]=248.0, y[0]=141.0, toolType[0]=TOOL_TYPE_FINGER, buttonState=0, metaState=0, flags=0x0, edgeFlags=0x0, pointerCount=1, historySize=0, eventTime=7562331, downTime=7562183, deviceId=0, source=0x1002 }
05-20 14:37:03.085 27285 27285 D MyGridViewPager: onTouch ambient is falseevent was:MotionEvent { action=ACTION_UP, actionButton=0, id[0]=0, x[0]=248.0, y[0]=141.0, toolType[0]=TOOL_TYPE_FINGER, buttonState=0, metaState=0, flags=0x0, edgeFlags=0x0, pointerCount=1, historySize=0, eventTime=7562331, downTime=7562183, deviceId=0, source=0x1002 }context is uk.me.ponies.wearroutes.MainWearActivity@2bf054b
05-20 14:37:03.089 27285 27285 D ColumnHistorian: Selected Page is 1,0
05-20 14:37:03.089 27285 27285 D GridViewPagerNotifier: onPageSelected row:1 column:0
05-20 14:37:03.089 27285 27285 D MainGridPagerAdapter: getFragment called for row:1 column:0
05-20 14:37:03.089 27285 27285 D MainGridPagerAdapter: getFragment called for row:1 column:1
05-20 14:37:03.089 27285 27285 D MainGridPagerAdapter: getFragment called for row:0 column:0
05-20 14:37:03.089 27285 27285 D MainGridPagerAdapter: getFragment called for row:2 column:0
05-20 14:37:03.090 27285 27285 D MapSwipeToZoomFrag: EventBusLocationSourceForMap deActivated for com.google.android.gms.maps.GoogleMap$12$1@9f3f9d0
05-20 14:37:03.090 27285 27285 D Error   : ERR: exClass=android.os.StrictMode$StrictModeCustomViolation
05-20 14:37:03.090 27285 27285 D Error   : ERR: exMsg=policy=4325404 violation=8 msg=gcore.dynamite
05-20 14:37:03.090 27285 27285 D Error   : ERR: file=StrictMode.java
05-20 14:37:03.090 27285 27285 D Error   : ERR: class=android.os.StrictMode$AndroidBlockGuardPolicy
05-20 14:37:03.090 27285 27285 D Error   : ERR: method=onCustomSlowCall line=1236
05-20 14:37:03.090 27285 27285 D Error   : ERR: stack=android.os.StrictMode$StrictModeCustomViolation: policy=4325404 violation=8 msg=gcore.dynamite
05-20 14:37:03.090 27285 27285 D Error   : 	at android.os.StrictMode$AndroidBlockGuardPolicy.onCustomSlowCall(StrictMode.java:1236)
05-20 14:37:03.090 27285 27285 D Error   : 	at android.os.StrictMode.noteSlowCall(StrictMode.java:2136)
05-20 14:37:03.090 27285 27285 D Error   : 	at ffk.a(:com.google.android.gms:0)
05-20 14:37:03.090 27285 27285 D Error   : 	at dgs.a(:com.google.android.gms:2)
05-20 14:37:03.090 27285 27285 D Error   : 	at com.google.android.gms.maps.internal.CreatorImpl.a(:com.google.android.gms:4)
05-20 14:37:03.090 27285 27285 D Error   : 	at com.google.android.gms.maps.internal.CreatorImpl.newMapFragmentDelegate(:com.google.android.gms:0)
05-20 14:37:03.090 27285 27285 D Error   : 	at igj.onTransact(:com.google.android.gms:13)
05-20 14:37:03.090 27285 27285 D Error   : 	at android.os.Binder.transact(Binder.java:387)
05-20 14:37:03.090 27285 27285 D Error   : 	at com.google.android.gms.maps.internal.zzc$zza$zza.zzag(Unknown Source)
05-20 14:37:03.090 27285 27285 D Error   : 	at com.google.android.gms.maps.MapFragment$zzb.zzbow(Unknown Source)
05-20 14:37:03.090 27285 27285 D Error   : 	at com.google.android.gms.maps.MapFragment$zzb.zza(Unknown Source)
05-20 14:37:03.090 27285 27285 D Error   : 	at com.google.android.gms.dynamic.zza.zza(Unknown Source)
05-20 14:37:03.090 27285 27285 D Error   : 	at com.google.android.gms.dynamic.zza.onInflate(Unknown Source)
05-20 14:37:03.090 27285 27285 D Error   : 	at com.google.android.gms.maps.MapFragment.onInflate(Unknown Source)
05-20 14:37:03.090 27285 27285 D Error   : 	at android.app.Fragment.onInflate(Fragment.java:1359)
05-20 14:37:03.090 27285 27285 D Error   : 	at android.app.FragmentManagerImpl.onCreateView(FragmentManager.java:2200)
05-20 14:37:03.090 27285 27285 D Error   : 	at android.view.LayoutInflater$FactoryMerger.onCreateView(LayoutInflater.java:186)
05-20 14:37:03.090 27285 27285 D Error   : 	at android.view.LayoutInflater.createViewFromTag(LayoutInflater.java:754)
05-20 14:37:03.090 27285 27285 D Error   : 	at android.view.LayoutInflater.createViewFromTag(LayoutInflater.java:704)
05-20 14:37:03.090 27285 27285 D Error   : 	at android.view.LayoutInflater.rInflate(LayoutInflater.java:835)
05-20 14:37:03.090 27285 27285 D Error   : 	at android.view.LayoutInflater.rInflateChildren(LayoutInflater.java:798)
05-20 14:37:03.090 27285 27285 D Error   : 	at android.view.LayoutInflater.inflate(LayoutInflater.java:515)
05-20 14:37:03.090 27285 27285 D Error   : 	at android.view.LayoutInflater.inflate(LayoutInflater.java:423)
05-20 14:37:03.090 27285 27285 D Error   : 	at uk.me.ponies.wearroutes.MapSwipeToZoomFragment.onCreateViewEmptyFragmentAddMapProgramatticaly(MapSwipeToZoomFragment.java:248)
05-20 14:37:03.090 27285 27285 D Error   : 	at uk.me.ponies.wearroutes.MapSwipeToZoomFragment.onCreateView(MapSwipeToZoomFragment.java:216)
05-20 14:37:03.090 27285 27285 D Error   : 	at android.app.Fragment.performCreateView(Fragment.java:2220)
05-20 14:37:03.090 27285 27285 D Error   : 	at android.app.FragmentManagerImpl.moveToState(FragmentManager.java:973)
05-20 14:37:03.090 27285 27285 D Error   : 	at android.app.FragmentManagerImpl.moveToState(FragmentManager.java:1148)
