--------- beginning of main
05-20 15:09:45.817 15794 15794 I art     : Not late-enabling -Xcheck:jni (already on)
05-20 15:09:45.899 15808 15808 W dex2oat : Unexpected CPU variant for X86 using defaults: x86
05-20 15:09:45.899 15808 15808 W dex2oat : Mismatch between dex2oat instruction set features (ISA: X86 Feature string: smp,-ssse3,-sse4.1,-sse4.2,-avx,-avx2) and those of dex2oat executable (ISA: X86 Feature string: smp,ssse3,-sse4.1,-sse4.2,-avx,-avx2) for the command line:
05-20 15:09:45.899 15808 15808 W dex2oat : /system/bin/dex2oat --runtime-arg -classpath --runtime-arg  --instruction-set=x86 --instruction-set-features=smp,ssse3,-sse4.1,-sse4.2,-avx,-avx2 --runtime-arg -Xrelocate --boot-image=/system/framework/boot.art --runtime-arg -Xms64m --runtime-arg -Xmx512m -j1 --instruction-set-variant=x86 --instruction-set-features=default --dex-file=/data/app/uk.me.ponies.wearroutes-1/split_lib_dependencies_apk.apk --oat-file=/data/dalvik-cache/x86/data@app@uk.me.ponies.wearroutes-1@split_lib_dependencies_apk.apk@classes.dex
05-20 15:09:45.899 15808 15808 E dex2oat : Failed to create oat file: /data/dalvik-cache/x86/data@app@uk.me.ponies.wearroutes-1@split_lib_dependencies_apk.apk@classes.dex: Permission denied
05-20 15:09:45.899 15808 15808 I dex2oat : dex2oat took 605.946us (threads: 1) 
05-20 15:09:45.900 15794 15794 W art     : Failed execv(/system/bin/dex2oat --runtime-arg -classpath --runtime-arg  --instruction-set=x86 --instruction-set-features=smp,ssse3,-sse4.1,-sse4.2,-avx,-avx2 --runtime-arg -Xrelocate --boot-image=/system/framework/boot.art --runtime-arg -Xms64m --runtime-arg -Xmx512m -j1 --instruction-set-variant=x86 --instruction-set-features=default --dex-file=/data/app/uk.me.ponies.wearroutes-1/split_lib_dependencies_apk.apk --oat-file=/data/dalvik-cache/x86/data@app@uk.me.ponies.wearroutes-1@split_lib_dependencies_apk.apk@classes.dex) because non-0 exit status
05-20 15:09:46.034 15816 15816 W dex2oat : Unexpected CPU variant for X86 using defaults: x86
05-20 15:09:46.034 15816 15816 W dex2oat : Mismatch between dex2oat instruction set features (ISA: X86 Feature string: smp,-ssse3,-sse4.1,-sse4.2,-avx,-avx2) and those of dex2oat executable (ISA: X86 Feature string: smp,ssse3,-sse4.1,-sse4.2,-avx,-avx2) for the command line:
05-20 15:09:46.034 15816 15816 W dex2oat : /system/bin/dex2oat --runtime-arg -classpath --runtime-arg  --instruction-set=x86 --instruction-set-features=smp,ssse3,-sse4.1,-sse4.2,-avx,-avx2 --runtime-arg -Xrelocate --boot-image=/system/framework/boot.art --runtime-arg -Xms64m --runtime-arg -Xmx512m -j1 --instruction-set-variant=x86 --instruction-set-features=default --dex-file=/data/app/uk.me.ponies.wearroutes-1/split_lib_slice_0_apk.apk --oat-file=/data/dalvik-cache/x86/data@app@uk.me.ponies.wearroutes-1@split_lib_slice_0_apk.apk@classes.dex
05-20 15:09:46.035 15816 15816 E dex2oat : Failed to create oat file: /data/dalvik-cache/x86/data@app@uk.me.ponies.wearroutes-1@split_lib_slice_0_apk.apk@classes.dex: Permission denied
05-20 15:09:46.035 15816 15816 I dex2oat : dex2oat took 457.601us (threads: 1) 
05-20 15:09:46.035 15794 15794 W art     : Failed execv(/system/bin/dex2oat --runtime-arg -classpath --runtime-arg  --instruction-set=x86 --instruction-set-features=smp,ssse3,-sse4.1,-sse4.2,-avx,-avx2 --runtime-arg -Xrelocate --boot-image=/system/framework/boot.art --runtime-arg -Xms64m --runtime-arg -Xmx512m -j1 --instruction-set-variant=x86 --instruction-set-features=default --dex-file=/data/app/uk.me.ponies.wearroutes-1/split_lib_slice_0_apk.apk --oat-file=/data/dalvik-cache/x86/data@app@uk.me.ponies.wearroutes-1@split_lib_slice_0_apk.apk@classes.dex) because non-0 exit status
05-20 15:09:46.052 15818 15818 W dex2oat : Unexpected CPU variant for X86 using defaults: x86
05-20 15:09:46.052 15818 15818 W dex2oat : Mismatch between dex2oat instruction set features (ISA: X86 Feature string: smp,-ssse3,-sse4.1,-sse4.2,-avx,-avx2) and those of dex2oat executable (ISA: X86 Feature string: smp,ssse3,-sse4.1,-sse4.2,-avx,-avx2) for the command line:
05-20 15:09:46.052 15818 15818 W dex2oat : /system/bin/dex2oat --runtime-arg -classpath --runtime-arg  --instruction-set=x86 --instruction-set-features=smp,ssse3,-sse4.1,-sse4.2,-avx,-avx2 --runtime-arg -Xrelocate --boot-image=/system/framework/boot.art --runtime-arg -Xms64m --runtime-arg -Xmx512m -j1 --instruction-set-variant=x86 --instruction-set-features=default --dex-file=/data/app/uk.me.ponies.wearroutes-1/split_lib_slice_1_apk.apk --oat-file=/data/dalvik-cache/x86/data@app@uk.me.ponies.wearroutes-1@split_lib_slice_1_apk.apk@classes.dex
05-20 15:09:46.052 15818 15818 E dex2oat : Failed to create oat file: /data/dalvik-cache/x86/data@app@uk.me.ponies.wearroutes-1@split_lib_slice_1_apk.apk@classes.dex: Permission denied
05-20 15:09:46.052 15818 15818 I dex2oat : dex2oat took 570.742us (threads: 1) 
05-20 15:09:46.060 15794 15794 W art     : Failed execv(/system/bin/dex2oat --runtime-arg -classpath --runtime-arg  --instruction-set=x86 --instruction-set-features=smp,ssse3,-sse4.1,-sse4.2,-avx,-avx2 --runtime-arg -Xrelocate --boot-image=/system/framework/boot.art --runtime-arg -Xms64m --runtime-arg -Xmx512m -j1 --instruction-set-variant=x86 --instruction-set-features=default --dex-file=/data/app/uk.me.ponies.wearroutes-1/split_lib_slice_1_apk.apk --oat-file=/data/dalvik-cache/x86/data@app@uk.me.ponies.wearroutes-1@split_lib_slice_1_apk.apk@classes.dex) because non-0 exit status
05-20 15:09:46.071 15822 15822 W dex2oat : Unexpected CPU variant for X86 using defaults: x86
05-20 15:09:46.071 15822 15822 W dex2oat : Mismatch between dex2oat instruction set features (ISA: X86 Feature string: smp,-ssse3,-sse4.1,-sse4.2,-avx,-avx2) and those of dex2oat executable (ISA: X86 Feature string: smp,ssse3,-sse4.1,-sse4.2,-avx,-avx2) for the command line:
05-20 15:09:46.071 15822 15822 W dex2oat : /system/bin/dex2oat --runtime-arg -classpath --runtime-arg  --instruction-set=x86 --instruction-set-features=smp,ssse3,-sse4.1,-sse4.2,-avx,-avx2 --runtime-arg -Xrelocate --boot-image=/system/framework/boot.art --runtime-arg -Xms64m --runtime-arg -Xmx512m -j1 --instruction-set-variant=x86 --instruction-set-features=default --dex-file=/data/app/uk.me.ponies.wearroutes-1/split_lib_slice_2_apk.apk --oat-file=/data/dalvik-cache/x86/data@app@uk.me.ponies.wearroutes-1@split_lib_slice_2_apk.apk@classes.dex
05-20 15:09:46.071 15822 15822 E dex2oat : Failed to create oat file: /data/dalvik-cache/x86/data@app@uk.me.ponies.wearroutes-1@split_lib_slice_2_apk.apk@classes.dex: Permission denied
05-20 15:09:46.071 15822 15822 I dex2oat : dex2oat took 439.164us (threads: 1) 
05-20 15:09:46.072 15794 15794 W art     : Failed execv(/system/bin/dex2oat --runtime-arg -classpath --runtime-arg  --instruction-set=x86 --instruction-set-features=smp,ssse3,-sse4.1,-sse4.2,-avx,-avx2 --runtime-arg -Xrelocate --boot-image=/system/framework/boot.art --runtime-arg -Xms64m --runtime-arg -Xmx512m -j1 --instruction-set-variant=x86 --instruction-set-features=default --dex-file=/data/app/uk.me.ponies.wearroutes-1/split_lib_slice_2_apk.apk --oat-file=/data/dalvik-cache/x86/data@app@uk.me.ponies.wearroutes-1@split_lib_slice_2_apk.apk@classes.dex) because non-0 exit status
05-20 15:09:46.112 15824 15824 W dex2oat : Unexpected CPU variant for X86 using defaults: x86
05-20 15:09:46.112 15824 15824 W dex2oat : Mismatch between dex2oat instruction set features (ISA: X86 Feature string: smp,-ssse3,-sse4.1,-sse4.2,-avx,-avx2) and those of dex2oat executable (ISA: X86 Feature string: smp,ssse3,-sse4.1,-sse4.2,-avx,-avx2) for the command line:
05-20 15:09:46.112 15824 15824 W dex2oat : /system/bin/dex2oat --runtime-arg -classpath --runtime-arg  --instruction-set=x86 --instruction-set-features=smp,ssse3,-sse4.1,-sse4.2,-avx,-avx2 --runtime-arg -Xrelocate --boot-image=/system/framework/boot.art --runtime-arg -Xms64m --runtime-arg -Xmx512m -j1 --instruction-set-variant=x86 --instruction-set-features=default --dex-file=/data/app/uk.me.ponies.wearroutes-1/split_lib_slice_3_apk.apk --oat-file=/data/dalvik-cache/x86/data@app@uk.me.ponies.wearroutes-1@split_lib_slice_3_apk.apk@classes.dex
05-20 15:09:46.112 15824 15824 E dex2oat : Failed to create oat file: /data/dalvik-cache/x86/data@app@uk.me.ponies.wearroutes-1@split_lib_slice_3_apk.apk@classes.dex: Permission denied
05-20 15:09:46.112 15824 15824 I dex2oat : dex2oat took 838.097us (threads: 1) 
05-20 15:09:46.113 15794 15794 W art     : Failed execv(/system/bin/dex2oat --runtime-arg -classpath --runtime-arg  --instruction-set=x86 --instruction-set-features=smp,ssse3,-sse4.1,-sse4.2,-avx,-avx2 --runtime-arg -Xrelocate --boot-image=/system/framework/boot.art --runtime-arg -Xms64m --runtime-arg -Xmx512m -j1 --instruction-set-variant=x86 --instruction-set-features=default --dex-file=/data/app/uk.me.ponies.wearroutes-1/split_lib_slice_3_apk.apk --oat-file=/data/dalvik-cache/x86/data@app@uk.me.ponies.wearroutes-1@split_lib_slice_3_apk.apk@classes.dex) because non-0 exit status
05-20 15:09:46.123 15826 15826 W dex2oat : Unexpected CPU variant for X86 using defaults: x86
05-20 15:09:46.124 15826 15826 W dex2oat : Mismatch between dex2oat instruction set features (ISA: X86 Feature string: smp,-ssse3,-sse4.1,-sse4.2,-avx,-avx2) and those of dex2oat executable (ISA: X86 Feature string: smp,ssse3,-sse4.1,-sse4.2,-avx,-avx2) for the command line:
05-20 15:09:46.124 15826 15826 W dex2oat : /system/bin/dex2oat --runtime-arg -classpath --runtime-arg  --instruction-set=x86 --instruction-set-features=smp,ssse3,-sse4.1,-sse4.2,-avx,-avx2 --runtime-arg -Xrelocate --boot-image=/system/framework/boot.art --runtime-arg -Xms64m --runtime-arg -Xmx512m -j1 --instruction-set-variant=x86 --instruction-set-features=default --dex-file=/data/app/uk.me.ponies.wearroutes-1/split_lib_slice_4_apk.apk --oat-file=/data/dalvik-cache/x86/data@app@uk.me.ponies.wearroutes-1@split_lib_slice_4_apk.apk@classes.dex
05-20 15:09:46.124 15826 15826 E dex2oat : Failed to create oat file: /data/dalvik-cache/x86/data@app@uk.me.ponies.wearroutes-1@split_lib_slice_4_apk.apk@classes.dex: Permission denied
05-20 15:09:46.124 15826 15826 I dex2oat : dex2oat took 571.580us (threads: 1) 
05-20 15:09:46.125 15794 15794 W art     : Failed execv(/system/bin/dex2oat --runtime-arg -classpath --runtime-arg  --instruction-set=x86 --instruction-set-features=smp,ssse3,-sse4.1,-sse4.2,-avx,-avx2 --runtime-arg -Xrelocate --boot-image=/system/framework/boot.art --runtime-arg -Xms64m --runtime-arg -Xmx512m -j1 --instruction-set-variant=x86 --instruction-set-features=default --dex-file=/data/app/uk.me.ponies.wearroutes-1/split_lib_slice_4_apk.apk --oat-file=/data/dalvik-cache/x86/data@app@uk.me.ponies.wearroutes-1@split_lib_slice_4_apk.apk@classes.dex) because non-0 exit status
05-20 15:09:46.137 15828 15828 W dex2oat : Unexpected CPU variant for X86 using defaults: x86
05-20 15:09:46.138 15828 15828 W dex2oat : Mismatch between dex2oat instruction set features (ISA: X86 Feature string: smp,-ssse3,-sse4.1,-sse4.2,-avx,-avx2) and those of dex2oat executable (ISA: X86 Feature string: smp,ssse3,-sse4.1,-sse4.2,-avx,-avx2) for the command line:
05-20 15:09:46.138 15828 15828 W dex2oat : /system/bin/dex2oat --runtime-arg -classpath --runtime-arg  --instruction-set=x86 --instruction-set-features=smp,ssse3,-sse4.1,-sse4.2,-avx,-avx2 --runtime-arg -Xrelocate --boot-image=/system/framework/boot.art --runtime-arg -Xms64m --runtime-arg -Xmx512m -j1 --instruction-set-variant=x86 --instruction-set-features=default --dex-file=/data/app/uk.me.ponies.wearroutes-1/split_lib_slice_5_apk.apk --oat-file=/data/dalvik-cache/x86/data@app@uk.me.ponies.wearroutes-1@split_lib_slice_5_apk.apk@classes.dex
05-20 15:09:46.138 15828 15828 E dex2oat : Failed to create oat file: /data/dalvik-cache/x86/data@app@uk.me.ponies.wearroutes-1@split_lib_slice_5_apk.apk@classes.dex: Permission denied
05-20 15:09:46.138 15828 15828 I dex2oat : dex2oat took 660.420us (threads: 1) 
05-20 15:09:46.140 15794 15794 W art     : Failed execv(/system/bin/dex2oat --runtime-arg -classpath --runtime-arg  --instruction-set=x86 --instruction-set-features=smp,ssse3,-sse4.1,-sse4.2,-avx,-avx2 --runtime-arg -Xrelocate --boot-image=/system/framework/boot.art --runtime-arg -Xms64m --runtime-arg -Xmx512m -j1 --instruction-set-variant=x86 --instruction-set-features=default --dex-file=/data/app/uk.me.ponies.wearroutes-1/split_lib_slice_5_apk.apk --oat-file=/data/dalvik-cache/x86/data@app@uk.me.ponies.wearroutes-1@split_lib_slice_5_apk.apk@classes.dex) because non-0 exit status
05-20 15:09:46.151 15830 15830 W dex2oat : Unexpected CPU variant for X86 using defaults: x86
05-20 15:09:46.151 15830 15830 W dex2oat : Mismatch between dex2oat instruction set features (ISA: X86 Feature string: smp,-ssse3,-sse4.1,-sse4.2,-avx,-avx2) and those of dex2oat executable (ISA: X86 Feature string: smp,ssse3,-sse4.1,-sse4.2,-avx,-avx2) for the command line:
05-20 15:09:46.151 15830 15830 W dex2oat : /system/bin/dex2oat --runtime-arg -classpath --runtime-arg  --instruction-set=x86 --instruction-set-features=smp,ssse3,-sse4.1,-sse4.2,-avx,-avx2 --runtime-arg -Xrelocate --boot-image=/system/framework/boot.art --runtime-arg -Xms64m --runtime-arg -Xmx512m -j1 --instruction-set-variant=x86 --instruction-set-features=default --dex-file=/data/app/uk.me.ponies.wearroutes-1/split_lib_slice_6_apk.apk --oat-file=/data/dalvik-cache/x86/data@app@uk.me.ponies.wearroutes-1@split_lib_slice_6_apk.apk@classes.dex
05-20 15:09:46.151 15830 15830 E dex2oat : Failed to create oat file: /data/dalvik-cache/x86/data@app@uk.me.ponies.wearroutes-1@split_lib_slice_6_apk.apk@classes.dex: Permission denied
05-20 15:09:46.151 15830 15830 I dex2oat : dex2oat took 530.513us (threads: 1) 
05-20 15:09:46.152 15794 15794 W art     : Failed execv(/system/bin/dex2oat --runtime-arg -classpath --runtime-arg  --instruction-set=x86 --instruction-set-features=smp,ssse3,-sse4.1,-sse4.2,-avx,-avx2 --runtime-arg -Xrelocate --boot-image=/system/framework/boot.art --runtime-arg -Xms64m --runtime-arg -Xmx512m -j1 --instruction-set-variant=x86 --instruction-set-features=default --dex-file=/data/app/uk.me.ponies.wearroutes-1/split_lib_slice_6_apk.apk --oat-file=/data/dalvik-cache/x86/data@app@uk.me.ponies.wearroutes-1@split_lib_slice_6_apk.apk@classes.dex) because non-0 exit status
05-20 15:09:46.164 15832 15832 W dex2oat : Unexpected CPU variant for X86 using defaults: x86
05-20 15:09:46.164 15832 15832 W dex2oat : Mismatch between dex2oat instruction set features (ISA: X86 Feature string: smp,-ssse3,-sse4.1,-sse4.2,-avx,-avx2) and those of dex2oat executable (ISA: X86 Feature string: smp,ssse3,-sse4.1,-sse4.2,-avx,-avx2) for the command line:
05-20 15:09:46.164 15832 15832 W dex2oat : /system/bin/dex2oat --runtime-arg -classpath --runtime-arg  --instruction-set=x86 --instruction-set-features=smp,ssse3,-sse4.1,-sse4.2,-avx,-avx2 --runtime-arg -Xrelocate --boot-image=/system/framework/boot.art --runtime-arg -Xms64m --runtime-arg -Xmx512m -j1 --instruction-set-variant=x86 --instruction-set-features=default --dex-file=/data/app/uk.me.ponies.wearroutes-1/split_lib_slice_7_apk.apk --oat-file=/data/dalvik-cache/x86/data@app@uk.me.ponies.wearroutes-1@split_lib_slice_7_apk.apk@classes.dex
05-20 15:09:46.164 15832 15832 E dex2oat : Failed to create oat file: /data/dalvik-cache/x86/data@app@uk.me.ponies.wearroutes-1@split_lib_slice_7_apk.apk@classes.dex: Permission denied
05-20 15:09:46.164 15832 15832 I dex2oat : dex2oat took 444.190us (threads: 1) 
05-20 15:09:46.165 15794 15794 W art     : Failed execv(/system/bin/dex2oat --runtime-arg -classpath --runtime-arg  --instruction-set=x86 --instruction-set-features=smp,ssse3,-sse4.1,-sse4.2,-avx,-avx2 --runtime-arg -Xrelocate --boot-image=/system/framework/boot.art --runtime-arg -Xms64m --runtime-arg -Xmx512m -j1 --instruction-set-variant=x86 --instruction-set-features=default --dex-file=/data/app/uk.me.ponies.wearroutes-1/split_lib_slice_7_apk.apk --oat-file=/data/dalvik-cache/x86/data@app@uk.me.ponies.wearroutes-1@split_lib_slice_7_apk.apk@classes.dex) because non-0 exit status
05-20 15:09:46.179 15834 15834 W dex2oat : Unexpected CPU variant for X86 using defaults: x86
05-20 15:09:46.180 15834 15834 W dex2oat : Mismatch between dex2oat instruction set features (ISA: X86 Feature string: smp,-ssse3,-sse4.1,-sse4.2,-avx,-avx2) and those of dex2oat executable (ISA: X86 Feature string: smp,ssse3,-sse4.1,-sse4.2,-avx,-avx2) for the command line:
05-20 15:09:46.180 15834 15834 W dex2oat : /system/bin/dex2oat --runtime-arg -classpath --runtime-arg  --instruction-set=x86 --instruction-set-features=smp,ssse3,-sse4.1,-sse4.2,-avx,-avx2 --runtime-arg -Xrelocate --boot-image=/system/framework/boot.art --runtime-arg -Xms64m --runtime-arg -Xmx512m -j1 --instruction-set-variant=x86 --instruction-set-features=default --dex-file=/data/app/uk.me.ponies.wearroutes-1/split_lib_slice_8_apk.apk --oat-file=/data/dalvik-cache/x86/data@app@uk.me.ponies.wearroutes-1@split_lib_slice_8_apk.apk@classes.dex
05-20 15:09:46.180 15834 15834 E dex2oat : Failed to create oat file: /data/dalvik-cache/x86/data@app@uk.me.ponies.wearroutes-1@split_lib_slice_8_apk.apk@classes.dex: Permission denied
05-20 15:09:46.180 15834 15834 I dex2oat : dex2oat took 442.515us (threads: 1) 
05-20 15:09:46.181 15794 15794 W art     : Failed execv(/system/bin/dex2oat --runtime-arg -classpath --runtime-arg  --instruction-set=x86 --instruction-set-features=smp,ssse3,-sse4.1,-sse4.2,-avx,-avx2 --runtime-arg -Xrelocate --boot-image=/system/framework/boot.art --runtime-arg -Xms64m --runtime-arg -Xmx512m -j1 --instruction-set-variant=x86 --instruction-set-features=default --dex-file=/data/app/uk.me.ponies.wearroutes-1/split_lib_slice_8_apk.apk --oat-file=/data/dalvik-cache/x86/data@app@uk.me.ponies.wearroutes-1@split_lib_slice_8_apk.apk@classes.dex) because non-0 exit status
05-20 15:09:46.190 15836 15836 W dex2oat : Unexpected CPU variant for X86 using defaults: x86
05-20 15:09:46.190 15836 15836 W dex2oat : Mismatch between dex2oat instruction set features (ISA: X86 Feature string: smp,-ssse3,-sse4.1,-sse4.2,-avx,-avx2) and those of dex2oat executable (ISA: X86 Feature string: smp,ssse3,-sse4.1,-sse4.2,-avx,-avx2) for the command line:
05-20 15:09:46.190 15836 15836 W dex2oat : /system/bin/dex2oat --runtime-arg -classpath --runtime-arg  --instruction-set=x86 --instruction-set-features=smp,ssse3,-sse4.1,-sse4.2,-avx,-avx2 --runtime-arg -Xrelocate --boot-image=/system/framework/boot.art --runtime-arg -Xms64m --runtime-arg -Xmx512m -j1 --instruction-set-variant=x86 --instruction-set-features=default --dex-file=/data/app/uk.me.ponies.wearroutes-1/split_lib_slice_9_apk.apk --oat-file=/data/dalvik-cache/x86/data@app@uk.me.ponies.wearroutes-1@split_lib_slice_9_apk.apk@classes.dex
05-20 15:09:46.191 15836 15836 E dex2oat : Failed to create oat file: /data/dalvik-cache/x86/data@app@uk.me.ponies.wearroutes-1@split_lib_slice_9_apk.apk@classes.dex: Permission denied
05-20 15:09:46.191 15836 15836 I dex2oat : dex2oat took 450.055us (threads: 1) 
05-20 15:09:46.191 15794 15794 W art     : Failed execv(/system/bin/dex2oat --runtime-arg -classpath --runtime-arg  --instruction-set=x86 --instruction-set-features=smp,ssse3,-sse4.1,-sse4.2,-avx,-avx2 --runtime-arg -Xrelocate --boot-image=/system/framework/boot.art --runtime-arg -Xms64m --runtime-arg -Xmx512m -j1 --instruction-set-variant=x86 --instruction-set-features=default --dex-file=/data/app/uk.me.ponies.wearroutes-1/split_lib_slice_9_apk.apk --oat-file=/data/dalvik-cache/x86/data@app@uk.me.ponies.wearroutes-1@split_lib_slice_9_apk.apk@classes.dex) because non-0 exit status
05-20 15:09:46.193 15794 15794 W System  : ClassLoader referenced unknown path: /data/app/uk.me.ponies.wearroutes-1/lib/x86
05-20 15:09:46.203 15794 15794 I InstantRun: starting instant run server: is main process
05-20 15:09:46.244 15794 15794 I UnexpectedExceptionHandler: registering unexpectedException Hander on threadmain
05-20 15:09:46.252 15794 15794 E MainWearActivity: onCreate called savedinstanceState is null:true
05-20 15:09:46.257 15794 15794 D ActivityLifeCycleLogger: uk.me.ponies.wearroutes.MainWearActivity@96f3d4 onActivityCreated called
05-20 15:09:46.408 15794 15794 D EventBus: No subscribers registered for event class uk.me.ponies.wearroutes.eventBusEvents.LocationPollingStateEvent
05-20 15:09:46.409 15794 15794 D EventBus: No subscribers registered for event class org.greenrobot.eventbus.NoSubscriberEvent
05-20 15:09:46.416 15794 15794 D EventBus: No subscribers registered for event class uk.me.ponies.wearroutes.eventBusEvents.LocationPollingStateEvent
05-20 15:09:46.416 15794 15794 D EventBus: No subscribers registered for event class org.greenrobot.eventbus.NoSubscriberEvent
05-20 15:09:46.420 15794 15794 D MainGridPagerAdapter: getFragment called for row:2 column:0
05-20 15:09:46.534 15794 15794 D MainWearActivity: android.permission.ACCESS_FINE_LOCATION Granted
05-20 15:09:46.534 15794 15794 D MainWearActivity: android.permission.WAKE_LOCK Granted
05-20 15:09:46.534 15794 15794 D MainWearActivity: android.permission.WRITE_EXTERNAL_STORAGE Granted
05-20 15:09:46.534 15794 15794 D MainWearActivity: android.permission.ACCESS_NETWORK_STATE Granted
05-20 15:09:46.534 15794 15794 D MainWearActivity: android.permission.INTERNET Granted
05-20 15:09:46.534 15794 15794 D MainWearActivity: android.permission.READ_EXTERNAL_STORAGE Granted
05-20 15:09:46.609 15794 15794 D ActivityLifeCycleLogger: uk.me.ponies.wearroutes.MainWearActivity@96f3d4 onActivityStarted called
05-20 15:09:46.649 15794 15794 D ActivityLifeCycleLogger: uk.me.ponies.wearroutes.MainWearActivity@96f3d4 onActivityResumed called
05-20 15:09:46.651 15794 15863 D OpenGLRenderer: Use EGL_SWAP_BEHAVIOR_PRESERVED: true
05-20 15:09:46.652 15794 15794 D         : HostConnection::get() New Host Connection established 0xad41bba0, tid 15794
05-20 15:09:46.728 15794 15794 D MainGridPagerAdapter: GridPagerAdapter: startUpdate Called id:2131820668 took 0ms
05-20 15:09:46.729 15794 15794 D MainGridPagerAdapter: getFragment called for row:0 column:0
05-20 15:09:46.729 15794 15794 D MainGridPagerAdapter: getFragment called for row:0 column:1
05-20 15:09:46.729 15794 15794 D MainGridPagerAdapter: getFragment called for row:0 column:2
05-20 15:09:46.729 15794 15794 D MainGridPagerAdapter: getFragment called for row:0 column:3
05-20 15:09:46.730 15794 15794 D MainGridPagerAdapter: getFragment called for row:0 column:4
05-20 15:09:46.730 15794 15794 D MainGridPagerAdapter: getFragment called for row:0 column:5
05-20 15:09:46.730 15794 15794 D MainGridPagerAdapter: getFragment called for row:1 column:0
05-20 15:09:46.730 15794 15794 D MainGridPagerAdapter: getFragment called for row:2 column:0
05-20 15:09:46.730 15794 15794 D MainGridPagerAdapter: getFragment called for row:3 column:0
05-20 15:09:46.730 15794 15794 D MainGridPagerAdapter: getFragment called for row:4 column:0
05-20 15:09:46.780 15794 15794 D FragmentLifecycleLogger: SpeedPanel1 onAttach called
05-20 15:09:46.780 15794 15794 D FragmentLifecycleLogger: SpeedPanel1 onCreate called
05-20 15:09:46.786 15794 15794 D FragmentLifecycleLogger: SpeedPanel1 onViewCreated called
05-20 15:09:46.786 15794 15794 D FragmentLifecycleLogger: SpeedPanel1 onActivityCreated called
05-20 15:09:46.786 15794 15794 D FragmentLifecycleLogger: SpeedPanel1 onViewStateRestored called
05-20 15:09:46.786 15794 15794 D FragmentLifecycleLogger: SpeedPanel1 onStart called
05-20 15:09:46.786 15794 15794 D SpeedPanel1: onResume called
05-20 15:09:46.786 15794 15794 D FragmentLifecycleLogger: SpeedPanel1 onResume called
05-20 15:09:46.787 15794 15794 D FragmentLifecycleLogger: MapSwipeToZoomFragment onAttach called
05-20 15:09:46.787 15794 15794 D FragmentLifecycleLogger: MapSwipeToZoomFragment onCreate called
05-20 15:09:46.787 15794 15794 D MapSwipeToZoomFrag: MapContainingFragment Map #00 onCreateView called
05-20 15:09:46.811 15794 15794 D MapSwipeToZoomFrag: creating a new InnerMapFragment
05-20 15:09:46.824 15794 15794 D MapSwipeToZoomFrag: MapContainingFragment (not the view) is MapFragment{c753c9e id=0x7f11008b}
05-20 15:09:46.824 15794 15794 D MapSwipeToZoomFrag: CreateView Map #00 getting MapAsync 
05-20 15:09:46.825 15794 15794 D MapSwipeToZoomFrag: CreateView completed
05-20 15:09:46.827 15794 15794 D MapSwipeToZoomFrag: Map #00 onViewCreatedCalled
05-20 15:09:46.827 15794 15794 D FragmentLifecycleLogger: MapSwipeToZoomFragment onViewCreated called
05-20 15:09:46.830 15794 15794 D FragmentLifecycleLogger: MapSwipeToZoomFragment onActivityCreated called
05-20 15:09:46.831 15794 15794 D FragmentLifecycleLogger: MapSwipeToZoomFragment onViewStateRestored called
05-20 15:09:46.836 15794 15794 I zzai    : Making Creator dynamically
05-20 15:09:46.896 15794 15794 I Google Maps Android API: Google Play services client version: 9452000
05-20 15:09:46.898 15794 15794 I Google Maps Android API: Google Play services package version: 11047570
05-20 15:09:46.931 15794 15801 W art     : Suspending all threads took: 13.682ms
05-20 15:09:47.109 15794 15886 W agl     : copyMemory is missing from platform - proto runtime falling back to safer methods.
05-20 15:09:47.256 15794 15805 W art     : Suspending all threads took: 30.043ms
05-20 15:09:47.260 15794 15805 I art     : Background sticky concurrent mark sweep GC freed 4049(972KB) AllocSpace objects, 2(40KB) LOS objects, 19% free, 3MB/4MB, paused 31.728ms total 78.646ms
05-20 15:09:47.303 15794 15794 D MapSwipeToZoomFrag: MapContainingFragment:Map #00 onStart called with zoom:15
05-20 15:09:47.303 15794 15794 D FragmentLifecycleLogger: MapSwipeToZoomFragment onStart called
05-20 15:09:47.303 15794 15794 D MapSwipeToZoomFrag: MapContainingFragment:Map #00 onResume called, visible is true
05-20 15:09:47.303 15794 15794 D FragmentLifecycleLogger: MapSwipeToZoomFragment onResume called
05-20 15:09:47.304 15794 15794 D MapSwipeToZoomFrag: matchMapUIToConfig -- no map
05-20 15:09:47.309 15794 15794 D MainGridPagerAdapter: GridPagerAdapter: finishUpdate Called id:2131820668 took 578ms
05-20 15:09:47.314 15794 15794 D MainGridPagerAdapter: GridPagerAdapter: startUpdate Called id:2131820668 took 0ms
05-20 15:09:47.314 15794 15794 D MainGridPagerAdapter: GridPagerAdapter: finishUpdate Called id:2131820668 took 0ms
05-20 15:09:47.340 15794 15863 D         : HostConnection::get() New Host Connection established 0xa67ada40, tid 15863
05-20 15:09:47.342 15794 15863 I OpenGLRenderer: Initialized EGL, version 1.4
05-20 15:09:47.342 15794 15863 W OpenGLRenderer: Failed to choose config with EGL_SWAP_BEHAVIOR_PRESERVED, retrying without...
05-20 15:09:47.360 15794 15794 D MainGridPagerAdapter: GridPagerAdapter: startUpdate Called id:2131820668 took 0ms
05-20 15:09:47.360 15794 15794 D MainGridPagerAdapter: GridPagerAdapter: finishUpdate Called id:2131820668 took 0ms
05-20 15:09:47.362 15794 15794 D MainWearActivity: onPageScrolled: 0,0
05-20 15:09:47.367 15794 15903 D Loader  : Loading asset 0x7f020070
05-20 15:09:47.383 15794 15897 D         : HostConnection::get() New Host Connection established 0xa67ad2d0, tid 15897
05-20 15:09:47.419 15794 15794 I Choreographer: Skipped 41 frames!  The application may be doing too much work on its main thread.
05-20 15:09:47.493 15794 15805 I art     : Background partial concurrent mark sweep GC freed 1156(131KB) AllocSpace objects, 5(548KB) LOS objects, 24% free, 6MB/8MB, paused 6.145ms total 48.380ms
05-20 15:09:47.543 15794 15794 D MapSwipeToZoomFrag: showZoom is false
05-20 15:09:47.603 15794 15794 D MapSwipeToZoomFrag: SetupMap Called Map #00
05-20 15:09:47.605 15794 15794 D MapSwipeToZoomFrag: EventBusLocationSourceForMap activated for com.google.android.gms.maps.GoogleMap$12$1@a06bd04
05-20 15:09:47.620 15794 15794 D MapSwipeToZoomFrag: SetupMap Map #00 moving camera to zoom15
05-20 15:09:47.620 15794 15794 D MapSwipeToZoomFrag: Not moving camera as the map isn't visible
05-20 15:09:47.621 15794 15794 D MapSwipeToZoomFrag: Re-adding polylines during onResume
05-20 15:09:47.621 15794 15794 D MapSwipeToZoomFrag: polylines re-added in onResume
--------- beginning of system
05-20 15:09:47.637 15794 15794 D StrictMode: Wrote violation #0 of 1: 11460 bytes
05-20 15:09:47.641 15794 15794 D MainGridPagerAdapter: GridPagerAdapter: startUpdate Called id:2131820668 took 0ms
05-20 15:09:47.641 15794 15794 D MainGridPagerAdapter: GridPagerAdapter: finishUpdate Called id:2131820668 took 0ms
05-20 15:09:47.645 15794 15794 D MainGridPagerAdapter: GridPagerAdapter: startUpdate Called id:2131820668 took 0ms
05-20 15:09:47.659 15794 15794 D MainGridPagerAdapter: GridPagerAdapter: finishUpdate Called id:2131820668 took 0ms
05-20 15:09:47.674 15794 15794 D MapSwipeToZoomFrag: Camera Changed for Map Map #00
05-20 15:09:47.711 15794 15794 D StrictMode: Wrote violation #0 of 1: 13336 bytes
05-20 15:09:47.726 15794 15794 D MapSwipeToZoomFrag: Camera Changed for Map Map #00
05-20 15:09:47.727 15794 15794 D StrictMode: Wrote violation #0 of 1: 16044 bytes
05-20 15:09:47.764 15794 15794 D LocationHandler: onConnected(): Successfully connected to Google API client
05-20 15:09:47.764 15794 15794 D SlowLocationPollerBase: SlowLocationPollerBase stopped
05-20 15:09:47.764 15794 15794 D LocationHandler: removingLocationUpdates for listener uk.me.ponies.wearroutes.locationHandling.SlowLocationPollerAlarmWakeup@267d23d
05-20 15:09:47.764 15794 15794 D LocationHandler: removingLocationUpdates for listener uk.me.ponies.wearroutes.locationHandling.LocationHandler@37328d0
05-20 15:09:47.765 15794 15794 D LocationHandler: requestingLocationUpdates for listener uk.me.ponies.wearroutes.locationHandling.LocationHandler@37328d0
05-20 15:09:47.808 15794 15794 D MainWearActivity: onConnected(): Successfully connected to Google API client
05-20 15:09:47.893 15794 15794 D LocationHandler: Good location received Location[fused 54.175710,-2.292842 acc=42 et=+25m54s629ms alt=0.0 vel=13.89 bear=357.0 mock {Bundle[mParcelledData.dataSize=44]}] from LocationHandler
05-20 15:09:47.894 15794 15794 D StrictMode: Wrote violation #0 of 1: 18752 bytes
05-20 15:09:47.895 15794 15794 D BearingSectorizer: clamped to :0.0 from:357.0
05-20 15:09:47.895 15794 15794 D MapSwipeToZoomFrag: Location changed, updating because First Location
05-20 15:09:47.895 15794 15794 D MapSwipeToZoomFrag: Not moving camera as the map isn't visible
05-20 15:09:47.895 15794 15794 D MapSwipeToZoomFrag: EventBusLocationSourceForMap sending location to listener com.google.android.gms.maps.GoogleMap$12$1@a06bd04
05-20 15:09:47.910 15794 15794 D MainGridPagerAdapter: GridPagerAdapter: startUpdate Called id:2131820668 took 0ms
05-20 15:09:47.910 15794 15794 D MainGridPagerAdapter: GridPagerAdapter: finishUpdate Called id:2131820668 took 0ms
05-20 15:09:47.912 15794 15794 D MainGridPagerAdapter: GridPagerAdapter: startUpdate Called id:2131820668 took 0ms
05-20 15:09:47.912 15794 15794 D MainGridPagerAdapter: GridPagerAdapter: finishUpdate Called id:2131820668 took 0ms
05-20 15:09:47.959 15794 15794 D Error   : ERR: exClass=android.os.StrictMode$StrictModeCustomViolation
05-20 15:09:47.959 15794 15794 D Error   : ERR: exMsg=policy=4325404 violation=8 msg=gcore.dynamite
05-20 15:09:47.959 15794 15794 D Error   : ERR: file=StrictMode.java
05-20 15:09:47.959 15794 15794 D Error   : ERR: class=android.os.StrictMode$AndroidBlockGuardPolicy
05-20 15:09:47.959 15794 15794 D Error   : ERR: method=onCustomSlowCall line=1236
05-20 15:09:47.959 15794 15794 D Error   : ERR: stack=android.os.StrictMode$StrictModeCustomViolation: policy=4325404 violation=8 msg=gcore.dynamite
05-20 15:09:47.959 15794 15794 D Error   : 	at android.os.StrictMode$AndroidBlockGuardPolicy.onCustomSlowCall(StrictMode.java:1236)
05-20 15:09:47.959 15794 15794 D Error   : 	at android.os.StrictMode.noteSlowCall(StrictMode.java:2136)
05-20 15:09:47.959 15794 15794 D Error   : 	at ffk.a(:com.google.android.gms:0)
05-20 15:09:47.959 15794 15794 D Error   : 	at dgs.a(:com.google.android.gms:2)
05-20 15:09:47.959 15794 15794 D Error   : 	at com.google.android.gms.maps.internal.CreatorImpl.a(:com.google.android.gms:4)
05-20 15:09:47.959 15794 15794 D Error   : 	at com.google.android.gms.maps.internal.CreatorImpl.newMapFragmentDelegate(:com.google.android.gms:0)
05-20 15:09:47.959 15794 15794 D Error   : 	at igj.onTransact(:com.google.android.gms:13)
05-20 15:09:47.959 15794 15794 D Error   : 	at android.os.Binder.transact(Binder.java:387)
05-20 15:09:47.959 15794 15794 D Error   : 	at com.google.android.gms.maps.internal.zzc$zza$zza.zzag(Unknown Source)
05-20 15:09:47.959 15794 15794 D Error   : 	at com.google.android.gms.maps.MapFragment$zzb.zzbow(Unknown Source)
05-20 15:09:47.959 15794 15794 D Error   : 	at com.google.android.gms.maps.MapFragment$zzb.zza(Unknown Source)
05-20 15:09:47.959 15794 15794 D Error   : 	at com.google.android.gms.dynamic.zza.zza(Unknown Source)
05-20 15:09:47.959 15794 15794 D Error   : 	at com.google.android.gms.dynamic.zza.onCreate(Unknown Source)
05-20 15:09:47.959 15794 15794 D Error   : 	at com.google.android.gms.maps.MapFragment.onCreate(Unknown Source)
05-20 15:09:47.959 15794 15794 D Error   : 	at android.app.Fragment.performCreate(Fragment.java:2198)
05-20 15:09:47.959 15794 15794 D Error   : 	at android.app.FragmentManagerImpl.moveToState(FragmentManager.java:942)
05-20 15:09:47.959 15794 15794 D Error   : 	at android.app.FragmentManagerImpl.moveToState(FragmentManager.java:1148)
05-20 15:09:47.959 15794 15794 D Error   : 	at android.app.BackStackRecord.run(BackStackRecord.java:793)
05-20 15:09:47.959 15794 15794 D Error   : 	at android.app.FragmentManagerImpl.execPendingActions(FragmentManager.java:1535)
05-20 15:09:47.959 15794 15794 D Error   : 	at android.app.Fragment.performStart(Fragment.java:2241)
05-20 15:09:47.959 15794 15794 D Error   : 	at android.app.FragmentManagerImpl.moveToState(FragmentManager.java:1002)
05-20 15:09:47.959 15794 15794 D Error   : 	at android.app.FragmentManagerImpl.moveToState(FragmentManager.java:1148)
05-20 15:09:47.959 15794 15794 D Error   : 	at android.app.BackStackRecord.run(BackStackRecord.java:793)
05-20 15:09:47.959 15794 15794 D Error   : 	at android.app.FragmentManagerImpl.execPendingActions(FragmentManager.java:1535)
05-20 15:09:47.959 15794 15794 D Error   : 	at android.app.FragmentManagerImpl.executePendingTransactions(FragmentManager.java:562)
05-20 15:09:47.959 15794 15794 D Error   : 	at android.support.wearable.view.FragmentGridPagerAdapter.finishUpdate(FragmentGridPagerAdapter.java:220)
05-20 15:09:47.959 15794 15794 D Error   : 	at uk.me.ponies.wearroutes.MainGridPagerAdapter.finishUpdate(MainGridPagerAdapter.java:329)
05-20 15:09:47.959 15794 15794 D Error   : 	at android.support.wearable.view.GridViewPager.populate(GridViewPager.java:1182)
05-20 15:09:47.959 15794 15794 D Error   : 	at android.support.wearable.view.GridViewPager.populate(GridViewPager.java:1038)
05-20 15:09:47.959 15794 15794 D Error   : 	at android.support.wearable.view.GridViewPager.onMeasure(GridViewPager.java:1343)
05-20 15:09:47.959 15794 15794 D Error   : 	at android.view.View.measure(View.java:18794)
05-20 15:09:47.959 15794 15794 D Error   : 	at android.view.ViewGroup.measureChildWithMargins(ViewGroup.java:5951)
05-20 15:09:47.959 15794 15794 D Error   : 	at android.widget.FrameLayout.onMeasure(FrameLayout.java:194)
05-20 15:09:47.959 15794 15794 D Error   : 	at android.view.View.measure(View.java:18794)
05-20 15:09:47.959 15794 15794 D Error   : 	at android.view.ViewGroup.measureChildWithMargins(ViewGroup.java:5951)
05-20 15:09:47.959 15794 15794 D Error   : 	at android.widget.FrameLayout.onMeasure(FrameLayout.java:194)
05-20 15:09:47.959 15794 15794 D Error   : 	at android.view.View.measure(View.java:18794)
05-20 15:09:47.959 15794 15794 D Error   : 	at android.view.ViewGroup.measureChildWithMargins(ViewGroup.java:5951)
05-20 15:09:47.959 15794 15794 D Error   : 	at android.widget.FrameLayout.onMeasure(FrameLayout.java:194)
05-20 15:09:47.959 15794 15794 D Error   : 	at com.android.internal.policy.PhoneWindow$DecorView.onMeasure(PhoneWindow.java:2643)
05-20 15:09:47.959 15794 15794 D Error   : 	at android.view.View.measure(View.java:18794)
05-20 15:09:47.959 15794 15794 D Error   : 	at android.view.ViewRootImpl.performMeasure(ViewRootImpl.java:2108)
05-20 15:09:47.959 15794 15794 D Error   : 	at android.view.ViewRootImpl.measureHierarchy(ViewRootImpl.java:1224)
05-20 15:09:47.959 15794 15794 D Error   : 	at android.view.ViewRootImpl.performTraversals(ViewRootImpl.java:1460)
05-20 15:09:47.959 15794 15794 D Error   : 	at android.view.ViewRootImpl.doTraversal(ViewRootImpl.java:1115)
05-20 15:09:47.959 15794 15794 D Error   : 	at android.view.ViewRootImpl$TraversalRunnable.run(ViewRootImpl.java:6024)
05-20 15:09:47.959 15794 15794 D Error   : 	at android.view.Choreographer$CallbackRecord.run(Choreographer.java:858)
05-20 15:09:47.959 15794 15794 D Error   : 	at android.view.Choreographer.doCallbacks(Choreographer.java:670)
05-20 15:09:47.959 15794 15794 D Error   : 	at android.view.Choreographer.doFrame(Choreographer.java:606)
05-20 15:09:47.959 15794 15794 D Error   : 	at android.view.Choreographer$FrameDisplayEventReceiver.run(Choreographer.java:844)
05-20 15:09:47.959 15794 15794 D Error   : 	at android.os.Handler.handleCallback(Handler.java:739)
05-20 15:09:47.959 15794 15794 D Error   : 	at android.os.Handler.dispatchMessage(Handler.java:95)
05-20 15:09:47.959 15794 15794 D Error   : 	at android.os.Looper.loop(Looper.java:148)
05-20 15:09:47.959 15794 15794 D Error   : 	at android.app.ActivityThread.main(ActivityThread.java:5422)
05-20 15:09:47.959 15794 15794 D Error   : 	at java.lang.reflect.Method.invoke(Native Method)
05-20 15:09:47.959 15794 15794 D Error   : 	at com.android.internal.os.ZygoteInit$MethodAndArgsCaller.run(ZygoteInit.java:726)
05-20 15:09:47.959 15794 15794 D Error   : 	at com.android.internal.os.ZygoteInit.main(ZygoteInit.java:616)
05-20 15:09:47.959 15794 15794 D Error   : # via Binder call with stack:
05-20 15:09:47.959 15794 15794 D Error   : android.os.StrictMode$LogStackTrace
05-20 15:09:47.959 15794 15794 D Error   : 	at and
05-20 15:09:47.959 15794 15794 D Error   : ERR: TOTAL BYTES WRITTEN: 22140
05-20 15:09:47.959 15794 15794 D StrictMode: Wrote violation #0 of 1: 22184 bytes
05-20 15:09:47.960 15794 15794 D MapSwipeToZoomFrag: MapContainingFragmentMap #00 onCameraChange Map now Loaded zoom is 15.0 wanted 15.0 on map:com.google.android.gms.maps.GoogleMap@53b5856
05-20 15:09:47.965 15794 15794 D MainGridPagerAdapter: GridPagerAdapter: startUpdate Called id:2131820668 took 0ms
05-20 15:09:47.965 15794 15794 D MainGridPagerAdapter: GridPagerAdapter: finishUpdate Called id:2131820668 took 0ms
05-20 15:09:47.968 15794 15794 D MainGridPagerAdapter: GridPagerAdapter: startUpdate Called id:2131820668 took 0ms
05-20 15:09:47.969 15794 15794 D MainGridPagerAdapter: GridPagerAdapter: finishUpdate Called id:2131820668 took 0ms
05-20 15:09:48.020 15794 15794 D MyGridViewPager: oninterceptTouchEvent is returning false
05-20 15:09:48.078 15794 15794 D GridViewPagerNotifier: onPageScrollStateChanged state:1
05-20 15:09:48.079 15794 15794 D MainWearActivity: onPageScrollStateChanged state: 1 DRAGGING
05-20 15:09:48.079 15794 15794 D MainWearActivity: onPageScrolled: 0,0
05-20 15:09:48.167 15794 15794 D MyGridViewPager: oninterceptTouchEvent is returning true
05-20 15:09:48.170 15794 15794 D MyGridViewPager: onTouch ambient is falseevent was:MotionEvent { action=ACTION_MOVE, actionButton=0, id[0]=0, x[0]=237.0, y[0]=85.0, toolType[0]=TOOL_TYPE_FINGER, buttonState=0, metaState=0, flags=0x0, edgeFlags=0x0, pointerCount=1, historySize=11, eventTime=1554880, downTime=1554751, deviceId=0, source=0x1002 }context is uk.me.ponies.wearroutes.MainWearActivity@96f3d4
05-20 15:09:48.170 15794 15794 D MapSwipeToZoomFrag: onScrollChange seen
05-20 15:09:48.171 15794 15794 D MainGridPagerAdapter: getFragment called for row:0 column:0
05-20 15:09:48.172 15794 15794 D MainGridPagerAdapter: getFragment called for row:0 column:1
05-20 15:09:48.172 15794 15794 D MainWearActivity: onPageScrolled: 0,0
05-20 15:09:48.172 15794 15794 D MyGridViewPager: onTouchEvent is returning true
05-20 15:09:48.181 15794 15918 D Loader  : Loading asset 0x7f020071
05-20 15:09:48.189 15794 15794 D MapSwipeToZoomFrag: onTouch seen for event:MotionEvent { action=ACTION_UP, actionButton=0, id[0]=0, x[0]=237.0, y[0]=85.0, toolType[0]=TOOL_TYPE_FINGER, buttonState=0, metaState=0, flags=0x0, edgeFlags=0x0, pointerCount=1, historySize=0, eventTime=1554880, downTime=1554751, deviceId=0, source=0x1002 }
05-20 15:09:48.189 15794 15794 D MapSwipeToZoomFrag: GestureDetector onFling seen!
05-20 15:09:48.189 15794 15794 D MapSwipeToZoomFrag: GestureDetector e1 or e2 is null, ignoring, returning false
05-20 15:09:48.189 15794 15794 D MyGridViewPager: onTouch ambient is falseevent was:MotionEvent { action=ACTION_UP, actionButton=0, id[0]=0, x[0]=237.0, y[0]=85.0, toolType[0]=TOOL_TYPE_FINGER, buttonState=0, metaState=0, flags=0x0, edgeFlags=0x0, pointerCount=1, historySize=0, eventTime=1554880, downTime=1554751, deviceId=0, source=0x1002 }context is uk.me.ponies.wearroutes.MainWearActivity@96f3d4
05-20 15:09:48.189 15794 15794 D ColumnHistorian: Selected Page is 1,0
05-20 15:09:48.189 15794 15794 D GridViewPagerNotifier: onPageSelected row:1 column:0
05-20 15:09:48.189 15794 15794 D MainGridPagerAdapter: getFragment called for row:1 column:0
05-20 15:09:48.189 15794 15794 D MainGridPagerAdapter: getFragment called for row:1 column:1
05-20 15:09:48.189 15794 15794 D MainGridPagerAdapter: getFragment called for row:0 column:0
05-20 15:09:48.189 15794 15794 D MainGridPagerAdapter: getFragment called for row:2 column:0
05-20 15:09:48.190 15794 15794 D MapSwipeToZoomFrag: EventBusLocationSourceForMap deActivated for com.google.android.gms.maps.GoogleMap$12$1@a06bd04
05-20 15:09:48.190 15794 15794 D Error   : ERR: exClass=android.os.StrictMode$StrictModeCustomViolation
05-20 15:09:48.190 15794 15794 D Error   : ERR: exMsg=policy=4325404 violation=8 msg=gcore.dynamite
05-20 15:09:48.190 15794 15794 D Error   : ERR: file=StrictMode.java
05-20 15:09:48.190 15794 15794 D Error   : ERR: class=android.os.StrictMode$AndroidBlockGuardPolicy
05-20 15:09:48.190 15794 15794 D Error   : ERR: method=onCustomSlowCall line=1236
05-20 15:09:48.190 15794 15794 D Error   : ERR: stack=android.os.StrictMode$StrictModeCustomViolation: policy=4325404 violation=8 msg=gcore.dynamite
05-20 15:09:48.190 15794 15794 D Error   : 	at android.os.StrictMode$AndroidBlockGuardPolicy.onCustomSlowCall(StrictMode.java:1236)
05-20 15:09:48.190 15794 15794 D Error   : 	at android.os.StrictMode.noteSlowCall(StrictMode.java:2136)
05-20 15:09:48.190 15794 15794 D Error   : 	at ffk.a(:com.google.android.gms:0)
05-20 15:09:48.190 15794 15794 D Error   : 	at dgs.a(:com.google.android.gms:2)
05-20 15:09:48.190 15794 15794 D Error   : 	at com.google.android.gms.maps.internal.CreatorImpl.a(:com.google.android.gms:4)
05-20 15:09:48.190 15794 15794 D Error   : 	at com.google.android.gms.maps.internal.CreatorImpl.newMapFragmentDelegate(:com.google.android.gms:0)
05-20 15:09:48.190 15794 15794 D Error   : 	at igj.onTransact(:com.google.android.gms:13)
05-20 15:09:48.190 15794 15794 D Error   : 	at android.os.Binder.transact(Binder.java:387)
05-20 15:09:48.190 15794 15794 D Error   : 	at com.google.android.gms.maps.internal.zzc$zza$zza.zzag(Unknown Source)
05-20 15:09:48.190 15794 15794 D Error   : 	at com.google.android.gms.maps.MapFragment$zzb.zzbow(Unknown Source)
05-20 15:09:48.190 15794 15794 D Error   : 	at com.google.android.gms.maps.MapFragment$zzb.zza(Unknown Source)
05-20 15:09:48.190 15794 15794 D Error   : 	at com.google.android.gms.dynamic.zza.zza(Unknown Source)
05-20 15:09:48.190 15794 15794 D Error   : 	at com.google.android.gms.dynamic.zza.onCreate(Unknown Source)
05-20 15:09:48.190 15794 15794 D Error   : 	at com.google.android.gms.maps.MapFragment.onCreate(Unknown Source)
05-20 15:09:48.190 15794 15794 D Error   : 	at android.app.Fragment.performCreate(Fragment.java:2198)
05-20 15:09:48.190 15794 15794 D Error   : 	at android.app.FragmentManagerImpl.moveToState(FragmentManager.java:942)
05-20 15:09:48.190 15794 15794 D Error   : 	at android.app.FragmentManagerImpl.moveToState(FragmentManager.java:1148)
05-20 15:09:48.190 15794 15794 D Error   : 	at android.app.BackStackRecord.run(BackStackRecord.java:793)
05-20 15:09:48.190 15794 15794 D Error   : 	at android.app.FragmentManagerImpl.execPendingActions(FragmentManager.java:1535)
05-20 15:09:48.190 15794 15794 D Error   : 	at android.app.Fragment.performStart(Fragment.java:2241)
05-20 15:09:48.190 15794 15794 D Error   : 	at android.app.FragmentManagerImpl.moveToState(FragmentManager.java:1002)
05-20 15:09:48.190 15794 15794 D Error   : 	at android.app.FragmentManagerImpl.moveToState(FragmentManager.java:1148)
05-20 15:09:48.190 15794 15794 D Error   : 	at android.app.BackStackRecord.run(BackStackRecord.java:793)
05-20 15:09:48.190 15794 15794 D Error   : 	at android.app.FragmentManagerImpl.execPendingActions(FragmentManager.java:1535)
05-20 15:09:48.190 15794 15794 D Error   : 	at android.app.FragmentManagerImpl.executePendingTransactions(FragmentManager.java:562)
05-20 15:09:48.190 15794 15794 D Error   : 	at android.support.wearable.view.FragmentGridPagerAdapter.finishUpdate(FragmentGridPagerAdapter.java:220)
05-20 15:09:48.190 15794 15794 D Error   : 	at uk.me.ponies.wearroutes.MainGridPagerAdapter.finishUpdate(MainGridPagerAdapter.java:329)
05-20 15:09:48.190 15794 15794 D Error   : 	at android.support.wearable.view.GridViewPager.populate(GridViewPager.java:1182)
05-20 15:09:48.190 15794 15794 D Error   : 	at android.support.wearable.view.GridViewPager.populate(GridViewPager.java:1038)
05-20 15:09:48.190 15794 15794 D Error   : 	at android.support.wearable.view.GridViewPager.onMeasure(GridViewPager.java:1343)
05-20 15:09:48.190 15794 15794 D Error   : 	at android.view.View.measure(View.java:18794)
05-20 15:09:48.190 15794 15794 D Error   : 	at android.view.ViewGroup.measureChildWithMargins(ViewGroup.java:5951)
05-20 15:09:48.190 15794 15794 D Error   : 	at android.widget.FrameLayout.onMeasure(FrameLayout.java:194)
05-20 15:09:48.190 15794 15794 D Error   : 	at android.view.View.measure(View.java:18794)
05-20 15:09:48.190 15794 15794 D Error   : 	at android.view.ViewGroup.measureChildWithMargins(ViewGroup.java:5951)
05-20 15:09:48.190 15794 15794 D Error   : 	at android.widget.FrameLayout.onMeasure(FrameLayout.java:194)
05-20 15:09:48.190 15794 15794 D Error   : 	at android.view.View.measure(View.java:18794)
05-20 15:09:48.190 15794 15794 D Error   : 	at android.view.ViewGroup.measureChildWithMargins(ViewGroup.java:5951)
05-20 15:09:48.190 15794 15794 D Error   : 	at android.widget.FrameLayout.onMeasure(FrameLayout.java:194)
05-20 15:09:48.190 15794 15794 D Error   : 	at com.android.internal.policy.PhoneWindow$DecorView.onMeasure(PhoneWindow.java:2643)
05-20 15:09:48.190 15794 15794 D Error   : 	at android.view.View.measure(View.java:18794)
05-20 15:09:48.190 15794 15794 D Error   : 	at android.view.ViewRootImpl.performMeasure(ViewRootImpl.java:2108)
05-20 15:09:48.190 15794 15794 D Error   : 	at android.view.ViewRootImpl.measureHierarchy(ViewRootImpl.java:1224)
05-20 15:09:48.190 15794 15794 D Error   : 	at android.view.ViewRootImpl.performTraversals(ViewRootImpl.java:1460)
05-20 15:09:48.190 15794 15794 D Error   : 	at android.view.ViewRootImpl.doTraversal(ViewRootImpl.java:1115)
05-20 15:09:48.190 15794 15794 D Error   : 	at android.view.ViewRootImpl$TraversalRunnable.run(ViewRootImpl.java:6024)
05-20 15:09:48.190 15794 15794 D Error   : 	at android.view.Choreographer$CallbackRecord.run(Choreographer.java:858)
05-20 15:09:48.190 15794 15794 D Error   : 	at android.view.Choreographer.doCallbacks(Choreographer.java:670)
05-20 15:09:48.190 15794 15794 D Error   : 	at android.view.Choreographer.doFrame(Choreographer.java:606)
05-20 15:09:48.190 15794 15794 D Error   : 	at android.view.Choreographer$FrameDisplayEventReceiver.run(Choreographer.java:844)
05-20 15:09:48.190 15794 15794 D Error   : 	at android.os.Handler.handleCallback(Handler.java:739)
05-20 15:09:48.190 15794 15794 D Error   : 	at android.os.Handler.dispatchMessage(Handler.java:95)
05-20 15:09:48.190 15794 15794 D Error   : 	at android.os.Looper.loop(Looper.java:148)
05-20 15:09:48.190 15794 15794 D Error   : 	at android.app.ActivityThread.main(ActivityThread.java:5422)
05-20 15:09:48.190 15794 15794 D Error   : 	at java.lang.reflect.Method.invoke(Native Method)
05-20 15:09:48.190 15794 15794 D Error   : 	at com.android.internal.os.ZygoteInit$MethodAndArgsCaller.run(ZygoteInit.java:726)
05-20 15:09:48.190 15794 15794 D Error   : 	at com.android.internal.os.ZygoteInit.main(ZygoteInit.java:616)
05-20 15:09:48.190 15794 15794 D Error   : # via Binder call with stack:
05-20 15:09:48.190 15794 15794 D Error   : android.os.StrictMode$LogStackTrace
05-20 15:09:48.190 15794 15794 D Error   : 	at and
05-20 15:09:48.190 15794 15794 D Error   : ERR: TOTAL BYTES WRITTEN: 24812
05-20 15:09:48.190 15794 15794 D StrictMode: Wrote violation #0 of 1: 24856 bytes
05-20 15:09:48.191 15794 15794 D MainWearActivity: onPageSelected: 1,0
05-20 15:09:48.191 15794 15794 D GridViewPagerNotifier: onPageScrollStateChanged state:2
05-20 15:09:48.191 15794 15794 D MainWearActivity: onPageScrollStateChanged state: 2 SETTLING
05-20 15:09:48.191 15794 15794 D InnerMapFragment: Dump of Google maps fragments created
05-20 15:09:48.192 15794 15794 D InnerMapFragment: Google maps fragments created contains: 0
05-20 15:09:48.192 15794 15794 D InnerMapFragment: Google maps innerMap Pool is pooling: 0
05-20 15:09:48.192 15794 15794 D InnerMapFragment: Google maps innerMap Pool has had 0 garbage collected
05-20 15:09:48.192 15794 15794 D MainWearActivity: onPageScrollStateChaged, SETTLING, current position is Point(0, 1)
05-20 15:09:48.192 15794 15794 D MyGridViewPager: onTouchEvent is returning true
