--------- beginning of main
05-22 10:21:07.730  8099  8099 I art     : Not late-enabling -Xcheck:jni (already on)
05-22 10:21:07.795  8116  8116 W dex2oat : Unexpected CPU variant for X86 using defaults: x86
05-22 10:21:07.795  8116  8116 W dex2oat : Mismatch between dex2oat instruction set features (ISA: X86 Feature string: smp,-ssse3,-sse4.1,-sse4.2,-avx,-avx2) and those of dex2oat executable (ISA: X86 Feature string: smp,ssse3,-sse4.1,-sse4.2,-avx,-avx2) for the command line:
05-22 10:21:07.795  8116  8116 W dex2oat : /system/bin/dex2oat --runtime-arg -classpath --runtime-arg  --instruction-set=x86 --instruction-set-features=smp,ssse3,-sse4.1,-sse4.2,-avx,-avx2 --runtime-arg -Xrelocate --boot-image=/system/framework/boot.art --runtime-arg -Xms64m --runtime-arg -Xmx512m -j1 --instruction-set-variant=x86 --instruction-set-features=default --dex-file=/data/app/uk.me.ponies.wearroutes-2/split_lib_dependencies_apk.apk --oat-file=/data/dalvik-cache/x86/data@app@uk.me.ponies.wearroutes-2@split_lib_dependencies_apk.apk@classes.dex
05-22 10:21:07.795  8116  8116 E dex2oat : Failed to create oat file: /data/dalvik-cache/x86/data@app@uk.me.ponies.wearroutes-2@split_lib_dependencies_apk.apk@classes.dex: Permission denied
05-22 10:21:07.795  8116  8116 I dex2oat : dex2oat took 469.335us (threads: 1) 
05-22 10:21:07.796  8099  8099 W art     : Failed execv(/system/bin/dex2oat --runtime-arg -classpath --runtime-arg  --instruction-set=x86 --instruction-set-features=smp,ssse3,-sse4.1,-sse4.2,-avx,-avx2 --runtime-arg -Xrelocate --boot-image=/system/framework/boot.art --runtime-arg -Xms64m --runtime-arg -Xmx512m -j1 --instruction-set-variant=x86 --instruction-set-features=default --dex-file=/data/app/uk.me.ponies.wearroutes-2/split_lib_dependencies_apk.apk --oat-file=/data/dalvik-cache/x86/data@app@uk.me.ponies.wearroutes-2@split_lib_dependencies_apk.apk@classes.dex) because non-0 exit status
05-22 10:21:07.903  8124  8124 W dex2oat : Unexpected CPU variant for X86 using defaults: x86
05-22 10:21:07.903  8124  8124 W dex2oat : Mismatch between dex2oat instruction set features (ISA: X86 Feature string: smp,-ssse3,-sse4.1,-sse4.2,-avx,-avx2) and those of dex2oat executable (ISA: X86 Feature string: smp,ssse3,-sse4.1,-sse4.2,-avx,-avx2) for the command line:
05-22 10:21:07.903  8124  8124 W dex2oat : /system/bin/dex2oat --runtime-arg -classpath --runtime-arg  --instruction-set=x86 --instruction-set-features=smp,ssse3,-sse4.1,-sse4.2,-avx,-avx2 --runtime-arg -Xrelocate --boot-image=/system/framework/boot.art --runtime-arg -Xms64m --runtime-arg -Xmx512m -j1 --instruction-set-variant=x86 --instruction-set-features=default --dex-file=/data/app/uk.me.ponies.wearroutes-2/split_lib_slice_0_apk.apk --oat-file=/data/dalvik-cache/x86/data@app@uk.me.ponies.wearroutes-2@split_lib_slice_0_apk.apk@classes.dex
05-22 10:21:07.903  8124  8124 E dex2oat : Failed to create oat file: /data/dalvik-cache/x86/data@app@uk.me.ponies.wearroutes-2@split_lib_slice_0_apk.apk@classes.dex: Permission denied
05-22 10:21:07.903  8124  8124 I dex2oat : dex2oat took 419.887us (threads: 1) 
05-22 10:21:07.904  8099  8099 W art     : Failed execv(/system/bin/dex2oat --runtime-arg -classpath --runtime-arg  --instruction-set=x86 --instruction-set-features=smp,ssse3,-sse4.1,-sse4.2,-avx,-avx2 --runtime-arg -Xrelocate --boot-image=/system/framework/boot.art --runtime-arg -Xms64m --runtime-arg -Xmx512m -j1 --instruction-set-variant=x86 --instruction-set-features=default --dex-file=/data/app/uk.me.ponies.wearroutes-2/split_lib_slice_0_apk.apk --oat-file=/data/dalvik-cache/x86/data@app@uk.me.ponies.wearroutes-2@split_lib_slice_0_apk.apk@classes.dex) because non-0 exit status
05-22 10:21:07.915  8126  8126 W dex2oat : Unexpected CPU variant for X86 using defaults: x86
05-22 10:21:07.915  8126  8126 W dex2oat : Mismatch between dex2oat instruction set features (ISA: X86 Feature string: smp,-ssse3,-sse4.1,-sse4.2,-avx,-avx2) and those of dex2oat executable (ISA: X86 Feature string: smp,ssse3,-sse4.1,-sse4.2,-avx,-avx2) for the command line:
05-22 10:21:07.915  8126  8126 W dex2oat : /system/bin/dex2oat --runtime-arg -classpath --runtime-arg  --instruction-set=x86 --instruction-set-features=smp,ssse3,-sse4.1,-sse4.2,-avx,-avx2 --runtime-arg -Xrelocate --boot-image=/system/framework/boot.art --runtime-arg -Xms64m --runtime-arg -Xmx512m -j1 --instruction-set-variant=x86 --instruction-set-features=default --dex-file=/data/app/uk.me.ponies.wearroutes-2/split_lib_slice_1_apk.apk --oat-file=/data/dalvik-cache/x86/data@app@uk.me.ponies.wearroutes-2@split_lib_slice_1_apk.apk@classes.dex
05-22 10:21:07.915  8126  8126 E dex2oat : Failed to create oat file: /data/dalvik-cache/x86/data@app@uk.me.ponies.wearroutes-2@split_lib_slice_1_apk.apk@classes.dex: Permission denied
05-22 10:21:07.915  8126  8126 I dex2oat : dex2oat took 441.674us (threads: 1) 
05-22 10:21:07.916  8099  8099 W art     : Failed execv(/system/bin/dex2oat --runtime-arg -classpath --runtime-arg  --instruction-set=x86 --instruction-set-features=smp,ssse3,-sse4.1,-sse4.2,-avx,-avx2 --runtime-arg -Xrelocate --boot-image=/system/framework/boot.art --runtime-arg -Xms64m --runtime-arg -Xmx512m -j1 --instruction-set-variant=x86 --instruction-set-features=default --dex-file=/data/app/uk.me.ponies.wearroutes-2/split_lib_slice_1_apk.apk --oat-file=/data/dalvik-cache/x86/data@app@uk.me.ponies.wearroutes-2@split_lib_slice_1_apk.apk@classes.dex) because non-0 exit status
05-22 10:21:07.924  8128  8128 W dex2oat : Unexpected CPU variant for X86 using defaults: x86
05-22 10:21:07.924  8128  8128 W dex2oat : Mismatch between dex2oat instruction set features (ISA: X86 Feature string: smp,-ssse3,-sse4.1,-sse4.2,-avx,-avx2) and those of dex2oat executable (ISA: X86 Feature string: smp,ssse3,-sse4.1,-sse4.2,-avx,-avx2) for the command line:
05-22 10:21:07.924  8128  8128 W dex2oat : /system/bin/dex2oat --runtime-arg -classpath --runtime-arg  --instruction-set=x86 --instruction-set-features=smp,ssse3,-sse4.1,-sse4.2,-avx,-avx2 --runtime-arg -Xrelocate --boot-image=/system/framework/boot.art --runtime-arg -Xms64m --runtime-arg -Xmx512m -j1 --instruction-set-variant=x86 --instruction-set-features=default --dex-file=/data/app/uk.me.ponies.wearroutes-2/split_lib_slice_2_apk.apk --oat-file=/data/dalvik-cache/x86/data@app@uk.me.ponies.wearroutes-2@split_lib_slice_2_apk.apk@classes.dex
05-22 10:21:07.924  8128  8128 E dex2oat : Failed to create oat file: /data/dalvik-cache/x86/data@app@uk.me.ponies.wearroutes-2@split_lib_slice_2_apk.apk@classes.dex: Permission denied
05-22 10:21:07.924  8128  8128 I dex2oat : dex2oat took 428.266us (threads: 1) 
05-22 10:21:07.924  8099  8099 W art     : Failed execv(/system/bin/dex2oat --runtime-arg -classpath --runtime-arg  --instruction-set=x86 --instruction-set-features=smp,ssse3,-sse4.1,-sse4.2,-avx,-avx2 --runtime-arg -Xrelocate --boot-image=/system/framework/boot.art --runtime-arg -Xms64m --runtime-arg -Xmx512m -j1 --instruction-set-variant=x86 --instruction-set-features=default --dex-file=/data/app/uk.me.ponies.wearroutes-2/split_lib_slice_2_apk.apk --oat-file=/data/dalvik-cache/x86/data@app@uk.me.ponies.wearroutes-2@split_lib_slice_2_apk.apk@classes.dex) because non-0 exit status
05-22 10:21:07.934  8130  8130 W dex2oat : Unexpected CPU variant for X86 using defaults: x86
05-22 10:21:07.934  8130  8130 W dex2oat : Mismatch between dex2oat instruction set features (ISA: X86 Feature string: smp,-ssse3,-sse4.1,-sse4.2,-avx,-avx2) and those of dex2oat executable (ISA: X86 Feature string: smp,ssse3,-sse4.1,-sse4.2,-avx,-avx2) for the command line:
05-22 10:21:07.934  8130  8130 W dex2oat : /system/bin/dex2oat --runtime-arg -classpath --runtime-arg  --instruction-set=x86 --instruction-set-features=smp,ssse3,-sse4.1,-sse4.2,-avx,-avx2 --runtime-arg -Xrelocate --boot-image=/system/framework/boot.art --runtime-arg -Xms64m --runtime-arg -Xmx512m -j1 --instruction-set-variant=x86 --instruction-set-features=default --dex-file=/data/app/uk.me.ponies.wearroutes-2/split_lib_slice_3_apk.apk --oat-file=/data/dalvik-cache/x86/data@app@uk.me.ponies.wearroutes-2@split_lib_slice_3_apk.apk@classes.dex
05-22 10:21:07.935  8130  8130 E dex2oat : Failed to create oat file: /data/dalvik-cache/x86/data@app@uk.me.ponies.wearroutes-2@split_lib_slice_3_apk.apk@classes.dex: Permission denied
05-22 10:21:07.935  8130  8130 I dex2oat : dex2oat took 419.887us (threads: 1) 
05-22 10:21:07.935  8099  8099 W art     : Failed execv(/system/bin/dex2oat --runtime-arg -classpath --runtime-arg  --instruction-set=x86 --instruction-set-features=smp,ssse3,-sse4.1,-sse4.2,-avx,-avx2 --runtime-arg -Xrelocate --boot-image=/system/framework/boot.art --runtime-arg -Xms64m --runtime-arg -Xmx512m -j1 --instruction-set-variant=x86 --instruction-set-features=default --dex-file=/data/app/uk.me.ponies.wearroutes-2/split_lib_slice_3_apk.apk --oat-file=/data/dalvik-cache/x86/data@app@uk.me.ponies.wearroutes-2@split_lib_slice_3_apk.apk@classes.dex) because non-0 exit status
05-22 10:21:07.943  8132  8132 W dex2oat : Unexpected CPU variant for X86 using defaults: x86
05-22 10:21:07.943  8132  8132 W dex2oat : Mismatch between dex2oat instruction set features (ISA: X86 Feature string: smp,-ssse3,-sse4.1,-sse4.2,-avx,-avx2) and those of dex2oat executable (ISA: X86 Feature string: smp,ssse3,-sse4.1,-sse4.2,-avx,-avx2) for the command line:
05-22 10:21:07.943  8132  8132 W dex2oat : /system/bin/dex2oat --runtime-arg -classpath --runtime-arg  --instruction-set=x86 --instruction-set-features=smp,ssse3,-sse4.1,-sse4.2,-avx,-avx2 --runtime-arg -Xrelocate --boot-image=/system/framework/boot.art --runtime-arg -Xms64m --runtime-arg -Xmx512m -j1 --instruction-set-variant=x86 --instruction-set-features=default --dex-file=/data/app/uk.me.ponies.wearroutes-2/split_lib_slice_4_apk.apk --oat-file=/data/dalvik-cache/x86/data@app@uk.me.ponies.wearroutes-2@split_lib_slice_4_apk.apk@classes.dex
05-22 10:21:07.943  8132  8132 E dex2oat : Failed to create oat file: /data/dalvik-cache/x86/data@app@uk.me.ponies.wearroutes-2@split_lib_slice_4_apk.apk@classes.dex: Permission denied
05-22 10:21:07.943  8132  8132 I dex2oat : dex2oat took 414.016us (threads: 1) 
05-22 10:21:07.943  8099  8099 W art     : Failed execv(/system/bin/dex2oat --runtime-arg -classpath --runtime-arg  --instruction-set=x86 --instruction-set-features=smp,ssse3,-sse4.1,-sse4.2,-avx,-avx2 --runtime-arg -Xrelocate --boot-image=/system/framework/boot.art --runtime-arg -Xms64m --runtime-arg -Xmx512m -j1 --instruction-set-variant=x86 --instruction-set-features=default --dex-file=/data/app/uk.me.ponies.wearroutes-2/split_lib_slice_4_apk.apk --oat-file=/data/dalvik-cache/x86/data@app@uk.me.ponies.wearroutes-2@split_lib_slice_4_apk.apk@classes.dex) because non-0 exit status
05-22 10:21:07.953  8134  8134 W dex2oat : Unexpected CPU variant for X86 using defaults: x86
05-22 10:21:07.953  8134  8134 W dex2oat : Mismatch between dex2oat instruction set features (ISA: X86 Feature string: smp,-ssse3,-sse4.1,-sse4.2,-avx,-avx2) and those of dex2oat executable (ISA: X86 Feature string: smp,ssse3,-sse4.1,-sse4.2,-avx,-avx2) for the command line:
05-22 10:21:07.953  8134  8134 W dex2oat : /system/bin/dex2oat --runtime-arg -classpath --runtime-arg  --instruction-set=x86 --instruction-set-features=smp,ssse3,-sse4.1,-sse4.2,-avx,-avx2 --runtime-arg -Xrelocate --boot-image=/system/framework/boot.art --runtime-arg -Xms64m --runtime-arg -Xmx512m -j1 --instruction-set-variant=x86 --instruction-set-features=default --dex-file=/data/app/uk.me.ponies.wearroutes-2/split_lib_slice_5_apk.apk --oat-file=/data/dalvik-cache/x86/data@app@uk.me.ponies.wearroutes-2@split_lib_slice_5_apk.apk@classes.dex
05-22 10:21:07.953  8134  8134 E dex2oat : Failed to create oat file: /data/dalvik-cache/x86/data@app@uk.me.ponies.wearroutes-2@split_lib_slice_5_apk.apk@classes.dex: Permission denied
05-22 10:21:07.954  8134  8134 I dex2oat : dex2oat took 409.830us (threads: 1) 
05-22 10:21:07.954  8099  8099 W art     : Failed execv(/system/bin/dex2oat --runtime-arg -classpath --runtime-arg  --instruction-set=x86 --instruction-set-features=smp,ssse3,-sse4.1,-sse4.2,-avx,-avx2 --runtime-arg -Xrelocate --boot-image=/system/framework/boot.art --runtime-arg -Xms64m --runtime-arg -Xmx512m -j1 --instruction-set-variant=x86 --instruction-set-features=default --dex-file=/data/app/uk.me.ponies.wearroutes-2/split_lib_slice_5_apk.apk --oat-file=/data/dalvik-cache/x86/data@app@uk.me.ponies.wearroutes-2@split_lib_slice_5_apk.apk@classes.dex) because non-0 exit status
05-22 10:21:07.963  8136  8136 W dex2oat : Unexpected CPU variant for X86 using defaults: x86
05-22 10:21:07.963  8136  8136 W dex2oat : Mismatch between dex2oat instruction set features (ISA: X86 Feature string: smp,-ssse3,-sse4.1,-sse4.2,-avx,-avx2) and those of dex2oat executable (ISA: X86 Feature string: smp,ssse3,-sse4.1,-sse4.2,-avx,-avx2) for the command line:
05-22 10:21:07.963  8136  8136 W dex2oat : /system/bin/dex2oat --runtime-arg -classpath --runtime-arg  --instruction-set=x86 --instruction-set-features=smp,ssse3,-sse4.1,-sse4.2,-avx,-avx2 --runtime-arg -Xrelocate --boot-image=/system/framework/boot.art --runtime-arg -Xms64m --runtime-arg -Xmx512m -j1 --instruction-set-variant=x86 --instruction-set-features=default --dex-file=/data/app/uk.me.ponies.wearroutes-2/split_lib_slice_6_apk.apk --oat-file=/data/dalvik-cache/x86/data@app@uk.me.ponies.wearroutes-2@split_lib_slice_6_apk.apk@classes.dex
05-22 10:21:07.963  8136  8136 E dex2oat : Failed to create oat file: /data/dalvik-cache/x86/data@app@uk.me.ponies.wearroutes-2@split_lib_slice_6_apk.apk@classes.dex: Permission denied
05-22 10:21:07.963  8136  8136 I dex2oat : dex2oat took 426.592us (threads: 1) 
05-22 10:21:07.963  8099  8099 W art     : Failed execv(/system/bin/dex2oat --runtime-arg -classpath --runtime-arg  --instruction-set=x86 --instruction-set-features=smp,ssse3,-sse4.1,-sse4.2,-avx,-avx2 --runtime-arg -Xrelocate --boot-image=/system/framework/boot.art --runtime-arg -Xms64m --runtime-arg -Xmx512m -j1 --instruction-set-variant=x86 --instruction-set-features=default --dex-file=/data/app/uk.me.ponies.wearroutes-2/split_lib_slice_6_apk.apk --oat-file=/data/dalvik-cache/x86/data@app@uk.me.ponies.wearroutes-2@split_lib_slice_6_apk.apk@classes.dex) because non-0 exit status
05-22 10:21:07.972  8138  8138 W dex2oat : Unexpected CPU variant for X86 using defaults: x86
05-22 10:21:07.972  8138  8138 W dex2oat : Mismatch between dex2oat instruction set features (ISA: X86 Feature string: smp,-ssse3,-sse4.1,-sse4.2,-avx,-avx2) and those of dex2oat executable (ISA: X86 Feature string: smp,ssse3,-sse4.1,-sse4.2,-avx,-avx2) for the command line:
05-22 10:21:07.972  8138  8138 W dex2oat : /system/bin/dex2oat --runtime-arg -classpath --runtime-arg  --instruction-set=x86 --instruction-set-features=smp,ssse3,-sse4.1,-sse4.2,-avx,-avx2 --runtime-arg -Xrelocate --boot-image=/system/framework/boot.art --runtime-arg -Xms64m --runtime-arg -Xmx512m -j1 --instruction-set-variant=x86 --instruction-set-features=default --dex-file=/data/app/uk.me.ponies.wearroutes-2/split_lib_slice_7_apk.apk --oat-file=/data/dalvik-cache/x86/data@app@uk.me.ponies.wearroutes-2@split_lib_slice_7_apk.apk@classes.dex
05-22 10:21:07.972  8138  8138 E dex2oat : Failed to create oat file: /data/dalvik-cache/x86/data@app@uk.me.ponies.wearroutes-2@split_lib_slice_7_apk.apk@classes.dex: Permission denied
05-22 10:21:07.972  8138  8138 I dex2oat : dex2oat took 409.827us (threads: 1) 
05-22 10:21:07.972  8099  8099 W art     : Failed execv(/system/bin/dex2oat --runtime-arg -classpath --runtime-arg  --instruction-set=x86 --instruction-set-features=smp,ssse3,-sse4.1,-sse4.2,-avx,-avx2 --runtime-arg -Xrelocate --boot-image=/system/framework/boot.art --runtime-arg -Xms64m --runtime-arg -Xmx512m -j1 --instruction-set-variant=x86 --instruction-set-features=default --dex-file=/data/app/uk.me.ponies.wearroutes-2/split_lib_slice_7_apk.apk --oat-file=/data/dalvik-cache/x86/data@app@uk.me.ponies.wearroutes-2@split_lib_slice_7_apk.apk@classes.dex) because non-0 exit status
05-22 10:21:08.023  8142  8142 W dex2oat : Unexpected CPU variant for X86 using defaults: x86
05-22 10:21:08.023  8142  8142 W dex2oat : Mismatch between dex2oat instruction set features (ISA: X86 Feature string: smp,-ssse3,-sse4.1,-sse4.2,-avx,-avx2) and those of dex2oat executable (ISA: X86 Feature string: smp,ssse3,-sse4.1,-sse4.2,-avx,-avx2) for the command line:
05-22 10:21:08.024  8142  8142 W dex2oat : /system/bin/dex2oat --runtime-arg -classpath --runtime-arg  --instruction-set=x86 --instruction-set-features=smp,ssse3,-sse4.1,-sse4.2,-avx,-avx2 --runtime-arg -Xrelocate --boot-image=/system/framework/boot.art --runtime-arg -Xms64m --runtime-arg -Xmx512m -j1 --instruction-set-variant=x86 --instruction-set-features=default --dex-file=/data/app/uk.me.ponies.wearroutes-2/split_lib_slice_8_apk.apk --oat-file=/data/dalvik-cache/x86/data@app@uk.me.ponies.wearroutes-2@split_lib_slice_8_apk.apk@classes.dex
05-22 10:21:08.024  8142  8142 E dex2oat : Failed to create oat file: /data/dalvik-cache/x86/data@app@uk.me.ponies.wearroutes-2@split_lib_slice_8_apk.apk@classes.dex: Permission denied
05-22 10:21:08.024  8142  8142 I dex2oat : dex2oat took 709.865us (threads: 1) 
05-22 10:21:08.025  8099  8099 W art     : Failed execv(/system/bin/dex2oat --runtime-arg -classpath --runtime-arg  --instruction-set=x86 --instruction-set-features=smp,ssse3,-sse4.1,-sse4.2,-avx,-avx2 --runtime-arg -Xrelocate --boot-image=/system/framework/boot.art --runtime-arg -Xms64m --runtime-arg -Xmx512m -j1 --instruction-set-variant=x86 --instruction-set-features=default --dex-file=/data/app/uk.me.ponies.wearroutes-2/split_lib_slice_8_apk.apk --oat-file=/data/dalvik-cache/x86/data@app@uk.me.ponies.wearroutes-2@split_lib_slice_8_apk.apk@classes.dex) because non-0 exit status
05-22 10:21:08.037  8144  8144 W dex2oat : Unexpected CPU variant for X86 using defaults: x86
05-22 10:21:08.037  8144  8144 W dex2oat : Mismatch between dex2oat instruction set features (ISA: X86 Feature string: smp,-ssse3,-sse4.1,-sse4.2,-avx,-avx2) and those of dex2oat executable (ISA: X86 Feature string: smp,ssse3,-sse4.1,-sse4.2,-avx,-avx2) for the command line:
05-22 10:21:08.037  8144  8144 W dex2oat : /system/bin/dex2oat --runtime-arg -classpath --runtime-arg  --instruction-set=x86 --instruction-set-features=smp,ssse3,-sse4.1,-sse4.2,-avx,-avx2 --runtime-arg -Xrelocate --boot-image=/system/framework/boot.art --runtime-arg -Xms64m --runtime-arg -Xmx512m -j1 --instruction-set-variant=x86 --instruction-set-features=default --dex-file=/data/app/uk.me.ponies.wearroutes-2/split_lib_slice_9_apk.apk --oat-file=/data/dalvik-cache/x86/data@app@uk.me.ponies.wearroutes-2@split_lib_slice_9_apk.apk@classes.dex
05-22 10:21:08.038  8144  8144 E dex2oat : Failed to create oat file: /data/dalvik-cache/x86/data@app@uk.me.ponies.wearroutes-2@split_lib_slice_9_apk.apk@classes.dex: Permission denied
05-22 10:21:08.038  8144  8144 I dex2oat : dex2oat took 1.268ms (threads: 1) 
05-22 10:21:08.039  8099  8099 W art     : Failed execv(/system/bin/dex2oat --runtime-arg -classpath --runtime-arg  --instruction-set=x86 --instruction-set-features=smp,ssse3,-sse4.1,-sse4.2,-avx,-avx2 --runtime-arg -Xrelocate --boot-image=/system/framework/boot.art --runtime-arg -Xms64m --runtime-arg -Xmx512m -j1 --instruction-set-variant=x86 --instruction-set-features=default --dex-file=/data/app/uk.me.ponies.wearroutes-2/split_lib_slice_9_apk.apk --oat-file=/data/dalvik-cache/x86/data@app@uk.me.ponies.wearroutes-2@split_lib_slice_9_apk.apk@classes.dex) because non-0 exit status
05-22 10:21:08.041  8099  8099 W System  : ClassLoader referenced unknown path: /data/app/uk.me.ponies.wearroutes-2/lib/x86
05-22 10:21:08.051  8099  8099 I InstantRun: starting instant run server: is main process
05-22 10:21:08.095  8099  8099 I UnexpectedExceptionHandler: registering unexpectedException Hander on threadmain
05-22 10:21:08.102  8099  8099 E MainWearActivity: onCreate called savedinstanceState is null:true
05-22 10:21:08.107  8099  8099 D ActivityLifeCycleLogger: uk.me.ponies.wearroutes.MainWearActivity@d617b8b onActivityCreated called
05-22 10:21:08.266  8099  8099 D EventBus: No subscribers registered for event class uk.me.ponies.wearroutes.eventBusEvents.LocationPollingStateEvent
05-22 10:21:08.266  8099  8099 D EventBus: No subscribers registered for event class org.greenrobot.eventbus.NoSubscriberEvent
05-22 10:21:08.294  8099  8099 D EventBus: No subscribers registered for event class uk.me.ponies.wearroutes.eventBusEvents.LocationPollingStateEvent
05-22 10:21:08.294  8099  8099 D EventBus: No subscribers registered for event class org.greenrobot.eventbus.NoSubscriberEvent
05-22 10:21:08.297  8099  8099 D MainGridPagerAdapter: getFragment called for row:2 column:0
05-22 10:21:08.337  8099  8107 W art     : Suspending all threads took: 27.778ms
05-22 10:21:08.499  8099  8099 D MainWearActivity: android.permission.ACCESS_FINE_LOCATION Granted
05-22 10:21:08.499  8099  8099 D MainWearActivity: android.permission.WAKE_LOCK Granted
05-22 10:21:08.499  8099  8099 D MainWearActivity: android.permission.WRITE_EXTERNAL_STORAGE Granted
05-22 10:21:08.499  8099  8099 D MainWearActivity: android.permission.ACCESS_NETWORK_STATE Granted
05-22 10:21:08.499  8099  8099 D MainWearActivity: android.permission.INTERNET Granted
05-22 10:21:08.499  8099  8099 D MainWearActivity: android.permission.READ_EXTERNAL_STORAGE Granted
05-22 10:21:08.501  8099  8099 D ActivityLifeCycleLogger: uk.me.ponies.wearroutes.MainWearActivity@d617b8b onActivityStarted called
05-22 10:21:08.506  8099  8099 D ActivityLifeCycleLogger: uk.me.ponies.wearroutes.MainWearActivity@d617b8b onActivityResumed called
05-22 10:21:08.507  8099  8166 D OpenGLRenderer: Use EGL_SWAP_BEHAVIOR_PRESERVED: true
05-22 10:21:08.514  8099  8099 D         : HostConnection::get() New Host Connection established 0xad3dba00, tid 8099
05-22 10:21:08.551  8099  8099 D MainGridPagerAdapter: GridPagerAdapter: startUpdate Called id:2131820668 took 0ms
05-22 10:21:08.552  8099  8099 D MainGridPagerAdapter: getFragment called for row:0 column:0
05-22 10:21:08.552  8099  8099 D MainGridPagerAdapter: getFragment called for row:0 column:1
05-22 10:21:08.552  8099  8099 D MainGridPagerAdapter: getFragment called for row:0 column:2
05-22 10:21:08.552  8099  8099 D MainGridPagerAdapter: getFragment called for row:0 column:3
05-22 10:21:08.552  8099  8099 D MainGridPagerAdapter: getFragment called for row:0 column:4
05-22 10:21:08.552  8099  8099 D MainGridPagerAdapter: getFragment called for row:0 column:5
05-22 10:21:08.553  8099  8099 D MainGridPagerAdapter: getFragment called for row:1 column:0
05-22 10:21:08.553  8099  8099 D MainGridPagerAdapter: getFragment called for row:2 column:0
05-22 10:21:08.553  8099  8099 D MainGridPagerAdapter: getFragment called for row:3 column:0
05-22 10:21:08.553  8099  8099 D MainGridPagerAdapter: getFragment called for row:4 column:0
05-22 10:21:08.615  8099  8099 D FragmentLifecycleLogger: SpeedPanel1 onAttach called
05-22 10:21:08.615  8099  8099 D FragmentLifecycleLogger: SpeedPanel1 onCreate called
05-22 10:21:08.622  8099  8099 D FragmentLifecycleLogger: SpeedPanel1 onViewCreated called
05-22 10:21:08.622  8099  8099 D FragmentLifecycleLogger: SpeedPanel1 onActivityCreated called
05-22 10:21:08.622  8099  8099 D FragmentLifecycleLogger: SpeedPanel1 onViewStateRestored called
05-22 10:21:08.622  8099  8099 D FragmentLifecycleLogger: SpeedPanel1 onStart called
05-22 10:21:08.622  8099  8099 D SpeedPanel1: onResume called
05-22 10:21:08.622  8099  8099 D FragmentLifecycleLogger: SpeedPanel1 onResume called
05-22 10:21:08.622  8099  8099 D FragmentLifecycleLogger: MapSwipeToZoomFragment onAttach called
05-22 10:21:08.622  8099  8099 D FragmentLifecycleLogger: MapSwipeToZoomFragment onCreate called
05-22 10:21:08.622  8099  8099 D MapSwipeToZoomFrag: MapContainingFragment Map #00 onCreateView called
05-22 10:21:08.635  8099  8099 D MapSwipeToZoomFrag: creating a new InnerMapFragment
05-22 10:21:08.651  8099  8099 D MapSwipeToZoomFrag: MapContainingFragment (not the view) is MapFragment{222fa92 id=0x7f11008b}
05-22 10:21:08.651  8099  8099 D MapSwipeToZoomFrag: CreateView Map #00 getting MapAsync 
05-22 10:21:08.652  8099  8099 D MapSwipeToZoomFrag: CreateView completed
05-22 10:21:08.654  8099  8099 D MapSwipeToZoomFrag: Map #00 onViewCreatedCalled
05-22 10:21:08.654  8099  8099 D FragmentLifecycleLogger: MapSwipeToZoomFragment onViewCreated called
05-22 10:21:08.657  8099  8099 D FragmentLifecycleLogger: MapSwipeToZoomFragment onActivityCreated called
05-22 10:21:08.657  8099  8099 D FragmentLifecycleLogger: MapSwipeToZoomFragment onViewStateRestored called
05-22 10:21:08.663  8099  8099 I zzai    : Making Creator dynamically
05-22 10:21:08.736  8099  8099 I Google Maps Android API: Google Play services client version: 9452000
05-22 10:21:08.737  8099  8099 I Google Maps Android API: Google Play services package version: 11047570
05-22 10:21:08.819  8099  8107 W art     : Suspending all threads took: 9.233ms
05-22 10:21:08.933  8099  8187 W agl     : copyMemory is missing from platform - proto runtime falling back to safer methods.
05-22 10:21:09.171  8099  8099 D MapSwipeToZoomFrag: MapContainingFragment:Map #00 onStart called with zoom:15
05-22 10:21:09.171  8099  8099 D FragmentLifecycleLogger: MapSwipeToZoomFragment onStart called
05-22 10:21:09.171  8099  8099 D MapSwipeToZoomFrag: MapContainingFragment:Map #00 onResume called, visible is true
05-22 10:21:09.171  8099  8099 D FragmentLifecycleLogger: MapSwipeToZoomFragment onResume called
05-22 10:21:09.171  8099  8099 D MapSwipeToZoomFrag: matchMapUIToConfig -- no map
05-22 10:21:09.174  8099  8099 D MainGridPagerAdapter: GridPagerAdapter: finishUpdate Called id:2131820668 took 621ms
05-22 10:21:09.186  8099  8099 D MainGridPagerAdapter: GridPagerAdapter: startUpdate Called id:2131820668 took 0ms
05-22 10:21:09.186  8099  8099 D MainGridPagerAdapter: GridPagerAdapter: finishUpdate Called id:2131820668 took 0ms
05-22 10:21:09.222  8099  8166 D         : HostConnection::get() New Host Connection established 0xa6d7cbf0, tid 8166
05-22 10:21:09.224  8099  8166 I OpenGLRenderer: Initialized EGL, version 1.4
05-22 10:21:09.224  8099  8166 W OpenGLRenderer: Failed to choose config with EGL_SWAP_BEHAVIOR_PRESERVED, retrying without...
05-22 10:21:09.241  8099  8099 D MainGridPagerAdapter: GridPagerAdapter: startUpdate Called id:2131820668 took 0ms
05-22 10:21:09.242  8099  8099 D MainGridPagerAdapter: GridPagerAdapter: finishUpdate Called id:2131820668 took 1ms
05-22 10:21:09.243  8099  8099 D MainWearActivity: onPageScrolled: 0,0
05-22 10:21:09.250  8099  8202 D         : HostConnection::get() New Host Connection established 0xa6d7c4f0, tid 8202
05-22 10:21:09.260  8099  8206 D Loader  : Loading asset 0x7f020070
05-22 10:21:09.284  8099  8099 I Choreographer: Skipped 43 frames!  The application may be doing too much work on its main thread.
05-22 10:21:09.447  8099  8099 D MapSwipeToZoomFrag: showZoom is false
05-22 10:21:09.466  8099  8099 D MapSwipeToZoomFrag: SetupMap Called Map #00
05-22 10:21:09.476  8099  8099 D MapSwipeToZoomFrag: EventBusLocationSourceForMap activated for com.google.android.gms.maps.GoogleMap$12$1@e9502f1
05-22 10:21:09.488  8099  8099 D MapSwipeToZoomFrag: SetupMap Map #00 moving camera to zoom15
05-22 10:21:09.488  8099  8099 D MapSwipeToZoomFrag: Not moving camera as the map isn't visible
05-22 10:21:09.489  8099  8099 D MapSwipeToZoomFrag: Re-adding polylines during onResume
05-22 10:21:09.489  8099  8099 D MapSwipeToZoomFrag: polylines re-added in onResume
--------- beginning of system
05-22 10:21:09.508  8099  8099 D StrictMode: Wrote violation #0 of 1: 11464 bytes
05-22 10:21:09.516  8099  8099 D MainGridPagerAdapter: GridPagerAdapter: startUpdate Called id:2131820668 took 0ms
05-22 10:21:09.516  8099  8099 D MainGridPagerAdapter: GridPagerAdapter: finishUpdate Called id:2131820668 took 0ms
05-22 10:21:09.526  8099  8099 D MainGridPagerAdapter: GridPagerAdapter: startUpdate Called id:2131820668 took 0ms
05-22 10:21:09.526  8099  8099 D MainGridPagerAdapter: GridPagerAdapter: finishUpdate Called id:2131820668 took 0ms
05-22 10:21:09.608  8099  8111 W art     : Suspending all threads took: 9.143ms
05-22 10:21:09.629  8099  8099 D MapSwipeToZoomFrag: Camera Changed for Map Map #00
05-22 10:21:09.631  8099  8099 D StrictMode: Wrote violation #0 of 1: 13340 bytes
05-22 10:21:09.637  8099  8099 D MapSwipeToZoomFrag: Camera Changed for Map Map #00
05-22 10:21:09.659  8099  8099 D StrictMode: Wrote violation #0 of 1: 16048 bytes
05-22 10:21:09.766  8099  8099 D LocationHandler: onConnected(): Successfully connected to Google API client
05-22 10:21:09.766  8099  8099 D SlowLocationPollerBase: SlowLocationPollerBase stopped
05-22 10:21:09.767  8099  8099 D LocationHandler: removingLocationUpdates for listener uk.me.ponies.wearroutes.locationHandling.SlowLocationPollerAlarmWakeup@8bc62e6
05-22 10:21:09.767  8099  8099 D LocationHandler: removingLocationUpdates for listener uk.me.ponies.wearroutes.locationHandling.LocationHandler@f86ef0d
05-22 10:21:09.767  8099  8099 D LocationHandler: requestingLocationUpdates for listener uk.me.ponies.wearroutes.locationHandling.LocationHandler@f86ef0d
05-22 10:21:09.800  8099  8099 D MainWearActivity: onConnected(): Successfully connected to Google API client
05-22 10:21:09.826  8099  8099 D StrictMode: Wrote violation #0 of 1: 18756 bytes
05-22 10:21:09.827  8099  8099 D MapSwipeToZoomFrag: MapContainingFragmentMap #00 onCameraChange Map now Loaded zoom is 15.0 wanted 15.0 on map:com.google.android.gms.maps.GoogleMap@21ae8be
05-22 10:21:09.849  8099  8099 D MainGridPagerAdapter: GridPagerAdapter: startUpdate Called id:2131820668 took 0ms
05-22 10:21:09.849  8099  8099 D MainGridPagerAdapter: GridPagerAdapter: finishUpdate Called id:2131820668 took 0ms
05-22 10:21:09.852  8099  8099 D MainGridPagerAdapter: GridPagerAdapter: startUpdate Called id:2131820668 took 0ms
05-22 10:21:09.852  8099  8099 D MainGridPagerAdapter: GridPagerAdapter: finishUpdate Called id:2131820668 took 0ms
05-22 10:21:09.855  8099  8099 D LocationHandler: Good location received Location[fused 54.144163,-2.291551 acc=34 et=+3h56m1s387ms alt=0.0 vel=13.89 mock {Bundle[mParcelledData.dataSize=44]}] from LocationHandler
05-22 10:21:09.857  8099  8099 D Error   : ERR: exClass=android.os.StrictMode$StrictModeCustomViolation
05-22 10:21:09.857  8099  8099 D Error   : ERR: exMsg=policy=4325404 violation=8 msg=gcore.dynamite
05-22 10:21:09.857  8099  8099 D Error   : ERR: file=StrictMode.java
05-22 10:21:09.857  8099  8099 D Error   : ERR: class=android.os.StrictMode$AndroidBlockGuardPolicy
05-22 10:21:09.857  8099  8099 D Error   : ERR: method=onCustomSlowCall line=1236
05-22 10:21:09.857  8099  8099 D Error   : ERR: stack=android.os.StrictMode$StrictModeCustomViolation: policy=4325404 violation=8 msg=gcore.dynamite
05-22 10:21:09.857  8099  8099 D Error   : 	at android.os.StrictMode$AndroidBlockGuardPolicy.onCustomSlowCall(StrictMode.java:1236)
05-22 10:21:09.857  8099  8099 D Error   : 	at android.os.StrictMode.noteSlowCall(StrictMode.java:2136)
05-22 10:21:09.857  8099  8099 D Error   : 	at ffk.a(:com.google.android.gms:0)
05-22 10:21:09.857  8099  8099 D Error   : 	at dgs.a(:com.google.android.gms:2)
05-22 10:21:09.857  8099  8099 D Error   : 	at com.google.android.gms.maps.internal.CreatorImpl.a(:com.google.android.gms:4)
05-22 10:21:09.857  8099  8099 D Error   : 	at com.google.android.gms.maps.internal.CreatorImpl.newMapFragmentDelegate(:com.google.android.gms:0)
05-22 10:21:09.857  8099  8099 D Error   : 	at igj.onTransact(:com.google.android.gms:13)
05-22 10:21:09.857  8099  8099 D Error   : 	at android.os.Binder.transact(Binder.java:387)
05-22 10:21:09.857  8099  8099 D Error   : 	at com.google.android.gms.maps.internal.zzc$zza$zza.zzag(Unknown Source)
05-22 10:21:09.857  8099  8099 D Error   : 	at com.google.android.gms.maps.MapFragment$zzb.zzbow(Unknown Source)
05-22 10:21:09.857  8099  8099 D Error   : 	at com.google.android.gms.maps.MapFragment$zzb.zza(Unknown Source)
05-22 10:21:09.857  8099  8099 D Error   : 	at com.google.android.gms.dynamic.zza.zza(Unknown Source)
05-22 10:21:09.857  8099  8099 D Error   : 	at com.google.android.gms.dynamic.zza.onCreate(Unknown Source)
05-22 10:21:09.857  8099  8099 D Error   : 	at com.google.android.gms.maps.MapFragment.onCreate(Unknown Source)
05-22 10:21:09.857  8099  8099 D Error   : 	at android.app.Fragment.performCreate(Fragment.java:2198)
05-22 10:21:09.857  8099  8099 D Error   : 	at android.app.FragmentManagerImpl.moveToState(FragmentManager.java:942)
05-22 10:21:09.857  8099  8099 D Error   : 	at android.app.FragmentManagerImpl.moveToState(FragmentManager.java:1148)
05-22 10:21:09.857  8099  8099 D Error   : 	at android.app.BackStackRecord.run(BackStackRecord.java:793)
05-22 10:21:09.857  8099  8099 D Error   : 	at android.app.FragmentManagerImpl.execPendingActions(FragmentManager.java:1535)
05-22 10:21:09.857  8099  8099 D Error   : 	at android.app.Fragment.performStart(Fragment.java:2241)
05-22 10:21:09.857  8099  8099 D Error   : 	at android.app.FragmentManagerImpl.moveToState(FragmentManager.java:1002)
05-22 10:21:09.857  8099  8099 D Error   : 	at android.app.FragmentManagerImpl.moveToState(FragmentManager.java:1148)
05-22 10:21:09.857  8099  8099 D Error   : 	at android.app.BackStackRecord.run(BackStackRecord.java:793)
05-22 10:21:09.857  8099  8099 D Error   : 	at android.app.FragmentManagerImpl.execPendingActions(FragmentManager.java:1535)
05-22 10:21:09.857  8099  8099 D Error   : 	at android.app.FragmentManagerImpl.executePendingTransactions(FragmentManager.java:562)
05-22 10:21:09.857  8099  8099 D Error   : 	at android.support.wearable.view.FragmentGridPagerAdapter.finishUpdate(FragmentGridPagerAdapter.java:220)
05-22 10:21:09.857  8099  8099 D Error   : 	at uk.me.ponies.wearroutes.MainGridPagerAdapter.finishUpdate(MainGridPagerAdapter.java:332)
05-22 10:21:09.857  8099  8099 D Error   : 	at android.support.wearable.view.GridViewPager.populate(GridViewPager.java:1182)
05-22 10:21:09.857  8099  8099 D Error   : 	at android.support.wearable.view.GridViewPager.populate(GridViewPager.java:1038)
05-22 10:21:09.857  8099  8099 D Error   : 	at android.support.wearable.view.GridViewPager.onMeasure(GridViewPager.java:1343)
05-22 10:21:09.857  8099  8099 D Error   : 	at android.view.View.measure(View.java:18794)
05-22 10:21:09.857  8099  8099 D Error   : 	at android.view.ViewGroup.measureChildWithMargins(ViewGroup.java:5951)
05-22 10:21:09.857  8099  8099 D Error   : 	at android.widget.FrameLayout.onMeasure(FrameLayout.java:194)
05-22 10:21:09.857  8099  8099 D Error   : 	at android.view.View.measure(View.java:18794)
05-22 10:21:09.857  8099  8099 D Error   : 	at android.view.ViewGroup.measureChildWithMargins(ViewGroup.java:5951)
05-22 10:21:09.857  8099  8099 D Error   : 	at android.widget.FrameLayout.onMeasure(FrameLayout.java:194)
05-22 10:21:09.857  8099  8099 D Error   : 	at android.view.View.measure(View.java:18794)
05-22 10:21:09.857  8099  8099 D Error   : 	at android.view.ViewGroup.measureChildWithMargins(ViewGroup.java:5951)
05-22 10:21:09.857  8099  8099 D Error   : 	at android.widget.FrameLayout.onMeasure(FrameLayout.java:194)
05-22 10:21:09.857  8099  8099 D Error   : 	at com.android.internal.policy.PhoneWindow$DecorView.onMeasure(PhoneWindow.java:2643)
05-22 10:21:09.857  8099  8099 D Error   : 	at android.view.View.measure(View.java:18794)
05-22 10:21:09.857  8099  8099 D Error   : 	at android.view.ViewRootImpl.performMeasure(ViewRootImpl.java:2108)
05-22 10:21:09.857  8099  8099 D Error   : 	at android.view.ViewRootImpl.measureHierarchy(ViewRootImpl.java:1224)
05-22 10:21:09.857  8099  8099 D Error   : 	at android.view.ViewRootImpl.performTraversals(ViewRootImpl.java:1460)
05-22 10:21:09.857  8099  8099 D Error   : 	at android.view.ViewRootImpl.doTraversal(ViewRootImpl.java:1115)
05-22 10:21:09.857  8099  8099 D Error   : 	at android.view.ViewRootImpl$TraversalRunnable.run(ViewRootImpl.java:6024)
05-22 10:21:09.857  8099  8099 D Error   : 	at android.view.Choreographer$CallbackRecord.run(Choreographer.java:858)
05-22 10:21:09.857  8099  8099 D Error   : 	at android.view.Choreographer.doCallbacks(Choreographer.java:670)
05-22 10:21:09.857  8099  8099 D Error   : 	at android.view.Choreographer.doFrame(Choreographer.java:606)
05-22 10:21:09.857  8099  8099 D Error   : 	at android.view.Choreographer$FrameDisplayEventReceiver.run(Choreographer.java:844)
05-22 10:21:09.857  8099  8099 D Error   : 	at android.os.Handler.handleCallback(Handler.java:739)
05-22 10:21:09.857  8099  8099 D Error   : 	at android.os.Handler.dispatchMessage(Handler.java:95)
05-22 10:21:09.857  8099  8099 D Error   : 	at android.os.Looper.loop(Looper.java:148)
05-22 10:21:09.857  8099  8099 D Error   : 	at android.app.ActivityThread.main(ActivityThread.java:5422)
05-22 10:21:09.857  8099  8099 D Error   : 	at java.lang.reflect.Method.invoke(Native Method)
05-22 10:21:09.857  8099  8099 D Error   : 	at com.android.internal.os.ZygoteInit$MethodAndArgsCaller.run(ZygoteInit.java:726)
05-22 10:21:09.857  8099  8099 D Error   : 	at com.android.internal.os.ZygoteInit.main(ZygoteInit.java:616)
05-22 10:21:09.857  8099  8099 D Error   : # via Binder call with stack:
05-22 10:21:09.857  8099  8099 D Error   : android.os.StrictMode$LogStackTrace
05-22 10:21:09.857  8099  8099 D Error   : 	at and
05-22 10:21:09.857  8099  8099 D Error   : ERR: TOTAL BYTES WRITTEN: 21384
05-22 10:21:09.857  8099  8099 D StrictMode: Wrote violation #0 of 1: 21428 bytes
05-22 10:21:09.859  8099  8099 D MapSwipeToZoomFrag: Location changed, updating because First Location
05-22 10:21:09.859  8099  8099 D MapSwipeToZoomFrag: Not moving camera as the map isn't visible
05-22 10:21:09.859  8099  8099 D MapSwipeToZoomFrag: EventBusLocationSourceForMap sending location to listener com.google.android.gms.maps.GoogleMap$12$1@e9502f1
05-22 10:21:09.883  8099  8099 D MainGridPagerAdapter: GridPagerAdapter: startUpdate Called id:2131820668 took 0ms
05-22 10:21:09.883  8099  8099 D MainGridPagerAdapter: GridPagerAdapter: finishUpdate Called id:2131820668 took 0ms
05-22 10:21:09.885  8099  8099 D MainGridPagerAdapter: GridPagerAdapter: startUpdate Called id:2131820668 took 0ms
05-22 10:21:09.885  8099  8099 D MainGridPagerAdapter: GridPagerAdapter: finishUpdate Called id:2131820668 took 0ms
05-22 10:21:10.083  8099  8099 D MyGridViewPager: oninterceptTouchEvent is returning false
05-22 10:21:10.100  8099  8099 D MyGridViewPager: oninterceptTouchEvent is returning false
05-22 10:21:10.122  8099  8099 D GridViewPagerNotifier: onPageScrollStateChanged state:1
05-22 10:21:10.122  8099  8099 D MainWearActivity: onPageScrollStateChanged state: 1 DRAGGING
05-22 10:21:10.123  8099  8099 D MapSwipeToZoomFrag: onScrollChange seen
05-22 10:21:10.123  8099  8099 D MainGridPagerAdapter: getFragment called for row:0 column:0
05-22 10:21:10.123  8099  8099 D MainGridPagerAdapter: getFragment called for row:0 column:1
05-22 10:21:10.123  8099  8099 D MainWearActivity: onPageScrolled: 0,0
05-22 10:21:10.130  8099  8221 D Loader  : Loading asset 0x7f020071
05-22 10:21:10.181  8099  8099 D MyGridViewPager: oninterceptTouchEvent is returning true
05-22 10:21:10.187  8099  8099 D MyGridViewPager: onTouch ambient is falseevent was:MotionEvent { action=ACTION_MOVE, actionButton=0, id[0]=0, x[0]=186.0, y[0]=150.21204, toolType[0]=TOOL_TYPE_FINGER, buttonState=0, metaState=0, flags=0x0, edgeFlags=0x0, pointerCount=1, historySize=6, eventTime=14161711, downTime=14161617, deviceId=0, source=0x1002 }context is uk.me.ponies.wearroutes.MainWearActivity@d617b8b
05-22 10:21:10.187  8099  8099 D MapSwipeToZoomFrag: onScrollChange seen
05-22 10:21:10.187  8099  8099 D MainGridPagerAdapter: getFragment called for row:0 column:0
05-22 10:21:10.187  8099  8099 D MainGridPagerAdapter: getFragment called for row:0 column:1
05-22 10:21:10.187  8099  8099 D MainWearActivity: onPageScrolled: 0,0
05-22 10:21:10.187  8099  8099 D MyGridViewPager: onTouchEvent is returning true
05-22 10:21:10.196  8099  8099 D MyGridViewPager: onTouch ambient is falseevent was:MotionEvent { action=ACTION_MOVE, actionButton=0, id[0]=0, x[0]=186.0, y[0]=127.73421, toolType[0]=TOOL_TYPE_FINGER, buttonState=0, metaState=0, flags=0x0, edgeFlags=0x0, pointerCount=1, historySize=2, eventTime=14161727, downTime=14161617, deviceId=0, source=0x1002 }context is uk.me.ponies.wearroutes.MainWearActivity@d617b8b
05-22 10:21:10.197  8099  8099 D MapSwipeToZoomFrag: onScrollChange seen
05-22 10:21:10.199  8099  8099 D MainGridPagerAdapter: getFragment called for row:0 column:0
05-22 10:21:10.199  8099  8099 D MainGridPagerAdapter: getFragment called for row:0 column:1
05-22 10:21:10.199  8099  8099 D MainWearActivity: onPageScrolled: 0,0
05-22 10:21:10.199  8099  8099 D MyGridViewPager: onTouchEvent is returning true
05-22 10:21:10.227  8099  8099 D MyGridViewPager: onTouch ambient is falseevent was:MotionEvent { action=ACTION_MOVE, actionButton=0, id[0]=0, x[0]=195.0, y[0]=88.0, toolType[0]=TOOL_TYPE_FINGER, buttonState=0, metaState=0, flags=0x0, edgeFlags=0x0, pointerCount=1, historySize=4, eventTime=14161761, downTime=14161617, deviceId=0, source=0x1002 }context is uk.me.ponies.wearroutes.MainWearActivity@d617b8b
05-22 10:21:10.227  8099  8099 D MapSwipeToZoomFrag: onScrollChange seen
05-22 10:21:10.227  8099  8099 D MainGridPagerAdapter: getFragment called for row:0 column:0
05-22 10:21:10.229  8099  8099 D MainGridPagerAdapter: getFragment called for row:0 column:1
05-22 10:21:10.229  8099  8099 D MainWearActivity: onPageScrolled: 0,0
05-22 10:21:10.230  8099  8099 D MyGridViewPager: onTouchEvent is returning true
05-22 10:21:10.231  8099  8099 D MapSwipeToZoomFrag: onTouch seen for event:MotionEvent { action=ACTION_UP, actionButton=0, id[0]=0, x[0]=195.0, y[0]=88.0, toolType[0]=TOOL_TYPE_FINGER, buttonState=0, metaState=0, flags=0x0, edgeFlags=0x0, pointerCount=1, historySize=0, eventTime=14161761, downTime=14161617, deviceId=0, source=0x1002 }
05-22 10:21:10.232  8099  8099 D MapSwipeToZoomFrag: GestureDetector onFling seen!
05-22 10:21:10.232  8099  8099 D MapSwipeToZoomFrag: GestureDetector e1 or e2 is null, ignoring, returning false
05-22 10:21:10.232  8099  8099 D MyGridViewPager: onTouch ambient is falseevent was:MotionEvent { action=ACTION_UP, actionButton=0, id[0]=0, x[0]=195.0, y[0]=88.0, toolType[0]=TOOL_TYPE_FINGER, buttonState=0, metaState=0, flags=0x0, edgeFlags=0x0, pointerCount=1, historySize=0, eventTime=14161761, downTime=14161617, deviceId=0, source=0x1002 }context is uk.me.ponies.wearroutes.MainWearActivity@d617b8b
05-22 10:21:10.232  8099  8099 D ColumnHistorian: Selected Page is 1,0
05-22 10:21:10.232  8099  8099 D GridViewPagerNotifier: onPageSelected row:1 column:0
05-22 10:21:10.232  8099  8099 D MainGridPagerAdapter: getFragment called for row:1 column:0
05-22 10:21:10.232  8099  8099 D MainGridPagerAdapter: getFragment called for row:1 column:1
05-22 10:21:10.232  8099  8099 D MainGridPagerAdapter: getFragment called for row:0 column:0
05-22 10:21:10.232  8099  8099 D MainGridPagerAdapter: getFragment called for row:2 column:0
05-22 10:21:10.232  8099  8099 D MapSwipeToZoomFrag: EventBusLocationSourceForMap deActivated for com.google.android.gms.maps.GoogleMap$12$1@e9502f1
05-22 10:21:10.233  8099  8099 D Error   : ERR: exClass=android.os.StrictMode$StrictModeCustomViolation
05-22 10:21:10.233  8099  8099 D Error   : ERR: exMsg=policy=4325404 violation=8 msg=gcore.dynamite
05-22 10:21:10.233  8099  8099 D Error   : ERR: file=StrictMode.java
05-22 10:21:10.233  8099  8099 D Error   : ERR: class=android.os.StrictMode$AndroidBlockGuardPolicy
05-22 10:21:10.233  8099  8099 D Error   : ERR: method=onCustomSlowCall line=1236
05-22 10:21:10.233  8099  8099 D Error   : ERR: stack=android.os.StrictMode$StrictModeCustomViolation: policy=4325404 violation=8 msg=gcore.dynamite
05-22 10:21:10.233  8099  8099 D Error   : 	at android.os.StrictMode$AndroidBlockGuardPolicy.onCustomSlowCall(StrictMode.java:1236)
05-22 10:21:10.233  8099  8099 D Error   : 	at android.os.StrictMode.noteSlowCall(StrictMode.java:2136)
05-22 10:21:10.233  8099  8099 D Error   : 	at ffk.a(:com.google.android.gms:0)
05-22 10:21:10.233  8099  8099 D Error   : 	at dgs.a(:com.google.android.gms:2)
05-22 10:21:10.233  8099  8099 D Error   : 	at com.google.android.gms.maps.internal.CreatorImpl.a(:com.google.android.gms:4)
05-22 10:21:10.233  8099  8099 D Error   : 	at com.google.android.gms.maps.internal.CreatorImpl.newMapFragmentDelegate(:com.google.android.gms:0)
05-22 10:21:10.233  8099  8099 D Error   : 	at igj.onTransact(:com.google.android.gms:13)
05-22 10:21:10.233  8099  8099 D Error   : 	at android.os.Binder.transact(Binder.java:387)
05-22 10:21:10.233  8099  8099 D Error   : 	at com.google.android.gms.maps.internal.zzc$zza$zza.zzag(Unknown Source)
05-22 10:21:10.233  8099  8099 D Error   : 	at com.google.android.gms.maps.MapFragment$zzb.zzbow(Unknown Source)
05-22 10:21:10.233  8099  8099 D Error   : 	at com.google.android.gms.maps.MapFragment$zzb.zza(Unknown Source)
05-22 10:21:10.233  8099  8099 D Error   : 	at com.google.android.gms.dynamic.zza.zza(Unknown Source)
05-22 10:21:10.233  8099  8099 D Error   : 	at com.google.android.gms.dynamic.zza.onCreate(Unknown Source)
05-22 10:21:10.233  8099  8099 D Error   : 	at com.google.android.gms.maps.MapFragment.onCreate(Unknown Source)
05-22 10:21:10.233  8099  8099 D Error   : 	at android.app.Fragment.performCreate(Fragment.java:2198)
05-22 10:21:10.233  8099  8099 D Error   : 	at android.app.FragmentManagerImpl.moveToState(FragmentManager.java:942)
05-22 10:21:10.233  8099  8099 D Error   : 	at android.app.FragmentManagerImpl.moveToState(FragmentManager.java:1148)
05-22 10:21:10.233  8099  8099 D Error   : 	at android.app.BackStackRecord.run(BackStackRecord.java:793)
05-22 10:21:10.233  8099  8099 D Error   : 	at android.app.FragmentManagerImpl.execPendingActions(FragmentManager.java:1535)
05-22 10:21:10.233  8099  8099 D Error   : 	at android.app.Fragment.performStart(Fragment.java:2241)
05-22 10:21:10.233  8099  8099 D Error   : 	at android.app.FragmentManagerImpl.moveToState(FragmentManager.java:1002)
05-22 10:21:10.233  8099  8099 D Error   : 	at android.app.FragmentManagerImpl.moveToState(FragmentManager.java:1148)
05-22 10:21:10.233  8099  8099 D Error   : 	at android.app.BackStackRecord.run(BackStackRecord.java:793)
05-22 10:21:10.233  8099  8099 D Error   : 	at android.app.FragmentManagerImpl.execPendingActions(FragmentManager.java:1535)
05-22 10:21:10.233  8099  8099 D Error   : 	at android.app.FragmentManagerImpl.executePendingTransactions(FragmentManager.java:562)
05-22 10:21:10.233  8099  8099 D Error   : 	at android.support.wearable.view.FragmentGridPagerAdapter.finishUpdate(FragmentGridPagerAdapter.java:220)
05-22 10:21:10.233  8099  8099 D Error   : 	at uk.me.ponies.wearroutes.MainGridPagerAdapter.finishUpdate(MainGridPagerAdapter.java:332)
05-22 10:21:10.233  8099  8099 D Error   : 	at android.support.wearable.view.GridViewPager.populate(GridViewPager.java:1182)
05-22 10:21:10.233  8099  8099 D Error   : 	at android.support.wearable.view.GridViewPager.populate(GridViewPager.java:1038)
05-22 10:21:10.233  8099  8099 D Error   : 	at android.support.wearable.view.GridViewPager.onMeasure(GridViewPager.java:1343)
05-22 10:21:10.233  8099  8099 D Error   : 	at android.view.View.measure(View.java:18794)
05-22 10:21:10.233  8099  8099 D Error   : 	at android.view.ViewGroup.measureChildWithMargins(ViewGroup.java:5951)
05-22 10:21:10.233  8099  8099 D Error   : 	at android.widget.FrameLayout.onMeasure(FrameLayout.java:194)
05-22 10:21:10.233  8099  8099 D Error   : 	at android.view.View.measure(View.java:18794)
05-22 10:21:10.233  8099  8099 D Error   : 	at android.view.ViewGroup.measureChildWithMargins(ViewGroup.java:5951)
05-22 10:21:10.233  8099  8099 D Error   : 	at android.widget.FrameLayout.onMeasure(FrameLayout.java:194)
05-22 10:21:10.233  8099  8099 D Error   : 	at android.view.View.measure(View.java:18794)
05-22 10:21:10.233  8099  8099 D Error   : 	at android.view.ViewGroup.measureChildWithMargins(ViewGroup.java:5951)
05-22 10:21:10.233  8099  8099 D Error   : 	at android.widget.FrameLayout.onMeasure(FrameLayout.java:194)
05-22 10:21:10.233  8099  8099 D Error   : 	at com.android.internal.policy.PhoneWindow$DecorView.onMeasure(PhoneWindow.java:2643)
05-22 10:21:10.233  8099  8099 D Error   : 	at android.view.View.measure(View.java:18794)
05-22 10:21:10.233  8099  8099 D Error   : 	at android.view.ViewRootImpl.performMeasure(ViewRootImpl.java:2108)
05-22 10:21:10.233  8099  8099 D Error   : 	at android.view.ViewRootImpl.measureHierarchy(ViewRootImpl.java:1224)
05-22 10:21:10.233  8099  8099 D Error   : 	at android.view.ViewRootImpl.performTraversals(ViewRootImpl.java:1460)
05-22 10:21:10.233  8099  8099 D Error   : 	at android.view.ViewRootImpl.doTraversal(ViewRootImpl.java:1115)
05-22 10:21:10.233  8099  8099 D Error   : 	at android.view.ViewRootImpl$TraversalRunnable.run(ViewRootImpl.java:6024)
05-22 10:21:10.233  8099  8099 D Error   : 	at android.view.Choreographer$CallbackRecord.run(Choreographer.java:858)
05-22 10:21:10.233  8099  8099 D Error   : 	at android.view.Choreographer.doCallbacks(Choreographer.java:670)
05-22 10:21:10.233  8099  8099 D Error   : 	at android.view.Choreographer.doFrame(Choreographer.java:606)
05-22 10:21:10.233  8099  8099 D Error   : 	at android.view.Choreographer$FrameDisplayEventReceiver.run(Choreographer.java:844)
05-22 10:21:10.233  8099  8099 D Error   : 	at android.os.Handler.handleCallback(Handler.java:739)
05-22 10:21:10.233  8099  8099 D Error   : 	at android.os.Handler.dispatchMessage(Handler.java:95)
05-22 10:21:10.233  8099  8099 D Error   : 	at android.os.Looper.loop(Looper.java:148)
