05-22 06:52:03.548  8407  8407 W dex2oat : /system/bin/dex2oat --runtime-arg -classpath --runtime-arg  --instruction-set=x86 --instruction-set-features=smp,ssse3,-sse4.1,-sse4.2,-avx,-avx2 --runtime-arg -Xrelocate --boot-image=/system/framework/boot.art --runtime-arg -Xms64m --runtime-arg -Xmx512m -j1 --instruction-set-variant=x86 --instruction-set-features=default --dex-file=/data/app/uk.me.ponies.wearroutes-1/split_lib_slice_5_apk.apk --oat-file=/data/dalvik-cache/x86/data@app@uk.me.ponies.wearroutes-1@split_lib_slice_5_apk.apk@classes.dex
05-22 06:52:03.548  8407  8407 E dex2oat : Failed to create oat file: /data/dalvik-cache/x86/data@app@uk.me.ponies.wearroutes-1@split_lib_slice_5_apk.apk@classes.dex: Permission denied
05-22 06:52:03.548  8407  8407 I dex2oat : dex2oat took 444.187us (threads: 1) 
05-22 06:52:03.549  8371  8371 W art     : Failed execv(/system/bin/dex2oat --runtime-arg -classpath --runtime-arg  --instruction-set=x86 --instruction-set-features=smp,ssse3,-sse4.1,-sse4.2,-avx,-avx2 --runtime-arg -Xrelocate --boot-image=/system/framework/boot.art --runtime-arg -Xms64m --runtime-arg -Xmx512m -j1 --instruction-set-variant=x86 --instruction-set-features=default --dex-file=/data/app/uk.me.ponies.wearroutes-1/split_lib_slice_5_apk.apk --oat-file=/data/dalvik-cache/x86/data@app@uk.me.ponies.wearroutes-1@split_lib_slice_5_apk.apk@classes.dex) because non-0 exit status
05-22 06:52:03.558  8409  8409 W dex2oat : Unexpected CPU variant for X86 using defaults: x86
05-22 06:52:03.558  8409  8409 W dex2oat : Mismatch between dex2oat instruction set features (ISA: X86 Feature string: smp,-ssse3,-sse4.1,-sse4.2,-avx,-avx2) and those of dex2oat executable (ISA: X86 Feature string: smp,ssse3,-sse4.1,-sse4.2,-avx,-avx2) for the command line:
05-22 06:52:03.559  8409  8409 W dex2oat : /system/bin/dex2oat --runtime-arg -classpath --runtime-arg  --instruction-set=x86 --instruction-set-features=smp,ssse3,-sse4.1,-sse4.2,-avx,-avx2 --runtime-arg -Xrelocate --boot-image=/system/framework/boot.art --runtime-arg -Xms64m --runtime-arg -Xmx512m -j1 --instruction-set-variant=x86 --instruction-set-features=default --dex-file=/data/app/uk.me.ponies.wearroutes-1/split_lib_slice_6_apk.apk --oat-file=/data/dalvik-cache/x86/data@app@uk.me.ponies.wearroutes-1@split_lib_slice_6_apk.apk@classes.dex
05-22 06:52:03.559  8409  8409 E dex2oat : Failed to create oat file: /data/dalvik-cache/x86/data@app@uk.me.ponies.wearroutes-1@split_lib_slice_6_apk.apk@classes.dex: Permission denied
05-22 06:52:03.559  8409  8409 I dex2oat : dex2oat took 1.238ms (threads: 1) 
05-22 06:52:03.559  8371  8371 W art     : Failed execv(/system/bin/dex2oat --runtime-arg -classpath --runtime-arg  --instruction-set=x86 --instruction-set-features=smp,ssse3,-sse4.1,-sse4.2,-avx,-avx2 --runtime-arg -Xrelocate --boot-image=/system/framework/boot.art --runtime-arg -Xms64m --runtime-arg -Xmx512m -j1 --instruction-set-variant=x86 --instruction-set-features=default --dex-file=/data/app/uk.me.ponies.wearroutes-1/split_lib_slice_6_apk.apk --oat-file=/data/dalvik-cache/x86/data@app@uk.me.ponies.wearroutes-1@split_lib_slice_6_apk.apk@classes.dex) because non-0 exit status
05-22 06:52:03.575  8411  8411 W dex2oat : Unexpected CPU variant for X86 using defaults: x86
05-22 06:52:03.575  8411  8411 W dex2oat : Mismatch between dex2oat instruction set features (ISA: X86 Feature string: smp,-ssse3,-sse4.1,-sse4.2,-avx,-avx2) and those of dex2oat executable (ISA: X86 Feature string: smp,ssse3,-sse4.1,-sse4.2,-avx,-avx2) for the command line:
05-22 06:52:03.575  8411  8411 W dex2oat : /system/bin/dex2oat --runtime-arg -classpath --runtime-arg  --instruction-set=x86 --instruction-set-features=smp,ssse3,-sse4.1,-sse4.2,-avx,-avx2 --runtime-arg -Xrelocate --boot-image=/system/framework/boot.art --runtime-arg -Xms64m --runtime-arg -Xmx512m -j1 --instruction-set-variant=x86 --instruction-set-features=default --dex-file=/data/app/uk.me.ponies.wearroutes-1/split_lib_slice_7_apk.apk --oat-file=/data/dalvik-cache/x86/data@app@uk.me.ponies.wearroutes-1@split_lib_slice_7_apk.apk@classes.dex
05-22 06:52:03.576  8411  8411 E dex2oat : Failed to create oat file: /data/dalvik-cache/x86/data@app@uk.me.ponies.wearroutes-1@split_lib_slice_7_apk.apk@classes.dex: Permission denied
05-22 06:52:03.576  8411  8411 I dex2oat : dex2oat took 652.034us (threads: 1) 
05-22 06:52:03.576  8371  8371 W art     : Failed execv(/system/bin/dex2oat --runtime-arg -classpath --runtime-arg  --instruction-set=x86 --instruction-set-features=smp,ssse3,-sse4.1,-sse4.2,-avx,-avx2 --runtime-arg -Xrelocate --boot-image=/system/framework/boot.art --runtime-arg -Xms64m --runtime-arg -Xmx512m -j1 --instruction-set-variant=x86 --instruction-set-features=default --dex-file=/data/app/uk.me.ponies.wearroutes-1/split_lib_slice_7_apk.apk --oat-file=/data/dalvik-cache/x86/data@app@uk.me.ponies.wearroutes-1@split_lib_slice_7_apk.apk@classes.dex) because non-0 exit status
05-22 06:52:03.598  8415  8415 W dex2oat : Unexpected CPU variant for X86 using defaults: x86
05-22 06:52:03.598  8415  8415 W dex2oat : Mismatch between dex2oat instruction set features (ISA: X86 Feature string: smp,-ssse3,-sse4.1,-sse4.2,-avx,-avx2) and those of dex2oat executable (ISA: X86 Feature string: smp,ssse3,-sse4.1,-sse4.2,-avx,-avx2) for the command line:
05-22 06:52:03.598  8415  8415 W dex2oat : /system/bin/dex2oat --runtime-arg -classpath --runtime-arg  --instruction-set=x86 --instruction-set-features=smp,ssse3,-sse4.1,-sse4.2,-avx,-avx2 --runtime-arg -Xrelocate --boot-image=/system/framework/boot.art --runtime-arg -Xms64m --runtime-arg -Xmx512m -j1 --instruction-set-variant=x86 --instruction-set-features=default --dex-file=/data/app/uk.me.ponies.wearroutes-1/split_lib_slice_8_apk.apk --oat-file=/data/dalvik-cache/x86/data@app@uk.me.ponies.wearroutes-1@split_lib_slice_8_apk.apk@classes.dex
05-22 06:52:03.598  8415  8415 E dex2oat : Failed to create oat file: /data/dalvik-cache/x86/data@app@uk.me.ponies.wearroutes-1@split_lib_slice_8_apk.apk@classes.dex: Permission denied
05-22 06:52:03.598  8415  8415 I dex2oat : dex2oat took 222.096us (threads: 1) 
05-22 06:52:03.599  8371  8371 W art     : Failed execv(/system/bin/dex2oat --runtime-arg -classpath --runtime-arg  --instruction-set=x86 --instruction-set-features=smp,ssse3,-sse4.1,-sse4.2,-avx,-avx2 --runtime-arg -Xrelocate --boot-image=/system/framework/boot.art --runtime-arg -Xms64m --runtime-arg -Xmx512m -j1 --instruction-set-variant=x86 --instruction-set-features=default --dex-file=/data/app/uk.me.ponies.wearroutes-1/split_lib_slice_8_apk.apk --oat-file=/data/dalvik-cache/x86/data@app@uk.me.ponies.wearroutes-1@split_lib_slice_8_apk.apk@classes.dex) because non-0 exit status
05-22 06:52:03.608  8417  8417 W dex2oat : Unexpected CPU variant for X86 using defaults: x86
05-22 06:52:03.608  8417  8417 W dex2oat : Mismatch between dex2oat instruction set features (ISA: X86 Feature string: smp,-ssse3,-sse4.1,-sse4.2,-avx,-avx2) and those of dex2oat executable (ISA: X86 Feature string: smp,ssse3,-sse4.1,-sse4.2,-avx,-avx2) for the command line:
05-22 06:52:03.609  8417  8417 W dex2oat : /system/bin/dex2oat --runtime-arg -classpath --runtime-arg  --instruction-set=x86 --instruction-set-features=smp,ssse3,-sse4.1,-sse4.2,-avx,-avx2 --runtime-arg -Xrelocate --boot-image=/system/framework/boot.art --runtime-arg -Xms64m --runtime-arg -Xmx512m -j1 --instruction-set-variant=x86 --instruction-set-features=default --dex-file=/data/app/uk.me.ponies.wearroutes-1/split_lib_slice_9_apk.apk --oat-file=/data/dalvik-cache/x86/data@app@uk.me.ponies.wearroutes-1@split_lib_slice_9_apk.apk@classes.dex
05-22 06:52:03.609  8417  8417 E dex2oat : Failed to create oat file: /data/dalvik-cache/x86/data@app@uk.me.ponies.wearroutes-1@split_lib_slice_9_apk.apk@classes.dex: Permission denied
05-22 06:52:03.609  8417  8417 I dex2oat : dex2oat took 983.088us (threads: 1) 
05-22 06:52:03.609  8371  8371 W art     : Failed execv(/system/bin/dex2oat --runtime-arg -classpath --runtime-arg  --instruction-set=x86 --instruction-set-features=smp,ssse3,-sse4.1,-sse4.2,-avx,-avx2 --runtime-arg -Xrelocate --boot-image=/system/framework/boot.art --runtime-arg -Xms64m --runtime-arg -Xmx512m -j1 --instruction-set-variant=x86 --instruction-set-features=default --dex-file=/data/app/uk.me.ponies.wearroutes-1/split_lib_slice_9_apk.apk --oat-file=/data/dalvik-cache/x86/data@app@uk.me.ponies.wearroutes-1@split_lib_slice_9_apk.apk@classes.dex) because non-0 exit status
05-22 06:52:03.612  8371  8371 W System  : ClassLoader referenced unknown path: /data/app/uk.me.ponies.wearroutes-1/lib/x86
05-22 06:52:03.645  8371  8371 I InstantRun: starting instant run server: is main process
05-22 06:52:03.686  8371  8371 I UnexpectedExceptionHandler: registering unexpectedException Hander on threadmain
05-22 06:52:03.690  8371  8371 E MainWearActivity: onCreate called savedinstanceState is null:true
05-22 06:52:03.694  8371  8371 D ActivityLifeCycleLogger: uk.me.ponies.wearroutes.MainWearActivity@d617b8b onActivityCreated called
05-22 06:52:03.828  8371  8371 D EventBus: No subscribers registered for event class uk.me.ponies.wearroutes.eventBusEvents.LocationPollingStateEvent
05-22 06:52:03.828  8371  8371 D EventBus: No subscribers registered for event class org.greenrobot.eventbus.NoSubscriberEvent
05-22 06:52:03.835  8371  8371 D EventBus: No subscribers registered for event class uk.me.ponies.wearroutes.eventBusEvents.LocationPollingStateEvent
05-22 06:52:03.835  8371  8371 D EventBus: No subscribers registered for event class org.greenrobot.eventbus.NoSubscriberEvent
05-22 06:52:03.838  8371  8371 D MainGridPagerAdapter: getFragment called for row:2 column:0
05-22 06:52:03.964  8371  8371 D MainWearActivity: android.permission.ACCESS_FINE_LOCATION Granted
05-22 06:52:03.965  8371  8371 D MainWearActivity: android.permission.WAKE_LOCK Granted
05-22 06:52:03.965  8371  8371 D MainWearActivity: android.permission.WRITE_EXTERNAL_STORAGE Granted
05-22 06:52:03.965  8371  8371 D MainWearActivity: android.permission.ACCESS_NETWORK_STATE Granted
05-22 06:52:03.965  8371  8371 D MainWearActivity: android.permission.INTERNET Granted
05-22 06:52:03.965  8371  8371 D MainWearActivity: android.permission.READ_EXTERNAL_STORAGE Granted
05-22 06:52:03.967  8371  8371 D ActivityLifeCycleLogger: uk.me.ponies.wearroutes.MainWearActivity@d617b8b onActivityStarted called
05-22 06:52:03.982  8371  8371 D ActivityLifeCycleLogger: uk.me.ponies.wearroutes.MainWearActivity@d617b8b onActivityResumed called
05-22 06:52:03.984  8371  8423 D OpenGLRenderer: Use EGL_SWAP_BEHAVIOR_PRESERVED: true
05-22 06:52:03.985  8371  8371 D         : HostConnection::get() New Host Connection established 0xac6fb880, tid 8371
05-22 06:52:04.020  8371  8371 D MainGridPagerAdapter: GridPagerAdapter: startUpdate Called id:2131820668 took 0ms
05-22 06:52:04.021  8371  8371 D MainGridPagerAdapter: getFragment called for row:0 column:0
05-22 06:52:04.021  8371  8371 D MainGridPagerAdapter: getFragment called for row:0 column:1
05-22 06:52:04.021  8371  8371 D MainGridPagerAdapter: getFragment called for row:0 column:2
05-22 06:52:04.022  8371  8371 D MainGridPagerAdapter: getFragment called for row:0 column:3
05-22 06:52:04.022  8371  8371 D MainGridPagerAdapter: getFragment called for row:0 column:4
05-22 06:52:04.022  8371  8371 D MainGridPagerAdapter: getFragment called for row:0 column:5
05-22 06:52:04.022  8371  8371 D MainGridPagerAdapter: getFragment called for row:1 column:0
05-22 06:52:04.022  8371  8371 D MainGridPagerAdapter: getFragment called for row:2 column:0
05-22 06:52:04.022  8371  8371 D MainGridPagerAdapter: getFragment called for row:3 column:0
05-22 06:52:04.022  8371  8371 D MainGridPagerAdapter: getFragment called for row:4 column:0
05-22 06:52:04.074  8371  8371 D FragmentLifecycleLogger: SpeedPanel1 onAttach called
05-22 06:52:04.074  8371  8371 D FragmentLifecycleLogger: SpeedPanel1 onCreate called
05-22 06:52:04.080  8371  8371 D FragmentLifecycleLogger: SpeedPanel1 onViewCreated called
05-22 06:52:04.080  8371  8371 D FragmentLifecycleLogger: SpeedPanel1 onActivityCreated called
05-22 06:52:04.080  8371  8371 D FragmentLifecycleLogger: SpeedPanel1 onViewStateRestored called
05-22 06:52:04.080  8371  8371 D FragmentLifecycleLogger: SpeedPanel1 onStart called
05-22 06:52:04.080  8371  8371 D SpeedPanel1: onResume called
05-22 06:52:04.092  8371  8371 D FragmentLifecycleLogger: SpeedPanel1 onResume called
05-22 06:52:04.092  8371  8371 D FragmentLifecycleLogger: MapSwipeToZoomFragment onAttach called
05-22 06:52:04.092  8371  8371 D FragmentLifecycleLogger: MapSwipeToZoomFragment onCreate called
05-22 06:52:04.092  8371  8371 D MapSwipeToZoomFrag: MapContainingFragment Map #00 onCreateView called
05-22 06:52:04.110  8371  8371 D MapSwipeToZoomFrag: creating a new InnerMapFragment
05-22 06:52:04.124  8371  8371 D MapSwipeToZoomFrag: MapContainingFragment (not the view) is MapFragment{fca881d id=0x7f11008b}
05-22 06:52:04.124  8371  8371 D MapSwipeToZoomFrag: CreateView Map #00 getting MapAsync 
05-22 06:52:04.125  8371  8371 D MapSwipeToZoomFrag: CreateView completed
05-22 06:52:04.126  8371  8371 D MapSwipeToZoomFrag: Map #00 onViewCreatedCalled
05-22 06:52:04.126  8371  8371 D FragmentLifecycleLogger: MapSwipeToZoomFragment onViewCreated called
05-22 06:52:04.130  8371  8371 D FragmentLifecycleLogger: MapSwipeToZoomFragment onActivityCreated called
05-22 06:52:04.130  8371  8371 D FragmentLifecycleLogger: MapSwipeToZoomFragment onViewStateRestored called
05-22 06:52:04.136  8371  8371 I zzai    : Making Creator dynamically
05-22 06:52:04.207  8371  8371 I Google Maps Android API: Google Play services client version: 9452000
05-22 06:52:04.218  8371  8371 I Google Maps Android API: Google Play services package version: 11047570
05-22 06:52:04.387  8371  8453 W agl     : copyMemory is missing from platform - proto runtime falling back to safer methods.
05-22 06:52:04.597  8371  8377 W art     : Suspending all threads took: 34.632ms
05-22 06:52:04.615  8371  8381 I art     : Background sticky concurrent mark sweep GC freed 755(340KB) AllocSpace objects, 0(0B) LOS objects, 7% free, 3MB/3MB, paused 2.417ms total 179.337ms
05-22 06:52:04.733  8371  8371 D MapSwipeToZoomFrag: MapContainingFragment:Map #00 onStart called with zoom:15
05-22 06:52:04.733  8371  8371 D FragmentLifecycleLogger: MapSwipeToZoomFragment onStart called
05-22 06:52:04.733  8371  8371 D MapSwipeToZoomFrag: MapContainingFragment:Map #00 onResume called, visible is true
05-22 06:52:04.733  8371  8371 D FragmentLifecycleLogger: MapSwipeToZoomFragment onResume called
05-22 06:52:04.733  8371  8371 D MapSwipeToZoomFrag: matchMapUIToConfig -- no map
05-22 06:52:04.736  8371  8371 D MainGridPagerAdapter: GridPagerAdapter: finishUpdate Called id:2131820668 took 714ms
05-22 06:52:04.744  8371  8371 D MainGridPagerAdapter: GridPagerAdapter: startUpdate Called id:2131820668 took 0ms
05-22 06:52:04.744  8371  8371 D MainGridPagerAdapter: GridPagerAdapter: finishUpdate Called id:2131820668 took 0ms
05-22 06:52:04.775  8371  8423 D         : HostConnection::get() New Host Connection established 0xa632b7d0, tid 8423
05-22 06:52:04.776  8371  8423 I OpenGLRenderer: Initialized EGL, version 1.4
05-22 06:52:04.776  8371  8423 W OpenGLRenderer: Failed to choose config with EGL_SWAP_BEHAVIOR_PRESERVED, retrying without...
05-22 06:52:04.797  8371  8371 D MainGridPagerAdapter: GridPagerAdapter: startUpdate Called id:2131820668 took 0ms
05-22 06:52:04.797  8371  8371 D MainGridPagerAdapter: GridPagerAdapter: finishUpdate Called id:2131820668 took 0ms
05-22 06:52:04.801  8371  8371 D MainWearActivity: onPageScrolled: 0,0
05-22 06:52:04.805  8371  8476 D Loader  : Loading asset 0x7f020070
05-22 06:52:04.812  8371  8472 D         : HostConnection::get() New Host Connection established 0xa632b0d0, tid 8472
05-22 06:52:04.847  8371  8371 I Choreographer: Skipped 49 frames!  The application may be doing too much work on its main thread.
05-22 06:52:05.014  8371  8371 D MapSwipeToZoomFrag: showZoom is false
05-22 06:52:05.034  8371  8381 W art     : Suspending all threads took: 5.761ms
05-22 06:52:05.060  8371  8381 I art     : Background partial concurrent mark sweep GC freed 1098(186KB) AllocSpace objects, 13(532KB) LOS objects, 24% free, 5MB/7MB, paused 8.601ms total 57.551ms
05-22 06:52:05.075  8371  8377 W art     : Suspending all threads took: 5.058ms
05-22 06:52:05.085  8371  8371 D MapSwipeToZoomFrag: SetupMap Called Map #00
05-22 06:52:05.087  8371  8371 D MapSwipeToZoomFrag: EventBusLocationSourceForMap activated for com.google.android.gms.maps.GoogleMap$12$1@ce35c7b
05-22 06:52:05.096  8371  8371 D MapSwipeToZoomFrag: SetupMap Map #00 moving camera to zoom15
05-22 06:52:05.096  8371  8371 D MapSwipeToZoomFrag: Not moving camera as the map isn't visible
05-22 06:52:05.096  8371  8371 D MapSwipeToZoomFrag: Re-adding polylines during onResume
05-22 06:52:05.096  8371  8371 D MapSwipeToZoomFrag: polylines re-added in onResume
05-22 06:52:05.097  8371  8371 D StrictMode: Wrote violation #0 of 1: 11464 bytes
05-22 06:52:05.116  8371  8371 D MainGridPagerAdapter: GridPagerAdapter: startUpdate Called id:2131820668 took 0ms
05-22 06:52:05.117  8371  8371 D MainGridPagerAdapter: GridPagerAdapter: finishUpdate Called id:2131820668 took 0ms
05-22 06:52:05.119  8371  8371 D MainGridPagerAdapter: GridPagerAdapter: startUpdate Called id:2131820668 took 0ms
05-22 06:52:05.120  8371  8371 D MainGridPagerAdapter: GridPagerAdapter: finishUpdate Called id:2131820668 took 0ms
05-22 06:52:05.146  8371  8371 D MapSwipeToZoomFrag: Camera Changed for Map Map #00
05-22 06:52:05.148  8371  8371 D StrictMode: Wrote violation #0 of 1: 13340 bytes
05-22 06:52:05.180  8371  8371 D MapSwipeToZoomFrag: Camera Changed for Map Map #00
05-22 06:52:05.180  8371  8371 D StrictMode: Wrote violation #0 of 1: 16048 bytes
05-22 06:52:05.184  8371  8371 D MainWearActivity: onConnected(): Successfully connected to Google API client
05-22 06:52:05.221  8371  8371 D LocationHandler: onConnected(): Successfully connected to Google API client
05-22 06:52:05.221  8371  8371 D SlowLocationPollerBase: SlowLocationPollerBase stopped
05-22 06:52:05.221  8371  8371 D LocationHandler: removingLocationUpdates for listener uk.me.ponies.wearroutes.locationHandling.SlowLocationPollerAlarmWakeup@236a4b
05-22 06:52:05.224  8371  8371 D LocationHandler: removingLocationUpdates for listener uk.me.ponies.wearroutes.locationHandling.LocationHandler@430cc37
05-22 06:52:05.224  8371  8371 D LocationHandler: requestingLocationUpdates for listener uk.me.ponies.wearroutes.locationHandling.LocationHandler@430cc37
05-22 06:52:05.411  8371  8371 D StrictMode: Wrote violation #0 of 1: 18756 bytes
05-22 06:52:05.411  8371  8371 D MapSwipeToZoomFrag: MapContainingFragmentMap #00 onCameraChange Map now Loaded zoom is 15.0 wanted 15.0 on map:com.google.android.gms.maps.GoogleMap@a09e379
05-22 06:52:05.420  8371  8371 D MainGridPagerAdapter: GridPagerAdapter: startUpdate Called id:2131820668 took 1ms
05-22 06:52:05.420  8371  8371 D MainGridPagerAdapter: GridPagerAdapter: finishUpdate Called id:2131820668 took 0ms
05-22 06:52:05.424  8371  8371 D MainGridPagerAdapter: GridPagerAdapter: startUpdate Called id:2131820668 took 0ms
05-22 06:52:05.424  8371  8371 D MainGridPagerAdapter: GridPagerAdapter: finishUpdate Called id:2131820668 took 0ms
05-22 06:52:05.487  8371  8371 D LocationHandler: Good location received Location[fused 54.145657,-2.289823 acc=40 et=+26m57s28ms alt=0.0 vel=13.89 bear=39.0 mock {Bundle[mParcelledData.dataSize=44]}] from LocationHandler
05-22 06:52:05.488  8371  8371 D Error   : ERR: exClass=android.os.StrictMode$StrictModeCustomViolation
05-22 06:52:05.488  8371  8371 D Error   : ERR: exMsg=policy=4325404 violation=8 msg=gcore.dynamite
05-22 06:52:05.488  8371  8371 D Error   : ERR: file=StrictMode.java
05-22 06:52:05.488  8371  8371 D Error   : ERR: class=android.os.StrictMode$AndroidBlockGuardPolicy
05-22 06:52:05.488  8371  8371 D Error   : ERR: method=onCustomSlowCall line=1236
05-22 06:52:05.488  8371  8371 D Error   : ERR: stack=android.os.StrictMode$StrictModeCustomViolation: policy=4325404 violation=8 msg=gcore.dynamite
05-22 06:52:05.488  8371  8371 D Error   : 	at android.os.StrictMode$AndroidBlockGuardPolicy.onCustomSlowCall(StrictMode.java:1236)
05-22 06:52:05.488  8371  8371 D Error   : 	at android.os.StrictMode.noteSlowCall(StrictMode.java:2136)
05-22 06:52:05.488  8371  8371 D Error   : 	at ffk.a(:com.google.android.gms:0)
05-22 06:52:05.488  8371  8371 D Error   : 	at dgs.a(:com.google.android.gms:2)
05-22 06:52:05.488  8371  8371 D Error   : 	at com.google.android.gms.maps.internal.CreatorImpl.a(:com.google.android.gms:4)
05-22 06:52:05.488  8371  8371 D Error   : 	at com.google.android.gms.maps.internal.CreatorImpl.newMapFragmentDelegate(:com.google.android.gms:0)
05-22 06:52:05.488  8371  8371 D Error   : 	at igj.onTransact(:com.google.android.gms:13)
05-22 06:52:05.488  8371  8371 D Error   : 	at android.os.Binder.transact(Binder.java:387)
05-22 06:52:05.488  8371  8371 D Error   : 	at com.google.android.gms.maps.internal.zzc$zza$zza.zzag(Unknown Source)
05-22 06:52:05.488  8371  8371 D Error   : 	at com.google.android.gms.maps.MapFragment$zzb.zzbow(Unknown Source)
05-22 06:52:05.488  8371  8371 D Error   : 	at com.google.android.gms.maps.MapFragment$zzb.zza(Unknown Source)
05-22 06:52:05.488  8371  8371 D Error   : 	at com.google.android.gms.dynamic.zza.zza(Unknown Source)
05-22 06:52:05.488  8371  8371 D Error   : 	at com.google.android.gms.dynamic.zza.onCreate(Unknown Source)
05-22 06:52:05.488  8371  8371 D Error   : 	at com.google.android.gms.maps.MapFragment.onCreate(Unknown Source)
05-22 06:52:05.488  8371  8371 D Error   : 	at android.app.Fragment.performCreate(Fragment.java:2198)
05-22 06:52:05.488  8371  8371 D Error   : 	at android.app.FragmentManagerImpl.moveToState(FragmentManager.java:942)
05-22 06:52:05.488  8371  8371 D Error   : 	at android.app.FragmentManagerImpl.moveToState(FragmentManager.java:1148)
05-22 06:52:05.488  8371  8371 D Error   : 	at android.app.BackStackRecord.run(BackStackRecord.java:793)
05-22 06:52:05.488  8371  8371 D Error   : 	at android.app.FragmentManagerImpl.execPendingActions(FragmentManager.java:1535)
05-22 06:52:05.488  8371  8371 D Error   : 	at android.app.Fragment.performStart(Fragment.java:2241)
05-22 06:52:05.488  8371  8371 D Error   : 	at android.app.FragmentManagerImpl.moveToState(FragmentManager.java:1002)
05-22 06:52:05.488  8371  8371 D Error   : 	at android.app.FragmentManagerImpl.moveToState(FragmentManager.java:1148)
05-22 06:52:05.488  8371  8371 D Error   : 	at android.app.BackStackRecord.run(BackStackRecord.java:793)
05-22 06:52:05.488  8371  8371 D Error   : 	at android.app.FragmentManagerImpl.execPendingActions(FragmentManager.java:1535)
05-22 06:52:05.488  8371  8371 D Error   : 	at android.app.FragmentManagerImpl.executePendingTransactions(FragmentManager.java:562)
05-22 06:52:05.488  8371  8371 D Error   : 	at android.support.wearable.view.FragmentGridPagerAdapter.finishUpdate(FragmentGridPagerAdapter.java:220)
05-22 06:52:05.488  8371  8371 D Error   : 	at uk.me.ponies.wearroutes.MainGridPagerAdapter.finishUpdate(MainGridPagerAdapter.java:329)
05-22 06:52:05.488  8371  8371 D Error   : 	at android.support.wearable.view.GridViewPager.populate(GridViewPager.java:1182)
05-22 06:52:05.488  8371  8371 D Error   : 	at android.support.wearable.view.GridViewPager.populate(GridViewPager.java:1038)
05-22 06:52:05.488  8371  8371 D Error   : 	at android.support.wearable.view.GridViewPager.onMeasure(GridViewPager.java:1343)
05-22 06:52:05.488  8371  8371 D Error   : 	at android.view.View.measure(View.java:18794)
05-22 06:52:05.488  8371  8371 D Error   : 	at android.view.ViewGroup.measureChildWithMargins(ViewGroup.java:5951)
05-22 06:52:05.488  8371  8371 D Error   : 	at android.widget.FrameLayout.onMeasure(FrameLayout.java:194)
05-22 06:52:05.488  8371  8371 D Error   : 	at android.view.View.measure(View.java:18794)
05-22 06:52:05.488  8371  8371 D Error   : 	at android.view.ViewGroup.measureChildWithMargins(ViewGroup.java:5951)
05-22 06:52:05.488  8371  8371 D Error   : 	at android.widget.FrameLayout.onMeasure(FrameLayout.java:194)
05-22 06:52:05.488  8371  8371 D Error   : 	at android.view.View.measure(View.java:18794)
05-22 06:52:05.488  8371  8371 D Error   : 	at android.view.ViewGroup.measureChildWithMargins(ViewGroup.java:5951)
05-22 06:52:05.488  8371  8371 D Error   : 	at android.widget.FrameLayout.onMeasure(FrameLayout.java:194)
05-22 06:52:05.488  8371  8371 D Error   : 	at com.android.internal.policy.PhoneWindow$DecorView.onMeasure(PhoneWindow.java:2643)
05-22 06:52:05.488  8371  8371 D Error   : 	at android.view.View.measure(View.java:18794)
05-22 06:52:05.488  8371  8371 D Error   : 	at android.view.ViewRootImpl.performMeasure(ViewRootImpl.java:2108)
05-22 06:52:05.488  8371  8371 D Error   : 	at android.view.ViewRootImpl.measureHierarchy(ViewRootImpl.java:1224)
05-22 06:52:05.488  8371  8371 D Error   : 	at android.view.ViewRootImpl.performTraversals(ViewRootImpl.java:1460)
05-22 06:52:05.488  8371  8371 D Error   : 	at android.view.ViewRootImpl.doTraversal(ViewRootImpl.java:1115)
05-22 06:52:05.488  8371  8371 D Error   : 	at android.view.ViewRootImpl$TraversalRunnable.run(ViewRootImpl.java:6024)
05-22 06:52:05.488  8371  8371 D Error   : 	at android.view.Choreographer$CallbackRecord.run(Choreographer.java:858)
05-22 06:52:05.488  8371  8371 D Error   : 	at android.view.Choreographer.doCallbacks(Choreographer.java:670)
05-22 06:52:05.488  8371  8371 D Error   : 	at android.view.Choreographer.doFrame(Choreographer.java:606)
05-22 06:52:05.488  8371  8371 D Error   : 	at android.view.Choreographer$FrameDisplayEventReceiver.run(Choreographer.java:844)
05-22 06:52:05.488  8371  8371 D Error   : 	at android.os.Handler.handleCallback(Handler.java:739)
05-22 06:52:05.488  8371  8371 D Error   : 	at android.os.Handler.dispatchMessage(Handler.java:95)
05-22 06:52:05.488  8371  8371 D Error   : 	at android.os.Looper.loop(Looper.java:148)
05-22 06:52:05.488  8371  8371 D Error   : 	at android.app.ActivityThread.main(ActivityThread.java:5422)
05-22 06:52:05.488  8371  8371 D Error   : 	at java.lang.reflect.Method.invoke(Native Method)
05-22 06:52:05.488  8371  8371 D Error   : 	at com.android.internal.os.ZygoteInit$MethodAndArgsCaller.run(ZygoteInit.java:726)
05-22 06:52:05.488  8371  8371 D Error   : 	at com.android.internal.os.ZygoteInit.main(ZygoteInit.java:616)
05-22 06:52:05.488  8371  8371 D Error   : # via Binder call with stack:
05-22 06:52:05.488  8371  8371 D Error   : android.os.StrictMode$LogStackTrace
05-22 06:52:05.488  8371  8371 D Error   : 	at and
05-22 06:52:05.491  8371  8371 D Error   : ERR: TOTAL BYTES WRITTEN: 21384
05-22 06:52:05.491  8371  8371 D StrictMode: Wrote violation #0 of 1: 21428 bytes
05-22 06:52:05.493  8371  8371 D BearingSectorizer: clamped to :45.0 from:39.0
05-22 06:52:05.493  8371  8371 D BearingSectorizer: returning changed: 45.0
05-22 06:52:05.493  8371  8371 D MapSwipeToZoomFrag: Location changed, updating because First Location
05-22 06:52:05.493  8371  8371 D MapSwipeToZoomFrag: Not moving camera as the map isn't visible
05-22 06:52:05.493  8371  8371 D MapSwipeToZoomFrag: EventBusLocationSourceForMap sending location to listener com.google.android.gms.maps.GoogleMap$12$1@ce35c7b
05-22 06:52:05.510  8371  8371 D MainGridPagerAdapter: GridPagerAdapter: startUpdate Called id:2131820668 took 0ms
05-22 06:52:05.510  8371  8371 D MainGridPagerAdapter: GridPagerAdapter: finishUpdate Called id:2131820668 took 0ms
05-22 06:52:05.517  8371  8371 D MainGridPagerAdapter: GridPagerAdapter: startUpdate Called id:2131820668 took 0ms
05-22 06:52:05.517  8371  8371 D MainGridPagerAdapter: GridPagerAdapter: finishUpdate Called id:2131820668 took 0ms
05-22 06:52:06.203  8371  8423 W OpenGLRenderer: Dirty 130.00 306.00 190.00 320.00 doesn't intersect with 0 0 320 290 ?
05-22 06:52:06.221  8371  8423 W OpenGLRenderer: Dirty 130.00 306.00 190.00 320.00 doesn't intersect with 0 0 320 290 ?
05-22 06:52:06.230  8371  8423 W OpenGLRenderer: Dirty 130.00 306.00 190.00 320.00 doesn't intersect with 0 0 320 290 ?
05-22 06:52:06.251  8371  8423 W OpenGLRenderer: Dirty 130.00 306.00 190.00 320.00 doesn't intersect with 0 0 320 290 ?
05-22 06:52:06.271  8371  8423 W OpenGLRenderer: Dirty 130.00 306.00 190.00 320.00 doesn't intersect with 0 0 320 290 ?
05-22 06:52:06.282  8371  8423 W OpenGLRenderer: Dirty 130.00 306.00 190.00 320.00 doesn't intersect with 0 0 320 290 ?
05-22 06:52:06.301  8371  8423 W OpenGLRenderer: Dirty 130.00 306.00 190.00 320.00 doesn't intersect with 0 0 320 290 ?
05-22 06:52:06.321  8371  8423 W OpenGLRenderer: Dirty 130.00 306.00 190.00 320.00 doesn't intersect with 0 0 320 290 ?
05-22 06:52:06.331  8371  8423 W OpenGLRenderer: Dirty 130.00 306.00 190.00 320.00 doesn't intersect with 0 0 320 290 ?
05-22 06:52:06.350  8371  8423 W OpenGLRenderer: Dirty 130.00 306.00 190.00 320.00 doesn't intersect with 0 0 320 290 ?
05-22 06:52:06.371  8371  8423 W OpenGLRenderer: Dirty 130.00 306.00 190.00 320.00 doesn't intersect with 0 0 320 290 ?
05-22 06:52:06.381  8371  8423 W OpenGLRenderer: Dirty 130.00 306.00 190.00 320.00 doesn't intersect with 0 0 320 290 ?
05-22 06:52:06.401  8371  8423 W OpenGLRenderer: Dirty 130.00 306.00 190.00 320.00 doesn't intersect with 0 0 320 290 ?
05-22 06:52:06.421  8371  8423 W OpenGLRenderer: Dirty 130.00 306.00 190.00 320.00 doesn't intersect with 0 0 320 290 ?
05-22 06:52:06.430  8371  8423 W OpenGLRenderer: Dirty 130.00 306.00 190.00 320.00 doesn't intersect with 0 0 320 290 ?
05-22 06:52:06.516  8371  8371 D MyGridViewPager: oninterceptTouchEvent is returning false
05-22 06:52:06.550  8371  8371 D GridViewPagerNotifier: onPageScrollStateChanged state:1
05-22 06:52:06.550  8371  8371 D MainWearActivity: onPageScrollStateChanged state: 1 DRAGGING
05-22 06:52:06.550  8371  8371 D MapSwipeToZoomFrag: onScrollChange seen
05-22 06:52:06.550  8371  8371 D MainGridPagerAdapter: getFragment called for row:0 column:0
05-22 06:52:06.550  8371  8371 D MainGridPagerAdapter: getFragment called for row:0 column:1
05-22 06:52:06.550  8371  8371 D MainWearActivity: onPageScrolled: 0,0
05-22 06:52:06.573  8371  8499 D Loader  : Loading asset 0x7f020071
05-22 06:52:06.632  8371  8371 D MyGridViewPager: oninterceptTouchEvent is returning true
05-22 06:52:06.639  8371  8371 D MyGridViewPager: onTouch ambient is falseevent was:MotionEvent { action=ACTION_MOVE, actionButton=0, id[0]=0, x[0]=163.0, y[0]=37.0, toolType[0]=TOOL_TYPE_FINGER, buttonState=0, metaState=0, flags=0x0, edgeFlags=0x0, pointerCount=1, historySize=14, eventTime=1618181, downTime=1618052, deviceId=0, source=0x1002 }context is uk.me.ponies.wearroutes.MainWearActivity@d617b8b
05-22 06:52:06.640  8371  8371 D MapSwipeToZoomFrag: onScrollChange seen
05-22 06:52:06.640  8371  8371 D MainGridPagerAdapter: getFragment called for row:0 column:0
05-22 06:52:06.640  8371  8371 D MainGridPagerAdapter: getFragment called for row:0 column:1
05-22 06:52:06.640  8371  8371 D MainWearActivity: onPageScrolled: 0,0
05-22 06:52:06.640  8371  8371 D MyGridViewPager: onTouchEvent is returning true
05-22 06:52:06.647  8371  8371 D MapSwipeToZoomFrag: onTouch seen for event:MotionEvent { action=ACTION_UP, actionButton=0, id[0]=0, x[0]=163.0, y[0]=37.0, toolType[0]=TOOL_TYPE_FINGER, buttonState=0, metaState=0, flags=0x0, edgeFlags=0x0, pointerCount=1, historySize=0, eventTime=1618181, downTime=1618052, deviceId=0, source=0x1002 }
05-22 06:52:06.647  8371  8371 D MapSwipeToZoomFrag: GestureDetector onFling seen!
05-22 06:52:06.647  8371  8371 D MapSwipeToZoomFrag: GestureDetector e1 or e2 is null, ignoring, returning false
05-22 06:52:06.647  8371  8371 D MyGridViewPager: onTouch ambient is falseevent was:MotionEvent { action=ACTION_UP, actionButton=0, id[0]=0, x[0]=163.0, y[0]=37.0, toolType[0]=TOOL_TYPE_FINGER, buttonState=0, metaState=0, flags=0x0, edgeFlags=0x0, pointerCount=1, historySize=0, eventTime=1618181, downTime=1618052, deviceId=0, source=0x1002 }context is uk.me.ponies.wearroutes.MainWearActivity@d617b8b
05-22 06:52:06.647  8371  8371 D ColumnHistorian: Selected Page is 1,0
05-22 06:52:06.647  8371  8371 D GridViewPagerNotifier: onPageSelected row:1 column:0
05-22 06:52:06.647  8371  8371 D MainGridPagerAdapter: getFragment called for row:1 column:0
05-22 06:52:06.647  8371  8371 D MainGridPagerAdapter: getFragment called for row:1 column:1
05-22 06:52:06.647  8371  8371 D MainGridPagerAdapter: getFragment called for row:0 column:0
05-22 06:52:06.647  8371  8371 D MainGridPagerAdapter: getFragment called for row:2 column:0
05-22 06:52:06.648  8371  8371 D MapSwipeToZoomFrag: EventBusLocationSourceForMap deActivated for com.google.android.gms.maps.GoogleMap$12$1@ce35c7b
05-22 06:52:06.648  8371  8371 D Error   : ERR: exClass=android.os.StrictMode$StrictModeCustomViolation
05-22 06:52:06.648  8371  8371 D Error   : ERR: exMsg=policy=4325404 violation=8 msg=gcore.dynamite
05-22 06:52:06.648  8371  8371 D Error   : ERR: file=StrictMode.java
05-22 06:52:06.648  8371  8371 D Error   : ERR: class=android.os.StrictMode$AndroidBlockGuardPolicy
05-22 06:52:06.648  8371  8371 D Error   : ERR: method=onCustomSlowCall line=1236
05-22 06:52:06.648  8371  8371 D Error   : ERR: stack=android.os.StrictMode$StrictModeCustomViolation: policy=4325404 violation=8 msg=gcore.dynamite
05-22 06:52:06.648  8371  8371 D Error   : 	at android.os.StrictMode$AndroidBlockGuardPolicy.onCustomSlowCall(StrictMode.java:1236)
05-22 06:52:06.648  8371  8371 D Error   : 	at android.os.StrictMode.noteSlowCall(StrictMode.java:2136)
05-22 06:52:06.648  8371  8371 D Error   : 	at ffk.a(:com.google.android.gms:0)
05-22 06:52:06.648  8371  8371 D Error   : 	at dgs.a(:com.google.android.gms:2)
05-22 06:52:06.648  8371  8371 D Error   : 	at com.google.android.gms.maps.internal.CreatorImpl.a(:com.google.android.gms:4)
05-22 06:52:06.648  8371  8371 D Error   : 	at com.google.android.gms.maps.internal.CreatorImpl.newMapFragmentDelegate(:com.google.android.gms:0)
05-22 06:52:06.648  8371  8371 D Error   : 	at igj.onTransact(:com.google.android.gms:13)
05-22 06:52:06.648  8371  8371 D Error   : 	at android.os.Binder.transact(Binder.java:387)
05-22 06:52:06.648  8371  8371 D Error   : 	at com.google.android.gms.maps.internal.zzc$zza$zza.zzag(Unknown Source)
05-22 06:52:06.648  8371  8371 D Error   : 	at com.google.android.gms.maps.MapFragment$zzb.zzbow(Unknown Source)
05-22 06:52:06.648  8371  8371 D Error   : 	at com.google.android.gms.maps.MapFragment$zzb.zza(Unknown Source)
05-22 06:52:06.648  8371  8371 D Error   : 	at com.google.android.gms.dynamic.zza.zza(Unknown Source)
05-22 06:52:06.648  8371  8371 D Error   : 	at com.google.android.gms.dynamic.zza.onCreate(Unknown Source)
05-22 06:52:06.648  8371  8371 D Error   : 	at com.google.android.gms.maps.MapFragment.onCreate(Unknown Source)
05-22 06:52:06.648  8371  8371 D Error   : 	at android.app.Fragment.performCreate(Fragment.java:2198)
05-22 06:52:06.648  8371  8371 D Error   : 	at android.app.FragmentManagerImpl.moveToState(FragmentManager.java:942)
05-22 06:52:06.648  8371  8371 D Error   : 	at android.app.FragmentManagerImpl.moveToState(FragmentManager.java:1148)
05-22 06:52:06.648  8371  8371 D Error   : 	at android.app.BackStackRecord.run(BackStackRecord.java:793)
05-22 06:52:06.648  8371  8371 D Error   : 	at android.app.FragmentManagerImpl.execPendingActions(FragmentManager.java:1535)
05-22 06:52:06.648  8371  8371 D Error   : 	at android.app.Fragment.performStart(Fragment.java:2241)
05-22 06:52:06.648  8371  8371 D Error   : 	at android.app.FragmentManagerImpl.moveToState(FragmentManager.java:1002)
05-22 06:52:06.648  8371  8371 D Error   : 	at android.app.FragmentManagerImpl.moveToState(FragmentManager.java:1148)
05-22 06:52:06.648  8371  8371 D Error   : 	at android.app.BackStackRecord.run(BackStackRecord.java:793)
05-22 06:52:06.648  8371  8371 D Error   : 	at android.app.FragmentManagerImpl.execPendingActions(FragmentManager.java:1535)
05-22 06:52:06.648  8371  8371 D Error   : 	at android.app.FragmentManagerImpl.executePendingTransactions(FragmentManager.java:562)
05-22 06:52:06.648  8371  8371 D Error   : 	at android.support.wearable.view.FragmentGridPagerAdapter.finishUpdate(FragmentGridPagerAdapter.java:220)
05-22 06:52:06.648  8371  8371 D Error   : 	at uk.me.ponies.wearroutes.MainGridPagerAdapter.finishUpdate(MainGridPagerAdapter.java:329)
05-22 06:52:06.648  8371  8371 D Error   : 	at android.support.wearable.view.GridViewPager.populate(GridViewPager.java:1182)
05-22 06:52:06.648  8371  8371 D Error   : 	at android.support.wearable.view.GridViewPager.populate(GridViewPager.java:1038)
05-22 06:52:06.648  8371  8371 D Error   : 	at android.support.wearable.view.GridViewPager.onMeasure(GridViewPager.java:1343)
05-22 06:52:06.648  8371  8371 D Error   : 	at android.view.View.measure(View.java:18794)
05-22 06:52:06.648  8371  8371 D Error   : 	at android.view.ViewGroup.measureChildWithMargins(ViewGroup.java:5951)
05-22 06:52:06.648  8371  8371 D Error   : 	at android.widget.FrameLayout.onMeasure(FrameLayout.java:194)
05-22 06:52:06.648  8371  8371 D Error   : 	at android.view.View.measure(View.java:18794)
05-22 06:52:06.648  8371  8371 D Error   : 	at android.view.ViewGroup.measureChildWithMargins(ViewGroup.java:5951)
05-22 06:52:06.648  8371  8371 D Error   : 	at android.widget.FrameLayout.onMeasure(FrameLayout.java:194)
05-22 06:52:06.648  8371  8371 D Error   : 	at android.view.View.measure(View.java:18794)
05-22 06:52:06.648  8371  8371 D Error   : 	at android.view.ViewGroup.measureChildWithMargins(ViewGroup.java:5951)
05-22 06:52:06.648  8371  8371 D Error   : 	at android.widget.FrameLayout.onMeasure(FrameLayout.java:194)
05-22 06:52:06.648  8371  8371 D Error   : 	at com.android.internal.policy.PhoneWindow$DecorView.onMeasure(PhoneWindow.java:2643)
05-22 06:52:06.648  8371  8371 D Error   : 	at android.view.View.measure(View.java:18794)
05-22 06:52:06.648  8371  8371 D Error   : 	at android.view.ViewRootImpl.performMeasure(ViewRootImpl.java:2108)
05-22 06:52:06.648  8371  8371 D Error   : 	at android.view.ViewRootImpl.measureHierarchy(ViewRootImpl.java:1224)
05-22 06:52:06.648  8371  8371 D Error   : 	at android.view.ViewRootImpl.performTraversals(ViewRootImpl.java:1460)
05-22 06:52:06.648  8371  8371 D Error   : 	at android.view.ViewRootImpl.doTraversal(ViewRootImpl.java:1115)
05-22 06:52:06.648  8371  8371 D Error   : 	at android.view.ViewRootImpl$TraversalRunnable.run(ViewRootImpl.java:6024)
05-22 06:52:06.648  8371  8371 D Error   : 	at android.view.Choreographer$CallbackRecord.run(Choreographer.java:858)
05-22 06:52:06.648  8371  8371 D Error   : 	at android.view.Choreographer.doCallbacks(Choreographer.java:670)
05-22 06:52:06.648  8371  8371 D Error   : 	at android.view.Choreographer.doFrame(Choreographer.java:606)
05-22 06:52:06.648  8371  8371 D Error   : 	at android.view.Choreographer$FrameDisplayEventReceiver.run(Choreographer.java:844)
05-22 06:52:06.648  8371  8371 D Error   : 	at android.os.Handler.handleCallback(Handler.java:739)
05-22 06:52:06.648  8371  8371 D Error   : 	at android.os.Handler.dispatchMessage(Handler.java:95)
05-22 06:52:06.648  8371  8371 D Error   : 	at android.os.Looper.loop(Looper.java:148)
05-22 06:52:06.648  8371  8371 D Error   : 	at android.app.ActivityThread.main(ActivityThread.java:5422)
05-22 06:52:06.648  8371  8371 D Error   : 	at java.lang.reflect.Method.invoke(Native Method)
05-22 06:52:06.648  8371  8371 D Error   : 	at com.android.internal.os.ZygoteInit$MethodAndArgsCaller.run(ZygoteInit.java:726)
05-22 06:52:06.648  8371  8371 D Error   : 	at com.android.internal.os.ZygoteInit.main(ZygoteInit.java:616)
05-22 06:52:06.648  8371  8371 D Error   : # via Binder call with stack:
05-22 06:52:06.648  8371  8371 D Error   : android.os.StrictMode$LogStackTrace
05-22 06:52:06.648  8371  8371 D Error   : 	at and
05-22 06:52:06.648  8371  8371 D Error   : ERR: TOTAL BYTES WRITTEN: 24816
05-22 06:52:06.648  8371  8371 D StrictMode: Wrote violation #0 of 1: 24860 bytes
05-22 06:52:06.648  8371  8371 D MainWearActivity: onPageSelected: 1,0
05-22 06:52:06.648  8371  8371 D GridViewPagerNotifier: onPageScrollStateChanged state:2
05-22 06:52:06.648  8371  8371 D MainWearActivity: onPageScrollStateChanged state: 2 SETTLING
05-22 06:52:06.648  8371  8371 D InnerMapFragment: Dump of Google maps fragments created
05-22 06:52:06.650  8371  8371 D InnerMapFragment: Google maps fragments created contains: 0
05-22 06:52:06.650  8371  8371 D InnerMapFragment: Google maps innerMap Pool is pooling: 0
05-22 06:52:06.650  8371  8371 D InnerMapFragment: Google maps innerMap Pool has had 0 garbage collected
05-22 06:52:06.650  8371  8371 D MainWearActivity: onPageScrollStateChaged, SETTLING, current position is Point(0, 1)
05-22 06:52:06.650  8371  8371 D MyGridViewPager: onTouchEvent is returning true
05-22 06:52:06.654  8371  8371 D MapSwipeToZoomFrag: onScrollChange seen
05-22 06:52:06.654  8371  8371 D MainGridPagerAdapter: getFragment called for row:1 column:0
05-22 06:52:06.655  8371  8371 D MainGridPagerAdapter: getFragment called for row:1 column:1
05-22 06:52:06.655  8371  8371 D MainWearActivity: onPageScrolled: 0,0
05-22 06:52:06.677  8371  8371 D MapSwipeToZoomFrag: onScrollChange seen
05-22 06:52:06.677  8371  8371 D MainGridPagerAdapter: getFragment called for row:1 column:0
05-22 06:52:06.677  8371  8371 D MainGridPagerAdapter: getFragment called for row:1 column:1
05-22 06:52:06.677  8371  8371 D MainWearActivity: onPageScrolled: 0,0
05-22 06:52:06.691  8371  8371 D MapSwipeToZoomFrag: onScrollChange seen
05-22 06:52:06.692  8371  8371 D MainGridPagerAdapter: getFragment called for row:1 column:0
05-22 06:52:06.692  8371  8371 D MainGridPagerAdapter: getFragment called for row:1 column:1
05-22 06:52:06.692  8371  8371 D MainWearActivity: onPageScrolled: 0,0
05-22 06:52:06.707  8371  8371 D MapSwipeToZoomFrag: onScrollChange seen
05-22 06:52:06.708  8371  8371 D MainGridPagerAdapter: getFragment called for row:1 column:0
05-22 06:52:06.708  8371  8371 D MainGridPagerAdapter: getFragment called for row:1 column:1
05-22 06:52:06.708  8371  8371 D MainWearActivity: onPageScrolled: 0,0
05-22 06:52:06.728  8371  8371 D MapSwipeToZoomFrag: onScrollChange seen
05-22 06:52:06.728  8371  8371 D MainGridPagerAdapter: getFragment called for row:1 column:0
05-22 06:52:06.728  8371  8371 D MainGridPagerAdapter: getFragment called for row:1 column:1
05-22 06:52:06.728  8371  8371 D MainWearActivity: onPageScrolled: 0,0
05-22 06:52:06.740  8371  8371 D MapSwipeToZoomFrag: onScrollChange seen
05-22 06:52:06.741  8371  8371 D MainGridPagerAdapter: getFragment called for row:1 column:0
05-22 06:52:06.741  8371  8371 D MainGridPagerAdapter: getFragment called for row:1 column:1
05-22 06:52:06.741  8371  8371 D MainWearActivity: onPageScrolled: 0,0
05-22 06:52:06.764  8371  8474 W DynamiteModule: Local module descriptor class for com.google.android.gms.googlecertificates not found.
05-22 06:52:06.765  8371  8474 W DynamiteModule: Failed to load module via V2: java.lang.ClassNotFoundException: Didn't find class "com.google.android.gms.dynamite.DynamiteModule$DynamiteLoaderClassLoader" on path: DexPathList[[zip file "/system/framework/com.google.android.wearable.jar", zip file "/data/app/uk.me.ponies.wearroutes-1/base.apk", zip file "/data/app/uk.me.ponies.wearroutes-1/split_lib_dependencies_apk.apk", zip file "/data/app/uk.me.ponies.wearroutes-1/split_lib_slice_0_apk.apk", zip file "/data/app/uk.me.ponies.wearroutes-1/split_lib_slice_1_apk.apk", zip file "/data/app/uk.me.ponies.wearroutes-1/split_lib_slice_2_apk.apk", zip file "/data/app/uk.me.ponies.wearroutes-1/split_lib_slice_3_apk.apk", zip file "/data/app/uk.me.ponies.wearroutes-1/split_lib_slice_4_apk.apk", zip file "/data/app/uk.me.ponies.wearroutes-1/split_lib_slice_5_apk.apk", zip file "/data/app/uk.me.ponies.wearroutes-1/split_lib_slice_6_apk.apk", zip file "/data/app/uk.me.ponies.wearroutes-1/split_lib_slice_7_apk.apk", zip file "/data/app/uk.me.ponies.wearroutes-1/split_lib_slice_8_apk.apk", zip file "/data/app/uk.me.ponies.wearroutes-1/split_lib_slice_9_apk.apk"],nativeLibraryDirectories=[/data/app/uk.me.ponies.wearroutes-1/lib/x86, /vendor/lib, /system/lib]]
05-22 06:52:06.767  8371  8474 I DynamiteModule: Considering local module com.google.android.gms.googlecertificates:0 and remote module com.google.android.gms.googlecertificates:3
05-22 06:52:06.767  8371  8474 I DynamiteModule: Selected remote version of com.google.android.gms.googlecertificates, version >= 3
05-22 06:52:06.768  8371  8474 W System  : ClassLoader referenced unknown path: /data/data/com.google.android.gms/app_chimera/m/00000009/n/x86
05-22 06:52:06.784  8371  8371 D MapSwipeToZoomFrag: onScrollChange seen
05-22 06:52:06.784  8371  8371 D MainGridPagerAdapter: getFragment called for row:1 column:0
05-22 06:52:06.784  8371  8371 D MainGridPagerAdapter: getFragment called for row:1 column:1
05-22 06:52:06.784  8371  8371 D MainWearActivity: onPageScrolled: 0,0
05-22 06:52:06.804  8371  8371 D MapSwipeToZoomFrag: onScrollChange seen
05-22 06:52:06.804  8371  8371 D MainGridPagerAdapter: getFragment called for row:1 column:0
05-22 06:52:06.804  8371  8371 D MainGridPagerAdapter: getFragment called for row:1 column:1
05-22 06:52:06.804  8371  8371 D MainWearActivity: onPageScrolled: 0,0
05-22 06:52:06.828  8371  8371 D MapSwipeToZoomFrag: onScrollChange seen
05-22 06:52:06.828  8371  8371 D MainGridPagerAdapter: getFragment called for row:1 column:0
05-22 06:52:06.828  8371  8371 D MainGridPagerAdapter: getFragment called for row:1 column:1
05-22 06:52:06.828  8371  8371 D MainWearActivity: onPageScrolled: 0,0
05-22 06:52:06.835  8371  8371 D MapSwipeToZoomFrag: onScrollChange seen
05-22 06:52:06.835  8371  8371 D MainGridPagerAdapter: getFragment called for row:1 column:0
05-22 06:52:06.835  8371  8371 D MainGridPagerAdapter: getFragment called for row:1 column:1
05-22 06:52:06.835  8371  8371 D MainWearActivity: onPageScrolled: 0,0
05-22 06:52:06.857  8371  8371 D MapSwipeToZoomFrag: onScrollChange seen
05-22 06:52:06.857  8371  8371 D MainGridPagerAdapter: getFragment called for row:1 column:0
05-22 06:52:06.857  8371  8371 D MainGridPagerAdapter: getFragment called for row:1 column:1
05-22 06:52:06.857  8371  8371 D MainWearActivity: onPageScrolled: 0,0
05-22 06:52:06.877  8371  8371 D MapSwipeToZoomFrag: onScrollChange seen
05-22 06:52:06.877  8371  8371 D MainWearActivity: onPageScrolled: 1,0
05-22 06:52:06.981  8371  8371 D GridViewPagerNotifier: onPageScrollStateChanged state:0
05-22 06:52:06.981  8371  8371 D MainGridPagerAdapter: getFragment called for row:1 column:0
05-22 06:52:06.981  8371  8371 D MainGridPagerAdapter: getFragment called for row:1 column:1
05-22 06:52:06.981  8371  8371 D MainGridPagerAdapter: getFragment called for row:0 column:0
05-22 06:52:06.981  8371  8371 D MainGridPagerAdapter: getFragment called for row:2 column:0
05-22 06:52:06.982  8371  8371 D MainWearActivity: onPageScrollStateChanged state: 0 IDLE
05-22 06:52:06.982  8371  8371 D MainWearActivity: onPageScrollStateChaged, IDLE, current position is Point(0, 1)
05-22 06:52:06.982  8371  8371 D MainGridPagerAdapter: GridPagerAdapter: startUpdate Called id:2131820668 took 0ms
05-22 06:52:06.982  8371  8371 D MainGridPagerAdapter: getFragment called for row:1 column:1
05-22 06:52:06.983  8371  8371 D MainGridPagerAdapter: GridPagerAdapter: finishUpdate Called id:2131820668 took 1ms
05-22 06:52:06.984  8371  8371 D MainGridPagerAdapter: GridPagerAdapter: startUpdate Called id:2131820668 took 0ms
05-22 06:52:06.984  8371  8371 D MainGridPagerAdapter: GridPagerAdapter: finishUpdate Called id:2131820668 took 0ms
05-22 06:52:06.994  8371  8371 D MainGridPagerAdapter: GridPagerAdapter: startUpdate Called id:2131820668 took 0ms
05-22 06:52:06.994  8371  8371 D MainGridPagerAdapter: GridPagerAdapter: finishUpdate Called id:2131820668 took 0ms
05-22 06:52:07.020  8371  8371 D MainGridPagerAdapter: GridPagerAdapter: startUpdate Called id:2131820668 took 0ms
05-22 06:52:07.021  8371  8371 D MainGridPagerAdapter: GridPagerAdapter: finishUpdate Called id:2131820668 took 0ms
05-22 06:52:07.025  8371  8371 D MainGridPagerAdapter: GridPagerAdapter: startUpdate Called id:2131820668 took 0ms
05-22 06:52:07.026  8371  8371 D MainGridPagerAdapter: GridPagerAdapter: finishUpdate Called id:2131820668 took 0ms
05-22 06:52:07.036  8371  8423 W OpenGLRenderer: Dirty 150.00 306.00 170.00 320.00 doesn't intersect with 0 0 320 290 ?
05-22 06:52:07.052  8371  8423 W OpenGLRenderer: Dirty 150.00 306.00 170.00 320.00 doesn't intersect with 0 0 320 290 ?
05-22 06:52:07.072  8371  8423 W OpenGLRenderer: Dirty 150.00 306.00 170.00 320.00 doesn't intersect with 0 0 320 290 ?
05-22 06:52:07.082  8371  8423 W OpenGLRenderer: Dirty 150.00 306.00 170.00 320.00 doesn't intersect with 0 0 320 290 ?
05-22 06:52:07.103  8371  8423 W OpenGLRenderer: Dirty 150.00 306.00 170.00 320.00 doesn't intersect with 0 0 320 290 ?
05-22 06:52:07.166  8371  8371 D MyGridViewPager: oninterceptTouchEvent is returning false
05-22 06:52:07.167  8371  8371 D MapSwipeToZoomFrag: onTouch seen for event:MotionEvent { action=ACTION_DOWN, actionButton=0, id[0]=0, x[0]=170.0, y[0]=214.0, toolType[0]=TOOL_TYPE_FINGER, buttonState=0, metaState=0, flags=0x0, edgeFlags=0x0, pointerCount=1, historySize=0, eventTime=1618710, downTime=1618710, deviceId=0, source=0x1002 }
