--------- beginning of main
05-20 14:34:21.704 25930 25930 I art     : Not late-enabling -Xcheck:jni (already on)
05-20 14:34:21.781 25952 25952 W dex2oat : Unexpected CPU variant for X86 using defaults: x86
05-20 14:34:21.784 25952 25952 W dex2oat : Mismatch between dex2oat instruction set features (ISA: X86 Feature string: smp,-ssse3,-sse4.1,-sse4.2,-avx,-avx2) and those of dex2oat executable (ISA: X86 Feature string: smp,ssse3,-sse4.1,-sse4.2,-avx,-avx2) for the command line:
05-20 14:34:21.784 25952 25952 W dex2oat : /system/bin/dex2oat --runtime-arg -classpath --runtime-arg  --instruction-set=x86 --instruction-set-features=smp,ssse3,-sse4.1,-sse4.2,-avx,-avx2 --runtime-arg -Xrelocate --boot-image=/system/framework/boot.art --runtime-arg -Xms64m --runtime-arg -Xmx512m -j1 --instruction-set-variant=x86 --instruction-set-features=default --dex-file=/data/app/uk.me.ponies.wearroutes-1/split_lib_dependencies_apk.apk --oat-file=/data/dalvik-cache/x86/data@app@uk.me.ponies.wearroutes-1@split_lib_dependencies_apk.apk@classes.dex
05-20 14:34:21.784 25952 25952 E dex2oat : Failed to create oat file: /data/dalvik-cache/x86/data@app@uk.me.ponies.wearroutes-1@split_lib_dependencies_apk.apk@classes.dex: Permission denied
05-20 14:34:21.784 25952 25952 I dex2oat : dex2oat took 3.072ms (threads: 1) 
05-20 14:34:21.785 25930 25930 W art     : Failed execv(/system/bin/dex2oat --runtime-arg -classpath --runtime-arg  --instruction-set=x86 --instruction-set-features=smp,ssse3,-sse4.1,-sse4.2,-avx,-avx2 --runtime-arg -Xrelocate --boot-image=/system/framework/boot.art --runtime-arg -Xms64m --runtime-arg -Xmx512m -j1 --instruction-set-variant=x86 --instruction-set-features=default --dex-file=/data/app/uk.me.ponies.wearroutes-1/split_lib_dependencies_apk.apk --oat-file=/data/dalvik-cache/x86/data@app@uk.me.ponies.wearroutes-1@split_lib_dependencies_apk.apk@classes.dex) because non-0 exit status
05-20 14:34:21.917 25962 25962 W dex2oat : Unexpected CPU variant for X86 using defaults: x86
05-20 14:34:21.917 25962 25962 W dex2oat : Mismatch between dex2oat instruction set features (ISA: X86 Feature string: smp,-ssse3,-sse4.1,-sse4.2,-avx,-avx2) and those of dex2oat executable (ISA: X86 Feature string: smp,ssse3,-sse4.1,-sse4.2,-avx,-avx2) for the command line:
05-20 14:34:21.918 25962 25962 W dex2oat : /system/bin/dex2oat --runtime-arg -classpath --runtime-arg  --instruction-set=x86 --instruction-set-features=smp,ssse3,-sse4.1,-sse4.2,-avx,-avx2 --runtime-arg -Xrelocate --boot-image=/system/framework/boot.art --runtime-arg -Xms64m --runtime-arg -Xmx512m -j1 --instruction-set-variant=x86 --instruction-set-features=default --dex-file=/data/app/uk.me.ponies.wearroutes-1/split_lib_slice_0_apk.apk --oat-file=/data/dalvik-cache/x86/data@app@uk.me.ponies.wearroutes-1@split_lib_slice_0_apk.apk@classes.dex
05-20 14:34:21.918 25962 25962 E dex2oat : Failed to create oat file: /data/dalvik-cache/x86/data@app@uk.me.ponies.wearroutes-1@split_lib_slice_0_apk.apk@classes.dex: Permission denied
05-20 14:34:21.918 25962 25962 I dex2oat : dex2oat took 433.294us (threads: 1) 
05-20 14:34:21.918 25930 25930 W art     : Failed execv(/system/bin/dex2oat --runtime-arg -classpath --runtime-arg  --instruction-set=x86 --instruction-set-features=smp,ssse3,-sse4.1,-sse4.2,-avx,-avx2 --runtime-arg -Xrelocate --boot-image=/system/framework/boot.art --runtime-arg -Xms64m --runtime-arg -Xmx512m -j1 --instruction-set-variant=x86 --instruction-set-features=default --dex-file=/data/app/uk.me.ponies.wearroutes-1/split_lib_slice_0_apk.apk --oat-file=/data/dalvik-cache/x86/data@app@uk.me.ponies.wearroutes-1@split_lib_slice_0_apk.apk@classes.dex) because non-0 exit status
05-20 14:34:21.934 25964 25964 W dex2oat : Unexpected CPU variant for X86 using defaults: x86
05-20 14:34:21.934 25964 25964 W dex2oat : Mismatch between dex2oat instruction set features (ISA: X86 Feature string: smp,-ssse3,-sse4.1,-sse4.2,-avx,-avx2) and those of dex2oat executable (ISA: X86 Feature string: smp,ssse3,-sse4.1,-sse4.2,-avx,-avx2) for the command line:
05-20 14:34:21.934 25964 25964 W dex2oat : /system/bin/dex2oat --runtime-arg -classpath --runtime-arg  --instruction-set=x86 --instruction-set-features=smp,ssse3,-sse4.1,-sse4.2,-avx,-avx2 --runtime-arg -Xrelocate --boot-image=/system/framework/boot.art --runtime-arg -Xms64m --runtime-arg -Xmx512m -j1 --instruction-set-variant=x86 --instruction-set-features=default --dex-file=/data/app/uk.me.ponies.wearroutes-1/split_lib_slice_1_apk.apk --oat-file=/data/dalvik-cache/x86/data@app@uk.me.ponies.wearroutes-1@split_lib_slice_1_apk.apk@classes.dex
05-20 14:34:21.934 25964 25964 E dex2oat : Failed to create oat file: /data/dalvik-cache/x86/data@app@uk.me.ponies.wearroutes-1@split_lib_slice_1_apk.apk@classes.dex: Permission denied
05-20 14:34:21.934 25964 25964 I dex2oat : dex2oat took 451.732us (threads: 1) 
05-20 14:34:21.934 25930 25930 W art     : Failed execv(/system/bin/dex2oat --runtime-arg -classpath --runtime-arg  --instruction-set=x86 --instruction-set-features=smp,ssse3,-sse4.1,-sse4.2,-avx,-avx2 --runtime-arg -Xrelocate --boot-image=/system/framework/boot.art --runtime-arg -Xms64m --runtime-arg -Xmx512m -j1 --instruction-set-variant=x86 --instruction-set-features=default --dex-file=/data/app/uk.me.ponies.wearroutes-1/split_lib_slice_1_apk.apk --oat-file=/data/dalvik-cache/x86/data@app@uk.me.ponies.wearroutes-1@split_lib_slice_1_apk.apk@classes.dex) because non-0 exit status
05-20 14:34:21.942 25966 25966 W dex2oat : Unexpected CPU variant for X86 using defaults: x86
05-20 14:34:21.942 25966 25966 W dex2oat : Mismatch between dex2oat instruction set features (ISA: X86 Feature string: smp,-ssse3,-sse4.1,-sse4.2,-avx,-avx2) and those of dex2oat executable (ISA: X86 Feature string: smp,ssse3,-sse4.1,-sse4.2,-avx,-avx2) for the command line:
05-20 14:34:21.947 25966 25966 W dex2oat : /system/bin/dex2oat --runtime-arg -classpath --runtime-arg  --instruction-set=x86 --instruction-set-features=smp,ssse3,-sse4.1,-sse4.2,-avx,-avx2 --runtime-arg -Xrelocate --boot-image=/system/framework/boot.art --runtime-arg -Xms64m --runtime-arg -Xmx512m -j1 --instruction-set-variant=x86 --instruction-set-features=default --dex-file=/data/app/uk.me.ponies.wearroutes-1/split_lib_slice_2_apk.apk --oat-file=/data/dalvik-cache/x86/data@app@uk.me.ponies.wearroutes-1@split_lib_slice_2_apk.apk@classes.dex
05-20 14:34:21.947 25966 25966 E dex2oat : Failed to create oat file: /data/dalvik-cache/x86/data@app@uk.me.ponies.wearroutes-1@split_lib_slice_2_apk.apk@classes.dex: Permission denied
05-20 14:34:21.947 25966 25966 I dex2oat : dex2oat took 5.129ms (threads: 1) 
05-20 14:34:21.948 25930 25930 W art     : Failed execv(/system/bin/dex2oat --runtime-arg -classpath --runtime-arg  --instruction-set=x86 --instruction-set-features=smp,ssse3,-sse4.1,-sse4.2,-avx,-avx2 --runtime-arg -Xrelocate --boot-image=/system/framework/boot.art --runtime-arg -Xms64m --runtime-arg -Xmx512m -j1 --instruction-set-variant=x86 --instruction-set-features=default --dex-file=/data/app/uk.me.ponies.wearroutes-1/split_lib_slice_2_apk.apk --oat-file=/data/dalvik-cache/x86/data@app@uk.me.ponies.wearroutes-1@split_lib_slice_2_apk.apk@classes.dex) because non-0 exit status
05-20 14:34:22.041 25968 25968 W dex2oat : Unexpected CPU variant for X86 using defaults: x86
05-20 14:34:22.041 25968 25968 W dex2oat : Mismatch between dex2oat instruction set features (ISA: X86 Feature string: smp,-ssse3,-sse4.1,-sse4.2,-avx,-avx2) and those of dex2oat executable (ISA: X86 Feature string: smp,ssse3,-sse4.1,-sse4.2,-avx,-avx2) for the command line:
05-20 14:34:22.041 25968 25968 W dex2oat : /system/bin/dex2oat --runtime-arg -classpath --runtime-arg  --instruction-set=x86 --instruction-set-features=smp,ssse3,-sse4.1,-sse4.2,-avx,-avx2 --runtime-arg -Xrelocate --boot-image=/system/framework/boot.art --runtime-arg -Xms64m --runtime-arg -Xmx512m -j1 --instruction-set-variant=x86 --instruction-set-features=default --dex-file=/data/app/uk.me.ponies.wearroutes-1/split_lib_slice_3_apk.apk --oat-file=/data/dalvik-cache/x86/data@app@uk.me.ponies.wearroutes-1@split_lib_slice_3_apk.apk@classes.dex
05-20 14:34:22.041 25968 25968 E dex2oat : Failed to create oat file: /data/dalvik-cache/x86/data@app@uk.me.ponies.wearroutes-1@split_lib_slice_3_apk.apk@classes.dex: Permission denied
05-20 14:34:22.041 25968 25968 I dex2oat : dex2oat took 450.054us (threads: 1) 
05-20 14:34:22.042 25930 25930 W art     : Failed execv(/system/bin/dex2oat --runtime-arg -classpath --runtime-arg  --instruction-set=x86 --instruction-set-features=smp,ssse3,-sse4.1,-sse4.2,-avx,-avx2 --runtime-arg -Xrelocate --boot-image=/system/framework/boot.art --runtime-arg -Xms64m --runtime-arg -Xmx512m -j1 --instruction-set-variant=x86 --instruction-set-features=default --dex-file=/data/app/uk.me.ponies.wearroutes-1/split_lib_slice_3_apk.apk --oat-file=/data/dalvik-cache/x86/data@app@uk.me.ponies.wearroutes-1@split_lib_slice_3_apk.apk@classes.dex) because non-0 exit status
05-20 14:34:22.081 25973 25973 W dex2oat : Unexpected CPU variant for X86 using defaults: x86
05-20 14:34:22.081 25973 25973 W dex2oat : Mismatch between dex2oat instruction set features (ISA: X86 Feature string: smp,-ssse3,-sse4.1,-sse4.2,-avx,-avx2) and those of dex2oat executable (ISA: X86 Feature string: smp,ssse3,-sse4.1,-sse4.2,-avx,-avx2) for the command line:
05-20 14:34:22.081 25973 25973 W dex2oat : /system/bin/dex2oat --runtime-arg -classpath --runtime-arg  --instruction-set=x86 --instruction-set-features=smp,ssse3,-sse4.1,-sse4.2,-avx,-avx2 --runtime-arg -Xrelocate --boot-image=/system/framework/boot.art --runtime-arg -Xms64m --runtime-arg -Xmx512m -j1 --instruction-set-variant=x86 --instruction-set-features=default --dex-file=/data/app/uk.me.ponies.wearroutes-1/split_lib_slice_4_apk.apk --oat-file=/data/dalvik-cache/x86/data@app@uk.me.ponies.wearroutes-1@split_lib_slice_4_apk.apk@classes.dex
05-20 14:34:22.081 25973 25973 E dex2oat : Failed to create oat file: /data/dalvik-cache/x86/data@app@uk.me.ponies.wearroutes-1@split_lib_slice_4_apk.apk@classes.dex: Permission denied
05-20 14:34:22.081 25973 25973 I dex2oat : dex2oat took 443.354us (threads: 1) 
05-20 14:34:22.082 25930 25930 W art     : Failed execv(/system/bin/dex2oat --runtime-arg -classpath --runtime-arg  --instruction-set=x86 --instruction-set-features=smp,ssse3,-sse4.1,-sse4.2,-avx,-avx2 --runtime-arg -Xrelocate --boot-image=/system/framework/boot.art --runtime-arg -Xms64m --runtime-arg -Xmx512m -j1 --instruction-set-variant=x86 --instruction-set-features=default --dex-file=/data/app/uk.me.ponies.wearroutes-1/split_lib_slice_4_apk.apk --oat-file=/data/dalvik-cache/x86/data@app@uk.me.ponies.wearroutes-1@split_lib_slice_4_apk.apk@classes.dex) because non-0 exit status
05-20 14:34:22.095 25976 25976 W dex2oat : Unexpected CPU variant for X86 using defaults: x86
05-20 14:34:22.095 25976 25976 W dex2oat : Mismatch between dex2oat instruction set features (ISA: X86 Feature string: smp,-ssse3,-sse4.1,-sse4.2,-avx,-avx2) and those of dex2oat executable (ISA: X86 Feature string: smp,ssse3,-sse4.1,-sse4.2,-avx,-avx2) for the command line:
05-20 14:34:22.095 25976 25976 W dex2oat : /system/bin/dex2oat --runtime-arg -classpath --runtime-arg  --instruction-set=x86 --instruction-set-features=smp,ssse3,-sse4.1,-sse4.2,-avx,-avx2 --runtime-arg -Xrelocate --boot-image=/system/framework/boot.art --runtime-arg -Xms64m --runtime-arg -Xmx512m -j1 --instruction-set-variant=x86 --instruction-set-features=default --dex-file=/data/app/uk.me.ponies.wearroutes-1/split_lib_slice_5_apk.apk --oat-file=/data/dalvik-cache/x86/data@app@uk.me.ponies.wearroutes-1@split_lib_slice_5_apk.apk@classes.dex
05-20 14:34:22.096 25976 25976 E dex2oat : Failed to create oat file: /data/dalvik-cache/x86/data@app@uk.me.ponies.wearroutes-1@split_lib_slice_5_apk.apk@classes.dex: Permission denied
05-20 14:34:22.096 25976 25976 I dex2oat : dex2oat took 533.869us (threads: 1) 
05-20 14:34:22.096 25930 25930 W art     : Failed execv(/system/bin/dex2oat --runtime-arg -classpath --runtime-arg  --instruction-set=x86 --instruction-set-features=smp,ssse3,-sse4.1,-sse4.2,-avx,-avx2 --runtime-arg -Xrelocate --boot-image=/system/framework/boot.art --runtime-arg -Xms64m --runtime-arg -Xmx512m -j1 --instruction-set-variant=x86 --instruction-set-features=default --dex-file=/data/app/uk.me.ponies.wearroutes-1/split_lib_slice_5_apk.apk --oat-file=/data/dalvik-cache/x86/data@app@uk.me.ponies.wearroutes-1@split_lib_slice_5_apk.apk@classes.dex) because non-0 exit status
05-20 14:34:22.109 25978 25978 W dex2oat : Unexpected CPU variant for X86 using defaults: x86
05-20 14:34:22.109 25978 25978 W dex2oat : Mismatch between dex2oat instruction set features (ISA: X86 Feature string: smp,-ssse3,-sse4.1,-sse4.2,-avx,-avx2) and those of dex2oat executable (ISA: X86 Feature string: smp,ssse3,-sse4.1,-sse4.2,-avx,-avx2) for the command line:
05-20 14:34:22.109 25978 25978 W dex2oat : /system/bin/dex2oat --runtime-arg -classpath --runtime-arg  --instruction-set=x86 --instruction-set-features=smp,ssse3,-sse4.1,-sse4.2,-avx,-avx2 --runtime-arg -Xrelocate --boot-image=/system/framework/boot.art --runtime-arg -Xms64m --runtime-arg -Xmx512m -j1 --instruction-set-variant=x86 --instruction-set-features=default --dex-file=/data/app/uk.me.ponies.wearroutes-1/split_lib_slice_6_apk.apk --oat-file=/data/dalvik-cache/x86/data@app@uk.me.ponies.wearroutes-1@split_lib_slice_6_apk.apk@classes.dex
05-20 14:34:22.109 25978 25978 E dex2oat : Failed to create oat file: /data/dalvik-cache/x86/data@app@uk.me.ponies.wearroutes-1@split_lib_slice_6_apk.apk@classes.dex: Permission denied
05-20 14:34:22.109 25978 25978 I dex2oat : dex2oat took 446.703us (threads: 1) 
05-20 14:34:22.110 25930 25930 W art     : Failed execv(/system/bin/dex2oat --runtime-arg -classpath --runtime-arg  --instruction-set=x86 --instruction-set-features=smp,ssse3,-sse4.1,-sse4.2,-avx,-avx2 --runtime-arg -Xrelocate --boot-image=/system/framework/boot.art --runtime-arg -Xms64m --runtime-arg -Xmx512m -j1 --instruction-set-variant=x86 --instruction-set-features=default --dex-file=/data/app/uk.me.ponies.wearroutes-1/split_lib_slice_6_apk.apk --oat-file=/data/dalvik-cache/x86/data@app@uk.me.ponies.wearroutes-1@split_lib_slice_6_apk.apk@classes.dex) because non-0 exit status
05-20 14:34:22.118 25980 25980 W dex2oat : Unexpected CPU variant for X86 using defaults: x86
05-20 14:34:22.118 25980 25980 W dex2oat : Mismatch between dex2oat instruction set features (ISA: X86 Feature string: smp,-ssse3,-sse4.1,-sse4.2,-avx,-avx2) and those of dex2oat executable (ISA: X86 Feature string: smp,ssse3,-sse4.1,-sse4.2,-avx,-avx2) for the command line:
05-20 14:34:22.118 25980 25980 W dex2oat : /system/bin/dex2oat --runtime-arg -classpath --runtime-arg  --instruction-set=x86 --instruction-set-features=smp,ssse3,-sse4.1,-sse4.2,-avx,-avx2 --runtime-arg -Xrelocate --boot-image=/system/framework/boot.art --runtime-arg -Xms64m --runtime-arg -Xmx512m -j1 --instruction-set-variant=x86 --instruction-set-features=default --dex-file=/data/app/uk.me.ponies.wearroutes-1/split_lib_slice_7_apk.apk --oat-file=/data/dalvik-cache/x86/data@app@uk.me.ponies.wearroutes-1@split_lib_slice_7_apk.apk@classes.dex
05-20 14:34:22.119 25980 25980 E dex2oat : Failed to create oat file: /data/dalvik-cache/x86/data@app@uk.me.ponies.wearroutes-1@split_lib_slice_7_apk.apk@classes.dex: Permission denied
05-20 14:34:22.119 25980 25980 I dex2oat : dex2oat took 445.869us (threads: 1) 
05-20 14:34:22.119 25930 25930 W art     : Failed execv(/system/bin/dex2oat --runtime-arg -classpath --runtime-arg  --instruction-set=x86 --instruction-set-features=smp,ssse3,-sse4.1,-sse4.2,-avx,-avx2 --runtime-arg -Xrelocate --boot-image=/system/framework/boot.art --runtime-arg -Xms64m --runtime-arg -Xmx512m -j1 --instruction-set-variant=x86 --instruction-set-features=default --dex-file=/data/app/uk.me.ponies.wearroutes-1/split_lib_slice_7_apk.apk --oat-file=/data/dalvik-cache/x86/data@app@uk.me.ponies.wearroutes-1@split_lib_slice_7_apk.apk@classes.dex) because non-0 exit status
05-20 14:34:22.136 25982 25982 W dex2oat : Unexpected CPU variant for X86 using defaults: x86
05-20 14:34:22.136 25982 25982 W dex2oat : Mismatch between dex2oat instruction set features (ISA: X86 Feature string: smp,-ssse3,-sse4.1,-sse4.2,-avx,-avx2) and those of dex2oat executable (ISA: X86 Feature string: smp,ssse3,-sse4.1,-sse4.2,-avx,-avx2) for the command line:
05-20 14:34:22.136 25982 25982 W dex2oat : /system/bin/dex2oat --runtime-arg -classpath --runtime-arg  --instruction-set=x86 --instruction-set-features=smp,ssse3,-sse4.1,-sse4.2,-avx,-avx2 --runtime-arg -Xrelocate --boot-image=/system/framework/boot.art --runtime-arg -Xms64m --runtime-arg -Xmx512m -j1 --instruction-set-variant=x86 --instruction-set-features=default --dex-file=/data/app/uk.me.ponies.wearroutes-1/split_lib_slice_8_apk.apk --oat-file=/data/dalvik-cache/x86/data@app@uk.me.ponies.wearroutes-1@split_lib_slice_8_apk.apk@classes.dex
05-20 14:34:22.136 25982 25982 E dex2oat : Failed to create oat file: /data/dalvik-cache/x86/data@app@uk.me.ponies.wearroutes-1@split_lib_slice_8_apk.apk@classes.dex: Permission denied
05-20 14:34:22.137 25982 25982 I dex2oat : dex2oat took 543.088us (threads: 1) 
05-20 14:34:22.137 25930 25930 W art     : Failed execv(/system/bin/dex2oat --runtime-arg -classpath --runtime-arg  --instruction-set=x86 --instruction-set-features=smp,ssse3,-sse4.1,-sse4.2,-avx,-avx2 --runtime-arg -Xrelocate --boot-image=/system/framework/boot.art --runtime-arg -Xms64m --runtime-arg -Xmx512m -j1 --instruction-set-variant=x86 --instruction-set-features=default --dex-file=/data/app/uk.me.ponies.wearroutes-1/split_lib_slice_8_apk.apk --oat-file=/data/dalvik-cache/x86/data@app@uk.me.ponies.wearroutes-1@split_lib_slice_8_apk.apk@classes.dex) because non-0 exit status
05-20 14:34:22.150 25984 25984 W dex2oat : Unexpected CPU variant for X86 using defaults: x86
05-20 14:34:22.150 25984 25984 W dex2oat : Mismatch between dex2oat instruction set features (ISA: X86 Feature string: smp,-ssse3,-sse4.1,-sse4.2,-avx,-avx2) and those of dex2oat executable (ISA: X86 Feature string: smp,ssse3,-sse4.1,-sse4.2,-avx,-avx2) for the command line:
05-20 14:34:22.150 25984 25984 W dex2oat : /system/bin/dex2oat --runtime-arg -classpath --runtime-arg  --instruction-set=x86 --instruction-set-features=smp,ssse3,-sse4.1,-sse4.2,-avx,-avx2 --runtime-arg -Xrelocate --boot-image=/system/framework/boot.art --runtime-arg -Xms64m --runtime-arg -Xmx512m -j1 --instruction-set-variant=x86 --instruction-set-features=default --dex-file=/data/app/uk.me.ponies.wearroutes-1/split_lib_slice_9_apk.apk --oat-file=/data/dalvik-cache/x86/data@app@uk.me.ponies.wearroutes-1@split_lib_slice_9_apk.apk@classes.dex
05-20 14:34:22.151 25984 25984 E dex2oat : Failed to create oat file: /data/dalvik-cache/x86/data@app@uk.me.ponies.wearroutes-1@split_lib_slice_9_apk.apk@classes.dex: Permission denied
05-20 14:34:22.151 25984 25984 I dex2oat : dex2oat took 441.674us (threads: 1) 
05-20 14:34:22.151 25930 25930 W art     : Failed execv(/system/bin/dex2oat --runtime-arg -classpath --runtime-arg  --instruction-set=x86 --instruction-set-features=smp,ssse3,-sse4.1,-sse4.2,-avx,-avx2 --runtime-arg -Xrelocate --boot-image=/system/framework/boot.art --runtime-arg -Xms64m --runtime-arg -Xmx512m -j1 --instruction-set-variant=x86 --instruction-set-features=default --dex-file=/data/app/uk.me.ponies.wearroutes-1/split_lib_slice_9_apk.apk --oat-file=/data/dalvik-cache/x86/data@app@uk.me.ponies.wearroutes-1@split_lib_slice_9_apk.apk@classes.dex) because non-0 exit status
05-20 14:34:22.156 25930 25930 W System  : ClassLoader referenced unknown path: /data/app/uk.me.ponies.wearroutes-1/lib/x86
05-20 14:34:22.171 25930 25930 I InstantRun: starting instant run server: is main process
05-20 14:34:22.212 25930 25930 I UnexpectedExceptionHandler: registering unexpectedException Hander on threadmain
05-20 14:34:22.216 25930 25930 E MainWearActivity: onCreate called savedinstanceState is null:true
05-20 14:34:22.220 25930 25930 D ActivityLifeCycleLogger: uk.me.ponies.wearroutes.MainWearActivity@2bf054b onActivityCreated called
05-20 14:34:22.295 25930 25945 W art     : Suspending all threads took: 23.459ms
05-20 14:34:22.435 25930 25930 D EventBus: No subscribers registered for event class uk.me.ponies.wearroutes.eventBusEvents.LocationPollingStateEvent
05-20 14:34:22.435 25930 25930 D EventBus: No subscribers registered for event class org.greenrobot.eventbus.NoSubscriberEvent
05-20 14:34:22.442 25930 25930 D EventBus: No subscribers registered for event class uk.me.ponies.wearroutes.eventBusEvents.LocationPollingStateEvent
05-20 14:34:22.442 25930 25930 D EventBus: No subscribers registered for event class org.greenrobot.eventbus.NoSubscriberEvent
05-20 14:34:22.447 25930 25930 D MainGridPagerAdapter: getFragment called for row:2 column:0
05-20 14:34:22.580 25930 25930 D MainWearActivity: android.permission.ACCESS_FINE_LOCATION Granted
05-20 14:34:22.580 25930 25930 D MainWearActivity: android.permission.WAKE_LOCK Granted
05-20 14:34:22.581 25930 25930 D MainWearActivity: android.permission.WRITE_EXTERNAL_STORAGE Granted
05-20 14:34:22.581 25930 25930 D MainWearActivity: android.permission.ACCESS_NETWORK_STATE Granted
05-20 14:34:22.581 25930 25930 D MainWearActivity: android.permission.INTERNET Granted
05-20 14:34:22.581 25930 25930 D MainWearActivity: android.permission.READ_EXTERNAL_STORAGE Granted
05-20 14:34:22.595 25930 25930 D ActivityLifeCycleLogger: uk.me.ponies.wearroutes.MainWearActivity@2bf054b onActivityStarted called
05-20 14:34:22.615 25930 25930 D ActivityLifeCycleLogger: uk.me.ponies.wearroutes.MainWearActivity@2bf054b onActivityResumed called
05-20 14:34:22.617 25930 25993 D OpenGLRenderer: Use EGL_SWAP_BEHAVIOR_PRESERVED: true
05-20 14:34:22.618 25930 25930 D         : HostConnection::get() New Host Connection established 0xad0fd7b0, tid 25930
05-20 14:34:22.647 25930 25930 D MainGridPagerAdapter: GridPagerAdapter: startUpdate Called id:2131820668 took 0ms
05-20 14:34:22.648 25930 25930 D MainGridPagerAdapter: getFragment called for row:0 column:0
05-20 14:34:22.648 25930 25930 D MainGridPagerAdapter: getFragment called for row:0 column:1
05-20 14:34:22.648 25930 25930 D MainGridPagerAdapter: getFragment called for row:0 column:2
05-20 14:34:22.648 25930 25930 D MainGridPagerAdapter: getFragment called for row:0 column:3
05-20 14:34:22.648 25930 25930 D MainGridPagerAdapter: getFragment called for row:0 column:4
05-20 14:34:22.648 25930 25930 D MainGridPagerAdapter: getFragment called for row:0 column:5
05-20 14:34:22.649 25930 25930 D MainGridPagerAdapter: getFragment called for row:1 column:0
05-20 14:34:22.649 25930 25930 D MainGridPagerAdapter: getFragment called for row:2 column:0
05-20 14:34:22.649 25930 25930 D MainGridPagerAdapter: getFragment called for row:3 column:0
05-20 14:34:22.649 25930 25930 D MainGridPagerAdapter: getFragment called for row:4 column:0
05-20 14:34:22.702 25930 25930 D FragmentLifecycleLogger: SpeedPanel1 onAttach called
05-20 14:34:22.702 25930 25930 D FragmentLifecycleLogger: SpeedPanel1 onCreate called
05-20 14:34:22.709 25930 25930 D FragmentLifecycleLogger: SpeedPanel1 onViewCreated called
05-20 14:34:22.709 25930 25930 D FragmentLifecycleLogger: SpeedPanel1 onActivityCreated called
05-20 14:34:22.709 25930 25930 D FragmentLifecycleLogger: SpeedPanel1 onViewStateRestored called
05-20 14:34:22.709 25930 25930 D FragmentLifecycleLogger: SpeedPanel1 onStart called
05-20 14:34:22.709 25930 25930 D SpeedPanel1: onResume called
05-20 14:34:22.709 25930 25930 D FragmentLifecycleLogger: SpeedPanel1 onResume called
05-20 14:34:22.709 25930 25930 D FragmentLifecycleLogger: MapSwipeToZoomFragment onAttach called
05-20 14:34:22.709 25930 25930 D FragmentLifecycleLogger: MapSwipeToZoomFragment onCreate called
05-20 14:34:22.710 25930 25930 D MapSwipeToZoomFrag: MapContainingFragment Map #00 onCreateView called
05-20 14:34:22.710 25930 25930 D AndroidRuntime: Shutting down VM
05-20 14:34:22.710 25930 25930 E UnexpectedExceptionHandler: Exception thrown:android.view.InflateException: Binary XML file line #12: Binary XML file line #12: Error inflating class fragment
05-20 14:34:22.734 25930 25930 W before  : Logcat save
--------- beginning of crash
05-20 14:34:22.749 25930 25930 E AndroidRuntime: FATAL EXCEPTION: main
05-20 14:34:22.749 25930 25930 E AndroidRuntime: Process: uk.me.ponies.wearroutes, PID: 25930
05-20 14:34:22.749 25930 25930 E AndroidRuntime: android.view.InflateException: Binary XML file line #12: Binary XML file line #12: Error inflating class fragment
05-20 14:34:22.749 25930 25930 E AndroidRuntime: 	at android.view.LayoutInflater.inflate(LayoutInflater.java:539)
05-20 14:34:22.749 25930 25930 E AndroidRuntime: 	at android.view.LayoutInflater.inflate(LayoutInflater.java:423)
05-20 14:34:22.749 25930 25930 E AndroidRuntime: 	at uk.me.ponies.wearroutes.MapSwipeToZoomFragment.onCreateViewEmptyFragmentAddMapProgramatticaly(MapSwipeToZoomFragment.java:248)
05-20 14:34:22.749 25930 25930 E AndroidRuntime: 	at uk.me.ponies.wearroutes.MapSwipeToZoomFragment.onCreateView(MapSwipeToZoomFragment.java:216)
05-20 14:34:22.749 25930 25930 E AndroidRuntime: 	at android.app.Fragment.performCreateView(Fragment.java:2220)
05-20 14:34:22.749 25930 25930 E AndroidRuntime: 	at android.app.FragmentManagerImpl.moveToState(FragmentManager.java:973)
05-20 14:34:22.749 25930 25930 E AndroidRuntime: 	at android.app.FragmentManagerImpl.moveToState(FragmentManager.java:1148)
05-20 14:34:22.749 25930 25930 E AndroidRuntime: 	at android.app.BackStackRecord.run(BackStackRecord.java:793)
05-20 14:34:22.749 25930 25930 E AndroidRuntime: 	at android.app.FragmentManagerImpl.execPendingActions(FragmentManager.java:1535)
05-20 14:34:22.749 25930 25930 E AndroidRuntime: 	at android.app.FragmentManagerImpl.executePendingTransactions(FragmentManager.java:562)
05-20 14:34:22.749 25930 25930 E AndroidRuntime: 	at android.support.wearable.view.FragmentGridPagerAdapter.finishUpdate(FragmentGridPagerAdapter.java:220)
05-20 14:34:22.749 25930 25930 E AndroidRuntime: 	at uk.me.ponies.wearroutes.MainGridPagerAdapter.finishUpdate(MainGridPagerAdapter.java:329)
05-20 14:34:22.749 25930 25930 E AndroidRuntime: 	at android.support.wearable.view.GridViewPager.populate(GridViewPager.java:1182)
05-20 14:34:22.749 25930 25930 E AndroidRuntime: 	at android.support.wearable.view.GridViewPager.populate(GridViewPager.java:1038)
05-20 14:34:22.749 25930 25930 E AndroidRuntime: 	at android.support.wearable.view.GridViewPager.onMeasure(GridViewPager.java:1343)
05-20 14:34:22.749 25930 25930 E AndroidRuntime: 	at android.view.View.measure(View.java:18794)
05-20 14:34:22.749 25930 25930 E AndroidRuntime: 	at android.view.ViewGroup.measureChildWithMargins(ViewGroup.java:5951)
05-20 14:34:22.749 25930 25930 E AndroidRuntime: 	at android.widget.FrameLayout.onMeasure(FrameLayout.java:194)
05-20 14:34:22.749 25930 25930 E AndroidRuntime: 	at android.view.View.measure(View.java:18794)
05-20 14:34:22.749 25930 25930 E AndroidRuntime: 	at android.view.ViewGroup.measureChildWithMargins(ViewGroup.java:5951)
05-20 14:34:22.749 25930 25930 E AndroidRuntime: 	at android.widget.FrameLayout.onMeasure(FrameLayout.java:194)
05-20 14:34:22.749 25930 25930 E AndroidRuntime: 	at android.view.View.measure(View.java:18794)
05-20 14:34:22.749 25930 25930 E AndroidRuntime: 	at android.view.ViewGroup.measureChildWithMargins(ViewGroup.java:5951)
05-20 14:34:22.749 25930 25930 E AndroidRuntime: 	at android.widget.FrameLayout.onMeasure(FrameLayout.java:194)
05-20 14:34:22.749 25930 25930 E AndroidRuntime: 	at com.android.internal.policy.PhoneWindow$DecorView.onMeasure(PhoneWindow.java:2643)
05-20 14:34:22.749 25930 25930 E AndroidRuntime: 	at android.view.View.measure(View.java:18794)
05-20 14:34:22.749 25930 25930 E AndroidRuntime: 	at android.view.ViewRootImpl.performMeasure(ViewRootImpl.java:2108)
05-20 14:34:22.749 25930 25930 E AndroidRuntime: 	at android.view.ViewRootImpl.measureHierarchy(ViewRootImpl.java:1224)
05-20 14:34:22.749 25930 25930 E AndroidRuntime: 	at android.view.ViewRootImpl.performTraversals(ViewRootImpl.java:1460)
05-20 14:34:22.749 25930 25930 E AndroidRuntime: 	at android.view.ViewRootImpl.doTraversal(ViewRootImpl.java:1115)
05-20 14:34:22.749 25930 25930 E AndroidRuntime: 	at android.view.ViewRootImpl$TraversalRunnable.run(ViewRootImpl.java:6024)
05-20 14:34:22.749 25930 25930 E AndroidRuntime: 	at android.view.Choreographer$CallbackRecord.run(Choreographer.java:858)
05-20 14:34:22.749 25930 25930 E AndroidRuntime: 	at android.view.Choreographer.doCallbacks(Choreographer.java:670)
05-20 14:34:22.749 25930 25930 E AndroidRuntime: 	at android.view.Choreographer.doFrame(Choreographer.java:606)
05-20 14:34:22.749 25930 25930 E AndroidRuntime: 	at android.view.Choreographer$FrameDisplayEventReceiver.run(Choreographer.java:844)
05-20 14:34:22.749 25930 25930 E AndroidRuntime: 	at android.os.Handler.handleCallback(Handler.java:739)
05-20 14:34:22.749 25930 25930 E AndroidRuntime: 	at android.os.Handler.dispatchMessage(Handler.java:95)
05-20 14:34:22.749 25930 25930 E AndroidRuntime: 	at android.os.Looper.loop(Looper.java:148)
05-20 14:34:22.749 25930 25930 E AndroidRuntime: 	at android.app.ActivityThread.main(ActivityThread.java:5422)
05-20 14:34:22.749 25930 25930 E AndroidRuntime: 	at java.lang.reflect.Method.invoke(Native Method)
05-20 14:34:22.749 25930 25930 E AndroidRuntime: 	at com.android.internal.os.ZygoteInit$MethodAndArgsCaller.run(ZygoteInit.java:726)
05-20 14:34:22.749 25930 25930 E AndroidRuntime: 	at com.android.internal.os.ZygoteInit.main(ZygoteInit.java:616)
05-20 14:34:22.749 25930 25930 E AndroidRuntime: Caused by: android.view.InflateException: Binary XML file line #12: Error inflating class fragment
05-20 14:34:22.749 25930 25930 E AndroidRuntime: 	at android.view.LayoutInflater.createViewFromTag(LayoutInflater.java:782)
05-20 14:34:22.749 25930 25930 E AndroidRuntime: 	at android.view.LayoutInflater.createViewFromTag(LayoutInflater.java:704)
05-20 14:34:22.749 25930 25930 E AndroidRuntime: 	at android.view.LayoutInflater.rInflate(LayoutInflater.java:835)
05-20 14:34:22.749 25930 25930 E AndroidRuntime: 	at android.view.LayoutInflater.rInflateChildren(LayoutInflater.java:798)
05-20 14:34:22.749 25930 25930 E AndroidRuntime: 	at android.view.LayoutInflater.inflate(LayoutInflater.java:515)
05-20 14:34:22.749 25930 25930 E AndroidRuntime: 	... 41 more
05-20 14:34:22.749 25930 25930 E AndroidRuntime: Caused by: java.lang.IllegalStateException: Fragment android.app.Fragment did not create a view.
05-20 14:34:22.749 25930 25930 E AndroidRuntime: 	at android.app.FragmentManagerImpl.onCreateView(FragmentManager.java:2231)
05-20 14:34:22.749 25930 25930 E AndroidRuntime: 	at android.view.LayoutInflater$FactoryMerger.onCreateView(LayoutInflater.java:186)
05-20 14:34:22.749 25930 25930 E AndroidRuntime: 	at android.view.LayoutInflater.createViewFromTag(LayoutInflater.java:754)
05-20 14:34:22.749 25930 25930 E AndroidRuntime: 	... 45 more
