--------- beginning of main
05-20 14:53:51.376  7947  7947 D LocationHandler: Good location received Location[fused 54.178643,-2.300111 acc=38 et=+9m58s110ms alt=0.0 vel=13.89 bear=170.0 mock {Bundle[mParcelledData.dataSize=44]}] from LocationHandler
05-20 14:53:52.687  7947  7957 I art     : CollectorTransition marksweep + semispace GC freed 310(-123KB) AllocSpace objects, 0(0B) LOS objects, 35% free, 928KB/1440KB, paused 8.375ms total 8.375ms
05-20 14:53:52.710  7947  7947 E MainWearActivity: Bollocks it seems Event bus is already running, probably starting again while recording?
05-20 14:53:52.710  7947  7947 E MainWearActivity: org.greenrobot.eventbus.EventBusException: Default instance already exists. It may be only set once before it's used the first time to ensure consistent behavior.
05-20 14:53:52.710  7947  7947 E MainWearActivity: 	at org.greenrobot.eventbus.EventBusBuilder.installDefaultEventBus(EventBusBuilder.java:149)
05-20 14:53:52.710  7947  7947 E MainWearActivity: 	at uk.me.ponies.wearroutes.MainWearActivity.initializeStaticComponent(MainWearActivity.java:650)
05-20 14:53:52.710  7947  7947 E MainWearActivity: 	at uk.me.ponies.wearroutes.MainWearActivity.onCreate(MainWearActivity.java:185)
05-20 14:53:52.710  7947  7947 E MainWearActivity: 	at android.app.Activity.performCreate(Activity.java:6251)
05-20 14:53:52.710  7947  7947 E MainWearActivity: 	at android.app.Instrumentation.callActivityOnCreate(Instrumentation.java:1107)
05-20 14:53:52.710  7947  7947 E MainWearActivity: 	at android.app.ActivityThread.performLaunchActivity(ActivityThread.java:2369)
05-20 14:53:52.710  7947  7947 E MainWearActivity: 	at android.app.ActivityThread.handleLaunchActivity(ActivityThread.java:2476)
05-20 14:53:52.710  7947  7947 E MainWearActivity: 	at android.app.ActivityThread.-wrap11(ActivityThread.java)
05-20 14:53:52.710  7947  7947 E MainWearActivity: 	at android.app.ActivityThread$H.handleMessage(ActivityThread.java:1344)
05-20 14:53:52.710  7947  7947 E MainWearActivity: 	at android.os.Handler.dispatchMessage(Handler.java:102)
05-20 14:53:52.710  7947  7947 E MainWearActivity: 	at android.os.Looper.loop(Looper.java:148)
05-20 14:53:52.710  7947  7947 E MainWearActivity: 	at android.app.ActivityThread.main(ActivityThread.java:5422)
05-20 14:53:52.710  7947  7947 E MainWearActivity: 	at java.lang.reflect.Method.invoke(Native Method)
05-20 14:53:52.710  7947  7947 E MainWearActivity: 	at com.android.internal.os.ZygoteInit$MethodAndArgsCaller.run(ZygoteInit.java:726)
05-20 14:53:52.710  7947  7947 E MainWearActivity: 	at com.android.internal.os.ZygoteInit.main(ZygoteInit.java:616)
05-20 14:53:52.717  7947  7947 I UnexpectedExceptionHandler: registering unexpectedException Hander on threadmain
05-20 14:53:52.724  7947  7947 E MainWearActivity: onCreate called savedinstanceState is null:true
05-20 14:53:52.728  7947  7947 D ActivityLifeCycleLogger: uk.me.ponies.wearroutes.MainWearActivity@88c2f2b onActivityCreated called
05-20 14:53:52.828  7947  7957 I art     : Background sticky concurrent mark sweep GC freed 659(158KB) AllocSpace objects, 0(0B) LOS objects, 22% free, 1111KB/1440KB, paused 9.645ms total 19.161ms
05-20 14:53:52.880  7947  7947 D LocationHandler: PollingStateChange Event received, state is LocationPollingStateEvent state is :FAST
05-20 14:53:52.898  7947  7947 D LocationHandler: PollingStateChange Event received, state is LocationPollingStateEvent state is :FAST
05-20 14:53:52.902  7947  7947 D MainGridPagerAdapter: getFragment called for row:2 column:0
05-20 14:53:52.914  7947  7947 D MainWearActivity: android.permission.ACCESS_FINE_LOCATION Granted
05-20 14:53:52.916  7947  7947 D MainWearActivity: android.permission.WAKE_LOCK Granted
05-20 14:53:52.917  7947  7947 D MainWearActivity: android.permission.WRITE_EXTERNAL_STORAGE Granted
05-20 14:53:52.918  7947  7947 D MainWearActivity: android.permission.ACCESS_NETWORK_STATE Granted
05-20 14:53:52.918  7947  7947 D MainWearActivity: android.permission.INTERNET Granted
05-20 14:53:52.919  7947  7947 D MainWearActivity: android.permission.READ_EXTERNAL_STORAGE Granted
05-20 14:53:52.956  7947  7947 D ActivityLifeCycleLogger: uk.me.ponies.wearroutes.MainWearActivity@88c2f2b onActivityStarted called
05-20 14:53:52.960  7947  7947 D ActivityLifeCycleLogger: uk.me.ponies.wearroutes.MainWearActivity@88c2f2b onActivityResumed called
05-20 14:53:52.967  7947  8102 D OpenGLRenderer: Use EGL_SWAP_BEHAVIOR_PRESERVED: true
05-20 14:53:52.969  7947  7947 D         : HostConnection::get() New Host Connection established 0xac25bb40, tid 7947
05-20 14:53:52.980  7947  7947 D MainGridPagerAdapter: GridPagerAdapter: startUpdate Called id:2131820668 took 0ms
05-20 14:53:52.982  7947  7947 D MainGridPagerAdapter: getFragment called for row:0 column:0
05-20 14:53:52.982  7947  7947 D MainGridPagerAdapter: getFragment called for row:0 column:1
05-20 14:53:52.982  7947  7947 D MainGridPagerAdapter: getFragment called for row:0 column:2
05-20 14:53:52.982  7947  7947 D MainGridPagerAdapter: getFragment called for row:0 column:3
05-20 14:53:52.982  7947  7947 D MainGridPagerAdapter: getFragment called for row:0 column:4
05-20 14:53:52.982  7947  7947 D MainGridPagerAdapter: getFragment called for row:0 column:5
05-20 14:53:52.982  7947  7947 D MainGridPagerAdapter: getFragment called for row:1 column:0
05-20 14:53:52.982  7947  7947 D MainGridPagerAdapter: getFragment called for row:2 column:0
05-20 14:53:52.983  7947  7947 D MainGridPagerAdapter: getFragment called for row:3 column:0
05-20 14:53:52.983  7947  7947 D MainGridPagerAdapter: getFragment called for row:4 column:0
05-20 14:53:53.057  7947  7947 D FragmentLifecycleLogger: SpeedPanel1 onAttach called
05-20 14:53:53.057  7947  7947 D FragmentLifecycleLogger: SpeedPanel1 onCreate called
05-20 14:53:53.086  7947  7947 D FragmentLifecycleLogger: SpeedPanel1 onViewCreated called
05-20 14:53:53.086  7947  7947 D FragmentLifecycleLogger: SpeedPanel1 onActivityCreated called
05-20 14:53:53.086  7947  7947 D FragmentLifecycleLogger: SpeedPanel1 onViewStateRestored called
05-20 14:53:53.086  7947  7947 D FragmentLifecycleLogger: SpeedPanel1 onStart called
05-20 14:53:53.086  7947  7947 D SpeedPanel1: onResume called
05-20 14:53:53.086  7947  7947 D FragmentLifecycleLogger: SpeedPanel1 onResume called
05-20 14:53:53.086  7947  7947 D FragmentLifecycleLogger: MapSwipeToZoomFragment onAttach called
05-20 14:53:53.086  7947  7947 D FragmentLifecycleLogger: MapSwipeToZoomFragment onCreate called
05-20 14:53:53.087  7947  7947 D MapSwipeToZoomFrag: MapContainingFragment Map #00 onCreateView called
05-20 14:53:53.109  7947  7947 D MapSwipeToZoomFrag: creating a new InnerMapFragment
05-20 14:53:53.146  7947  7947 D MapSwipeToZoomFrag: MapContainingFragment (not the view) is MapFragment{c753c9e id=0x7f11008b}
05-20 14:53:53.147  7947  7947 D MapSwipeToZoomFrag: CreateView Map #00 getting MapAsync 
05-20 14:53:53.148  7947  7947 D MapSwipeToZoomFrag: CreateView completed
05-20 14:53:53.149  7947  7947 D MapSwipeToZoomFrag: Map #00 onViewCreatedCalled
05-20 14:53:53.149  7947  7947 D FragmentLifecycleLogger: MapSwipeToZoomFragment onViewCreated called
05-20 14:53:53.155  7947  7957 I art     : Background sticky concurrent mark sweep GC freed 597(54KB) AllocSpace objects, 0(0B) LOS objects, 9% free, 1572KB/1742KB, paused 5.226ms total 15.992ms
05-20 14:53:53.157  7947  7947 D FragmentLifecycleLogger: MapSwipeToZoomFragment onActivityCreated called
05-20 14:53:53.157  7947  7947 D FragmentLifecycleLogger: MapSwipeToZoomFragment onViewStateRestored called
05-20 14:53:53.169  7947  7947 I zzai    : Making Creator dynamically
05-20 14:53:53.260  7947  7947 I Google Maps Android API: Google Play services client version: 9452000
05-20 14:53:53.267  7947  7947 I Google Maps Android API: Google Play services package version: 11047570
05-20 14:53:53.569  7947  8124 W agl     : copyMemory is missing from platform - proto runtime falling back to safer methods.
05-20 14:53:53.639  7947  7947 D MapSwipeToZoomFrag: MapContainingFragment:Map #00 onStart called with zoom:15
05-20 14:53:53.639  7947  7947 D FragmentLifecycleLogger: MapSwipeToZoomFragment onStart called
05-20 14:53:53.639  7947  7947 D MapSwipeToZoomFrag: MapContainingFragment:Map #00 onResume called, visible is true
05-20 14:53:53.639  7947  7947 D FragmentLifecycleLogger: MapSwipeToZoomFragment onResume called
05-20 14:53:53.639  7947  7947 D MapSwipeToZoomFrag: matchMapUIToConfig -- no map
05-20 14:53:53.643  7947  7947 D MainGridPagerAdapter: GridPagerAdapter: finishUpdate Called id:2131820668 took 659ms
05-20 14:53:53.648  7947  7947 D MainGridPagerAdapter: GridPagerAdapter: startUpdate Called id:2131820668 took 0ms
05-20 14:53:53.648  7947  7947 D MainGridPagerAdapter: GridPagerAdapter: finishUpdate Called id:2131820668 took 0ms
05-20 14:53:53.652  7947  8102 D         : HostConnection::get() New Host Connection established 0xabb66710, tid 8102
05-20 14:53:53.654  7947  8102 I OpenGLRenderer: Initialized EGL, version 1.4
05-20 14:53:53.654  7947  8102 W OpenGLRenderer: Failed to choose config with EGL_SWAP_BEHAVIOR_PRESERVED, retrying without...
05-20 14:53:53.674  7947  7947 D MainGridPagerAdapter: GridPagerAdapter: startUpdate Called id:2131820668 took 0ms
05-20 14:53:53.675  7947  7947 D MainGridPagerAdapter: GridPagerAdapter: finishUpdate Called id:2131820668 took 0ms
05-20 14:53:53.676  7947  7947 D MainWearActivity: onPageScrolled: 0,0
05-20 14:53:53.684  7947  8136 D         : HostConnection::get() New Host Connection established 0xabb66090, tid 8136
05-20 14:53:53.687  7947  7947 I Choreographer: Skipped 42 frames!  The application may be doing too much work on its main thread.
05-20 14:53:53.735  7947  7947 D LocationHandler: Good location received Location[fused 54.178398,-2.300044 acc=48 et=+10m0s257ms alt=0.0 vel=13.89 bear=170.0 mock {Bundle[mParcelledData.dataSize=44]}] from LocationHandler
05-20 14:53:53.735  7947  7947 W MapSwipeToZoomFrag: java.lang.Exception: Object map is unexpectedly null
05-20 14:53:53.735  7947  7947 W MapSwipeToZoomFrag: 	at uk.me.ponies.wearroutes.utils.IsNullAndLog.logNull(IsNullAndLog.java:18)
05-20 14:53:53.735  7947  7947 W MapSwipeToZoomFrag: 	at uk.me.ponies.wearroutes.MapSwipeToZoomFragment.onLocationEvent(MapSwipeToZoomFragment.java:744)
05-20 14:53:53.735  7947  7947 W MapSwipeToZoomFrag: 	at java.lang.reflect.Method.invoke(Native Method)
05-20 14:53:53.735  7947  7947 W MapSwipeToZoomFrag: 	at org.greenrobot.eventbus.EventBus.invokeSubscriber(EventBus.java:485)
05-20 14:53:53.735  7947  7947 W MapSwipeToZoomFrag: 	at org.greenrobot.eventbus.EventBus.postToSubscription(EventBus.java:416)
05-20 14:53:53.735  7947  7947 W MapSwipeToZoomFrag: 	at org.greenrobot.eventbus.EventBus.postSingleEventForEventType(EventBus.java:397)
05-20 14:53:53.735  7947  7947 W MapSwipeToZoomFrag: 	at org.greenrobot.eventbus.EventBus.postSingleEvent(EventBus.java:370)
05-20 14:53:53.735  7947  7947 W MapSwipeToZoomFrag: 	at org.greenrobot.eventbus.EventBus.post(EventBus.java:251)
05-20 14:53:53.735  7947  7947 W MapSwipeToZoomFrag: 	at uk.me.ponies.wearroutes.locationHandling.LocationHandler.goodLocationReceived(LocationHandler.java:249)
05-20 14:53:53.735  7947  7947 W MapSwipeToZoomFrag: 	at uk.me.ponies.wearroutes.locationHandling.LocationHandler.onLocationChanged(LocationHandler.java:232)
05-20 14:53:53.735  7947  7947 W MapSwipeToZoomFrag: 	at com.google.android.gms.location.internal.zzk$zzb.handleMessage(Unknown Source)
05-20 14:53:53.735  7947  7947 W MapSwipeToZoomFrag: 	at android.os.Handler.dispatchMessage(Handler.java:102)
05-20 14:53:53.735  7947  7947 W MapSwipeToZoomFrag: 	at android.os.Looper.loop(Looper.java:148)
05-20 14:53:53.735  7947  7947 W MapSwipeToZoomFrag: 	at android.app.ActivityThread.main(ActivityThread.java:5422)
05-20 14:53:53.735  7947  7947 W MapSwipeToZoomFrag: 	at java.lang.reflect.Method.invoke(Native Method)
05-20 14:53:53.735  7947  7947 W MapSwipeToZoomFrag: 	at com.android.internal.os.ZygoteInit$MethodAndArgsCaller.run(ZygoteInit.java:726)
05-20 14:53:53.735  7947  7947 W MapSwipeToZoomFrag: 	at com.android.internal.os.ZygoteInit.main(ZygoteInit.java:616)
05-20 14:53:53.736  7947  7947 W MapSwipeToZoomFrag: EventBusLocationSourceForMap has no listener
05-20 14:53:53.801  7947  7957 I art     : Background sticky concurrent mark sweep GC freed 1913(218KB) AllocSpace objects, 14(1240KB) LOS objects, 11% free, 4MB/5MB, paused 5.822ms total 66.744ms
05-20 14:53:53.806  7947  7947 D MapSwipeToZoomFrag: showZoom is false
05-20 14:53:53.849  7947  7947 D MapSwipeToZoomFrag: SetupMap Called Map #00
05-20 14:53:53.855  7947  7947 D MapSwipeToZoomFrag: EventBusLocationSourceForMap activated for com.google.android.gms.maps.GoogleMap$12$1@2dc0522
05-20 14:53:53.870  7947  7947 D MapSwipeToZoomFrag: SetupMap Map #00 moving camera to zoom15
05-20 14:53:53.870  7947  7947 D MapSwipeToZoomFrag: Not moving camera as the map isn't visible
05-20 14:53:53.870  7947  7947 D MapSwipeToZoomFrag: Re-adding polylines during onResume
05-20 14:53:53.870  7947  7947 D MapSwipeToZoomFrag: polylines re-added in onResume
--------- beginning of system
05-20 14:53:53.891  7947  7947 D StrictMode: Wrote violation #0 of 1: 11460 bytes
05-20 14:53:53.898  7947  7947 D MainGridPagerAdapter: GridPagerAdapter: startUpdate Called id:2131820668 took 0ms
05-20 14:53:53.898  7947  7947 D MainGridPagerAdapter: GridPagerAdapter: finishUpdate Called id:2131820668 took 0ms
05-20 14:53:53.928  7947  8140 D Loader  : Loading asset 0x7f020070
05-20 14:53:53.931  7947  7947 D MainGridPagerAdapter: GridPagerAdapter: startUpdate Called id:2131820668 took 0ms
05-20 14:53:53.931  7947  7947 D MainGridPagerAdapter: GridPagerAdapter: finishUpdate Called id:2131820668 took 0ms
05-20 14:53:53.938  7947  7947 D MainWearActivity: onConnected(): Successfully connected to Google API client
05-20 14:53:53.970  7947  7947 D MapSwipeToZoomFrag: Camera Changed for Map Map #00
05-20 14:53:53.976  7947  7947 D StrictMode: Wrote violation #0 of 1: 13336 bytes
05-20 14:53:53.978  7947  7947 D MapSwipeToZoomFrag: Camera Changed for Map Map #00
05-20 14:53:53.978  7947  7947 D StrictMode: Wrote violation #0 of 1: 16044 bytes
05-20 14:53:54.118  7947  7947 D StrictMode: Wrote violation #0 of 1: 18752 bytes
05-20 14:53:54.119  7947  7947 D MapSwipeToZoomFrag: MapContainingFragmentMap #00 onCameraChange Map now Loaded zoom is 15.0 wanted 15 on map:com.google.android.gms.maps.GoogleMap@9840383
05-20 14:53:54.124  7947  7947 D MainGridPagerAdapter: GridPagerAdapter: startUpdate Called id:2131820668 took 0ms
05-20 14:53:54.124  7947  7947 D MainGridPagerAdapter: GridPagerAdapter: finishUpdate Called id:2131820668 took 0ms
05-20 14:53:54.129  7947  7947 D MainGridPagerAdapter: GridPagerAdapter: startUpdate Called id:2131820668 took 0ms
05-20 14:53:54.129  7947  7947 D MainGridPagerAdapter: GridPagerAdapter: finishUpdate Called id:2131820668 took 0ms
05-20 14:53:55.014  7947  8102 W OpenGLRenderer: Dirty 130.00 306.00 190.00 320.00 doesn't intersect with 0 0 320 290 ?
05-20 14:53:55.027  7947  8102 W OpenGLRenderer: Dirty 130.00 306.00 190.00 320.00 doesn't intersect with 0 0 320 290 ?
05-20 14:53:55.044  7947  8102 W OpenGLRenderer: Dirty 130.00 306.00 190.00 320.00 doesn't intersect with 0 0 320 290 ?
05-20 14:53:55.065  7947  8102 W OpenGLRenderer: Dirty 130.00 306.00 190.00 320.00 doesn't intersect with 0 0 320 290 ?
05-20 14:53:55.075  7947  8102 W OpenGLRenderer: Dirty 130.00 306.00 190.00 320.00 doesn't intersect with 0 0 320 290 ?
05-20 14:53:55.094  7947  8102 W OpenGLRenderer: Dirty 130.00 306.00 190.00 320.00 doesn't intersect with 0 0 320 290 ?
05-20 14:53:55.116  7947  8102 W OpenGLRenderer: Dirty 130.00 306.00 190.00 320.00 doesn't intersect with 0 0 320 290 ?
05-20 14:53:55.124  7947  8102 W OpenGLRenderer: Dirty 130.00 306.00 190.00 320.00 doesn't intersect with 0 0 320 290 ?
05-20 14:53:55.145  7947  8102 W OpenGLRenderer: Dirty 130.00 306.00 190.00 320.00 doesn't intersect with 0 0 320 290 ?
05-20 14:53:55.165  7947  8102 W OpenGLRenderer: Dirty 130.00 306.00 190.00 320.00 doesn't intersect with 0 0 320 290 ?
05-20 14:53:55.174  7947  8102 W OpenGLRenderer: Dirty 130.00 306.00 190.00 320.00 doesn't intersect with 0 0 320 290 ?
05-20 14:53:55.195  7947  8102 W OpenGLRenderer: Dirty 130.00 306.00 190.00 320.00 doesn't intersect with 0 0 320 290 ?
05-20 14:53:55.214  7947  8102 W OpenGLRenderer: Dirty 130.00 306.00 190.00 320.00 doesn't intersect with 0 0 320 290 ?
05-20 14:53:55.226  7947  8102 W OpenGLRenderer: Dirty 130.00 306.00 190.00 320.00 doesn't intersect with 0 0 320 290 ?
05-20 14:53:55.247  7947  8102 W OpenGLRenderer: Dirty 130.00 306.00 190.00 320.00 doesn't intersect with 0 0 320 290 ?
05-20 14:53:55.655  7947  8138 W DynamiteModule: Local module descriptor class for com.google.android.gms.googlecertificates not found.
05-20 14:53:55.655  7947  8138 W DynamiteModule: Failed to load module via V2: java.lang.ClassNotFoundException: Didn't find class "com.google.android.gms.dynamite.DynamiteModule$DynamiteLoaderClassLoader" on path: DexPathList[[zip file "/system/framework/com.google.android.wearable.jar", zip file "/data/app/uk.me.ponies.wearroutes-2/base.apk", zip file "/data/app/uk.me.ponies.wearroutes-2/split_lib_dependencies_apk.apk", zip file "/data/app/uk.me.ponies.wearroutes-2/split_lib_slice_0_apk.apk", zip file "/data/app/uk.me.ponies.wearroutes-2/split_lib_slice_1_apk.apk", zip file "/data/app/uk.me.ponies.wearroutes-2/split_lib_slice_2_apk.apk", zip file "/data/app/uk.me.ponies.wearroutes-2/split_lib_slice_3_apk.apk", zip file "/data/app/uk.me.ponies.wearroutes-2/split_lib_slice_4_apk.apk", zip file "/data/app/uk.me.ponies.wearroutes-2/split_lib_slice_5_apk.apk", zip file "/data/app/uk.me.ponies.wearroutes-2/split_lib_slice_6_apk.apk", zip file "/data/app/uk.me.ponies.wearroutes-2/split_lib_slice_7_apk.apk", zip file "/data/app/uk.me.ponies.wearroutes-2/split_lib_slice_8_apk.apk", zip file "/data/app/uk.me.ponies.wearroutes-2/split_lib_slice_9_apk.apk"],nativeLibraryDirectories=[/data/app/uk.me.ponies.wearroutes-2/lib/x86, /vendor/lib, /system/lib]]
05-20 14:53:55.656  7947  8138 I DynamiteModule: Considering local module com.google.android.gms.googlecertificates:0 and remote module com.google.android.gms.googlecertificates:3
05-20 14:53:55.656  7947  8138 I DynamiteModule: Selected remote version of com.google.android.gms.googlecertificates, version >= 3
05-20 14:53:55.657  7947  8138 W System  : ClassLoader referenced unknown path: /data/data/com.google.android.gms/app_chimera/m/00000009/n/x86
05-20 14:53:57.369  7947  7947 D LocationHandler: Good location received Location[fused 54.177908,-2.299905 acc=37 et=+10m4s104ms alt=0.0 vel=13.89 bear=169.0 mock {Bundle[mParcelledData.dataSize=44]}] from LocationHandler
05-20 14:53:57.369  7947  7947 D Error   : ERR: exClass=android.os.StrictMode$StrictModeCustomViolation
05-20 14:53:57.369  7947  7947 D Error   : ERR: exMsg=policy=4325404 violation=8 msg=gcore.dynamite
05-20 14:53:57.369  7947  7947 D Error   : ERR: file=StrictMode.java
05-20 14:53:57.369  7947  7947 D Error   : ERR: class=android.os.StrictMode$AndroidBlockGuardPolicy
05-20 14:53:57.369  7947  7947 D Error   : ERR: method=onCustomSlowCall line=1236
05-20 14:53:57.369  7947  7947 D Error   : ERR: stack=android.os.StrictMode$StrictModeCustomViolation: policy=4325404 violation=8 msg=gcore.dynamite
05-20 14:53:57.369  7947  7947 D Error   : 	at android.os.StrictMode$AndroidBlockGuardPolicy.onCustomSlowCall(StrictMode.java:1236)
05-20 14:53:57.369  7947  7947 D Error   : 	at android.os.StrictMode.noteSlowCall(StrictMode.java:2136)
05-20 14:53:57.369  7947  7947 D Error   : 	at ffk.a(:com.google.android.gms:0)
05-20 14:53:57.369  7947  7947 D Error   : 	at dgs.a(:com.google.android.gms:2)
05-20 14:53:57.369  7947  7947 D Error   : 	at com.google.android.gms.maps.internal.CreatorImpl.a(:com.google.android.gms:4)
05-20 14:53:57.369  7947  7947 D Error   : 	at com.google.android.gms.maps.internal.CreatorImpl.newMapFragmentDelegate(:com.google.android.gms:0)
05-20 14:53:57.369  7947  7947 D Error   : 	at igj.onTransact(:com.google.android.gms:13)
05-20 14:53:57.369  7947  7947 D Error   : 	at android.os.Binder.transact(Binder.java:387)
05-20 14:53:57.369  7947  7947 D Error   : 	at com.google.android.gms.maps.internal.zzc$zza$zza.zzag(Unknown Source)
05-20 14:53:57.369  7947  7947 D Error   : 	at com.google.android.gms.maps.MapFragment$zzb.zzbow(Unknown Source)
05-20 14:53:57.369  7947  7947 D Error   : 	at com.google.android.gms.maps.MapFragment$zzb.zza(Unknown Source)
05-20 14:53:57.369  7947  7947 D Error   : 	at com.google.android.gms.dynamic.zza.zza(Unknown Source)
05-20 14:53:57.369  7947  7947 D Error   : 	at com.google.android.gms.dynamic.zza.onCreate(Unknown Source)
05-20 14:53:57.369  7947  7947 D Error   : 	at com.google.android.gms.maps.MapFragment.onCreate(Unknown Source)
05-20 14:53:57.369  7947  7947 D Error   : 	at android.app.Fragment.performCreate(Fragment.java:2198)
05-20 14:53:57.369  7947  7947 D Error   : 	at android.app.FragmentManagerImpl.moveToState(FragmentManager.java:942)
05-20 14:53:57.369  7947  7947 D Error   : 	at android.app.FragmentManagerImpl.moveToState(FragmentManager.java:1148)
05-20 14:53:57.369  7947  7947 D Error   : 	at android.app.BackStackRecord.run(BackStackRecord.java:793)
05-20 14:53:57.369  7947  7947 D Error   : 	at android.app.FragmentManagerImpl.execPendingActions(FragmentManager.java:1535)
05-20 14:53:57.369  7947  7947 D Error   : 	at android.app.Fragment.performStart(Fragment.java:2241)
05-20 14:53:57.369  7947  7947 D Error   : 	at android.app.FragmentManagerImpl.moveToState(FragmentManager.java:1002)
05-20 14:53:57.369  7947  7947 D Error   : 	at android.app.FragmentManagerImpl.moveToState(FragmentManager.java:1148)
05-20 14:53:57.369  7947  7947 D Error   : 	at android.app.BackStackRecord.run(BackStackRecord.java:793)
05-20 14:53:57.369  7947  7947 D Error   : 	at android.app.FragmentManagerImpl.execPendingActions(FragmentManager.java:1535)
05-20 14:53:57.369  7947  7947 D Error   : 	at android.app.FragmentManagerImpl.executePendingTransactions(FragmentManager.java:562)
05-20 14:53:57.369  7947  7947 D Error   : 	at android.support.wearable.view.FragmentGridPagerAdapter.finishUpdate(FragmentGridPagerAdapter.java:220)
05-20 14:53:57.369  7947  7947 D Error   : 	at uk.me.ponies.wearroutes.MainGridPagerAdapter.finishUpdate(MainGridPagerAdapter.java:329)
05-20 14:53:57.369  7947  7947 D Error   : 	at android.support.wearable.view.GridViewPager.populate(GridViewPager.java:1182)
05-20 14:53:57.369  7947  7947 D Error   : 	at android.support.wearable.view.GridViewPager.populate(GridViewPager.java:1038)
05-20 14:53:57.369  7947  7947 D Error   : 	at android.support.wearable.view.GridViewPager.onMeasure(GridViewPager.java:1343)
05-20 14:53:57.369  7947  7947 D Error   : 	at android.view.View.measure(View.java:18794)
05-20 14:53:57.369  7947  7947 D Error   : 	at android.view.ViewGroup.measureChildWithMargins(ViewGroup.java:5951)
05-20 14:53:57.369  7947  7947 D Error   : 	at android.widget.FrameLayout.onMeasure(FrameLayout.java:194)
05-20 14:53:57.369  7947  7947 D Error   : 	at android.view.View.measure(View.java:18794)
05-20 14:53:57.369  7947  7947 D Error   : 	at android.view.ViewGroup.measureChildWithMargins(ViewGroup.java:5951)
05-20 14:53:57.369  7947  7947 D Error   : 	at android.widget.FrameLayout.onMeasure(FrameLayout.java:194)
05-20 14:53:57.369  7947  7947 D Error   : 	at android.view.View.measure(View.java:18794)
05-20 14:53:57.369  7947  7947 D Error   : 	at android.view.ViewGroup.measureChildWithMargins(ViewGroup.java:5951)
05-20 14:53:57.369  7947  7947 D Error   : 	at android.widget.FrameLayout.onMeasure(FrameLayout.java:194)
05-20 14:53:57.369  7947  7947 D Error   : 	at com.android.internal.policy.PhoneWindow$DecorView.onMeasure(PhoneWindow.java:2643)
05-20 14:53:57.369  7947  7947 D Error   : 	at android.view.View.measure(View.java:18794)
05-20 14:53:57.369  7947  7947 D Error   : 	at android.view.ViewRootImpl.performMeasure(ViewRootImpl.java:2108)
05-20 14:53:57.369  7947  7947 D Error   : 	at android.view.ViewRootImpl.measureHierarchy(ViewRootImpl.java:1224)
05-20 14:53:57.369  7947  7947 D Error   : 	at android.view.ViewRootImpl.performTraversals(ViewRootImpl.java:1460)
05-20 14:53:57.369  7947  7947 D Error   : 	at android.view.ViewRootImpl.doTraversal(ViewRootImpl.java:1115)
05-20 14:53:57.369  7947  7947 D Error   : 	at android.view.ViewRootImpl$TraversalRunnable.run(ViewRootImpl.java:6024)
05-20 14:53:57.369  7947  7947 D Error   : 	at android.view.Choreographer$CallbackRecord.run(Choreographer.java:858)
05-20 14:53:57.369  7947  7947 D Error   : 	at android.view.Choreographer.doCallbacks(Choreographer.java:670)
05-20 14:53:57.369  7947  7947 D Error   : 	at android.view.Choreographer.doFrame(Choreographer.java:606)
05-20 14:53:57.369  7947  7947 D Error   : 	at android.view.Choreographer$FrameDisplayEventReceiver.run(Choreographer.java:844)
05-20 14:53:57.369  7947  7947 D Error   : 	at android.os.Handler.handleCallback(Handler.java:739)
05-20 14:53:57.369  7947  7947 D Error   : 	at android.os.Handler.dispatchMessage(Handler.java:95)
05-20 14:53:57.369  7947  7947 D Error   : 	at android.os.Looper.loop(Looper.java:148)
05-20 14:53:57.369  7947  7947 D Error   : 	at android.app.ActivityThread.main(ActivityThread.java:5422)
05-20 14:53:57.369  7947  7947 D Error   : 	at java.lang.reflect.Method.invoke(Native Method)
05-20 14:53:57.369  7947  7947 D Error   : 	at com.android.internal.os.ZygoteInit$MethodAndArgsCaller.run(ZygoteInit.java:726)
05-20 14:53:57.369  7947  7947 D Error   : 	at com.android.internal.os.ZygoteInit.main(ZygoteInit.java:616)
05-20 14:53:57.369  7947  7947 D Error   : # via Binder call with stack:
05-20 14:53:57.369  7947  7947 D Error   : android.os.StrictMode$LogStackTrace
05-20 14:53:57.369  7947  7947 D Error   : 	at and
05-20 14:53:57.369  7947  7947 D Error   : ERR: TOTAL BYTES WRITTEN: 21384
05-20 14:53:57.369  7947  7947 D StrictMode: Wrote violation #0 of 1: 21428 bytes
05-20 14:53:57.370  7947  7947 D BearingSectorizer: clamped to :165.0 from:169.0
05-20 14:53:57.370  7947  7947 D BearingSectorizer: returning changed: 165.0
05-20 14:53:57.370  7947  7947 D MapSwipeToZoomFrag: Location changed, updating because First Location
05-20 14:53:57.370  7947  7947 D MapSwipeToZoomFrag: Not moving camera as the map isn't visible
05-20 14:53:57.370  7947  7947 D MapSwipeToZoomFrag: EventBusLocationSourceForMap sending location to listener com.google.android.gms.maps.GoogleMap$12$1@2dc0522
05-20 14:53:59.379  7947  7947 D LocationHandler: Good location received Location[fused 54.177671,-2.299776 acc=45 et=+10m6s114ms alt=0.0 vel=13.89 bear=162.0 mock {Bundle[mParcelledData.dataSize=44]}] from LocationHandler
05-20 14:53:59.379  7947  7947 D Error   : ERR: exClass=android.os.StrictMode$StrictModeCustomViolation
05-20 14:53:59.380  7947  7947 D Error   : ERR: exMsg=policy=4325404 violation=8 msg=gcore.dynamite
05-20 14:53:59.380  7947  7947 D Error   : ERR: file=StrictMode.java
05-20 14:53:59.380  7947  7947 D Error   : ERR: class=android.os.StrictMode$AndroidBlockGuardPolicy
05-20 14:53:59.380  7947  7947 D Error   : ERR: method=onCustomSlowCall line=1236
05-20 14:53:59.380  7947  7947 D Error   : ERR: stack=android.os.StrictMode$StrictModeCustomViolation: policy=4325404 violation=8 msg=gcore.dynamite
05-20 14:53:59.380  7947  7947 D Error   : 	at android.os.StrictMode$AndroidBlockGuardPolicy.onCustomSlowCall(StrictMode.java:1236)
05-20 14:53:59.380  7947  7947 D Error   : 	at android.os.StrictMode.noteSlowCall(StrictMode.java:2136)
05-20 14:53:59.380  7947  7947 D Error   : 	at ffk.a(:com.google.android.gms:0)
05-20 14:53:59.380  7947  7947 D Error   : 	at dgs.a(:com.google.android.gms:2)
05-20 14:53:59.380  7947  7947 D Error   : 	at com.google.android.gms.maps.internal.CreatorImpl.a(:com.google.android.gms:4)
05-20 14:53:59.380  7947  7947 D Error   : 	at com.google.android.gms.maps.internal.CreatorImpl.newMapFragmentDelegate(:com.google.android.gms:0)
05-20 14:53:59.380  7947  7947 D Error   : 	at igj.onTransact(:com.google.android.gms:13)
05-20 14:53:59.380  7947  7947 D Error   : 	at android.os.Binder.transact(Binder.java:387)
05-20 14:53:59.380  7947  7947 D Error   : 	at com.google.android.gms.maps.internal.zzc$zza$zza.zzag(Unknown Source)
05-20 14:53:59.380  7947  7947 D Error   : 	at com.google.android.gms.maps.MapFragment$zzb.zzbow(Unknown Source)
05-20 14:53:59.380  7947  7947 D Error   : 	at com.google.android.gms.maps.MapFragment$zzb.zza(Unknown Source)
05-20 14:53:59.380  7947  7947 D Error   : 	at com.google.android.gms.dynamic.zza.zza(Unknown Source)
05-20 14:53:59.380  7947  7947 D Error   : 	at com.google.android.gms.dynamic.zza.onCreate(Unknown Source)
05-20 14:53:59.380  7947  7947 D Error   : 	at com.google.android.gms.maps.MapFragment.onCreate(Unknown Source)
05-20 14:53:59.380  7947  7947 D Error   : 	at android.app.Fragment.performCreate(Fragment.java:2198)
05-20 14:53:59.380  7947  7947 D Error   : 	at android.app.FragmentManagerImpl.moveToState(FragmentManager.java:942)
05-20 14:53:59.380  7947  7947 D Error   : 	at android.app.FragmentManagerImpl.moveToState(FragmentManager.java:1148)
05-20 14:53:59.380  7947  7947 D Error   : 	at android.app.BackStackRecord.run(BackStackRecord.java:793)
05-20 14:53:59.380  7947  7947 D Error   : 	at android.app.FragmentManagerImpl.execPendingActions(FragmentManager.java:1535)
05-20 14:53:59.380  7947  7947 D Error   : 	at android.app.Fragment.performStart(Fragment.java:2241)
05-20 14:53:59.380  7947  7947 D Error   : 	at android.app.FragmentManagerImpl.moveToState(FragmentManager.java:1002)
05-20 14:53:59.380  7947  7947 D Error   : 	at android.app.FragmentManagerImpl.moveToState(FragmentManager.java:1148)
05-20 14:53:59.380  7947  7947 D Error   : 	at android.app.BackStackRecord.run(BackStackRecord.java:793)
05-20 14:53:59.380  7947  7947 D Error   : 	at android.app.FragmentManagerImpl.execPendingActions(FragmentManager.java:1535)
05-20 14:53:59.380  7947  7947 D Error   : 	at android.app.FragmentManagerImpl.executePendingTransactions(FragmentManager.java:562)
05-20 14:53:59.380  7947  7947 D Error   : 	at android.support.wearable.view.FragmentGridPagerAdapter.finishUpdate(FragmentGridPagerAdapter.java:220)
05-20 14:53:59.380  7947  7947 D Error   : 	at uk.me.ponies.wearroutes.MainGridPagerAdapter.finishUpdate(MainGridPagerAdapter.java:329)
05-20 14:53:59.380  7947  7947 D Error   : 	at android.support.wearable.view.GridViewPager.populate(GridViewPager.java:1182)
05-20 14:53:59.380  7947  7947 D Error   : 	at android.support.wearable.view.GridViewPager.populate(GridViewPager.java:1038)
05-20 14:53:59.380  7947  7947 D Error   : 	at android.support.wearable.view.GridViewPager.onMeasure(GridViewPager.java:1343)
05-20 14:53:59.380  7947  7947 D Error   : 	at android.view.View.measure(View.java:18794)
05-20 14:53:59.380  7947  7947 D Error   : 	at android.view.ViewGroup.measureChildWithMargins(ViewGroup.java:5951)
05-20 14:53:59.380  7947  7947 D Error   : 	at android.widget.FrameLayout.onMeasure(FrameLayout.java:194)
05-20 14:53:59.380  7947  7947 D Error   : 	at android.view.View.measure(View.java:18794)
05-20 14:53:59.380  7947  7947 D Error   : 	at android.view.ViewGroup.measureChildWithMargins(ViewGroup.java:5951)
05-20 14:53:59.380  7947  7947 D Error   : 	at android.widget.FrameLayout.onMeasure(FrameLayout.java:194)
05-20 14:53:59.380  7947  7947 D Error   : 	at android.view.View.measure(View.java:18794)
05-20 14:53:59.380  7947  7947 D Error   : 	at android.view.ViewGroup.measureChildWithMargins(ViewGroup.java:5951)
05-20 14:53:59.380  7947  7947 D Error   : 	at android.widget.FrameLayout.onMeasure(FrameLayout.java:194)
05-20 14:53:59.380  7947  7947 D Error   : 	at com.android.internal.policy.PhoneWindow$DecorView.onMeasure(PhoneWindow.java:2643)
05-20 14:53:59.380  7947  7947 D Error   : 	at android.view.View.measure(View.java:18794)
05-20 14:53:59.380  7947  7947 D Error   : 	at android.view.ViewRootImpl.performMeasure(ViewRootImpl.java:2108)
05-20 14:53:59.380  7947  7947 D Error   : 	at android.view.ViewRootImpl.measureHierarchy(ViewRootImpl.java:1224)
05-20 14:53:59.380  7947  7947 D Error   : 	at android.view.ViewRootImpl.performTraversals(ViewRootImpl.java:1460)
05-20 14:53:59.380  7947  7947 D Error   : 	at android.view.ViewRootImpl.doTraversal(ViewRootImpl.java:1115)
05-20 14:53:59.380  7947  7947 D Error   : 	at android.view.ViewRootImpl$TraversalRunnable.run(ViewRootImpl.java:6024)
05-20 14:53:59.380  7947  7947 D Error   : 	at android.view.Choreographer$CallbackRecord.run(Choreographer.java:858)
05-20 14:53:59.380  7947  7947 D Error   : 	at android.view.Choreographer.doCallbacks(Choreographer.java:670)
05-20 14:53:59.380  7947  7947 D Error   : 	at android.view.Choreographer.doFrame(Choreographer.java:606)
05-20 14:53:59.380  7947  7947 D Error   : 	at android.view.Choreographer$FrameDisplayEventReceiver.run(Choreographer.java:844)
05-20 14:53:59.380  7947  7947 D Error   : 	at android.os.Handler.handleCallback(Handler.java:739)
05-20 14:53:59.380  7947  7947 D Error   : 	at android.os.Handler.dispatchMessage(Handler.java:95)
05-20 14:53:59.380  7947  7947 D Error   : 	at android.os.Looper.loop(Looper.java:148)
05-20 14:53:59.380  7947  7947 D Error   : 	at android.app.ActivityThread.main(ActivityThread.java:5422)
05-20 14:53:59.380  7947  7947 D Error   : 	at java.lang.reflect.Method.invoke(Native Method)
05-20 14:53:59.380  7947  7947 D Error   : 	at com.android.internal.os.ZygoteInit$MethodAndArgsCaller.run(ZygoteInit.java:726)
05-20 14:53:59.380  7947  7947 D Error   : 	at com.android.internal.os.ZygoteInit.main(ZygoteInit.java:616)
05-20 14:53:59.380  7947  7947 D Error   : # via Binder call with stack:
05-20 14:53:59.380  7947  7947 D Error   : android.os.StrictMode$LogStackTrace
05-20 14:53:59.380  7947  7947 D Error   : 	at and
05-20 14:53:59.380  7947  7947 D Error   : ERR: TOTAL BYTES WRITTEN: 24812
05-20 14:53:59.380  7947  7947 D StrictMode: Wrote violation #0 of 1: 24856 bytes
05-20 14:53:59.380  7947  7947 D BearingSectorizer: clamped to :165.0 from:162.0
05-20 14:53:59.392  7947  7947 D MapSwipeToZoomFrag: Location changed: Dot is outside of middle bounds:pos:Point(-71180, -2007285)middle: Rect(53, 58 - 267, 242)
05-20 14:53:59.392  7947  7947 D MapSwipeToZoomFrag: Location changed, updating because dot outside middle pixels
05-20 14:53:59.393  7947  7947 D MapSwipeToZoomFrag: Not moving camera as the map isn't visible
05-20 14:53:59.393  7947  7947 D MapSwipeToZoomFrag: EventBusLocationSourceForMap sending location to listener com.google.android.gms.maps.GoogleMap$12$1@2dc0522
05-20 14:53:59.653  7947  7947 D MyGridViewPager: oninterceptTouchEvent is returning false
05-20 14:53:59.715  7947  7947 D GridViewPagerNotifier: onPageScrollStateChanged state:1
05-20 14:53:59.715  7947  7947 D MainWearActivity: onPageScrollStateChanged state: 1 DRAGGING
05-20 14:53:59.715  7947  7947 D MapSwipeToZoomFrag: onScrollChange seen
05-20 14:53:59.716  7947  7947 D MainGridPagerAdapter: getFragment called for row:0 column:0
05-20 14:53:59.716  7947  7947 D MainGridPagerAdapter: getFragment called for row:0 column:1
05-20 14:53:59.716  7947  7947 D MainWearActivity: onPageScrolled: 0,0
05-20 14:53:59.732  7947  8194 D Loader  : Loading asset 0x7f020071
05-20 14:53:59.789  7947  7947 D MyGridViewPager: oninterceptTouchEvent is returning true
05-20 14:53:59.797  7947  7947 D MyGridViewPager: onTouch ambient is falseevent was:MotionEvent { action=ACTION_MOVE, actionButton=0, id[0]=0, x[0]=252.0, y[0]=133.0, toolType[0]=TOOL_TYPE_FINGER, buttonState=0, metaState=0, flags=0x0, edgeFlags=0x0, pointerCount=1, historySize=7, eventTime=606495, downTime=606382, deviceId=0, source=0x1002 }context is uk.me.ponies.wearroutes.MainWearActivity@88c2f2b
05-20 14:53:59.797  7947  7947 D MapSwipeToZoomFrag: onScrollChange seen
05-20 14:53:59.797  7947  7947 D MainGridPagerAdapter: getFragment called for row:0 column:0
05-20 14:53:59.797  7947  7947 D MainGridPagerAdapter: getFragment called for row:0 column:1
05-20 14:53:59.798  7947  7947 D MainWearActivity: onPageScrolled: 0,0
05-20 14:53:59.798  7947  7947 D MyGridViewPager: onTouchEvent is returning true
05-20 14:53:59.801  7947  7947 D MapSwipeToZoomFrag: onTouch seen for event:MotionEvent { action=ACTION_UP, actionButton=0, id[0]=0, x[0]=252.0, y[0]=133.0, toolType[0]=TOOL_TYPE_FINGER, buttonState=0, metaState=0, flags=0x0, edgeFlags=0x0, pointerCount=1, historySize=0, eventTime=606495, downTime=606382, deviceId=0, source=0x1002 }
05-20 14:53:59.801  7947  7947 D MapSwipeToZoomFrag: GestureDetector onFling seen!
05-20 14:53:59.801  7947  7947 D MapSwipeToZoomFrag: GestureDetector e1 or e2 is null, ignoring, returning false
05-20 14:53:59.805  7947  7947 D MyGridViewPager: onTouch ambient is falseevent was:MotionEvent { action=ACTION_UP, actionButton=0, id[0]=0, x[0]=252.0, y[0]=133.0, toolType[0]=TOOL_TYPE_FINGER, buttonState=0, metaState=0, flags=0x0, edgeFlags=0x0, pointerCount=1, historySize=0, eventTime=606495, downTime=606382, deviceId=0, source=0x1002 }context is uk.me.ponies.wearroutes.MainWearActivity@88c2f2b
05-20 14:53:59.805  7947  7947 D ColumnHistorian: Selected Page is 1,0
05-20 14:53:59.805  7947  7947 D GridViewPagerNotifier: onPageSelected row:1 column:0
05-20 14:53:59.806  7947  7947 D MainGridPagerAdapter: getFragment called for row:1 column:0
05-20 14:53:59.806  7947  7947 D MainGridPagerAdapter: getFragment called for row:1 column:1
05-20 14:53:59.806  7947  7947 D MainGridPagerAdapter: getFragment called for row:0 column:0
05-20 14:53:59.806  7947  7947 D MainGridPagerAdapter: getFragment called for row:2 column:0
05-20 14:53:59.806  7947  7947 D MapSwipeToZoomFrag: EventBusLocationSourceForMap deActivated for com.google.android.gms.maps.GoogleMap$12$1@2dc0522
05-20 14:53:59.806  7947  7947 D Error   : ERR: exClass=android.os.StrictMode$StrictModeCustomViolation
05-20 14:53:59.806  7947  7947 D Error   : ERR: exMsg=policy=4325404 violation=8 msg=gcore.dynamite
05-20 14:53:59.806  7947  7947 D Error   : ERR: file=StrictMode.java
05-20 14:53:59.806  7947  7947 D Error   : ERR: class=android.os.StrictMode$AndroidBlockGuardPolicy
05-20 14:53:59.807  7947  7947 D Error   : ERR: method=onCustomSlowCall line=1236
05-20 14:53:59.807  7947  7947 D Error   : ERR: stack=android.os.StrictMode$StrictModeCustomViolation: policy=4325404 violation=8 msg=gcore.dynamite
05-20 14:53:59.807  7947  7947 D Error   : 	at android.os.StrictMode$AndroidBlockGuardPolicy.onCustomSlowCall(StrictMode.java:1236)
05-20 14:53:59.807  7947  7947 D Error   : 	at android.os.StrictMode.noteSlowCall(StrictMode.java:2136)
05-20 14:53:59.807  7947  7947 D Error   : 	at ffk.a(:com.google.android.gms:0)
05-20 14:53:59.807  7947  7947 D Error   : 	at dgs.a(:com.google.android.gms:2)
05-20 14:53:59.807  7947  7947 D Error   : 	at com.google.android.gms.maps.internal.CreatorImpl.a(:com.google.android.gms:4)
05-20 14:53:59.807  7947  7947 D Error   : 	at com.google.android.gms.maps.internal.CreatorImpl.newMapFragmentDelegate(:com.google.android.gms:0)
05-20 14:53:59.807  7947  7947 D Error   : 	at igj.onTransact(:com.google.android.gms:13)
05-20 14:53:59.807  7947  7947 D Error   : 	at android.os.Binder.transact(Binder.java:387)
05-20 14:53:59.807  7947  7947 D Error   : 	at com.google.android.gms.maps.internal.zzc$zza$zza.zzag(Unknown Source)
05-20 14:53:59.807  7947  7947 D Error   : 	at com.google.android.gms.maps.MapFragment$zzb.zzbow(Unknown Source)
05-20 14:53:59.807  7947  7947 D Error   : 	at com.google.android.gms.maps.MapFragment$zzb.zza(Unknown Source)
05-20 14:53:59.807  7947  7947 D Error   : 	at com.google.android.gms.dynamic.zza.zza(Unknown Source)
05-20 14:53:59.807  7947  7947 D Error   : 	at com.google.android.gms.dynamic.zza.onCreate(Unknown Source)
05-20 14:53:59.807  7947  7947 D Error   : 	at com.google.android.gms.maps.MapFragment.onCreate(Unknown Source)
05-20 14:53:59.807  7947  7947 D Error   : 	at android.app.Fragment.performCreate(Fragment.java:2198)
05-20 14:53:59.807  7947  7947 D Error   : 	at android.app.FragmentManagerImpl.moveToState(FragmentManager.java:942)
05-20 14:53:59.807  7947  7947 D Error   : 	at android.app.FragmentManagerImpl.moveToState(FragmentManager.java:1148)
05-20 14:53:59.807  7947  7947 D Error   : 	at android.app.BackStackRecord.run(BackStackRecord.java:793)
05-20 14:53:59.807  7947  7947 D Error   : 	at android.app.FragmentManagerImpl.execPendingActions(FragmentManager.java:1535)
05-20 14:53:59.807  7947  7947 D Error   : 	at android.app.Fragment.performStart(Fragment.java:2241)
05-20 14:53:59.807  7947  7947 D Error   : 	at android.app.FragmentManagerImpl.moveToState(FragmentManager.java:1002)
05-20 14:53:59.807  7947  7947 D Error   : 	at android.app.FragmentManagerImpl.moveToState(FragmentManager.java:1148)
05-20 14:53:59.807  7947  7947 D Error   : 	at android.app.BackStackRecord.run(BackStackRecord.java:793)
05-20 14:53:59.807  7947  7947 D Error   : 	at android.app.FragmentManagerImpl.execPendingActions(FragmentManager.java:1535)
05-20 14:53:59.807  7947  7947 D Error   : 	at android.app.FragmentManagerImpl.executePendingTransactions(FragmentManager.java:562)
05-20 14:53:59.807  7947  7947 D Error   : 	at android.support.wearable.view.FragmentGridPagerAdapter.finishUpdate(FragmentGridPagerAdapter.java:220)
05-20 14:53:59.807  7947  7947 D Error   : 	at uk.me.ponies.wearroutes.MainGridPagerAdapter.finishUpdate(MainGridPagerAdapter.java:329)
05-20 14:53:59.807  7947  7947 D Error   : 	at android.support.wearable.view.GridViewPager.populate(GridViewPager.java:1182)
05-20 14:53:59.807  7947  7947 D Error   : 	at android.support.wearable.view.GridViewPager.populate(GridViewPager.java:1038)
05-20 14:53:59.807  7947  7947 D Error   : 	at android.support.wearable.view.GridViewPager.onMeasure(GridViewPager.java:1343)
05-20 14:53:59.807  7947  7947 D Error   : 	at android.view.View.measure(View.java:18794)
05-20 14:53:59.807  7947  7947 D Error   : 	at android.view.ViewGroup.measureChildWithMargins(ViewGroup.java:5951)
05-20 14:53:59.807  7947  7947 D Error   : 	at android.widget.FrameLayout.onMeasure(FrameLayout.java:194)
05-20 14:53:59.807  7947  7947 D Error   : 	at android.view.View.measure(View.java:18794)
05-20 14:53:59.807  7947  7947 D Error   : 	at android.view.ViewGroup.measureChildWithMargins(ViewGroup.java:5951)
05-20 14:53:59.807  7947  7947 D Error   : 	at android.widget.FrameLayout.onMeasure(FrameLayout.java:194)
05-20 14:53:59.807  7947  7947 D Error   : 	at android.view.View.measure(View.java:18794)
05-20 14:53:59.807  7947  7947 D Error   : 	at android.view.ViewGroup.measureChildWithMargins(ViewGroup.java:5951)
05-20 14:53:59.807  7947  7947 D Error   : 	at android.widget.FrameLayout.onMeasure(FrameLayout.java:194)
05-20 14:53:59.807  7947  7947 D Error   : 	at com.android.internal.policy.PhoneWindow$DecorView.onMeasure(PhoneWindow.java:2643)
05-20 14:53:59.807  7947  7947 D Error   : 	at android.view.View.measure(View.java:18794)
05-20 14:53:59.807  7947  7947 D Error   : 	at android.view.ViewRootImpl.performMeasure(ViewRootImpl.java:2108)
05-20 14:53:59.807  7947  7947 D Error   : 	at android.view.ViewRootImpl.measureHierarchy(ViewRootImpl.java:1224)
05-20 14:53:59.807  7947  7947 D Error   : 	at android.view.ViewRootImpl.performTraversals(ViewRootImpl.java:1460)
05-20 14:53:59.807  7947  7947 D Error   : 	at android.view.ViewRootImpl.doTraversal(ViewRootImpl.java:1115)
05-20 14:53:59.807  7947  7947 D Error   : 	at android.view.ViewRootImpl$TraversalRunnable.run(ViewRootImpl.java:6024)
05-20 14:53:59.807  7947  7947 D Error   : 	at android.view.Choreographer$CallbackRecord.run(Choreographer.java:858)
05-20 14:53:59.807  7947  7947 D Error   : 	at android.view.Choreographer.doCallbacks(Choreographer.java:670)
05-20 14:53:59.807  7947  7947 D Error   : 	at android.view.Choreographer.doFrame(Choreographer.java:606)
05-20 14:53:59.807  7947  7947 D Error   : 	at android.view.Choreographer$FrameDisplayEventReceiver.run(Choreographer.java:844)
05-20 14:53:59.807  7947  7947 D Error   : 	at android.os.Handler.handleCallback(Handler.java:739)
05-20 14:53:59.807  7947  7947 D Error   : 	at android.os.Handler.dispatchMessage(Handler.java:95)
05-20 14:53:59.807  7947  7947 D Error   : 	at android.os.Looper.loop(Looper.java:148)
05-20 14:53:59.807  7947  7947 D Error   : 	at android.app.ActivityThread.main(ActivityThread.java:5422)
05-20 14:53:59.807  7947  7947 D Error   : 	at java.lang.reflect.Method.invoke(Native Method)
05-20 14:53:59.807  7947  7947 D Error   : 	at com.android.internal.os.ZygoteInit$MethodAndArgsCaller.run(ZygoteInit.java:726)
05-20 14:53:59.807  7947  7947 D Error   : 	at com.android.internal.os.ZygoteInit.main(ZygoteInit.java:616)
05-20 14:53:59.807  7947  7947 D Error   : # via Binder call with stack:
05-20 14:53:59.807  7947  7947 D Error   : android.os.StrictMode$LogStackTrace
05-20 14:53:59.807  7947  7947 D Error   : 	at and
05-20 14:53:59.807  7947  7947 D Error   : ERR: TOTAL BYTES WRITTEN: 28244
05-20 14:53:59.807  7947  7947 D StrictMode: Wrote violation #0 of 1: 28288 bytes
05-20 14:53:59.820  7947  7947 D MainWearActivity: onPageSelected: 1,0
05-20 14:53:59.820  7947  7947 D GridViewPagerNotifier: onPageScrollStateChanged state:2
05-20 14:53:59.820  7947  7947 D MainWearActivity: onPageScrollStateChanged state: 2 SETTLING
05-20 14:53:59.820  7947  7947 D InnerMapFragment: Dump of Google maps fragments created
05-20 14:53:59.825  7947  7947 D InnerMapFragment: Google maps fragments created contains: 0
05-20 14:53:59.825  7947  7947 D InnerMapFragment: Google maps innerMap Pool is pooling: 0
05-20 14:53:59.825  7947  7947 D InnerMapFragment: Google maps innerMap Pool has had 0 garbage collected
05-20 14:53:59.825  7947  7947 D MainWearActivity: onPageScrollStateChaged, SETTLING, current position is Point(0, 1)
05-20 14:53:59.825  7947  7947 D MyGridViewPager: onTouchEvent is returning true
05-20 14:53:59.829  7947  7947 D MapSwipeToZoomFrag: onScrollChange seen
05-20 14:53:59.829  7947  7947 D MainGridPagerAdapter: getFragment called for row:1 column:0
05-20 14:53:59.829  7947  7947 D MainGridPagerAdapter: getFragment called for row:1 column:1
05-20 14:53:59.829  7947  7947 D MainWearActivity: onPageScrolled: 0,0
05-20 14:53:59.834  7947  7947 D MapSwipeToZoomFrag: onScrollChange seen
05-20 14:53:59.834  7947  7947 D MainGridPagerAdapter: getFragment called for row:1 column:0
05-20 14:53:59.834  7947  7947 D MainGridPagerAdapter: getFragment called for row:1 column:1
05-20 14:53:59.835  7947  7947 D MainWearActivity: onPageScrolled: 0,0
05-20 14:53:59.848  7947  7947 D MapSwipeToZoomFrag: onScrollChange seen
05-20 14:53:59.850  7947  7947 D MainGridPagerAdapter: getFragment called for row:1 column:0
05-20 14:53:59.850  7947  7947 D MainGridPagerAdapter: getFragment called for row:1 column:1
05-20 14:53:59.850  7947  7947 D MainWearActivity: onPageScrolled: 0,0
05-20 14:53:59.869  7947  7947 D MapSwipeToZoomFrag: onScrollChange seen
05-20 14:53:59.870  7947  7947 D MainGridPagerAdapter: getFragment called for row:1 column:0
05-20 14:53:59.870  7947  7947 D MainGridPagerAdapter: getFragment called for row:1 column:1
05-20 14:53:59.870  7947  7947 D MainWearActivity: onPageScrolled: 0,0
05-20 14:53:59.883  7947  7947 D MapSwipeToZoomFrag: onScrollChange seen
05-20 14:53:59.884  7947  7947 D MainGridPagerAdapter: getFragment called for row:1 column:0
05-20 14:53:59.884  7947  7947 D MainGridPagerAdapter: getFragment called for row:1 column:1
05-20 14:53:59.884  7947  7947 D MainWearActivity: onPageScrolled: 0,0
05-20 14:53:59.898  7947  7947 D MapSwipeToZoomFrag: onScrollChange seen
05-20 14:53:59.898  7947  7947 D MainGridPagerAdapter: getFragment called for row:1 column:0
05-20 14:53:59.898  7947  7947 D MainGridPagerAdapter: getFragment called for row:1 column:1
05-20 14:53:59.898  7947  7947 D MainWearActivity: onPageScrolled: 0,0
05-20 14:53:59.918  7947  7947 D MapSwipeToZoomFrag: onScrollChange seen
05-20 14:53:59.918  7947  7947 D MainGridPagerAdapter: getFragment called for row:1 column:0
05-20 14:53:59.919  7947  7947 D MainGridPagerAdapter: getFragment called for row:1 column:1
05-20 14:53:59.919  7947  7947 D MainWearActivity: onPageScrolled: 0,0
05-20 14:53:59.928  7947  7947 D MapSwipeToZoomFrag: onScrollChange seen
05-20 14:53:59.928  7947  7947 D MainGridPagerAdapter: getFragment called for row:1 column:0
05-20 14:53:59.928  7947  7947 D MainGridPagerAdapter: getFragment called for row:1 column:1
05-20 14:53:59.928  7947  7947 D MainWearActivity: onPageScrolled: 0,0
05-20 14:53:59.950  7947  7947 D MapSwipeToZoomFrag: onScrollChange seen
05-20 14:53:59.950  7947  7947 D MainGridPagerAdapter: getFragment called for row:1 column:0
05-20 14:53:59.950  7947  7947 D MainGridPagerAdapter: getFragment called for row:1 column:1
05-20 14:53:59.950  7947  7947 D MainWearActivity: onPageScrolled: 0,0
05-20 14:53:59.969  7947  7947 D MapSwipeToZoomFrag: onScrollChange seen
05-20 14:53:59.969  7947  7947 D MainGridPagerAdapter: getFragment called for row:1 column:0
05-20 14:53:59.969  7947  7947 D MainGridPagerAdapter: getFragment called for row:1 column:1
05-20 14:53:59.969  7947  7947 D MainWearActivity: onPageScrolled: 0,0
05-20 14:53:59.979  7947  7947 D MapSwipeToZoomFrag: onScrollChange seen
05-20 14:53:59.980  7947  7947 D MainGridPagerAdapter: getFragment called for row:1 column:0
05-20 14:53:59.980  7947  7947 D MainGridPagerAdapter: getFragment called for row:1 column:1
05-20 14:53:59.980  7947  7947 D MainWearActivity: onPageScrolled: 0,0
05-20 14:54:00.000  7947  7947 D MapSwipeToZoomFrag: onScrollChange seen
05-20 14:54:00.000  7947  7947 D MainGridPagerAdapter: getFragment called for row:1 column:0
