--------- beginning of main
05-20 14:36:03.266 26785 26785 I art     : Not late-enabling -Xcheck:jni (already on)
05-20 14:36:03.413 26798 26798 W dex2oat : Unexpected CPU variant for X86 using defaults: x86
05-20 14:36:03.413 26798 26798 W dex2oat : Mismatch between dex2oat instruction set features (ISA: X86 Feature string: smp,-ssse3,-sse4.1,-sse4.2,-avx,-avx2) and those of dex2oat executable (ISA: X86 Feature string: smp,ssse3,-sse4.1,-sse4.2,-avx,-avx2) for the command line:
05-20 14:36:03.413 26798 26798 W dex2oat : /system/bin/dex2oat --runtime-arg -classpath --runtime-arg  --instruction-set=x86 --instruction-set-features=smp,ssse3,-sse4.1,-sse4.2,-avx,-avx2 --runtime-arg -Xrelocate --boot-image=/system/framework/boot.art --runtime-arg -Xms64m --runtime-arg -Xmx512m -j1 --instruction-set-variant=x86 --instruction-set-features=default --dex-file=/data/app/uk.me.ponies.wearroutes-2/split_lib_dependencies_apk.apk --oat-file=/data/dalvik-cache/x86/data@app@uk.me.ponies.wearroutes-2@split_lib_dependencies_apk.apk@classes.dex
05-20 14:36:03.413 26798 26798 E dex2oat : Failed to create oat file: /data/dalvik-cache/x86/data@app@uk.me.ponies.wearroutes-2@split_lib_dependencies_apk.apk@classes.dex: Permission denied
05-20 14:36:03.413 26798 26798 I dex2oat : dex2oat took 451.732us (threads: 1) 
05-20 14:36:03.416 26785 26785 W art     : Failed execv(/system/bin/dex2oat --runtime-arg -classpath --runtime-arg  --instruction-set=x86 --instruction-set-features=smp,ssse3,-sse4.1,-sse4.2,-avx,-avx2 --runtime-arg -Xrelocate --boot-image=/system/framework/boot.art --runtime-arg -Xms64m --runtime-arg -Xmx512m -j1 --instruction-set-variant=x86 --instruction-set-features=default --dex-file=/data/app/uk.me.ponies.wearroutes-2/split_lib_dependencies_apk.apk --oat-file=/data/dalvik-cache/x86/data@app@uk.me.ponies.wearroutes-2@split_lib_dependencies_apk.apk@classes.dex) because non-0 exit status
05-20 14:36:03.634 26822 26822 W dex2oat : Unexpected CPU variant for X86 using defaults: x86
05-20 14:36:03.634 26822 26822 W dex2oat : Mismatch between dex2oat instruction set features (ISA: X86 Feature string: smp,-ssse3,-sse4.1,-sse4.2,-avx,-avx2) and those of dex2oat executable (ISA: X86 Feature string: smp,ssse3,-sse4.1,-sse4.2,-avx,-avx2) for the command line:
05-20 14:36:03.634 26822 26822 W dex2oat : /system/bin/dex2oat --runtime-arg -classpath --runtime-arg  --instruction-set=x86 --instruction-set-features=smp,ssse3,-sse4.1,-sse4.2,-avx,-avx2 --runtime-arg -Xrelocate --boot-image=/system/framework/boot.art --runtime-arg -Xms64m --runtime-arg -Xmx512m -j1 --instruction-set-variant=x86 --instruction-set-features=default --dex-file=/data/app/uk.me.ponies.wearroutes-2/split_lib_slice_0_apk.apk --oat-file=/data/dalvik-cache/x86/data@app@uk.me.ponies.wearroutes-2@split_lib_slice_0_apk.apk@classes.dex
05-20 14:36:03.634 26822 26822 E dex2oat : Failed to create oat file: /data/dalvik-cache/x86/data@app@uk.me.ponies.wearroutes-2@split_lib_slice_0_apk.apk@classes.dex: Permission denied
05-20 14:36:03.634 26822 26822 I dex2oat : dex2oat took 0 (threads: 1) 
05-20 14:36:03.638 26785 26785 W art     : Failed execv(/system/bin/dex2oat --runtime-arg -classpath --runtime-arg  --instruction-set=x86 --instruction-set-features=smp,ssse3,-sse4.1,-sse4.2,-avx,-avx2 --runtime-arg -Xrelocate --boot-image=/system/framework/boot.art --runtime-arg -Xms64m --runtime-arg -Xmx512m -j1 --instruction-set-variant=x86 --instruction-set-features=default --dex-file=/data/app/uk.me.ponies.wearroutes-2/split_lib_slice_0_apk.apk --oat-file=/data/dalvik-cache/x86/data@app@uk.me.ponies.wearroutes-2@split_lib_slice_0_apk.apk@classes.dex) because non-0 exit status
05-20 14:36:03.649 26824 26824 W dex2oat : Unexpected CPU variant for X86 using defaults: x86
05-20 14:36:03.650 26824 26824 W dex2oat : Mismatch between dex2oat instruction set features (ISA: X86 Feature string: smp,-ssse3,-sse4.1,-sse4.2,-avx,-avx2) and those of dex2oat executable (ISA: X86 Feature string: smp,ssse3,-sse4.1,-sse4.2,-avx,-avx2) for the command line:
05-20 14:36:03.650 26824 26824 W dex2oat : /system/bin/dex2oat --runtime-arg -classpath --runtime-arg  --instruction-set=x86 --instruction-set-features=smp,ssse3,-sse4.1,-sse4.2,-avx,-avx2 --runtime-arg -Xrelocate --boot-image=/system/framework/boot.art --runtime-arg -Xms64m --runtime-arg -Xmx512m -j1 --instruction-set-variant=x86 --instruction-set-features=default --dex-file=/data/app/uk.me.ponies.wearroutes-2/split_lib_slice_1_apk.apk --oat-file=/data/dalvik-cache/x86/data@app@uk.me.ponies.wearroutes-2@split_lib_slice_1_apk.apk@classes.dex
05-20 14:36:03.650 26824 26824 E dex2oat : Failed to create oat file: /data/dalvik-cache/x86/data@app@uk.me.ponies.wearroutes-2@split_lib_slice_1_apk.apk@classes.dex: Permission denied
05-20 14:36:03.650 26824 26824 I dex2oat : dex2oat took 442.512us (threads: 1) 
05-20 14:36:03.650 26785 26785 W art     : Failed execv(/system/bin/dex2oat --runtime-arg -classpath --runtime-arg  --instruction-set=x86 --instruction-set-features=smp,ssse3,-sse4.1,-sse4.2,-avx,-avx2 --runtime-arg -Xrelocate --boot-image=/system/framework/boot.art --runtime-arg -Xms64m --runtime-arg -Xmx512m -j1 --instruction-set-variant=x86 --instruction-set-features=default --dex-file=/data/app/uk.me.ponies.wearroutes-2/split_lib_slice_1_apk.apk --oat-file=/data/dalvik-cache/x86/data@app@uk.me.ponies.wearroutes-2@split_lib_slice_1_apk.apk@classes.dex) because non-0 exit status
05-20 14:36:03.663 26826 26826 W dex2oat : Unexpected CPU variant for X86 using defaults: x86
05-20 14:36:03.663 26826 26826 W dex2oat : Mismatch between dex2oat instruction set features (ISA: X86 Feature string: smp,-ssse3,-sse4.1,-sse4.2,-avx,-avx2) and those of dex2oat executable (ISA: X86 Feature string: smp,ssse3,-sse4.1,-sse4.2,-avx,-avx2) for the command line:
05-20 14:36:03.663 26826 26826 W dex2oat : /system/bin/dex2oat --runtime-arg -classpath --runtime-arg  --instruction-set=x86 --instruction-set-features=smp,ssse3,-sse4.1,-sse4.2,-avx,-avx2 --runtime-arg -Xrelocate --boot-image=/system/framework/boot.art --runtime-arg -Xms64m --runtime-arg -Xmx512m -j1 --instruction-set-variant=x86 --instruction-set-features=default --dex-file=/data/app/uk.me.ponies.wearroutes-2/split_lib_slice_2_apk.apk --oat-file=/data/dalvik-cache/x86/data@app@uk.me.ponies.wearroutes-2@split_lib_slice_2_apk.apk@classes.dex
05-20 14:36:03.663 26826 26826 E dex2oat : Failed to create oat file: /data/dalvik-cache/x86/data@app@uk.me.ponies.wearroutes-2@split_lib_slice_2_apk.apk@classes.dex: Permission denied
05-20 14:36:03.663 26826 26826 I dex2oat : dex2oat took 476.876us (threads: 1) 
05-20 14:36:03.663 26785 26785 W art     : Failed execv(/system/bin/dex2oat --runtime-arg -classpath --runtime-arg  --instruction-set=x86 --instruction-set-features=smp,ssse3,-sse4.1,-sse4.2,-avx,-avx2 --runtime-arg -Xrelocate --boot-image=/system/framework/boot.art --runtime-arg -Xms64m --runtime-arg -Xmx512m -j1 --instruction-set-variant=x86 --instruction-set-features=default --dex-file=/data/app/uk.me.ponies.wearroutes-2/split_lib_slice_2_apk.apk --oat-file=/data/dalvik-cache/x86/data@app@uk.me.ponies.wearroutes-2@split_lib_slice_2_apk.apk@classes.dex) because non-0 exit status
05-20 14:36:03.674 26828 26828 W dex2oat : Unexpected CPU variant for X86 using defaults: x86
05-20 14:36:03.674 26828 26828 W dex2oat : Mismatch between dex2oat instruction set features (ISA: X86 Feature string: smp,-ssse3,-sse4.1,-sse4.2,-avx,-avx2) and those of dex2oat executable (ISA: X86 Feature string: smp,ssse3,-sse4.1,-sse4.2,-avx,-avx2) for the command line:
05-20 14:36:03.678 26828 26828 W dex2oat : /system/bin/dex2oat --runtime-arg -classpath --runtime-arg  --instruction-set=x86 --instruction-set-features=smp,ssse3,-sse4.1,-sse4.2,-avx,-avx2 --runtime-arg -Xrelocate --boot-image=/system/framework/boot.art --runtime-arg -Xms64m --runtime-arg -Xmx512m -j1 --instruction-set-variant=x86 --instruction-set-features=default --dex-file=/data/app/uk.me.ponies.wearroutes-2/split_lib_slice_3_apk.apk --oat-file=/data/dalvik-cache/x86/data@app@uk.me.ponies.wearroutes-2@split_lib_slice_3_apk.apk@classes.dex
05-20 14:36:03.678 26828 26828 E dex2oat : Failed to create oat file: /data/dalvik-cache/x86/data@app@uk.me.ponies.wearroutes-2@split_lib_slice_3_apk.apk@classes.dex: Permission denied
05-20 14:36:03.678 26828 26828 I dex2oat : dex2oat took 4.377ms (threads: 1) 
05-20 14:36:03.679 26785 26785 W art     : Failed execv(/system/bin/dex2oat --runtime-arg -classpath --runtime-arg  --instruction-set=x86 --instruction-set-features=smp,ssse3,-sse4.1,-sse4.2,-avx,-avx2 --runtime-arg -Xrelocate --boot-image=/system/framework/boot.art --runtime-arg -Xms64m --runtime-arg -Xmx512m -j1 --instruction-set-variant=x86 --instruction-set-features=default --dex-file=/data/app/uk.me.ponies.wearroutes-2/split_lib_slice_3_apk.apk --oat-file=/data/dalvik-cache/x86/data@app@uk.me.ponies.wearroutes-2@split_lib_slice_3_apk.apk@classes.dex) because non-0 exit status
05-20 14:36:03.692 26830 26830 W dex2oat : Unexpected CPU variant for X86 using defaults: x86
05-20 14:36:03.692 26830 26830 W dex2oat : Mismatch between dex2oat instruction set features (ISA: X86 Feature string: smp,-ssse3,-sse4.1,-sse4.2,-avx,-avx2) and those of dex2oat executable (ISA: X86 Feature string: smp,ssse3,-sse4.1,-sse4.2,-avx,-avx2) for the command line:
05-20 14:36:03.692 26830 26830 W dex2oat : /system/bin/dex2oat --runtime-arg -classpath --runtime-arg  --instruction-set=x86 --instruction-set-features=smp,ssse3,-sse4.1,-sse4.2,-avx,-avx2 --runtime-arg -Xrelocate --boot-image=/system/framework/boot.art --runtime-arg -Xms64m --runtime-arg -Xmx512m -j1 --instruction-set-variant=x86 --instruction-set-features=default --dex-file=/data/app/uk.me.ponies.wearroutes-2/split_lib_slice_4_apk.apk --oat-file=/data/dalvik-cache/x86/data@app@uk.me.ponies.wearroutes-2@split_lib_slice_4_apk.apk@classes.dex
05-20 14:36:03.693 26830 26830 E dex2oat : Failed to create oat file: /data/dalvik-cache/x86/data@app@uk.me.ponies.wearroutes-2@split_lib_slice_4_apk.apk@classes.dex: Permission denied
05-20 14:36:03.693 26830 26830 I dex2oat : dex2oat took 491.123us (threads: 1) 
05-20 14:36:03.693 26785 26785 W art     : Failed execv(/system/bin/dex2oat --runtime-arg -classpath --runtime-arg  --instruction-set=x86 --instruction-set-features=smp,ssse3,-sse4.1,-sse4.2,-avx,-avx2 --runtime-arg -Xrelocate --boot-image=/system/framework/boot.art --runtime-arg -Xms64m --runtime-arg -Xmx512m -j1 --instruction-set-variant=x86 --instruction-set-features=default --dex-file=/data/app/uk.me.ponies.wearroutes-2/split_lib_slice_4_apk.apk --oat-file=/data/dalvik-cache/x86/data@app@uk.me.ponies.wearroutes-2@split_lib_slice_4_apk.apk@classes.dex) because non-0 exit status
05-20 14:36:03.703 26832 26832 W dex2oat : Unexpected CPU variant for X86 using defaults: x86
05-20 14:36:03.703 26832 26832 W dex2oat : Mismatch between dex2oat instruction set features (ISA: X86 Feature string: smp,-ssse3,-sse4.1,-sse4.2,-avx,-avx2) and those of dex2oat executable (ISA: X86 Feature string: smp,ssse3,-sse4.1,-sse4.2,-avx,-avx2) for the command line:
05-20 14:36:03.704 26832 26832 W dex2oat : /system/bin/dex2oat --runtime-arg -classpath --runtime-arg  --instruction-set=x86 --instruction-set-features=smp,ssse3,-sse4.1,-sse4.2,-avx,-avx2 --runtime-arg -Xrelocate --boot-image=/system/framework/boot.art --runtime-arg -Xms64m --runtime-arg -Xmx512m -j1 --instruction-set-variant=x86 --instruction-set-features=default --dex-file=/data/app/uk.me.ponies.wearroutes-2/split_lib_slice_5_apk.apk --oat-file=/data/dalvik-cache/x86/data@app@uk.me.ponies.wearroutes-2@split_lib_slice_5_apk.apk@classes.dex
05-20 14:36:03.704 26832 26832 E dex2oat : Failed to create oat file: /data/dalvik-cache/x86/data@app@uk.me.ponies.wearroutes-2@split_lib_slice_5_apk.apk@classes.dex: Permission denied
05-20 14:36:03.704 26832 26832 I dex2oat : dex2oat took 465.145us (threads: 1) 
05-20 14:36:03.707 26785 26785 W art     : Failed execv(/system/bin/dex2oat --runtime-arg -classpath --runtime-arg  --instruction-set=x86 --instruction-set-features=smp,ssse3,-sse4.1,-sse4.2,-avx,-avx2 --runtime-arg -Xrelocate --boot-image=/system/framework/boot.art --runtime-arg -Xms64m --runtime-arg -Xmx512m -j1 --instruction-set-variant=x86 --instruction-set-features=default --dex-file=/data/app/uk.me.ponies.wearroutes-2/split_lib_slice_5_apk.apk --oat-file=/data/dalvik-cache/x86/data@app@uk.me.ponies.wearroutes-2@split_lib_slice_5_apk.apk@classes.dex) because non-0 exit status
05-20 14:36:03.717 26834 26834 W dex2oat : Unexpected CPU variant for X86 using defaults: x86
05-20 14:36:03.717 26834 26834 W dex2oat : Mismatch between dex2oat instruction set features (ISA: X86 Feature string: smp,-ssse3,-sse4.1,-sse4.2,-avx,-avx2) and those of dex2oat executable (ISA: X86 Feature string: smp,ssse3,-sse4.1,-sse4.2,-avx,-avx2) for the command line:
05-20 14:36:03.717 26834 26834 W dex2oat : /system/bin/dex2oat --runtime-arg -classpath --runtime-arg  --instruction-set=x86 --instruction-set-features=smp,ssse3,-sse4.1,-sse4.2,-avx,-avx2 --runtime-arg -Xrelocate --boot-image=/system/framework/boot.art --runtime-arg -Xms64m --runtime-arg -Xmx512m -j1 --instruction-set-variant=x86 --instruction-set-features=default --dex-file=/data/app/uk.me.ponies.wearroutes-2/split_lib_slice_6_apk.apk --oat-file=/data/dalvik-cache/x86/data@app@uk.me.ponies.wearroutes-2@split_lib_slice_6_apk.apk@classes.dex
05-20 14:36:03.717 26834 26834 E dex2oat : Failed to create oat file: /data/dalvik-cache/x86/data@app@uk.me.ponies.wearroutes-2@split_lib_slice_6_apk.apk@classes.dex: Permission denied
05-20 14:36:03.717 26834 26834 I dex2oat : dex2oat took 445.028us (threads: 1) 
05-20 14:36:03.733 26785 26785 W art     : Failed execv(/system/bin/dex2oat --runtime-arg -classpath --runtime-arg  --instruction-set=x86 --instruction-set-features=smp,ssse3,-sse4.1,-sse4.2,-avx,-avx2 --runtime-arg -Xrelocate --boot-image=/system/framework/boot.art --runtime-arg -Xms64m --runtime-arg -Xmx512m -j1 --instruction-set-variant=x86 --instruction-set-features=default --dex-file=/data/app/uk.me.ponies.wearroutes-2/split_lib_slice_6_apk.apk --oat-file=/data/dalvik-cache/x86/data@app@uk.me.ponies.wearroutes-2@split_lib_slice_6_apk.apk@classes.dex) because non-0 exit status
05-20 14:36:03.753 26837 26837 W dex2oat : Unexpected CPU variant for X86 using defaults: x86
05-20 14:36:03.753 26837 26837 W dex2oat : Mismatch between dex2oat instruction set features (ISA: X86 Feature string: smp,-ssse3,-sse4.1,-sse4.2,-avx,-avx2) and those of dex2oat executable (ISA: X86 Feature string: smp,ssse3,-sse4.1,-sse4.2,-avx,-avx2) for the command line:
05-20 14:36:03.754 26837 26837 W dex2oat : /system/bin/dex2oat --runtime-arg -classpath --runtime-arg  --instruction-set=x86 --instruction-set-features=smp,ssse3,-sse4.1,-sse4.2,-avx,-avx2 --runtime-arg -Xrelocate --boot-image=/system/framework/boot.art --runtime-arg -Xms64m --runtime-arg -Xmx512m -j1 --instruction-set-variant=x86 --instruction-set-features=default --dex-file=/data/app/uk.me.ponies.wearroutes-2/split_lib_slice_7_apk.apk --oat-file=/data/dalvik-cache/x86/data@app@uk.me.ponies.wearroutes-2@split_lib_slice_7_apk.apk@classes.dex
05-20 14:36:03.754 26837 26837 E dex2oat : Failed to create oat file: /data/dalvik-cache/x86/data@app@uk.me.ponies.wearroutes-2@split_lib_slice_7_apk.apk@classes.dex: Permission denied
05-20 14:36:03.754 26837 26837 I dex2oat : dex2oat took 543.923us (threads: 1) 
05-20 14:36:03.754 26785 26785 W art     : Failed execv(/system/bin/dex2oat --runtime-arg -classpath --runtime-arg  --instruction-set=x86 --instruction-set-features=smp,ssse3,-sse4.1,-sse4.2,-avx,-avx2 --runtime-arg -Xrelocate --boot-image=/system/framework/boot.art --runtime-arg -Xms64m --runtime-arg -Xmx512m -j1 --instruction-set-variant=x86 --instruction-set-features=default --dex-file=/data/app/uk.me.ponies.wearroutes-2/split_lib_slice_7_apk.apk --oat-file=/data/dalvik-cache/x86/data@app@uk.me.ponies.wearroutes-2@split_lib_slice_7_apk.apk@classes.dex) because non-0 exit status
05-20 14:36:03.782 26839 26839 W dex2oat : Unexpected CPU variant for X86 using defaults: x86
05-20 14:36:03.782 26839 26839 W dex2oat : Mismatch between dex2oat instruction set features (ISA: X86 Feature string: smp,-ssse3,-sse4.1,-sse4.2,-avx,-avx2) and those of dex2oat executable (ISA: X86 Feature string: smp,ssse3,-sse4.1,-sse4.2,-avx,-avx2) for the command line:
05-20 14:36:03.782 26839 26839 W dex2oat : /system/bin/dex2oat --runtime-arg -classpath --runtime-arg  --instruction-set=x86 --instruction-set-features=smp,ssse3,-sse4.1,-sse4.2,-avx,-avx2 --runtime-arg -Xrelocate --boot-image=/system/framework/boot.art --runtime-arg -Xms64m --runtime-arg -Xmx512m -j1 --instruction-set-variant=x86 --instruction-set-features=default --dex-file=/data/app/uk.me.ponies.wearroutes-2/split_lib_slice_8_apk.apk --oat-file=/data/dalvik-cache/x86/data@app@uk.me.ponies.wearroutes-2@split_lib_slice_8_apk.apk@classes.dex
05-20 14:36:03.782 26839 26839 E dex2oat : Failed to create oat file: /data/dalvik-cache/x86/data@app@uk.me.ponies.wearroutes-2@split_lib_slice_8_apk.apk@classes.dex: Permission denied
05-20 14:36:03.782 26839 26839 I dex2oat : dex2oat took 457.601us (threads: 1) 
05-20 14:36:03.782 26785 26785 W art     : Failed execv(/system/bin/dex2oat --runtime-arg -classpath --runtime-arg  --instruction-set=x86 --instruction-set-features=smp,ssse3,-sse4.1,-sse4.2,-avx,-avx2 --runtime-arg -Xrelocate --boot-image=/system/framework/boot.art --runtime-arg -Xms64m --runtime-arg -Xmx512m -j1 --instruction-set-variant=x86 --instruction-set-features=default --dex-file=/data/app/uk.me.ponies.wearroutes-2/split_lib_slice_8_apk.apk --oat-file=/data/dalvik-cache/x86/data@app@uk.me.ponies.wearroutes-2@split_lib_slice_8_apk.apk@classes.dex) because non-0 exit status
05-20 14:36:03.793 26841 26841 W dex2oat : Unexpected CPU variant for X86 using defaults: x86
05-20 14:36:03.793 26841 26841 W dex2oat : Mismatch between dex2oat instruction set features (ISA: X86 Feature string: smp,-ssse3,-sse4.1,-sse4.2,-avx,-avx2) and those of dex2oat executable (ISA: X86 Feature string: smp,ssse3,-sse4.1,-sse4.2,-avx,-avx2) for the command line:
05-20 14:36:03.793 26841 26841 W dex2oat : /system/bin/dex2oat --runtime-arg -classpath --runtime-arg  --instruction-set=x86 --instruction-set-features=smp,ssse3,-sse4.1,-sse4.2,-avx,-avx2 --runtime-arg -Xrelocate --boot-image=/system/framework/boot.art --runtime-arg -Xms64m --runtime-arg -Xmx512m -j1 --instruction-set-variant=x86 --instruction-set-features=default --dex-file=/data/app/uk.me.ponies.wearroutes-2/split_lib_slice_9_apk.apk --oat-file=/data/dalvik-cache/x86/data@app@uk.me.ponies.wearroutes-2@split_lib_slice_9_apk.apk@classes.dex
05-20 14:36:03.794 26841 26841 E dex2oat : Failed to create oat file: /data/dalvik-cache/x86/data@app@uk.me.ponies.wearroutes-2@split_lib_slice_9_apk.apk@classes.dex: Permission denied
05-20 14:36:03.794 26841 26841 I dex2oat : dex2oat took 1.087ms (threads: 1) 
05-20 14:36:03.794 26785 26785 W art     : Failed execv(/system/bin/dex2oat --runtime-arg -classpath --runtime-arg  --instruction-set=x86 --instruction-set-features=smp,ssse3,-sse4.1,-sse4.2,-avx,-avx2 --runtime-arg -Xrelocate --boot-image=/system/framework/boot.art --runtime-arg -Xms64m --runtime-arg -Xmx512m -j1 --instruction-set-variant=x86 --instruction-set-features=default --dex-file=/data/app/uk.me.ponies.wearroutes-2/split_lib_slice_9_apk.apk --oat-file=/data/dalvik-cache/x86/data@app@uk.me.ponies.wearroutes-2@split_lib_slice_9_apk.apk@classes.dex) because non-0 exit status
05-20 14:36:03.797 26785 26785 W System  : ClassLoader referenced unknown path: /data/app/uk.me.ponies.wearroutes-2/lib/x86
05-20 14:36:03.800 26785 26785 I InstantRun: starting instant run server: is main process
05-20 14:36:03.832 26785 26785 I UnexpectedExceptionHandler: registering unexpectedException Hander on threadmain
05-20 14:36:03.840 26785 26785 E MainWearActivity: onCreate called savedinstanceState is null:true
05-20 14:36:03.846 26785 26785 D ActivityLifeCycleLogger: uk.me.ponies.wearroutes.MainWearActivity@2bf054b onActivityCreated called
05-20 14:36:04.047 26785 26785 D EventBus: No subscribers registered for event class uk.me.ponies.wearroutes.eventBusEvents.LocationPollingStateEvent
05-20 14:36:04.047 26785 26785 D EventBus: No subscribers registered for event class org.greenrobot.eventbus.NoSubscriberEvent
05-20 14:36:04.070 26785 26785 D EventBus: No subscribers registered for event class uk.me.ponies.wearroutes.eventBusEvents.LocationPollingStateEvent
05-20 14:36:04.070 26785 26785 D EventBus: No subscribers registered for event class org.greenrobot.eventbus.NoSubscriberEvent
05-20 14:36:04.073 26785 26785 D MainGridPagerAdapter: getFragment called for row:2 column:0
05-20 14:36:04.202 26785 26785 D MainWearActivity: android.permission.ACCESS_FINE_LOCATION Granted
05-20 14:36:04.202 26785 26785 D MainWearActivity: android.permission.WAKE_LOCK Granted
05-20 14:36:04.202 26785 26785 D MainWearActivity: android.permission.WRITE_EXTERNAL_STORAGE Granted
05-20 14:36:04.203 26785 26785 D MainWearActivity: android.permission.ACCESS_NETWORK_STATE Granted
05-20 14:36:04.203 26785 26785 D MainWearActivity: android.permission.INTERNET Granted
05-20 14:36:04.203 26785 26785 D MainWearActivity: android.permission.READ_EXTERNAL_STORAGE Granted
05-20 14:36:04.208 26785 26785 D ActivityLifeCycleLogger: uk.me.ponies.wearroutes.MainWearActivity@2bf054b onActivityStarted called
05-20 14:36:04.227 26785 26785 D ActivityLifeCycleLogger: uk.me.ponies.wearroutes.MainWearActivity@2bf054b onActivityResumed called
05-20 14:36:04.230 26785 26853 D OpenGLRenderer: Use EGL_SWAP_BEHAVIOR_PRESERVED: true
05-20 14:36:04.234 26785 26785 D         : HostConnection::get() New Host Connection established 0xad35baa0, tid 26785
05-20 14:36:04.281 26785 26785 D MainGridPagerAdapter: GridPagerAdapter: startUpdate Called id:2131820668 took 0ms
05-20 14:36:04.282 26785 26785 D MainGridPagerAdapter: getFragment called for row:0 column:0
05-20 14:36:04.283 26785 26785 D MainGridPagerAdapter: getFragment called for row:0 column:1
05-20 14:36:04.283 26785 26785 D MainGridPagerAdapter: getFragment called for row:0 column:2
05-20 14:36:04.283 26785 26785 D MainGridPagerAdapter: getFragment called for row:0 column:3
05-20 14:36:04.283 26785 26785 D MainGridPagerAdapter: getFragment called for row:0 column:4
05-20 14:36:04.283 26785 26785 D MainGridPagerAdapter: getFragment called for row:0 column:5
05-20 14:36:04.283 26785 26785 D MainGridPagerAdapter: getFragment called for row:1 column:0
05-20 14:36:04.283 26785 26785 D MainGridPagerAdapter: getFragment called for row:2 column:0
05-20 14:36:04.283 26785 26785 D MainGridPagerAdapter: getFragment called for row:3 column:0
05-20 14:36:04.283 26785 26785 D MainGridPagerAdapter: getFragment called for row:4 column:0
05-20 14:36:04.347 26785 26785 D FragmentLifecycleLogger: SpeedPanel1 onAttach called
05-20 14:36:04.347 26785 26785 D FragmentLifecycleLogger: SpeedPanel1 onCreate called
05-20 14:36:04.353 26785 26785 D FragmentLifecycleLogger: SpeedPanel1 onViewCreated called
05-20 14:36:04.353 26785 26785 D FragmentLifecycleLogger: SpeedPanel1 onActivityCreated called
05-20 14:36:04.353 26785 26785 D FragmentLifecycleLogger: SpeedPanel1 onViewStateRestored called
05-20 14:36:04.353 26785 26785 D FragmentLifecycleLogger: SpeedPanel1 onStart called
05-20 14:36:04.353 26785 26785 D SpeedPanel1: onResume called
05-20 14:36:04.354 26785 26785 D FragmentLifecycleLogger: SpeedPanel1 onResume called
05-20 14:36:04.354 26785 26785 D FragmentLifecycleLogger: MapSwipeToZoomFragment onAttach called
05-20 14:36:04.354 26785 26785 D FragmentLifecycleLogger: MapSwipeToZoomFragment onCreate called
05-20 14:36:04.354 26785 26785 D MapSwipeToZoomFrag: MapContainingFragment Map #00 onCreateView called
05-20 14:36:04.365 26785 26785 D AndroidRuntime: Shutting down VM
05-20 14:36:04.365 26785 26785 E UnexpectedExceptionHandler: Exception thrown:android.view.InflateException: Binary XML file line #12: Binary XML file line #12: Error inflating class fragment
05-20 14:36:04.368 26785 26785 W before  : Logcat save
--------- beginning of crash
05-20 14:36:04.373 26785 26785 E AndroidRuntime: FATAL EXCEPTION: main
05-20 14:36:04.373 26785 26785 E AndroidRuntime: Process: uk.me.ponies.wearroutes, PID: 26785
05-20 14:36:04.373 26785 26785 E AndroidRuntime: android.view.InflateException: Binary XML file line #12: Binary XML file line #12: Error inflating class fragment
05-20 14:36:04.373 26785 26785 E AndroidRuntime: 	at android.view.LayoutInflater.inflate(LayoutInflater.java:539)
05-20 14:36:04.373 26785 26785 E AndroidRuntime: 	at android.view.LayoutInflater.inflate(LayoutInflater.java:423)
05-20 14:36:04.373 26785 26785 E AndroidRuntime: 	at uk.me.ponies.wearroutes.MapSwipeToZoomFragment.onCreateViewEmptyFragmentAddMapProgramatticaly(MapSwipeToZoomFragment.java:248)
05-20 14:36:04.373 26785 26785 E AndroidRuntime: 	at uk.me.ponies.wearroutes.MapSwipeToZoomFragment.onCreateView(MapSwipeToZoomFragment.java:216)
05-20 14:36:04.373 26785 26785 E AndroidRuntime: 	at android.app.Fragment.performCreateView(Fragment.java:2220)
05-20 14:36:04.373 26785 26785 E AndroidRuntime: 	at android.app.FragmentManagerImpl.moveToState(FragmentManager.java:973)
05-20 14:36:04.373 26785 26785 E AndroidRuntime: 	at android.app.FragmentManagerImpl.moveToState(FragmentManager.java:1148)
05-20 14:36:04.373 26785 26785 E AndroidRuntime: 	at android.app.BackStackRecord.run(BackStackRecord.java:793)
05-20 14:36:04.373 26785 26785 E AndroidRuntime: 	at android.app.FragmentManagerImpl.execPendingActions(FragmentManager.java:1535)
05-20 14:36:04.373 26785 26785 E AndroidRuntime: 	at android.app.FragmentManagerImpl.executePendingTransactions(FragmentManager.java:562)
05-20 14:36:04.373 26785 26785 E AndroidRuntime: 	at android.support.wearable.view.FragmentGridPagerAdapter.finishUpdate(FragmentGridPagerAdapter.java:220)
05-20 14:36:04.373 26785 26785 E AndroidRuntime: 	at uk.me.ponies.wearroutes.MainGridPagerAdapter.finishUpdate(MainGridPagerAdapter.java:329)
05-20 14:36:04.373 26785 26785 E AndroidRuntime: 	at android.support.wearable.view.GridViewPager.populate(GridViewPager.java:1182)
05-20 14:36:04.373 26785 26785 E AndroidRuntime: 	at android.support.wearable.view.GridViewPager.populate(GridViewPager.java:1038)
05-20 14:36:04.373 26785 26785 E AndroidRuntime: 	at android.support.wearable.view.GridViewPager.onMeasure(GridViewPager.java:1343)
05-20 14:36:04.373 26785 26785 E AndroidRuntime: 	at android.view.View.measure(View.java:18794)
05-20 14:36:04.373 26785 26785 E AndroidRuntime: 	at android.view.ViewGroup.measureChildWithMargins(ViewGroup.java:5951)
05-20 14:36:04.373 26785 26785 E AndroidRuntime: 	at android.widget.FrameLayout.onMeasure(FrameLayout.java:194)
05-20 14:36:04.373 26785 26785 E AndroidRuntime: 	at android.view.View.measure(View.java:18794)
05-20 14:36:04.373 26785 26785 E AndroidRuntime: 	at android.view.ViewGroup.measureChildWithMargins(ViewGroup.java:5951)
05-20 14:36:04.373 26785 26785 E AndroidRuntime: 	at android.widget.FrameLayout.onMeasure(FrameLayout.java:194)
05-20 14:36:04.373 26785 26785 E AndroidRuntime: 	at android.view.View.measure(View.java:18794)
05-20 14:36:04.373 26785 26785 E AndroidRuntime: 	at android.view.ViewGroup.measureChildWithMargins(ViewGroup.java:5951)
05-20 14:36:04.373 26785 26785 E AndroidRuntime: 	at android.widget.FrameLayout.onMeasure(FrameLayout.java:194)
05-20 14:36:04.373 26785 26785 E AndroidRuntime: 	at com.android.internal.policy.PhoneWindow$DecorView.onMeasure(PhoneWindow.java:2643)
05-20 14:36:04.373 26785 26785 E AndroidRuntime: 	at android.view.View.measure(View.java:18794)
05-20 14:36:04.373 26785 26785 E AndroidRuntime: 	at android.view.ViewRootImpl.performMeasure(ViewRootImpl.java:2108)
05-20 14:36:04.373 26785 26785 E AndroidRuntime: 	at android.view.ViewRootImpl.measureHierarchy(ViewRootImpl.java:1224)
05-20 14:36:04.373 26785 26785 E AndroidRuntime: 	at android.view.ViewRootImpl.performTraversals(ViewRootImpl.java:1460)
05-20 14:36:04.373 26785 26785 E AndroidRuntime: 	at android.view.ViewRootImpl.doTraversal(ViewRootImpl.java:1115)
05-20 14:36:04.373 26785 26785 E AndroidRuntime: 	at android.view.ViewRootImpl$TraversalRunnable.run(ViewRootImpl.java:6024)
05-20 14:36:04.373 26785 26785 E AndroidRuntime: 	at android.view.Choreographer$CallbackRecord.run(Choreographer.java:858)
05-20 14:36:04.373 26785 26785 E AndroidRuntime: 	at android.view.Choreographer.doCallbacks(Choreographer.java:670)
05-20 14:36:04.373 26785 26785 E AndroidRuntime: 	at android.view.Choreographer.doFrame(Choreographer.java:606)
05-20 14:36:04.373 26785 26785 E AndroidRuntime: 	at android.view.Choreographer$FrameDisplayEventReceiver.run(Choreographer.java:844)
05-20 14:36:04.373 26785 26785 E AndroidRuntime: 	at android.os.Handler.handleCallback(Handler.java:739)
05-20 14:36:04.373 26785 26785 E AndroidRuntime: 	at android.os.Handler.dispatchMessage(Handler.java:95)
05-20 14:36:04.373 26785 26785 E AndroidRuntime: 	at android.os.Looper.loop(Looper.java:148)
05-20 14:36:04.373 26785 26785 E AndroidRuntime: 	at android.app.ActivityThread.main(ActivityThread.java:5422)
05-20 14:36:04.373 26785 26785 E AndroidRuntime: 	at java.lang.reflect.Method.invoke(Native Method)
05-20 14:36:04.373 26785 26785 E AndroidRuntime: 	at com.android.internal.os.ZygoteInit$MethodAndArgsCaller.run(ZygoteInit.java:726)
05-20 14:36:04.373 26785 26785 E AndroidRuntime: 	at com.android.internal.os.ZygoteInit.main(ZygoteInit.java:616)
05-20 14:36:04.373 26785 26785 E AndroidRuntime: Caused by: android.view.InflateException: Binary XML file line #12: Error inflating class fragment
05-20 14:36:04.373 26785 26785 E AndroidRuntime: 	at android.view.LayoutInflater.createViewFromTag(LayoutInflater.java:782)
05-20 14:36:04.373 26785 26785 E AndroidRuntime: 	at android.view.LayoutInflater.createViewFromTag(LayoutInflater.java:704)
05-20 14:36:04.373 26785 26785 E AndroidRuntime: 	at android.view.LayoutInflater.rInflate(LayoutInflater.java:835)
05-20 14:36:04.373 26785 26785 E AndroidRuntime: 	at android.view.LayoutInflater.rInflateChildren(LayoutInflater.java:798)
05-20 14:36:04.373 26785 26785 E AndroidRuntime: 	at android.view.LayoutInflater.inflate(LayoutInflater.java:515)
05-20 14:36:04.373 26785 26785 E AndroidRuntime: 	... 41 more
05-20 14:36:04.373 26785 26785 E AndroidRuntime: Caused by: android.app.Fragment$InstantiationException: Trying to instantiate a class com.google.android.gms.maps.SupportMapFragment that is not a Fragment
05-20 14:36:04.373 26785 26785 E AndroidRuntime: 	at android.app.Fragment.instantiate(Fragment.java:608)
05-20 14:36:04.373 26785 26785 E AndroidRuntime: 	at android.app.Fragment.instantiate(Fragment.java:584)
05-20 14:36:04.373 26785 26785 E AndroidRuntime: 	at android.app.FragmentManagerImpl.onCreateView(FragmentManager.java:2192)
05-20 14:36:04.373 26785 26785 E AndroidRuntime: 	at android.view.LayoutInflater$FactoryMerger.onCreateView(LayoutInflater.ja
