--------- beginning of main
05-22 06:33:24.510  6629  6629 I art     : Not late-enabling -Xcheck:jni (already on)
--------- beginning of system
05-22 06:33:24.535  6629  6629 W ActivityThread: Application uk.me.ponies.wearroutes is waiting for the debugger on port 8100...
05-22 06:33:24.538  6629  6629 I System.out: Sending WAIT chunk
05-22 06:33:24.724  6629  6635 I art     : Debugger is active
05-22 06:33:24.752  6629  6629 I System.out: Debugger has connected
05-22 06:33:24.752  6629  6629 I System.out: waiting for debugger to settle...
05-22 06:33:24.962  6629  6629 I System.out: waiting for debugger to settle...
05-22 06:33:25.172  6629  6629 I System.out: waiting for debugger to settle...
05-22 06:33:25.382  6629  6629 I System.out: waiting for debugger to settle...
05-22 06:33:25.592  6629  6629 I System.out: waiting for debugger to settle...
05-22 06:33:25.802  6629  6629 I System.out: waiting for debugger to settle...
05-22 06:33:26.012  6629  6629 I System.out: waiting for debugger to settle...
05-22 06:33:26.222  6629  6629 I System.out: waiting for debugger to settle...
05-22 06:33:26.432  6629  6629 I System.out: debugger has settled (1362)
05-22 06:33:26.461  6680  6680 W dex2oat : Unexpected CPU variant for X86 using defaults: x86
05-22 06:33:26.461  6680  6680 W dex2oat : Mismatch between dex2oat instruction set features (ISA: X86 Feature string: smp,-ssse3,-sse4.1,-sse4.2,-avx,-avx2) and those of dex2oat executable (ISA: X86 Feature string: smp,ssse3,-sse4.1,-sse4.2,-avx,-avx2) for the command line:
05-22 06:33:26.461  6680  6680 W dex2oat : /system/bin/dex2oat --runtime-arg -classpath --runtime-arg  --instruction-set=x86 --instruction-set-features=smp,ssse3,-sse4.1,-sse4.2,-avx,-avx2 --runtime-arg -Xrelocate --boot-image=/system/framework/boot.art --runtime-arg -Xms64m --runtime-arg -Xmx512m -j1 --instruction-set-variant=x86 --instruction-set-features=default --dex-file=/data/app/uk.me.ponies.wearroutes-2/split_lib_dependencies_apk.apk --oat-file=/data/dalvik-cache/x86/data@app@uk.me.ponies.wearroutes-2@split_lib_dependencies_apk.apk@classes.dex
05-22 06:33:26.461  6680  6680 E dex2oat : Failed to create oat file: /data/dalvik-cache/x86/data@app@uk.me.ponies.wearroutes-2@split_lib_dependencies_apk.apk@classes.dex: Permission denied
05-22 06:33:26.461  6680  6680 I dex2oat : dex2oat took 323.506us (threads: 1) 
05-22 06:33:26.466  6629  6629 W art     : Failed execv(/system/bin/dex2oat --runtime-arg -classpath --runtime-arg  --instruction-set=x86 --instruction-set-features=smp,ssse3,-sse4.1,-sse4.2,-avx,-avx2 --runtime-arg -Xrelocate --boot-image=/system/framework/boot.art --runtime-arg -Xms64m --runtime-arg -Xmx512m -j1 --instruction-set-variant=x86 --instruction-set-features=default --dex-file=/data/app/uk.me.ponies.wearroutes-2/split_lib_dependencies_apk.apk --oat-file=/data/dalvik-cache/x86/data@app@uk.me.ponies.wearroutes-2@split_lib_dependencies_apk.apk@classes.dex) because non-0 exit status
05-22 06:33:26.578  6682  6682 W dex2oat : Unexpected CPU variant for X86 using defaults: x86
05-22 06:33:26.578  6682  6682 W dex2oat : Mismatch between dex2oat instruction set features (ISA: X86 Feature string: smp,-ssse3,-sse4.1,-sse4.2,-avx,-avx2) and those of dex2oat executable (ISA: X86 Feature string: smp,ssse3,-sse4.1,-sse4.2,-avx,-avx2) for the command line:
05-22 06:33:26.578  6682  6682 W dex2oat : /system/bin/dex2oat --runtime-arg -classpath --runtime-arg  --instruction-set=x86 --instruction-set-features=smp,ssse3,-sse4.1,-sse4.2,-avx,-avx2 --runtime-arg -Xrelocate --boot-image=/system/framework/boot.art --runtime-arg -Xms64m --runtime-arg -Xmx512m -j1 --instruction-set-variant=x86 --instruction-set-features=default --dex-file=/data/app/uk.me.ponies.wearroutes-2/split_lib_slice_0_apk.apk --oat-file=/data/dalvik-cache/x86/data@app@uk.me.ponies.wearroutes-2@split_lib_slice_0_apk.apk@classes.dex
05-22 06:33:26.579  6682  6682 E dex2oat : Failed to create oat file: /data/dalvik-cache/x86/data@app@uk.me.ponies.wearroutes-2@split_lib_slice_0_apk.apk@classes.dex: Permission denied
05-22 06:33:26.579  6682  6682 I dex2oat : dex2oat took 452.571us (threads: 1) 
05-22 06:33:26.579  6629  6629 W art     : Failed execv(/system/bin/dex2oat --runtime-arg -classpath --runtime-arg  --instruction-set=x86 --instruction-set-features=smp,ssse3,-sse4.1,-sse4.2,-avx,-avx2 --runtime-arg -Xrelocate --boot-image=/system/framework/boot.art --runtime-arg -Xms64m --runtime-arg -Xmx512m -j1 --instruction-set-variant=x86 --instruction-set-features=default --dex-file=/data/app/uk.me.ponies.wearroutes-2/split_lib_slice_0_apk.apk --oat-file=/data/dalvik-cache/x86/data@app@uk.me.ponies.wearroutes-2@split_lib_slice_0_apk.apk@classes.dex) because non-0 exit status
05-22 06:33:26.595  6684  6684 W dex2oat : Unexpected CPU variant for X86 using defaults: x86
05-22 06:33:26.595  6684  6684 W dex2oat : Mismatch between dex2oat instruction set features (ISA: X86 Feature string: smp,-ssse3,-sse4.1,-sse4.2,-avx,-avx2) and those of dex2oat executable (ISA: X86 Feature string: smp,ssse3,-sse4.1,-sse4.2,-avx,-avx2) for the command line:
05-22 06:33:26.595  6684  6684 W dex2oat : /system/bin/dex2oat --runtime-arg -classpath --runtime-arg  --instruction-set=x86 --instruction-set-features=smp,ssse3,-sse4.1,-sse4.2,-avx,-avx2 --runtime-arg -Xrelocate --boot-image=/system/framework/boot.art --runtime-arg -Xms64m --runtime-arg -Xmx512m -j1 --instruction-set-variant=x86 --instruction-set-features=default --dex-file=/data/app/uk.me.ponies.wearroutes-2/split_lib_slice_1_apk.apk --oat-file=/data/dalvik-cache/x86/data@app@uk.me.ponies.wearroutes-2@split_lib_slice_1_apk.apk@classes.dex
05-22 06:33:26.595  6684  6684 E dex2oat : Failed to create oat file: /data/dalvik-cache/x86/data@app@uk.me.ponies.wearroutes-2@split_lib_slice_1_apk.apk@classes.dex: Permission denied
05-22 06:33:26.595  6684  6684 I dex2oat : dex2oat took 460.955us (threads: 1) 
05-22 06:33:26.596  6629  6629 W art     : Failed execv(/system/bin/dex2oat --runtime-arg -classpath --runtime-arg  --instruction-set=x86 --instruction-set-features=smp,ssse3,-sse4.1,-sse4.2,-avx,-avx2 --runtime-arg -Xrelocate --boot-image=/system/framework/boot.art --runtime-arg -Xms64m --runtime-arg -Xmx512m -j1 --instruction-set-variant=x86 --instruction-set-features=default --dex-file=/data/app/uk.me.ponies.wearroutes-2/split_lib_slice_1_apk.apk --oat-file=/data/dalvik-cache/x86/data@app@uk.me.ponies.wearroutes-2@split_lib_slice_1_apk.apk@classes.dex) because non-0 exit status
05-22 06:33:26.609  6686  6686 W dex2oat : Unexpected CPU variant for X86 using defaults: x86
05-22 06:33:26.609  6686  6686 W dex2oat : Mismatch between dex2oat instruction set features (ISA: X86 Feature string: smp,-ssse3,-sse4.1,-sse4.2,-avx,-avx2) and those of dex2oat executable (ISA: X86 Feature string: smp,ssse3,-sse4.1,-sse4.2,-avx,-avx2) for the command line:
05-22 06:33:26.609  6686  6686 W dex2oat : /system/bin/dex2oat --runtime-arg -classpath --runtime-arg  --instruction-set=x86 --instruction-set-features=smp,ssse3,-sse4.1,-sse4.2,-avx,-avx2 --runtime-arg -Xrelocate --boot-image=/system/framework/boot.art --runtime-arg -Xms64m --runtime-arg -Xmx512m -j1 --instruction-set-variant=x86 --instruction-set-features=default --dex-file=/data/app/uk.me.ponies.wearroutes-2/split_lib_slice_2_apk.apk --oat-file=/data/dalvik-cache/x86/data@app@uk.me.ponies.wearroutes-2@split_lib_slice_2_apk.apk@classes.dex
05-22 06:33:26.609  6686  6686 E dex2oat : Failed to create oat file: /data/dalvik-cache/x86/data@app@uk.me.ponies.wearroutes-2@split_lib_slice_2_apk.apk@classes.dex: Permission denied
05-22 06:33:26.609  6686  6686 I dex2oat : dex2oat took 444.188us (threads: 1) 
05-22 06:33:26.610  6629  6629 W art     : Failed execv(/system/bin/dex2oat --runtime-arg -classpath --runtime-arg  --instruction-set=x86 --instruction-set-features=smp,ssse3,-sse4.1,-sse4.2,-avx,-avx2 --runtime-arg -Xrelocate --boot-image=/system/framework/boot.art --runtime-arg -Xms64m --runtime-arg -Xmx512m -j1 --instruction-set-variant=x86 --instruction-set-features=default --dex-file=/data/app/uk.me.ponies.wearroutes-2/split_lib_slice_2_apk.apk --oat-file=/data/dalvik-cache/x86/data@app@uk.me.ponies.wearroutes-2@split_lib_slice_2_apk.apk@classes.dex) because non-0 exit status
05-22 06:33:26.626  6688  6688 W dex2oat : Unexpected CPU variant for X86 using defaults: x86
05-22 06:33:26.626  6688  6688 W dex2oat : Mismatch between dex2oat instruction set features (ISA: X86 Feature string: smp,-ssse3,-sse4.1,-sse4.2,-avx,-avx2) and those of dex2oat executable (ISA: X86 Feature string: smp,ssse3,-sse4.1,-sse4.2,-avx,-avx2) for the command line:
05-22 06:33:26.626  6688  6688 W dex2oat : /system/bin/dex2oat --runtime-arg -classpath --runtime-arg  --instruction-set=x86 --instruction-set-features=smp,ssse3,-sse4.1,-sse4.2,-avx,-avx2 --runtime-arg -Xrelocate --boot-image=/system/framework/boot.art --runtime-arg -Xms64m --runtime-arg -Xmx512m -j1 --instruction-set-variant=x86 --instruction-set-features=default --dex-file=/data/app/uk.me.ponies.wearroutes-2/split_lib_slice_3_apk.apk --oat-file=/data/dalvik-cache/x86/data@app@uk.me.ponies.wearroutes-2@split_lib_slice_3_apk.apk@classes.dex
05-22 06:33:26.627  6688  6688 E dex2oat : Failed to create oat file: /data/dalvik-cache/x86/data@app@uk.me.ponies.wearroutes-2@split_lib_slice_3_apk.apk@classes.dex: Permission denied
05-22 06:33:26.627  6688  6688 I dex2oat : dex2oat took 1.187ms (threads: 1) 
05-22 06:33:26.628  6629  6629 W art     : Failed execv(/system/bin/dex2oat --runtime-arg -classpath --runtime-arg  --instruction-set=x86 --instruction-set-features=smp,ssse3,-sse4.1,-sse4.2,-avx,-avx2 --runtime-arg -Xrelocate --boot-image=/system/framework/boot.art --runtime-arg -Xms64m --runtime-arg -Xmx512m -j1 --instruction-set-variant=x86 --instruction-set-features=default --dex-file=/data/app/uk.me.ponies.wearroutes-2/split_lib_slice_3_apk.apk --oat-file=/data/dalvik-cache/x86/data@app@uk.me.ponies.wearroutes-2@split_lib_slice_3_apk.apk@classes.dex) because non-0 exit status
05-22 06:33:26.639  6690  6690 W dex2oat : Unexpected CPU variant for X86 using defaults: x86
05-22 06:33:26.640  6690  6690 W dex2oat : Mismatch between dex2oat instruction set features (ISA: X86 Feature string: smp,-ssse3,-sse4.1,-sse4.2,-avx,-avx2) and those of dex2oat executable (ISA: X86 Feature string: smp,ssse3,-sse4.1,-sse4.2,-avx,-avx2) for the command line:
05-22 06:33:26.640  6690  6690 W dex2oat : /system/bin/dex2oat --runtime-arg -classpath --runtime-arg  --instruction-set=x86 --instruction-set-features=smp,ssse3,-sse4.1,-sse4.2,-avx,-avx2 --runtime-arg -Xrelocate --boot-image=/system/framework/boot.art --runtime-arg -Xms64m --runtime-arg -Xmx512m -j1 --instruction-set-variant=x86 --instruction-set-features=default --dex-file=/data/app/uk.me.ponies.wearroutes-2/split_lib_slice_4_apk.apk --oat-file=/data/dalvik-cache/x86/data@app@uk.me.ponies.wearroutes-2@split_lib_slice_4_apk.apk@classes.dex
05-22 06:33:26.640  6690  6690 E dex2oat : Failed to create oat file: /data/dalvik-cache/x86/data@app@uk.me.ponies.wearroutes-2@split_lib_slice_4_apk.apk@classes.dex: Permission denied
05-22 06:33:26.640  6690  6690 I dex2oat : dex2oat took 798.700us (threads: 1) 
05-22 06:33:26.641  6629  6629 W art     : Failed execv(/system/bin/dex2oat --runtime-arg -classpath --runtime-arg  --instruction-set=x86 --instruction-set-features=smp,ssse3,-sse4.1,-sse4.2,-avx,-avx2 --runtime-arg -Xrelocate --boot-image=/system/framework/boot.art --runtime-arg -Xms64m --runtime-arg -Xmx512m -j1 --instruction-set-variant=x86 --instruction-set-features=default --dex-file=/data/app/uk.me.ponies.wearroutes-2/split_lib_slice_4_apk.apk --oat-file=/data/dalvik-cache/x86/data@app@uk.me.ponies.wearroutes-2@split_lib_slice_4_apk.apk@classes.dex) because non-0 exit status
05-22 06:33:26.646  6692  6692 W dex2oat : Unexpected CPU variant for X86 using defaults: x86
05-22 06:33:26.653  6692  6692 W dex2oat : Mismatch between dex2oat instruction set features (ISA: X86 Feature string: smp,-ssse3,-sse4.1,-sse4.2,-avx,-avx2) and those of dex2oat executable (ISA: X86 Feature string: smp,ssse3,-sse4.1,-sse4.2,-avx,-avx2) for the command line:
05-22 06:33:26.653  6692  6692 W dex2oat : /system/bin/dex2oat --runtime-arg -classpath --runtime-arg  --instruction-set=x86 --instruction-set-features=smp,ssse3,-sse4.1,-sse4.2,-avx,-avx2 --runtime-arg -Xrelocate --boot-image=/system/framework/boot.art --runtime-arg -Xms64m --runtime-arg -Xmx512m -j1 --instruction-set-variant=x86 --instruction-set-features=default --dex-file=/data/app/uk.me.ponies.wearroutes-2/split_lib_slice_5_apk.apk --oat-file=/data/dalvik-cache/x86/data@app@uk.me.ponies.wearroutes-2@split_lib_slice_5_apk.apk@classes.dex
05-22 06:33:26.653  6692  6692 E dex2oat : Failed to create oat file: /data/dalvik-cache/x86/data@app@uk.me.ponies.wearroutes-2@split_lib_slice_5_apk.apk@classes.dex: Permission denied
05-22 06:33:26.653  6692  6692 I dex2oat : dex2oat took 7.216ms (threads: 1) 
05-22 06:33:26.654  6629  6629 W art     : Failed execv(/system/bin/dex2oat --runtime-arg -classpath --runtime-arg  --instruction-set=x86 --instruction-set-features=smp,ssse3,-sse4.1,-sse4.2,-avx,-avx2 --runtime-arg -Xrelocate --boot-image=/system/framework/boot.art --runtime-arg -Xms64m --runtime-arg -Xmx512m -j1 --instruction-set-variant=x86 --instruction-set-features=default --dex-file=/data/app/uk.me.ponies.wearroutes-2/split_lib_slice_5_apk.apk --oat-file=/data/dalvik-cache/x86/data@app@uk.me.ponies.wearroutes-2@split_lib_slice_5_apk.apk@classes.dex) because non-0 exit status
05-22 06:33:26.663  6694  6694 W dex2oat : Unexpected CPU variant for X86 using defaults: x86
05-22 06:33:26.663  6694  6694 W dex2oat : Mismatch between dex2oat instruction set features (ISA: X86 Feature string: smp,-ssse3,-sse4.1,-sse4.2,-avx,-avx2) and those of dex2oat executable (ISA: X86 Feature string: smp,ssse3,-sse4.1,-sse4.2,-avx,-avx2) for the command line:
05-22 06:33:26.663  6694  6694 W dex2oat : /system/bin/dex2oat --runtime-arg -classpath --runtime-arg  --instruction-set=x86 --instruction-set-features=smp,ssse3,-sse4.1,-sse4.2,-avx,-avx2 --runtime-arg -Xrelocate --boot-image=/system/framework/boot.art --runtime-arg -Xms64m --runtime-arg -Xmx512m -j1 --instruction-set-variant=x86 --instruction-set-features=default --dex-file=/data/app/uk.me.ponies.wearroutes-2/split_lib_slice_6_apk.apk --oat-file=/data/dalvik-cache/x86/data@app@uk.me.ponies.wearroutes-2@split_lib_slice_6_apk.apk@classes.dex
05-22 06:33:26.663  6694  6694 E dex2oat : Failed to create oat file: /data/dalvik-cache/x86/data@app@uk.me.ponies.wearroutes-2@split_lib_slice_6_apk.apk@classes.dex: Permission denied
05-22 06:33:26.664  6694  6694 I dex2oat : dex2oat took 486.930us (threads: 1) 
05-22 06:33:26.664  6629  6629 W art     : Failed execv(/system/bin/dex2oat --runtime-arg -classpath --runtime-arg  --instruction-set=x86 --instruction-set-features=smp,ssse3,-sse4.1,-sse4.2,-avx,-avx2 --runtime-arg -Xrelocate --boot-image=/system/framework/boot.art --runtime-arg -Xms64m --runtime-arg -Xmx512m -j1 --instruction-set-variant=x86 --instruction-set-features=default --dex-file=/data/app/uk.me.ponies.wearroutes-2/split_lib_slice_6_apk.apk --oat-file=/data/dalvik-cache/x86/data@app@uk.me.ponies.wearroutes-2@split_lib_slice_6_apk.apk@classes.dex) because non-0 exit status
05-22 06:33:26.674  6696  6696 W dex2oat : Unexpected CPU variant for X86 using defaults: x86
05-22 06:33:26.674  6696  6696 W dex2oat : Mismatch between dex2oat instruction set features (ISA: X86 Feature string: smp,-ssse3,-sse4.1,-sse4.2,-avx,-avx2) and those of dex2oat executable (ISA: X86 Feature string: smp,ssse3,-sse4.1,-sse4.2,-avx,-avx2) for the command line:
05-22 06:33:26.674  6696  6696 W dex2oat : /system/bin/dex2oat --runtime-arg -classpath --runtime-arg  --instruction-set=x86 --instruction-set-features=smp,ssse3,-sse4.1,-sse4.2,-avx,-avx2 --runtime-arg -Xrelocate --boot-image=/system/framework/boot.art --runtime-arg -Xms64m --runtime-arg -Xmx512m -j1 --instruction-set-variant=x86 --instruction-set-features=default --dex-file=/data/app/uk.me.ponies.wearroutes-2/split_lib_slice_7_apk.apk --oat-file=/data/dalvik-cache/x86/data@app@uk.me.ponies.wearroutes-2@split_lib_slice_7_apk.apk@classes.dex
05-22 06:33:26.674  6696  6696 E dex2oat : Failed to create oat file: /data/dalvik-cache/x86/data@app@uk.me.ponies.wearroutes-2@split_lib_slice_7_apk.apk@classes.dex: Permission denied
05-22 06:33:26.674  6696  6696 I dex2oat : dex2oat took 450.895us (threads: 1) 
05-22 06:33:26.675  6629  6629 W art     : Failed execv(/system/bin/dex2oat --runtime-arg -classpath --runtime-arg  --instruction-set=x86 --instruction-set-features=smp,ssse3,-sse4.1,-sse4.2,-avx,-avx2 --runtime-arg -Xrelocate --boot-image=/system/framework/boot.art --runtime-arg -Xms64m --runtime-arg -Xmx512m -j1 --instruction-set-variant=x86 --instruction-set-features=default --dex-file=/data/app/uk.me.ponies.wearroutes-2/split_lib_slice_7_apk.apk --oat-file=/data/dalvik-cache/x86/data@app@uk.me.ponies.wearroutes-2@split_lib_slice_7_apk.apk@classes.dex) because non-0 exit status
05-22 06:33:26.689  6698  6698 W dex2oat : Unexpected CPU variant for X86 using defaults: x86
05-22 06:33:26.689  6698  6698 W dex2oat : Mismatch between dex2oat instruction set features (ISA: X86 Feature string: smp,-ssse3,-sse4.1,-sse4.2,-avx,-avx2) and those of dex2oat executable (ISA: X86 Feature string: smp,ssse3,-sse4.1,-sse4.2,-avx,-avx2) for the command line:
05-22 06:33:26.689  6698  6698 W dex2oat : /system/bin/dex2oat --runtime-arg -classpath --runtime-arg  --instruction-set=x86 --instruction-set-features=smp,ssse3,-sse4.1,-sse4.2,-avx,-avx2 --runtime-arg -Xrelocate --boot-image=/system/framework/boot.art --runtime-arg -Xms64m --runtime-arg -Xmx512m -j1 --instruction-set-variant=x86 --instruction-set-features=default --dex-file=/data/app/uk.me.ponies.wearroutes-2/split_lib_slice_8_apk.apk --oat-file=/data/dalvik-cache/x86/data@app@uk.me.ponies.wearroutes-2@split_lib_slice_8_apk.apk@classes.dex
05-22 06:33:26.689  6698  6698 E dex2oat : Failed to create oat file: /data/dalvik-cache/x86/data@app@uk.me.ponies.wearroutes-2@split_lib_slice_8_apk.apk@classes.dex: Permission denied
05-22 06:33:26.689  6698  6698 I dex2oat : dex2oat took 645.336us (threads: 1) 
05-22 06:33:26.690  6629  6629 W art     : Failed execv(/system/bin/dex2oat --runtime-arg -classpath --runtime-arg  --instruction-set=x86 --instruction-set-features=smp,ssse3,-sse4.1,-sse4.2,-avx,-avx2 --runtime-arg -Xrelocate --boot-image=/system/framework/boot.art --runtime-arg -Xms64m --runtime-arg -Xmx512m -j1 --instruction-set-variant=x86 --instruction-set-features=default --dex-file=/data/app/uk.me.ponies.wearroutes-2/split_lib_slice_8_apk.apk --oat-file=/data/dalvik-cache/x86/data@app@uk.me.ponies.wearroutes-2@split_lib_slice_8_apk.apk@classes.dex) because non-0 exit status
05-22 06:33:26.700  6700  6700 W dex2oat : Unexpected CPU variant for X86 using defaults: x86
05-22 06:33:26.700  6700  6700 W dex2oat : Mismatch between dex2oat instruction set features (ISA: X86 Feature string: smp,-ssse3,-sse4.1,-sse4.2,-avx,-avx2) and those of dex2oat executable (ISA: X86 Feature string: smp,ssse3,-sse4.1,-sse4.2,-avx,-avx2) for the command line:
05-22 06:33:26.700  6700  6700 W dex2oat : /system/bin/dex2oat --runtime-arg -classpath --runtime-arg  --instruction-set=x86 --instruction-set-features=smp,ssse3,-sse4.1,-sse4.2,-avx,-avx2 --runtime-arg -Xrelocate --boot-image=/system/framework/boot.art --runtime-arg -Xms64m --runtime-arg -Xmx512m -j1 --instruction-set-variant=x86 --instruction-set-features=default --dex-file=/data/app/uk.me.ponies.wearroutes-2/split_lib_slice_9_apk.apk --oat-file=/data/dalvik-cache/x86/data@app@uk.me.ponies.wearroutes-2@split_lib_slice_9_apk.apk@classes.dex
05-22 06:33:26.700  6700  6700 E dex2oat : Failed to create oat file: /data/dalvik-cache/x86/data@app@uk.me.ponies.wearroutes-2@split_lib_slice_9_apk.apk@classes.dex: Permission denied
05-22 06:33:26.700  6700  6700 I dex2oat : dex2oat took 458.436us (threads: 1) 
05-22 06:33:26.701  6629  6629 W art     : Failed execv(/system/bin/dex2oat --runtime-arg -classpath --runtime-arg  --instruction-set=x86 --instruction-set-features=smp,ssse3,-sse4.1,-sse4.2,-avx,-avx2 --runtime-arg -Xrelocate --boot-image=/system/framework/boot.art --runtime-arg -Xms64m --runtime-arg -Xmx512m -j1 --instruction-set-variant=x86 --instruction-set-features=default --dex-file=/data/app/uk.me.ponies.wearroutes-2/split_lib_slice_9_apk.apk --oat-file=/data/dalvik-cache/x86/data@app@uk.me.ponies.wearroutes-2@split_lib_slice_9_apk.apk@classes.dex) because non-0 exit status
05-22 06:33:26.704  6629  6629 W System  : ClassLoader referenced unknown path: /data/app/uk.me.ponies.wearroutes-2/lib/x86
05-22 06:33:26.719  6629  6629 I InstantRun: starting instant run server: is main process
05-22 06:33:26.865  6629  6629 I UnexpectedExceptionHandler: registering unexpectedException Hander on threadmain
05-22 06:33:26.869  6629  6629 E MainWearActivity: onCreate called savedinstanceState is null:true
05-22 06:33:26.874  6629  6629 D ActivityLifeCycleLogger: uk.me.ponies.wearroutes.MainWearActivity@1474aae onActivityCreated called
05-22 06:33:27.094  6629  6629 D EventBus: No subscribers registered for event class uk.me.ponies.wearroutes.eventBusEvents.LocationPollingStateEvent
05-22 06:33:27.094  6629  6629 D EventBus: No subscribers registered for event class org.greenrobot.eventbus.NoSubscriberEvent
05-22 06:33:27.102  6629  6629 D EventBus: No subscribers registered for event class uk.me.ponies.wearroutes.eventBusEvents.LocationPollingStateEvent
05-22 06:33:27.103  6629  6629 D EventBus: No subscribers registered for event class org.greenrobot.eventbus.NoSubscriberEvent
05-22 06:33:27.106  6629  6629 D MainGridPagerAdapter: getFragment called for row:2 column:0
05-22 06:33:27.237  6629  6639 I art     : Background partial concurrent mark sweep GC freed 1980(326KB) AllocSpace objects, 2(40KB) LOS objects, 30% free, 1151KB/1663KB, paused 13.075ms total 18.805ms
05-22 06:33:27.245  6629  6629 D MainWearActivity: android.permission.ACCESS_FINE_LOCATION Granted
05-22 06:33:27.245  6629  6629 D MainWearActivity: android.permission.WAKE_LOCK Granted
05-22 06:33:27.246  6629  6629 D MainWearActivity: android.permission.WRITE_EXTERNAL_STORAGE Granted
05-22 06:33:27.246  6629  6629 D MainWearActivity: android.permission.ACCESS_NETWORK_STATE Granted
05-22 06:33:27.246  6629  6629 D MainWearActivity: android.permission.INTERNET Granted
05-22 06:33:27.246  6629  6629 D MainWearActivity: android.permission.READ_EXTERNAL_STORAGE Granted
05-22 06:33:27.248  6629  6629 D ActivityLifeCycleLogger: uk.me.ponies.wearroutes.MainWearActivity@1474aae onActivityStarted called
05-22 06:33:27.265  6629  6629 D ActivityLifeCycleLogger: uk.me.ponies.wearroutes.MainWearActivity@1474aae onActivityResumed called
05-22 06:33:27.266  6629  6709 D OpenGLRenderer: Use EGL_SWAP_BEHAVIOR_PRESERVED: true
05-22 06:33:27.268  6629  6629 D         : HostConnection::get() New Host Connection established 0xac58ea50, tid 6629
05-22 06:33:27.307  6629  6629 D MainGridPagerAdapter: GridPagerAdapter: startUpdate Called id:2131820668 took 0ms
05-22 06:33:27.308  6629  6629 D MainGridPagerAdapter: getFragment called for row:0 column:0
05-22 06:33:27.308  6629  6629 D MainGridPagerAdapter: getFragment called for row:0 column:1
05-22 06:33:27.308  6629  6629 D MainGridPagerAdapter: getFragment called for row:0 column:2
05-22 06:33:27.308  6629  6629 D MainGridPagerAdapter: getFragment called for row:0 column:3
05-22 06:33:27.308  6629  6629 D MainGridPagerAdapter: getFragment called for row:0 column:4
05-22 06:33:27.308  6629  6629 D MainGridPagerAdapter: getFragment called for row:0 column:5
05-22 06:33:27.309  6629  6629 D MainGridPagerAdapter: getFragment called for row:1 column:0
05-22 06:33:27.309  6629  6629 D MainGridPagerAdapter: getFragment called for row:2 column:0
05-22 06:33:27.309  6629  6629 D MainGridPagerAdapter: getFragment called for row:3 column:0
05-22 06:33:27.309  6629  6629 D MainGridPagerAdapter: getFragment called for row:4 column:0
05-22 06:33:27.365  6629  6629 D FragmentLifecycleLogger: SpeedPanel1 onAttach called
05-22 06:33:27.365  6629  6629 D FragmentLifecycleLogger: SpeedPanel1 onCreate called
05-22 06:33:27.371  6629  6629 D FragmentLifecycleLogger: SpeedPanel1 onViewCreated called
05-22 06:33:27.375  6629  6629 D FragmentLifecycleLogger: SpeedPanel1 onActivityCreated called
05-22 06:33:27.375  6629  6629 D FragmentLifecycleLogger: SpeedPanel1 onViewStateRestored called
05-22 06:33:27.375  6629  6629 D FragmentLifecycleLogger: SpeedPanel1 onStart called
05-22 06:33:27.375  6629  6629 D SpeedPanel1: onResume called
05-22 06:33:27.376  6629  6629 D FragmentLifecycleLogger: SpeedPanel1 onResume called
05-22 06:33:27.376  6629  6629 D FragmentLifecycleLogger: MapSwipeToZoomFragment onAttach called
05-22 06:33:27.376  6629  6629 D FragmentLifecycleLogger: MapSwipeToZoomFragment onCreate called
05-22 06:33:27.376  6629  6629 D MapSwipeToZoomFrag: MapContainingFragment Map #00 onCreateView called
05-22 06:33:27.390  6629  6629 D MapSwipeToZoomFrag: creating a new InnerMapFragment
05-22 06:33:27.411  6629  6639 I art     : Background partial concurrent mark sweep GC freed 877(69KB) AllocSpace objects, 0(0B) LOS objects, 25% free, 1457KB/1969KB, paused 6.258ms total 12.711ms
05-22 06:33:27.422  6629  6629 D MapSwipeToZoomFrag: MapContainingFragment (not the view) is MapFragment{467810f id=0x7f11008b}
05-22 06:33:27.422  6629  6629 D MapSwipeToZoomFrag: CreateView Map #00 getting MapAsync 
05-22 06:33:27.422  6629  6629 D MapSwipeToZoomFrag: CreateView completed
05-22 06:33:27.424  6629  6629 D MapSwipeToZoomFrag: Map #00 onViewCreatedCalled
05-22 06:33:27.424  6629  6629 D FragmentLifecycleLogger: MapSwipeToZoomFragment onViewCreated called
05-22 06:33:27.429  6629  6629 D FragmentLifecycleLogger: MapSwipeToZoomFragment onActivityCreated called
05-22 06:33:27.429  6629  6629 D FragmentLifecycleLogger: MapSwipeToZoomFragment onViewStateRestored called
05-22 06:33:27.437  6629  6629 I zzai    : Making Creator dynamically
05-22 06:33:27.510  6629  6629 I Google Maps Android API: Google Play services client version: 9452000
05-22 06:33:27.513  6629  6629 I Google Maps Android API: Google Play services package version: 11047570
05-22 06:33:27.694  6629  6731 W agl     : copyMemory is missing from platform - proto runtime falling back to safer methods.
05-22 06:33:27.820  6629  6629 D MapSwipeToZoomFrag: MapContainingFragment:Map #00 onStart called with zoom:15
05-22 06:33:27.820  6629  6629 D FragmentLifecycleLogger: MapSwipeToZoomFragment onStart called
05-22 06:33:27.820  6629  6629 D MapSwipeToZoomFrag: MapContainingFragment:Map #00 onResume called, visible is true
05-22 06:33:27.820  6629  6629 D FragmentLifecycleLogger: MapSwipeToZoomFragment onResume called
05-22 06:33:27.821  6629  6629 D MapSwipeToZoomFrag: matchMapUIToConfig -- no map
05-22 06:33:27.826  6629  6629 D MainGridPagerAdapter: GridPagerAdapter: finishUpdate Called id:2131820668 took 516ms
05-22 06:33:27.838  6629  6629 D MainGridPagerAdapter: GridPagerAdapter: startUpdate Called id:2131820668 took 0ms
05-22 06:33:27.838  6629  6629 D MainGridPagerAdapter: GridPagerAdapter: finishUpdate Called id:2131820668 took 0ms
05-22 06:33:27.866  6629  6709 D         : HostConnection::get() New Host Connection established 0xab6b5440, tid 6709
05-22 06:33:27.867  6629  6709 I OpenGLRenderer: Initialized EGL, version 1.4
05-22 06:33:27.867  6629  6709 W OpenGLRenderer: Failed to choose config with EGL_SWAP_BEHAVIOR_PRESERVED, retrying without...
05-22 06:33:27.884  6629  6629 D MainGridPagerAdapter: GridPagerAdapter: startUpdate Called id:2131820668 took 0ms
05-22 06:33:27.884  6629  6629 D MainGridPagerAdapter: GridPagerAdapter: finishUpdate Called id:2131820668 took 0ms
05-22 06:33:27.887  6629  6629 D MainWearActivity: onPageScrolled: 0,0
05-22 06:33:27.894  6629  6742 D         : HostConnection::get() New Host Connection established 0xab6b5e90, tid 6742
05-22 06:33:27.905  6629  6746 D Loader  : Loading asset 0x7f020070
05-22 06:33:27.927  6629  6629 I Choreographer: Skipped 36 frames!  The application may be doing too much work on its main thread.
05-22 06:33:28.061  6629  6635 W art     : Suspending all threads took: 9.533ms
05-22 06:33:28.086  6629  6639 I art     : Background partial concurrent mark sweep GC freed 1003(109KB) AllocSpace objects, 10(1096KB) LOS objects, 24% free, 5MB/7MB, paused 1.521ms total 114.612ms
05-22 06:33:28.098  6629  6629 D MapSwipeToZoomFrag: showZoom is false
05-22 06:33:28.121  6629  6629 D MapSwipeToZoomFrag: SetupMap Called Map #00
05-22 06:33:28.159  6629  6629 D MapSwipeToZoomFrag: EventBusLocationSourceForMap activated for com.google.android.gms.maps.GoogleMap$12$1@4472768
05-22 06:33:28.306  6629  6629 W art     : Verification of void uk.me.ponies.wearroutes.MapSwipeToZoomFragment$5.onCameraChange(com.google.android.gms.maps.model.CameraPosition) took 129.277ms
05-22 06:33:28.308  6629  6629 D MapSwipeToZoomFrag: SetupMap Map #00 moving camera to zoom15
05-22 06:33:28.308  6629  6629 D MapSwipeToZoomFrag: Not moving camera as the map isn't visible
05-22 06:33:28.308  6629  6629 D MapSwipeToZoomFrag: Re-adding polylines during onResume
05-22 06:33:28.309  6629  6629 D MapSwipeToZoomFrag: polylines re-added in onResume
05-22 06:33:28.309  6629  6629 D StrictMode: Wrote violation #0 of 1: 11464 bytes
05-22 06:33:28.358  6629  6629 D MainGridPagerAdapter: GridPagerAdapter: startUpdate Called id:2131820668 took 0ms
05-22 06:33:28.359  6629  6629 D MainGridPagerAdapter: GridPagerAdapter: finishUpdate Called id:2131820668 took 0ms
05-22 06:33:28.361  6629  6629 D MainGridPagerAdapter: GridPagerAdapter: startUpdate Called id:2131820668 took 0ms
05-22 06:33:28.369  6629  6629 D MainGridPagerAdapter: GridPagerAdapter: finishUpdate Called id:2131820668 took 0ms
05-22 06:33:28.392  6629  6629 D MapSwipeToZoomFrag: Camera Changed for Map Map #00
05-22 06:33:28.395  6629  6629 D StrictMode: Wrote violation #0 of 1: 13340 bytes
05-22 06:33:28.397  6629  6629 D MapSwipeToZoomFrag: Camera Changed for Map Map #00
05-22 06:33:28.397  6629  6629 D StrictMode: Wrote violation #0 of 1: 16048 bytes
05-22 06:33:28.431  6629  6629 D LocationHandler: onConnected(): Successfully connected to Google API client
05-22 06:33:28.443  6629  6629 D SlowLocationPollerBase: SlowLocationPollerBase stopped
05-22 06:33:28.443  6629  6629 D LocationHandler: removingLocationUpdates for listener uk.me.ponies.wearroutes.locationHandling.SlowLocationPollerAlarmWakeup@486c587
05-22 06:33:28.444  6629  6629 D LocationHandler: removingLocationUpdates for listener uk.me.ponies.wearroutes.locationHandling.LocationHandler@fda9218
05-22 06:33:28.444  6629  6629 D LocationHandler: requestingLocationUpdates for listener uk.me.ponies.wearroutes.locationHandling.LocationHandler@fda9218
05-22 06:33:28.500  6629  6629 D MainWearActivity: onConnected(): Successfully connected to Google API client
05-22 06:33:28.558  6629  6629 D MyGridViewPager: oninterceptTouchEvent is returning false
05-22 06:33:28.609  6629  6629 D GridViewPagerNotifier: onPageScrollStateChanged state:1
05-22 06:33:28.609  6629  6629 D MainWearActivity: onPageScrollStateChanged state: 1 DRAGGING
05-22 06:33:28.609  6629  6629 D MapSwipeToZoomFrag: onScrollChange seen
05-22 06:33:28.609  6629  6629 D MainGridPagerAdapter: getFragment called for row:0 column:0
05-22 06:33:28.609  6629  6629 D MainGridPagerAdapter: getFragment called for row:0 column:1
05-22 06:33:28.609  6629  6629 D MainWearActivity: onPageScrolled: 0,0
05-22 06:33:28.640  6629  6761 D Loader  : Loading asset 0x7f020071
05-22 06:33:28.697  6629  6629 D MyGridViewPager: oninterceptTouchEvent is returning true
05-22 06:33:28.701  6629  6629 D MyGridViewPager: onTouch ambient is falseevent was:MotionEvent { action=ACTION_MOVE, actionButton=0, id[0]=0, x[0]=168.0, y[0]=62.67088, toolType[0]=TOOL_TYPE_FINGER, buttonState=0, metaState=0, flags=0x0, edgeFlags=0x0, pointerCount=1, historySize=10, eventTime=500228, downTime=500092, deviceId=0, source=0x1002 }context is uk.me.ponies.wearroutes.MainWearActivity@1474aae
05-22 06:33:28.701  6629  6629 D MapSwipeToZoomFrag: onScrollChange seen
05-22 06:33:28.701  6629  6629 D MainGridPagerAdapter: getFragment called for row:0 column:0
05-22 06:33:28.701  6629  6629 D MainGridPagerAdapter: getFragment called for row:0 column:1
05-22 06:33:28.705  6629  6629 D MainWearActivity: onPageScrolled: 0,0
05-22 06:33:28.705  6629  6629 D MyGridViewPager: onTouchEvent is returning true
05-22 06:33:28.709  6629  6629 D MyGridViewPager: onTouch ambient is falseevent was:MotionEvent { action=ACTION_MOVE, actionButton=0, id[0]=0, x[0]=168.0, y[0]=38.0, toolType[0]=TOOL_TYPE_FINGER, buttonState=0, metaState=0, flags=0x0, edgeFlags=0x0, pointerCount=1, historySize=2, eventTime=500252, downTime=500092, deviceId=0, source=0x1002 }context is uk.me.ponies.wearroutes.MainWearActivity@1474aae
05-22 06:33:28.710  6629  6629 D MapSwipeToZoomFrag: onScrollChange seen
05-22 06:33:28.710  6629  6629 D MainGridPagerAdapter: getFragment called for row:0 column:0
05-22 06:33:28.710  6629  6629 D MainGridPagerAdapter: getFragment called for row:0 column:1
05-22 06:33:28.710  6629  6629 D MainWearActivity: onPageScrolled: 0,0
05-22 06:33:28.710  6629  6629 D MyGridViewPager: onTouchEvent is returning true
05-22 06:33:28.711  6629  6629 D MapSwipeToZoomFrag: onTouch seen for event:MotionEvent { action=ACTION_UP, actionButton=0, id[0]=0, x[0]=168.0, y[0]=38.0, toolType[0]=TOOL_TYPE_FINGER, buttonState=0, metaState=0, flags=0x0, edgeFlags=0x0, pointerCount=1, historySize=0, eventTime=500253, downTime=500092, deviceId=0, source=0x1002 }
05-22 06:33:28.711  6629  6629 D MapSwipeToZoomFrag: GestureDetector onFling seen!
05-22 06:33:28.711  6629  6629 D MapSwipeToZoomFrag: GestureDetector e1 or e2 is null, ignoring, returning false
05-22 06:33:28.711  6629  6629 D MyGridViewPager: onTouch ambient is falseevent was:MotionEvent { action=ACTION_UP, actionButton=0, id[0]=0, x[0]=168.0, y[0]=38.0, toolType[0]=TOOL_TYPE_FINGER, buttonState=0, metaState=0, flags=0x0, edgeFlags=0x0, pointerCount=1, historySize=0, eventTime=500253, downTime=500092, deviceId=0, source=0x1002 }context is uk.me.ponies.wearroutes.MainWearActivity@1474aae
05-22 06:33:28.711  6629  6629 D ColumnHistorian: Selected Page is 1,0
05-22 06:33:28.711  6629  6629 D GridViewPagerNotifier: onPageSelected row:1 column:0
05-22 06:33:28.711  6629  6629 D MainGridPagerAdapter: getFragment called for row:1 column:0
05-22 06:33:28.711  6629  6629 D MainGridPagerAdapter: getFragment called for row:1 column:1
05-22 06:33:28.711  6629  6629 D MainGridPagerAdapter: getFragment called for row:0 column:0
05-22 06:33:28.715  6629  6629 D MainGridPagerAdapter: getFragment called for row:2 column:0
05-22 06:33:28.715  6629  6629 D MapSwipeToZoomFrag: EventBusLocationSourceForMap deActivated for com.google.android.gms.maps.GoogleMap$12$1@4472768
05-22 06:33:28.715  6629  6629 D StrictMode: Wrote violation #0 of 1: 18756 bytes
05-22 06:33:28.716  6629  6629 D MainWearActivity: onPageSelected: 1,0
05-22 06:33:28.716  6629  6629 D GridViewPagerNotifier: onPageScrollStateChanged state:2
05-22 06:33:28.716  6629  6629 D MainWearActivity: onPageScrollStateChanged state: 2 SETTLING
05-22 06:33:28.716  6629  6629 D InnerMapFragment: Dump of Google maps fragments created
05-22 06:33:28.718  6629  6629 D InnerMapFragment: Google maps fragments created contains: 0
05-22 06:33:28.718  6629  6629 D InnerMapFragment: Google maps innerMap Pool is pooling: 0
05-22 06:33:28.718  6629  6629 D InnerMapFragment: Google maps innerMap Pool has had 0 garbage collected
05-22 06:33:28.718  6629  6629 D MainWearActivity: onPageScrollStateChaged, SETTLING, current position is Point(0, 1)
05-22 06:33:28.718  6629  6629 D MyGridViewPager: onTouchEvent is returning true
05-22 06:33:28.724  6629  6629 D MapSwipeToZoomFrag: onScrollChange seen
05-22 06:33:28.724  6629  6629 D MainGridPagerAdapter: getFragment called for row:1 column:0
05-22 06:33:28.725  6629  6629 D MainGridPagerAdapter: getFragment called for row:1 column:1
05-22 06:33:28.725  6629  6629 D MainWearActivity: onPageScrolled: 0,0
05-22 06:33:28.730  6629  6629 D Error   : ERR: exClass=android.os.StrictMode$StrictModeCustomViolation
05-22 06:33:28.730  6629  6629 D Error   : ERR: exMsg=policy=4325404 violation=8 msg=gcore.dynamite
05-22 06:33:28.730  6629  6629 D Error   : ERR: file=StrictMode.java
05-22 06:33:28.730  6629  6629 D Error   : ERR: class=android.os.StrictMode$AndroidBlockGuardPolicy
05-22 06:33:28.730  6629  6629 D Error   : ERR: method=onCustomSlowCall line=1236
05-22 06:33:28.736  6629  6629 D Error   : ERR: stack=android.os.StrictMode$StrictModeCustomViolation: policy=4325404 violation=8 msg=gcore.dynamite
05-22 06:33:28.736  6629  6629 D Error   : 	at android.os.StrictMode$AndroidBlockGuardPolicy.onCustomSlowCall(StrictMode.java:1236)
05-22 06:33:28.736  6629  6629 D Error   : 	at android.os.StrictMode.noteSlowCall(StrictMode.java:2136)
05-22 06:33:28.736  6629  6629 D Error   : 	at ffk.a(:com.google.android.gms:0)
05-22 06:33:28.736  6629  6629 D Error   : 	at dgs.a(:com.google.android.gms:2)
05-22 06:33:28.736  6629  6629 D Error   : 	at com.google.android.gms.maps.internal.CreatorImpl.a(:com.google.android.gms:4)
05-22 06:33:28.736  6629  6629 D Error   : 	at com.google.android.gms.maps.internal.CreatorImpl.newMapFragmentDelegate(:com.google.android.gms:0)
05-22 06:33:28.736  6629  6629 D Error   : 	at igj.onTransact(:com.google.android.gms:13)
05-22 06:33:28.736  6629  6629 D Error   : 	at android.os.Binder.transact(Binder.java:387)
05-22 06:33:28.736  6629  6629 D Error   : 	at com.google.android.gms.maps.internal.zzc$zza$zza.zzag(Unknown Source)
05-22 06:33:28.736  6629  6629 D Error   : 	at com.google.android.gms.maps.MapFragment$zzb.zzbow(Unknown Source)
05-22 06:33:28.736  6629  6629 D Error   : 	at com.google.android.gms.maps.MapFragment$zzb.zza(Unknown Source)
05-22 06:33:28.736  6629  6629 D Error   : 	at com.google.android.gms.dynamic.zza.zza(Unknown Source)
05-22 06:33:28.736  6629  6629 D Error   : 	at com.google.android.gms.dynamic.zza.onCreate(Unknown Source)
05-22 06:33:28.736  6629  6629 D Error   : 	at com.google.android.gms.maps.MapFragment.onCreate(Unknown Source)
05-22 06:33:28.736  6629  6629 D Error   : 	at android.app.Fragment.performCreate(Fragment.java:2198)
05-22 06:33:28.736  6629  6629 D Error   : 	at android.app.FragmentManagerImpl.moveToState(FragmentManager.java:942)
05-22 06:33:28.736  6629  6629 D Error   : 	at android.app.FragmentManagerImpl.moveToState(FragmentManager.java:1148)
05-22 06:33:28.736  6629  6629 D Error   : 	at android.app.BackStackRecord.run(BackStackRecord.java:793)
05-22 06:33:28.736  6629  6629 D Error   : 	at android.app.FragmentManagerImpl.execPendingActions(FragmentManager.java:1535)
05-22 06:33:28.736  6629  6629 D Error   : 	at android.app.Fragment.performStart(Fragment.java:2241)
05-22 06:33:28.736  6629  6629 D Error   : 	at android.app.FragmentManagerImpl.moveToState(FragmentManager.java:1002)
05-22 06:33:28.736  6629  6629 D Error   : 	at android.app.FragmentManagerImpl.moveToState(FragmentManager.java:1148)
05-22 06:33:28.736  6629  6629 D Error   : 	at android.app.BackStackRecord.run(BackStackRecord.java:793)
05-22 06:33:28.736  6629  6629 D Error   : 	at android.app.FragmentManagerImpl.execPendingActions(FragmentManager.java:1535)
05-22 06:33:28.736  6629  6629 D Error   : 	at android.app.FragmentManagerImpl.executePendingTransactions(FragmentManager.java:562)
05-22 06:33:28.736  6629  6629 D Error   : 	at android.support.wearable.view.FragmentGridPagerAdapter.finishUpdate(FragmentGridPagerAdapter.java:220)
05-22 06:33:28.736  6629  6629 D Error   : 	at uk.me.ponies.wearroutes.MainGridPagerAdapter.finishUpdate(MainGridPagerAdapter.java:329)
05-22 06:33:28.736  6629  6629 D Error   : 	at android.support.wearable.view.GridViewPager.populate(GridViewPager.java:1182)
05-22 06:33:28.736  6629  6629 D Error   : 	at android.support.wearable.view.GridViewPager.populate(GridViewPager.java:1038)
05-22 06:33:28.736  6629  6629 D Error   : 	at android.support.wearable.view.GridViewPager.onMeasure(GridViewPager.java:1343)
05-22 06:33:28.736  6629  6629 D Error   : 	at android.view.View.measure(View.java:18794)
05-22 06:33:28.736  6629  6629 D Error   : 	at android.view.ViewGroup.measureChildWithMargins(ViewGroup.java:5951)
05-22 06:33:28.736  6629  6629 D Error   : 	at android.widget.FrameLayout.onMeasure(FrameLayout.java:194)
05-22 06:33:28.736  6629  6629 D Error   : 	at android.view.View.measure(View.java:18794)
05-22 06:33:28.736  6629  6629 D Error   : 	at android.view.ViewGroup.measureChildWithMargins(ViewGroup.java:5951)
05-22 06:33:28.736  6629  6629 D Error   : 	at android.widget.FrameLayout.onMeasure(FrameLayout.java:194)
05-22 06:33:28.736  6629  6629 D Error   : 	at android.view.View.measure(View.java:18794)
05-22 06:33:28.736  6629  6629 D Error   : 	at android.view.ViewGroup.measureChildWithMargins(ViewGroup.java:5951)
05-22 06:33:28.736  6629  6629 D Error   : 	at android.widget.FrameLayout.onMeasure(FrameLayout.java:194)
05-22 06:33:28.736  6629  6629 D Error   : 	at com.android.internal.policy.PhoneWindow$DecorView.onMeasure(PhoneWindow.java:2643)
05-22 06:33:28.736  6629  6629 D Error   : 	at android.view.View.measure(View.java:18794)
05-22 06:33:28.736  6629  6629 D Error   : 	at android.view.ViewRootImpl.performMeasure(ViewRootImpl.java:2108)
05-22 06:33:28.736  6629  6629 D Error   : 	at android.view.ViewRootImpl.measureHierarchy(ViewRootImpl.java:1224)
05-22 06:33:28.736  6629  6629 D Error   : 	at android.view.ViewRootImpl.performTraversals(ViewRootImpl.java:1460)
05-22 06:33:28.736  6629  6629 D Error   : 	at android.view.ViewRootImpl.doTraversal(ViewRootImpl.java:1115)
05-22 06:33:28.736  6629  6629 D Error   : 	at android.view.ViewRootImpl$TraversalRunnable.run(ViewRootImpl.java:6024)
05-22 06:33:28.736  6629  6629 D Error   : 	at android.view.Choreographer$CallbackRecord.run(Choreographer.java:858)
05-22 06:33:28.736  6629  6629 D Error   : 	at android.view.Choreographer.doCallbacks(Choreographer.java:670)
05-22 06:33:28.736  6629  6629 D Error   : 	at android.view.Choreographer.doFrame(Choreographer.java:606)
05-22 06:33:28.736  6629  6629 D Error   : 	at android.view.Choreographer$FrameDisplayEventReceiver.run(Choreographer.java:844)
05-22 06:33:28.736  6629  6629 D Error   : 	at android.os.Handler.handleCallback(Handler.java:739)
05-22 06:33:28.736  6629  6629 D Error   : 	at android.os.Handler.dispatchMessage(Handler.java:95)
05-22 06:33:28.736  6629  6629 D Error   : 	at android.os.Looper.loop(Looper.java:148)
05-22 06:33:28.736  6629  6629 D Error   : 	at android.app.ActivityThread.main(ActivityThread.java:5422)
05-22 06:33:28.736  6629  6629 D Error   : 	at java.lang.reflect.Method.invoke(Native Method)
05-22 06:33:28.736  6629  6629 D Error   : 	at com.android.internal.os.ZygoteInit$MethodAndArgsCaller.run(ZygoteInit.java:726)
05-22 06:33:28.736  6629  6629 D Error   : 	at com.android.internal.os.ZygoteInit.main(ZygoteInit.java:616)
05-22 06:33:28.736  6629  6629 D Error   : # via Binder call with stack:
05-22 06:33:28.736  6629  6629 D Error   : android.os.StrictMode$LogStackTrace
05-22 06:33:28.736  6629  6629 D Error   : 	at and
05-22 06:33:28.737  6629  6629 D Error   : ERR: TOTAL BYTES WRITTEN: 29384
05-22 06:33:28.737  6629  6629 D StrictMode: Wrote violation #0 of 1: 29428 bytes
05-22 06:33:29.837  6629  6744 W DynamiteModule: Local module descriptor class for com.google.android.gms.googlecertificates not found.
05-22 06:33:29.837  6629  6744 W DynamiteModule: Failed to load module via V2: java.lang.ClassNotFoundException: Didn't find class "com.google.android.gms.dynamite.DynamiteModule$DynamiteLoaderClassLoader" on path: DexPathList[[zip file "/system/framework/com.google.android.wearable.jar", zip file "/data/app/uk.me.ponies.wearroutes-2/base.apk", zip file "/data/app/uk.me.ponies.wearroutes-2/split_lib_dependencies_apk.apk", zip file "/data/app/uk.me.ponies.wearroutes-2/split_lib_slice_0_apk.apk", zip file "/data/app/uk.me.ponies.wearroutes-2/split_lib_slice_1_apk.apk", zip file "/data/app/uk.me.ponies.wearroutes-2/split_lib_slice_2_apk.apk", zip file "/data/app/uk.me.ponies.wearroutes-2/split_lib_slice_3_apk.apk", zip file "/data/app/uk.me.ponies.wearroutes-2/split_lib_slice_4_apk.apk", zip file "/data/app/uk.me.ponies.wearroutes-2/split_lib_slice_5_apk.apk", zip file "/data/app/uk.me.ponies.wearroutes-2/split_lib_slice_6_apk.apk", zip file "/data/app/uk.me.ponies.wearroutes-2/split_lib_slice_7_apk.apk", zip file "/data/app/uk.me.ponies.wearroutes-2/split_lib_slice_8_apk.apk", zip file "/data/app/uk.me.ponies.wearroutes-2/split_lib_slice_9_apk.apk"],nativeLibraryDirectories=[/data/app/uk.me.ponies.wearroutes-2/lib/x86, /vendor/lib, /system/lib]]
05-22 06:33:29.838  6629  6744 I DynamiteModule: Considering local module com.google.android.gms.googlecertificates:0 and remote module com.google.android.gms.googlecertificates:3
05-22 06:33:29.838  6629  6744 I DynamiteModule: Selected remote version of com.google.android.gms.googlecertificates, version >= 3
05-22 06:33:29.839  6629  6744 W System  : ClassLoader referenced unknown path: /data/data/com.google.android.gms/app_chimera/m/00000009/n/x86
05-22 06:33:33.003  6629  6629 D MapSwipeToZoomFrag: MapContainingFragmentMap #00 onCameraChange Map now Loaded zoom is 15.0 wanted 15.0 on map:com.google.android.gms.maps.GoogleMap@abf9c22
05-22 06:33:33.003  6629  6629 I Choreographer: Skipped 258 frames!  The application may be doing too much work on its main thread.
05-22 06:33:33.009  6629  6629 D MapSwipeToZoomFrag: onScrollChange seen
05-22 06:33:33.009  6629  6629 D MainWearActivity: onPageScrolled: 1,0
05-22 06:33:33.056  6629  6629 D GridViewPagerNotifier: onPageScrollStateChanged state:0
05-22 06:33:33.056  6629  6629 D MainGridPagerAdapter: getFragment called for row:1 column:0
05-22 06:33:33.056  6629  6629 D MainGridPagerAdapter: getFragment called for row:1 column:1
05-22 06:33:33.056  6629  6629 D MainGridPagerAdapter: getFragment called for row:0 column:0
05-22 06:33:33.056  6629  6629 D MainGridPagerAdapter: getFragment called for row:2 column:0
05-22 06:33:33.058  6629  6629 D MainWearActivity: onPageScrollStateChanged state: 0 IDLE
05-22 06:33:33.058  6629  6629 D MainWearActivity: onPageScrollStateChaged, IDLE, current position is Point(0, 1)
05-22 06:33:33.058  6629  6629 D MainGridPagerAdapter: GridPagerAdapter: startUpdate Called id:2131820668 took 0ms
05-22 06:33:33.059  6629  6629 D MainGridPagerAdapter: getFragment called for row:1 column:1
05-22 06:33:33.061  6629  6629 D MainGridPagerAdapter: GridPagerAdapter: finishUpdate Called id:2131820668 took 2ms
05-22 06:33:33.061  6629  6629 D MainGridPagerAdapter: GridPagerAdapter: startUpdate Called id:2131820668 took 0ms
05-22 06:33:33.061  6629  6629 D MainGridPagerAdapter: GridPagerAdapter: finishUpdate Called id:2131820668 took 0ms
05-22 06:33:33.070  6629  6629 D MainGridPagerAdapter: GridPagerAdapter: startUpdate Called id:2131820668 took 0ms
05-22 06:33:33.070  6629  6629 D MainGridPagerAdapter: GridPagerAdapter: finishUpdate Called id:2131820668 took 0ms
05-22 06:33:33.168  6629  6709 W OpenGLRenderer: Dirty 150.00 306.00 170.00 320.00 doesn't intersect with 0 0 320 290 ?
05-22 06:33:33.187  6629  6709 W OpenGLRenderer: Dirty 150.00 306.00 170.00 320.00 doesn't intersect with 0 0 320 290 ?
05-22 06:33:34.013  6629  6629 D MainGridPagerAdapter: GridPagerAdapter: startUpdate Called id:2131820668 took 0ms
05-22 06:33:34.014  6629  6629 D MainGridPagerAdapter: GridPagerAdapter: finishUpdate Called id:2131820668 took 1ms
05-22 06:33:34.016  6629  6629 D MainGridPagerAdapter: GridPagerAdapter: startUpdate Called id:2131820668 took 1ms
05-22 06:33:34.016  6629  6629 D MainGridPagerAdapter: GridPagerAdapter: finishUpdate Called id:2131820668 took 0ms
05-22 06:33:34.214  6629  6709 W OpenGLRenderer: Dirty 150.00 306.00 170.00 320.00 doesn't intersect with 0 0 320 290 ?
05-22 06:33:34.234  6629  6709 W OpenGLRenderer: Dirty 150.00 306.00 170.00 320.00 doesn't intersect with 0 0 320 290 ?
05-22 06:33:34.254  6629  6709 W OpenGLRenderer: Dirty 150.00 306.00 170.00 320.00 doesn't intersect with 0 0 320 290 ?
05-22 06:33:34.264  6629  6709 W OpenGLRenderer: Dirty 150.00 306.00 170.00 320.00 doesn't intersect with 0 0 320 290 ?
05-22 06:33:34.284  6629  6709 W OpenGLRenderer: Dirty 150.00 306.00 170.00 320.00 doesn't intersect with 0 0 320 290 ?
05-22 06:33:34.304  6629  6709 W OpenGLRenderer: Dirty 150.00 306.00 170.00 320.00 doesn't intersect with 0 0 320 290 ?
05-22 06:33:34.314  6629  6709 W OpenGLRenderer: Dirty 150.00 306.00 170.00 320.00 doesn't intersect with 0 0 320 290 ?
05-22 06:33:34.334  6629  6709 W OpenGLRenderer: Dirty 150.00 306.00 170.00 320.00 doesn't intersect with 0 0 320 290 ?
05-22 06:33:34.354  6629  6709 W OpenGLRenderer: Dirty 150.00 306.00 170.00 320.00 doesn't intersect with 0 0 320 290 ?
05-22 06:33:34.364  6629  6709 W OpenGLRenderer: Dirty 150.00 306.00 170.00 320.00 doesn't intersect with 0 0 320 290 ?
05-22 06:33:34.385  6629  6709 W OpenGLRenderer: Dirty 150.00 306.00 170.00 320.00 doesn't intersect with 0 0 320 290 ?
05-22 06:33:34.405  6629  6709 W OpenGLRenderer: Dirty 150.00 306.00 170.00 320.00 doesn't intersect with 0 0 320 290 ?
05-22 06:33:34.414  6629  6709 W OpenGLRenderer: Dirty 150.00 306.00 170.00 320.00 doesn't intersect with 0 0 320 290 ?
05-22 06:33:34.435  6629  6709 W OpenGLRenderer: Dirty 150.00 306.00 170.00 320.00 doesn't intersect with 0 0 320 290 ?
05-22 06:33:34.475  6629  6709 W OpenGLRenderer: Dirty 150.00 306.00 170.00 320.00 doesn't intersect with 0 0 320 290 ?
