--------- beginning of main
05-20 16:18:17.376 14827 14827 I art     : Not late-enabling -Xcheck:jni (already on)
05-20 16:18:17.443 14841 14841 W dex2oat : Unexpected CPU variant for X86 using defaults: x86
05-20 16:18:17.443 14841 14841 W dex2oat : Mismatch between dex2oat instruction set features (ISA: X86 Feature string: smp,-ssse3,-sse4.1,-sse4.2,-avx,-avx2) and those of dex2oat executable (ISA: X86 Feature string: smp,ssse3,-sse4.1,-sse4.2,-avx,-avx2) for the command line:
05-20 16:18:17.443 14841 14841 W dex2oat : /system/bin/dex2oat --runtime-arg -classpath --runtime-arg  --instruction-set=x86 --instruction-set-features=smp,ssse3,-sse4.1,-sse4.2,-avx,-avx2 --runtime-arg -Xrelocate --boot-image=/system/framework/boot.art --runtime-arg -Xms64m --runtime-arg -Xmx512m -j1 --instruction-set-variant=x86 --instruction-set-features=default --dex-file=/data/app/uk.me.ponies.wearroutes-2/split_lib_dependencies_apk.apk --oat-file=/data/dalvik-cache/x86/data@app@uk.me.ponies.wearroutes-2@split_lib_dependencies_apk.apk@classes.dex
05-20 16:18:17.444 14841 14841 E dex2oat : Failed to create oat file: /data/dalvik-cache/x86/data@app@uk.me.ponies.wearroutes-2@split_lib_dependencies_apk.apk@classes.dex: Permission denied
05-20 16:18:17.444 14841 14841 I dex2oat : dex2oat took 702.328us (threads: 1) 
05-20 16:18:17.444 14827 14827 W art     : Failed execv(/system/bin/dex2oat --runtime-arg -classpath --runtime-arg  --instruction-set=x86 --instruction-set-features=smp,ssse3,-sse4.1,-sse4.2,-avx,-avx2 --runtime-arg -Xrelocate --boot-image=/system/framework/boot.art --runtime-arg -Xms64m --runtime-arg -Xmx512m -j1 --instruction-set-variant=x86 --instruction-set-features=default --dex-file=/data/app/uk.me.ponies.wearroutes-2/split_lib_dependencies_apk.apk --oat-file=/data/dalvik-cache/x86/data@app@uk.me.ponies.wearroutes-2@split_lib_dependencies_apk.apk@classes.dex) because non-0 exit status
05-20 16:18:17.561 14849 14849 W dex2oat : Unexpected CPU variant for X86 using defaults: x86
05-20 16:18:17.561 14849 14849 W dex2oat : Mismatch between dex2oat instruction set features (ISA: X86 Feature string: smp,-ssse3,-sse4.1,-sse4.2,-avx,-avx2) and those of dex2oat executable (ISA: X86 Feature string: smp,ssse3,-sse4.1,-sse4.2,-avx,-avx2) for the command line:
05-20 16:18:17.561 14849 14849 W dex2oat : /system/bin/dex2oat --runtime-arg -classpath --runtime-arg  --instruction-set=x86 --instruction-set-features=smp,ssse3,-sse4.1,-sse4.2,-avx,-avx2 --runtime-arg -Xrelocate --boot-image=/system/framework/boot.art --runtime-arg -Xms64m --runtime-arg -Xmx512m -j1 --instruction-set-variant=x86 --instruction-set-features=default --dex-file=/data/app/uk.me.ponies.wearroutes-2/split_lib_slice_0_apk.apk --oat-file=/data/dalvik-cache/x86/data@app@uk.me.ponies.wearroutes-2@split_lib_slice_0_apk.apk@classes.dex
05-20 16:18:17.562 14849 14849 E dex2oat : Failed to create oat file: /data/dalvik-cache/x86/data@app@uk.me.ponies.wearroutes-2@split_lib_slice_0_apk.apk@classes.dex: Permission denied
05-20 16:18:17.562 14849 14849 I dex2oat : dex2oat took 463.466us (threads: 1) 
05-20 16:18:17.562 14827 14827 W art     : Failed execv(/system/bin/dex2oat --runtime-arg -classpath --runtime-arg  --instruction-set=x86 --instruction-set-features=smp,ssse3,-sse4.1,-sse4.2,-avx,-avx2 --runtime-arg -Xrelocate --boot-image=/system/framework/boot.art --runtime-arg -Xms64m --runtime-arg -Xmx512m -j1 --instruction-set-variant=x86 --instruction-set-features=default --dex-file=/data/app/uk.me.ponies.wearroutes-2/split_lib_slice_0_apk.apk --oat-file=/data/dalvik-cache/x86/data@app@uk.me.ponies.wearroutes-2@split_lib_slice_0_apk.apk@classes.dex) because non-0 exit status
05-20 16:18:17.574 14851 14851 W dex2oat : Unexpected CPU variant for X86 using defaults: x86
05-20 16:18:17.574 14851 14851 W dex2oat : Mismatch between dex2oat instruction set features (ISA: X86 Feature string: smp,-ssse3,-sse4.1,-sse4.2,-avx,-avx2) and those of dex2oat executable (ISA: X86 Feature string: smp,ssse3,-sse4.1,-sse4.2,-avx,-avx2) for the command line:
05-20 16:18:17.574 14851 14851 W dex2oat : /system/bin/dex2oat --runtime-arg -classpath --runtime-arg  --instruction-set=x86 --instruction-set-features=smp,ssse3,-sse4.1,-sse4.2,-avx,-avx2 --runtime-arg -Xrelocate --boot-image=/system/framework/boot.art --runtime-arg -Xms64m --runtime-arg -Xmx512m -j1 --instruction-set-variant=x86 --instruction-set-features=default --dex-file=/data/app/uk.me.ponies.wearroutes-2/split_lib_slice_1_apk.apk --oat-file=/data/dalvik-cache/x86/data@app@uk.me.ponies.wearroutes-2@split_lib_slice_1_apk.apk@classes.dex
05-20 16:18:17.574 14851 14851 E dex2oat : Failed to create oat file: /data/dalvik-cache/x86/data@app@uk.me.ponies.wearroutes-2@split_lib_slice_1_apk.apk@classes.dex: Permission denied
05-20 16:18:17.574 14851 14851 I dex2oat : dex2oat took 465.144us (threads: 1) 
05-20 16:18:17.575 14827 14827 W art     : Failed execv(/system/bin/dex2oat --runtime-arg -classpath --runtime-arg  --instruction-set=x86 --instruction-set-features=smp,ssse3,-sse4.1,-sse4.2,-avx,-avx2 --runtime-arg -Xrelocate --boot-image=/system/framework/boot.art --runtime-arg -Xms64m --runtime-arg -Xmx512m -j1 --instruction-set-variant=x86 --instruction-set-features=default --dex-file=/data/app/uk.me.ponies.wearroutes-2/split_lib_slice_1_apk.apk --oat-file=/data/dalvik-cache/x86/data@app@uk.me.ponies.wearroutes-2@split_lib_slice_1_apk.apk@classes.dex) because non-0 exit status
05-20 16:18:17.583 14853 14853 W dex2oat : Unexpected CPU variant for X86 using defaults: x86
05-20 16:18:17.583 14853 14853 W dex2oat : Mismatch between dex2oat instruction set features (ISA: X86 Feature string: smp,-ssse3,-sse4.1,-sse4.2,-avx,-avx2) and those of dex2oat executable (ISA: X86 Feature string: smp,ssse3,-sse4.1,-sse4.2,-avx,-avx2) for the command line:
05-20 16:18:17.583 14853 14853 W dex2oat : /system/bin/dex2oat --runtime-arg -classpath --runtime-arg  --instruction-set=x86 --instruction-set-features=smp,ssse3,-sse4.1,-sse4.2,-avx,-avx2 --runtime-arg -Xrelocate --boot-image=/system/framework/boot.art --runtime-arg -Xms64m --runtime-arg -Xmx512m -j1 --instruction-set-variant=x86 --instruction-set-features=default --dex-file=/data/app/uk.me.ponies.wearroutes-2/split_lib_slice_2_apk.apk --oat-file=/data/dalvik-cache/x86/data@app@uk.me.ponies.wearroutes-2@split_lib_slice_2_apk.apk@classes.dex
05-20 16:18:17.584 14853 14853 E dex2oat : Failed to create oat file: /data/dalvik-cache/x86/data@app@uk.me.ponies.wearroutes-2@split_lib_slice_2_apk.apk@classes.dex: Permission denied
05-20 16:18:17.584 14853 14853 I dex2oat : dex2oat took 613.489us (threads: 1) 
05-20 16:18:17.584 14827 14827 W art     : Failed execv(/system/bin/dex2oat --runtime-arg -classpath --runtime-arg  --instruction-set=x86 --instruction-set-features=smp,ssse3,-sse4.1,-sse4.2,-avx,-avx2 --runtime-arg -Xrelocate --boot-image=/system/framework/boot.art --runtime-arg -Xms64m --runtime-arg -Xmx512m -j1 --instruction-set-variant=x86 --instruction-set-features=default --dex-file=/data/app/uk.me.ponies.wearroutes-2/split_lib_slice_2_apk.apk --oat-file=/data/dalvik-cache/x86/data@app@uk.me.ponies.wearroutes-2@split_lib_slice_2_apk.apk@classes.dex) because non-0 exit status
05-20 16:18:17.596 14855 14855 W dex2oat : Unexpected CPU variant for X86 using defaults: x86
05-20 16:18:17.596 14855 14855 W dex2oat : Mismatch between dex2oat instruction set features (ISA: X86 Feature string: smp,-ssse3,-sse4.1,-sse4.2,-avx,-avx2) and those of dex2oat executable (ISA: X86 Feature string: smp,ssse3,-sse4.1,-sse4.2,-avx,-avx2) for the command line:
05-20 16:18:17.596 14855 14855 W dex2oat : /system/bin/dex2oat --runtime-arg -classpath --runtime-arg  --instruction-set=x86 --instruction-set-features=smp,ssse3,-sse4.1,-sse4.2,-avx,-avx2 --runtime-arg -Xrelocate --boot-image=/system/framework/boot.art --runtime-arg -Xms64m --runtime-arg -Xmx512m -j1 --instruction-set-variant=x86 --instruction-set-features=default --dex-file=/data/app/uk.me.ponies.wearroutes-2/split_lib_slice_3_apk.apk --oat-file=/data/dalvik-cache/x86/data@app@uk.me.ponies.wearroutes-2@split_lib_slice_3_apk.apk@classes.dex
05-20 16:18:17.596 14855 14855 E dex2oat : Failed to create oat file: /data/dalvik-cache/x86/data@app@uk.me.ponies.wearroutes-2@split_lib_slice_3_apk.apk@classes.dex: Permission denied
05-20 16:18:17.596 14855 14855 I dex2oat : dex2oat took 524.645us (threads: 1) 
05-20 16:18:17.598 14827 14827 W art     : Failed execv(/system/bin/dex2oat --runtime-arg -classpath --runtime-arg  --instruction-set=x86 --instruction-set-features=smp,ssse3,-sse4.1,-sse4.2,-avx,-avx2 --runtime-arg -Xrelocate --boot-image=/system/framework/boot.art --runtime-arg -Xms64m --runtime-arg -Xmx512m -j1 --instruction-set-variant=x86 --instruction-set-features=default --dex-file=/data/app/uk.me.ponies.wearroutes-2/split_lib_slice_3_apk.apk --oat-file=/data/dalvik-cache/x86/data@app@uk.me.ponies.wearroutes-2@split_lib_slice_3_apk.apk@classes.dex) because non-0 exit status
05-20 16:18:17.606 14859 14859 W dex2oat : Unexpected CPU variant for X86 using defaults: x86
05-20 16:18:17.606 14859 14859 W dex2oat : Mismatch between dex2oat instruction set features (ISA: X86 Feature string: smp,-ssse3,-sse4.1,-sse4.2,-avx,-avx2) and those of dex2oat executable (ISA: X86 Feature string: smp,ssse3,-sse4.1,-sse4.2,-avx,-avx2) for the command line:
05-20 16:18:17.606 14859 14859 W dex2oat : /system/bin/dex2oat --runtime-arg -classpath --runtime-arg  --instruction-set=x86 --instruction-set-features=smp,ssse3,-sse4.1,-sse4.2,-avx,-avx2 --runtime-arg -Xrelocate --boot-image=/system/framework/boot.art --runtime-arg -Xms64m --runtime-arg -Xmx512m -j1 --instruction-set-variant=x86 --instruction-set-features=default --dex-file=/data/app/uk.me.ponies.wearroutes-2/split_lib_slice_4_apk.apk --oat-file=/data/dalvik-cache/x86/data@app@uk.me.ponies.wearroutes-2@split_lib_slice_4_apk.apk@classes.dex
05-20 16:18:17.606 14859 14859 E dex2oat : Failed to create oat file: /data/dalvik-cache/x86/data@app@uk.me.ponies.wearroutes-2@split_lib_slice_4_apk.apk@classes.dex: Permission denied
05-20 16:18:17.606 14859 14859 I dex2oat : dex2oat took 470.171us (threads: 1) 
05-20 16:18:17.607 14827 14827 W art     : Failed execv(/system/bin/dex2oat --runtime-arg -classpath --runtime-arg  --instruction-set=x86 --instruction-set-features=smp,ssse3,-sse4.1,-sse4.2,-avx,-avx2 --runtime-arg -Xrelocate --boot-image=/system/framework/boot.art --runtime-arg -Xms64m --runtime-arg -Xmx512m -j1 --instruction-set-variant=x86 --instruction-set-features=default --dex-file=/data/app/uk.me.ponies.wearroutes-2/split_lib_slice_4_apk.apk --oat-file=/data/dalvik-cache/x86/data@app@uk.me.ponies.wearroutes-2@split_lib_slice_4_apk.apk@classes.dex) because non-0 exit status
05-20 16:18:17.621 14861 14861 W dex2oat : Unexpected CPU variant for X86 using defaults: x86
05-20 16:18:17.621 14861 14861 W dex2oat : Mismatch between dex2oat instruction set features (ISA: X86 Feature string: smp,-ssse3,-sse4.1,-sse4.2,-avx,-avx2) and those of dex2oat executable (ISA: X86 Feature string: smp,ssse3,-sse4.1,-sse4.2,-avx,-avx2) for the command line:
05-20 16:18:17.621 14861 14861 W dex2oat : /system/bin/dex2oat --runtime-arg -classpath --runtime-arg  --instruction-set=x86 --instruction-set-features=smp,ssse3,-sse4.1,-sse4.2,-avx,-avx2 --runtime-arg -Xrelocate --boot-image=/system/framework/boot.art --runtime-arg -Xms64m --runtime-arg -Xmx512m -j1 --instruction-set-variant=x86 --instruction-set-features=default --dex-file=/data/app/uk.me.ponies.wearroutes-2/split_lib_slice_5_apk.apk --oat-file=/data/dalvik-cache/x86/data@app@uk.me.ponies.wearroutes-2@split_lib_slice_5_apk.apk@classes.dex
05-20 16:18:17.621 14861 14861 E dex2oat : Failed to create oat file: /data/dalvik-cache/x86/data@app@uk.me.ponies.wearroutes-2@split_lib_slice_5_apk.apk@classes.dex: Permission denied
05-20 16:18:17.621 14861 14861 I dex2oat : dex2oat took 4.385ms (threads: 1) 
05-20 16:18:17.622 14827 14827 W art     : Failed execv(/system/bin/dex2oat --runtime-arg -classpath --runtime-arg  --instruction-set=x86 --instruction-set-features=smp,ssse3,-sse4.1,-sse4.2,-avx,-avx2 --runtime-arg -Xrelocate --boot-image=/system/framework/boot.art --runtime-arg -Xms64m --runtime-arg -Xmx512m -j1 --instruction-set-variant=x86 --instruction-set-features=default --dex-file=/data/app/uk.me.ponies.wearroutes-2/split_lib_slice_5_apk.apk --oat-file=/data/dalvik-cache/x86/data@app@uk.me.ponies.wearroutes-2@split_lib_slice_5_apk.apk@classes.dex) because non-0 exit status
05-20 16:18:17.632 14863 14863 W dex2oat : Unexpected CPU variant for X86 using defaults: x86
05-20 16:18:17.632 14863 14863 W dex2oat : Mismatch between dex2oat instruction set features (ISA: X86 Feature string: smp,-ssse3,-sse4.1,-sse4.2,-avx,-avx2) and those of dex2oat executable (ISA: X86 Feature string: smp,ssse3,-sse4.1,-sse4.2,-avx,-avx2) for the command line:
05-20 16:18:17.632 14863 14863 W dex2oat : /system/bin/dex2oat --runtime-arg -classpath --runtime-arg  --instruction-set=x86 --instruction-set-features=smp,ssse3,-sse4.1,-sse4.2,-avx,-avx2 --runtime-arg -Xrelocate --boot-image=/system/framework/boot.art --runtime-arg -Xms64m --runtime-arg -Xmx512m -j1 --instruction-set-variant=x86 --instruction-set-features=default --dex-file=/data/app/uk.me.ponies.wearroutes-2/split_lib_slice_6_apk.apk --oat-file=/data/dalvik-cache/x86/data@app@uk.me.ponies.wearroutes-2@split_lib_slice_6_apk.apk@classes.dex
05-20 16:18:17.632 14863 14863 E dex2oat : Failed to create oat file: /data/dalvik-cache/x86/data@app@uk.me.ponies.wearroutes-2@split_lib_slice_6_apk.apk@classes.dex: Permission denied
05-20 16:18:17.632 14863 14863 I dex2oat : dex2oat took 966.324us (threads: 1) 
05-20 16:18:17.633 14827 14827 W art     : Failed execv(/system/bin/dex2oat --runtime-arg -classpath --runtime-arg  --instruction-set=x86 --instruction-set-features=smp,ssse3,-sse4.1,-sse4.2,-avx,-avx2 --runtime-arg -Xrelocate --boot-image=/system/framework/boot.art --runtime-arg -Xms64m --runtime-arg -Xmx512m -j1 --instruction-set-variant=x86 --instruction-set-features=default --dex-file=/data/app/uk.me.ponies.wearroutes-2/split_lib_slice_6_apk.apk --oat-file=/data/dalvik-cache/x86/data@app@uk.me.ponies.wearroutes-2@split_lib_slice_6_apk.apk@classes.dex) because non-0 exit status
05-20 16:18:17.642 14865 14865 W dex2oat : Unexpected CPU variant for X86 using defaults: x86
05-20 16:18:17.642 14865 14865 W dex2oat : Mismatch between dex2oat instruction set features (ISA: X86 Feature string: smp,-ssse3,-sse4.1,-sse4.2,-avx,-avx2) and those of dex2oat executable (ISA: X86 Feature string: smp,ssse3,-sse4.1,-sse4.2,-avx,-avx2) for the command line:
05-20 16:18:17.642 14865 14865 W dex2oat : /system/bin/dex2oat --runtime-arg -classpath --runtime-arg  --instruction-set=x86 --instruction-set-features=smp,ssse3,-sse4.1,-sse4.2,-avx,-avx2 --runtime-arg -Xrelocate --boot-image=/system/framework/boot.art --runtime-arg -Xms64m --runtime-arg -Xmx512m -j1 --instruction-set-variant=x86 --instruction-set-features=default --dex-file=/data/app/uk.me.ponies.wearroutes-2/split_lib_slice_7_apk.apk --oat-file=/data/dalvik-cache/x86/data@app@uk.me.ponies.wearroutes-2@split_lib_slice_7_apk.apk@classes.dex
05-20 16:18:17.642 14865 14865 E dex2oat : Failed to create oat file: /data/dalvik-cache/x86/data@app@uk.me.ponies.wearroutes-2@split_lib_slice_7_apk.apk@classes.dex: Permission denied
05-20 16:18:17.642 14865 14865 I dex2oat : dex2oat took 486.096us (threads: 1) 
05-20 16:18:17.643 14827 14827 W art     : Failed execv(/system/bin/dex2oat --runtime-arg -classpath --runtime-arg  --instruction-set=x86 --instruction-set-features=smp,ssse3,-sse4.1,-sse4.2,-avx,-avx2 --runtime-arg -Xrelocate --boot-image=/system/framework/boot.art --runtime-arg -Xms64m --runtime-arg -Xmx512m -j1 --instruction-set-variant=x86 --instruction-set-features=default --dex-file=/data/app/uk.me.ponies.wearroutes-2/split_lib_slice_7_apk.apk --oat-file=/data/dalvik-cache/x86/data@app@uk.me.ponies.wearroutes-2@split_lib_slice_7_apk.apk@classes.dex) because non-0 exit status
05-20 16:18:17.656 14867 14867 W dex2oat : Unexpected CPU variant for X86 using defaults: x86
05-20 16:18:17.656 14867 14867 W dex2oat : Mismatch between dex2oat instruction set features (ISA: X86 Feature string: smp,-ssse3,-sse4.1,-sse4.2,-avx,-avx2) and those of dex2oat executable (ISA: X86 Feature string: smp,ssse3,-sse4.1,-sse4.2,-avx,-avx2) for the command line:
05-20 16:18:17.656 14867 14867 W dex2oat : /system/bin/dex2oat --runtime-arg -classpath --runtime-arg  --instruction-set=x86 --instruction-set-features=smp,ssse3,-sse4.1,-sse4.2,-avx,-avx2 --runtime-arg -Xrelocate --boot-image=/system/framework/boot.art --runtime-arg -Xms64m --runtime-arg -Xmx512m -j1 --instruction-set-variant=x86 --instruction-set-features=default --dex-file=/data/app/uk.me.ponies.wearroutes-2/split_lib_slice_8_apk.apk --oat-file=/data/dalvik-cache/x86/data@app@uk.me.ponies.wearroutes-2@split_lib_slice_8_apk.apk@classes.dex
05-20 16:18:17.656 14867 14867 E dex2oat : Failed to create oat file: /data/dalvik-cache/x86/data@app@uk.me.ponies.wearroutes-2@split_lib_slice_8_apk.apk@classes.dex: Permission denied
05-20 16:18:17.656 14867 14867 I dex2oat : dex2oat took 484.420us (threads: 1) 
05-20 16:18:17.657 14827 14827 W art     : Failed execv(/system/bin/dex2oat --runtime-arg -classpath --runtime-arg  --instruction-set=x86 --instruction-set-features=smp,ssse3,-sse4.1,-sse4.2,-avx,-avx2 --runtime-arg -Xrelocate --boot-image=/system/framework/boot.art --runtime-arg -Xms64m --runtime-arg -Xmx512m -j1 --instruction-set-variant=x86 --instruction-set-features=default --dex-file=/data/app/uk.me.ponies.wearroutes-2/split_lib_slice_8_apk.apk --oat-file=/data/dalvik-cache/x86/data@app@uk.me.ponies.wearroutes-2@split_lib_slice_8_apk.apk@classes.dex) because non-0 exit status
05-20 16:18:17.666 14869 14869 W dex2oat : Unexpected CPU variant for X86 using defaults: x86
05-20 16:18:17.666 14869 14869 W dex2oat : Mismatch between dex2oat instruction set features (ISA: X86 Feature string: smp,-ssse3,-sse4.1,-sse4.2,-avx,-avx2) and those of dex2oat executable (ISA: X86 Feature string: smp,ssse3,-sse4.1,-sse4.2,-avx,-avx2) for the command line:
05-20 16:18:17.666 14869 14869 W dex2oat : /system/bin/dex2oat --runtime-arg -classpath --runtime-arg  --instruction-set=x86 --instruction-set-features=smp,ssse3,-sse4.1,-sse4.2,-avx,-avx2 --runtime-arg -Xrelocate --boot-image=/system/framework/boot.art --runtime-arg -Xms64m --runtime-arg -Xmx512m -j1 --instruction-set-variant=x86 --instruction-set-features=default --dex-file=/data/app/uk.me.ponies.wearroutes-2/split_lib_slice_9_apk.apk --oat-file=/data/dalvik-cache/x86/data@app@uk.me.ponies.wearroutes-2@split_lib_slice_9_apk.apk@classes.dex
05-20 16:18:17.666 14869 14869 E dex2oat : Failed to create oat file: /data/dalvik-cache/x86/data@app@uk.me.ponies.wearroutes-2@split_lib_slice_9_apk.apk@classes.dex: Permission denied
05-20 16:18:17.667 14869 14869 I dex2oat : dex2oat took 470.170us (threads: 1) 
05-20 16:18:17.711 14827 14827 W art     : Failed execv(/system/bin/dex2oat --runtime-arg -classpath --runtime-arg  --instruction-set=x86 --instruction-set-features=smp,ssse3,-sse4.1,-sse4.2,-avx,-avx2 --runtime-arg -Xrelocate --boot-image=/system/framework/boot.art --runtime-arg -Xms64m --runtime-arg -Xmx512m -j1 --instruction-set-variant=x86 --instruction-set-features=default --dex-file=/data/app/uk.me.ponies.wearroutes-2/split_lib_slice_9_apk.apk --oat-file=/data/dalvik-cache/x86/data@app@uk.me.ponies.wearroutes-2@split_lib_slice_9_apk.apk@classes.dex) because non-0 exit status
05-20 16:18:17.715 14827 14827 W System  : ClassLoader referenced unknown path: /data/app/uk.me.ponies.wearroutes-2/lib/x86
05-20 16:18:17.766 14827 14827 I InstantRun: starting instant run server: is main process
05-20 16:18:17.816 14827 14827 I UnexpectedExceptionHandler: registering unexpectedException Hander on threadmain
05-20 16:18:17.820 14827 14827 E MainWearActivity: onCreate called savedinstanceState is null:true
05-20 16:18:17.824 14827 14827 D ActivityLifeCycleLogger: uk.me.ponies.wearroutes.MainWearActivity@bd70965 onActivityCreated called
05-20 16:18:17.975 14827 14827 D EventBus: No subscribers registered for event class uk.me.ponies.wearroutes.eventBusEvents.LocationPollingStateEvent
05-20 16:18:17.976 14827 14827 D EventBus: No subscribers registered for event class org.greenrobot.eventbus.NoSubscriberEvent
05-20 16:18:17.984 14827 14827 D EventBus: No subscribers registered for event class uk.me.ponies.wearroutes.eventBusEvents.LocationPollingStateEvent
05-20 16:18:17.984 14827 14827 D EventBus: No subscribers registered for event class org.greenrobot.eventbus.NoSubscriberEvent
05-20 16:18:17.987 14827 14827 D MainGridPagerAdapter: getFragment called for row:2 column:0
05-20 16:18:18.161 14827 14827 D MainWearActivity: android.permission.ACCESS_FINE_LOCATION Granted
05-20 16:18:18.161 14827 14827 D MainWearActivity: android.permission.WAKE_LOCK Granted
05-20 16:18:18.161 14827 14827 D MainWearActivity: android.permission.WRITE_EXTERNAL_STORAGE Granted
05-20 16:18:18.161 14827 14827 D MainWearActivity: android.permission.ACCESS_NETWORK_STATE Granted
05-20 16:18:18.161 14827 14827 D MainWearActivity: android.permission.INTERNET Granted
05-20 16:18:18.162 14827 14827 D MainWearActivity: android.permission.READ_EXTERNAL_STORAGE Granted
05-20 16:18:18.164 14827 14827 D ActivityLifeCycleLogger: uk.me.ponies.wearroutes.MainWearActivity@bd70965 onActivityStarted called
05-20 16:18:18.170 14827 14827 D ActivityLifeCycleLogger: uk.me.ponies.wearroutes.MainWearActivity@bd70965 onActivityResumed called
05-20 16:18:18.179 14827 14894 D OpenGLRenderer: Use EGL_SWAP_BEHAVIOR_PRESERVED: true
05-20 16:18:18.180 14827 14827 D         : HostConnection::get() New Host Connection established 0xad1ed2a0, tid 14827
05-20 16:18:18.222 14827 14827 D MainGridPagerAdapter: GridPagerAdapter: startUpdate Called id:2131820668 took 0ms
05-20 16:18:18.223 14827 14827 D MainGridPagerAdapter: getFragment called for row:0 column:0
05-20 16:18:18.224 14827 14827 D MainGridPagerAdapter: getFragment called for row:0 column:1
05-20 16:18:18.224 14827 14827 D MainGridPagerAdapter: getFragment called for row:0 column:2
05-20 16:18:18.224 14827 14827 D MainGridPagerAdapter: getFragment called for row:0 column:3
05-20 16:18:18.224 14827 14827 D MainGridPagerAdapter: getFragment called for row:0 column:4
05-20 16:18:18.224 14827 14827 D MainGridPagerAdapter: getFragment called for row:0 column:5
05-20 16:18:18.224 14827 14827 D MainGridPagerAdapter: getFragment called for row:1 column:0
05-20 16:18:18.224 14827 14827 D MainGridPagerAdapter: getFragment called for row:2 column:0
05-20 16:18:18.224 14827 14827 D MainGridPagerAdapter: getFragment called for row:3 column:0
05-20 16:18:18.224 14827 14827 D MainGridPagerAdapter: getFragment called for row:4 column:0
05-20 16:18:18.252 14827 14827 D AndroidRuntime: Shutting down VM
05-20 16:18:18.252 14827 14827 E UnexpectedExceptionHandler: Exception thrown:java.lang.ClassCastException: android.widget.FrameLayout cannot be cast to android.support.wearable.view.ActionPage
05-20 16:18:18.255 14827 14827 W before  : Logcat save
--------- beginning of crash
05-20 16:18:18.262 14827 14827 E AndroidRuntime: FATAL EXCEPTION: main
05-20 16:18:18.262 14827 14827 E AndroidRuntime: Process: uk.me.ponies.wearroutes, PID: 14827
05-20 16:18:18.262 14827 14827 E AndroidRuntime: java.lang.ClassCastException: android.widget.FrameLayout cannot be cast to android.support.wearable.view.ActionPage
05-20 16:18:18.262 14827 14827 E AndroidRuntime: 	at uk.me.ponies.wearroutes.ActionPageManageHistoryFragment.onCreateView(ActionPageManageHistoryFragment.java:36)
05-20 16:18:18.262 14827 14827 E AndroidRuntime: 	at android.app.Fragment.performCreateView(Fragment.java:2220)
05-20 16:18:18.262 14827 14827 E AndroidRuntime: 	at android.app.FragmentManagerImpl.moveToState(FragmentManager.java:973)
05-20 16:18:18.262 14827 14827 E AndroidRuntime: 	at android.app.FragmentManagerImpl.moveToState(FragmentManager.java:1148)
05-20 16:18:18.262 14827 14827 E AndroidRuntime: 	at android.app.BackStackRecord.run(BackStackRecord.java:793)
05-20 16:18:18.262 14827 14827 E AndroidRuntime: 	at android.app.FragmentManagerImpl.execPendingActions(FragmentManager.java:1535)
05-20 16:18:18.262 14827 14827 E AndroidRuntime: 	at android.app.FragmentManagerImpl.executePendingTransactions(FragmentManager.java:562)
05-20 16:18:18.262 14827 14827 E AndroidRuntime: 	at android.support.wearable.view.FragmentGridPagerAdapter.finishUpdate(FragmentGridPagerAdapter.java:220)
05-20 16:18:18.262 14827 14827 E AndroidRuntime: 	at uk.me.ponies.wearroutes.MainGridPagerAdapter.finishUpdate(MainGridPagerAdapter.java:329)
05-20 16:18:18.262 14827 14827 E AndroidRuntime: 	at android.support.wearable.view.GridViewPager.populate(GridViewPager.java:1182)
05-20 16:18:18.262 14827 14827 E AndroidRuntime: 	at android.support.wearable.view.GridViewPager.populate(GridViewPager.java:1038)
05-20 16:18:18.262 14827 14827 E AndroidRuntime: 	at android.support.wearable.view.GridViewPager.onMeasure(GridViewPager.java:1343)
05-20 16:18:18.262 14827 14827 E AndroidRuntime: 	at android.view.View.measure(View.java:18794)
05-20 16:18:18.262 14827 14827 E AndroidRuntime: 	at android.view.ViewGroup.measureChildWithMargins(ViewGroup.java:5951)
05-20 16:18:18.262 14827 14827 E AndroidRuntime: 	at android.widget.FrameLayout.onMeasure(FrameLayout.java:194)
05-20 16:18:18.262 14827 14827 E AndroidRuntime: 	at android.view.View.measure(View.java:18794)
05-20 16:18:18.262 14827 14827 E AndroidRuntime: 	at android.view.ViewGroup.measureChildWithMargins(ViewGroup.java:5951)
05-20 16:18:18.262 14827 14827 E AndroidRuntime: 	at android.widget.FrameLayout.onMeasure(FrameLayout.java:194)
05-20 16:18:18.262 14827 14827 E AndroidRuntime: 	at android.view.View.measure(View.java:18794)
05-20 16:18:18.262 14827 14827 E AndroidRuntime: 	at android.view.ViewGroup.measureChildWithMargins(ViewGroup.java:5951)
05-20 16:18:18.262 14827 14827 E AndroidRuntime: 	at android.widget.FrameLayout.onMeasure(FrameLayout.java:194)
05-20 16:18:18.262 14827 14827 E AndroidRuntime: 	at com.android.internal.policy.PhoneWindow$DecorView.onMeasure(PhoneWindow.java:2643)
05-20 16:18:18.262 14827 14827 E AndroidRuntime: 	at android.view.View.measure(View.java:18794)
05-20 16:18:18.262 14827 14827 E AndroidRuntime: 	at android.view.ViewRootImpl.performMeasure(ViewRootImpl.java:2108)
05-20 16:18:18.262 14827 14827 E AndroidRuntime: 	at android.view.ViewRootImpl.measureHierarchy(ViewRootImpl.java:1224)
05-20 16:18:18.262 14827 14827 E AndroidRuntime: 	at android.view.ViewRootImpl.performTraversals(ViewRootImpl.java:1460)
05-20 16:18:18.262 14827 14827 E AndroidRuntime: 	at android.view.ViewRootImpl.doTraversal(ViewRootImpl.java:1115)
05-20 16:18:18.262 14827 14827 E AndroidRuntime: 	at android.view.ViewRootImpl$TraversalRunnable.run(ViewRootImpl.java:6024)
05-20 16:18:18.262 14827 14827 E AndroidRuntime: 	at android.view.Choreographer$CallbackRecord.run(Choreographer.java:858)
05-20 16:18:18.262 14827 14827 E AndroidRuntime: 	at android.view.Choreographer.doCallbacks(Choreographer.java:670)
05-20 16:18:18.262 14827 14827 E AndroidRuntime: 	at android.view.Choreographer.doFrame(Choreographer.java:606)
05-20 16:18:18.262 14827 14827 E AndroidRuntime: 	at android.view.Choreographer$FrameDisplayEventReceiver.run(Choreographer.java:844)
05-20 16:18:18.262 14827 14827 E AndroidRuntime: 	at android.os.Handler.handleCallback(Handler.java:739)
05-20 16:18:18.262 14827 14827 E AndroidRuntime: 	at android.os.Handler.dispatchMessage(Handler.java:95)
05-20 16:18:18.262 14827 14827 E AndroidRuntime: 	at android.os.Looper.loop(Looper.java:148)
05-20 16:18:18.262 14827 14827 E AndroidRuntime: 	at android.app.ActivityThread.main(ActivityThread.java:5422)
05-20 16:18:18.262 14827 14827 E AndroidRuntime: 	at java.lang.reflect.Method.invoke(Native Method)
05-20 16:18:18.262 14827 14827 E AndroidRuntime: 	at com.android.internal.os.ZygoteInit$MethodAndArgsCaller.run(ZygoteInit.java:726)
05-20 16:18:18.262 14827 14827 E AndroidRuntime: 	at com.android.internal.os.ZygoteInit.main(ZygoteInit.java:616)
